[2026-06-13T18:53:11.699+0530][gc,init] CardTable entry size: 512
[2026-06-13T18:53:11.699+0530][gc     ] Using G1
[2026-06-13T18:53:11.701+0530][gc,init] Version: 25.0.1+8-LTS-27 (release)
[2026-06-13T18:53:11.702+0530][gc,init] CPUs: 16 total, 16 available
[2026-06-13T18:53:11.702+0530][gc,init] Memory: 16068M
[2026-06-13T18:53:11.702+0530][gc,init] Large Page Support: Disabled
[2026-06-13T18:53:11.702+0530][gc,init] NUMA Support: Disabled
[2026-06-13T18:53:11.702+0530][gc,init] Compressed Oops: Enabled (32-bit)
[2026-06-13T18:53:11.702+0530][gc,init] Heap Region Size: 1M
[2026-06-13T18:53:11.702+0530][gc,init] Heap Min Capacity: 1G
[2026-06-13T18:53:11.702+0530][gc,init] Heap Initial Capacity: 1G
[2026-06-13T18:53:11.702+0530][gc,init] Heap Max Capacity: 1G
[2026-06-13T18:53:11.702+0530][gc,init] Pre-touch: Disabled
[2026-06-13T18:53:11.702+0530][gc,init] Parallel Workers: 13
[2026-06-13T18:53:11.702+0530][gc,init] Concurrent Workers: 3
[2026-06-13T18:53:11.702+0530][gc,init] Concurrent Refinement Workers: 13
[2026-06-13T18:53:11.702+0530][gc,init] Periodic GC: Disabled
[2026-06-13T18:53:11.710+0530][gc,metaspace] CDS archive(s) mapped at: [0x0000000037000000-0x0000000037dd0000-0x0000000037dd0000), size 14483456, SharedBaseAddress: 0x0000000037000000, ArchiveRelocationMode: 1.
[2026-06-13T18:53:11.710+0530][gc,metaspace] Compressed class space mapped at: 0x0000000038000000-0x0000000078000000, reserved size: 1073741824
[2026-06-13T18:53:11.710+0530][gc,metaspace] UseCompressedClassPointers 1, UseCompactObjectHeaders 0
[2026-06-13T18:53:11.710+0530][gc,metaspace] Narrow klass pointer bits 32, Max shift 3
[2026-06-13T18:53:11.710+0530][gc,metaspace] Narrow klass base: 0x0000000037000000, Narrow klass shift: 0
[2026-06-13T18:53:11.710+0530][gc,metaspace] Encoding Range: [0x0000000037000000 - 0x0000000137000000), (4294967296 bytes)
[2026-06-13T18:53:11.710+0530][gc,metaspace] Klass Range:    [0x0000000037010000 - 0x0000000078000000), (1090453504 bytes)
[2026-06-13T18:53:11.710+0530][gc,metaspace] Klass ID Range:  [65536 - 1090519033) (1090453497)
[2026-06-13T18:53:11.710+0530][gc,metaspace] Protection zone: [0x0000000037000000 - 0x0000000037010000), (65536 bytes)
[2026-06-13T18:53:12.476+0530][gc,start    ] GC(0) Pause Young (Normal) (G1 Evacuation Pause)
[2026-06-13T18:53:12.476+0530][gc,task     ] GC(0) Using 13 workers of 13 for evacuation
[2026-06-13T18:53:12.481+0530][gc,phases   ] GC(0)   Pre Evacuate Collection Set: 0.23ms
[2026-06-13T18:53:12.481+0530][gc,phases   ] GC(0)   Merge Heap Roots: 0.06ms
[2026-06-13T18:53:12.481+0530][gc,phases   ] GC(0)   Evacuate Collection Set: 3.09ms
[2026-06-13T18:53:12.481+0530][gc,phases   ] GC(0)   Post Evacuate Collection Set: 0.75ms
[2026-06-13T18:53:12.481+0530][gc,phases   ] GC(0)   Other: 0.44ms
[2026-06-13T18:53:12.481+0530][gc,heap     ] GC(0) Eden regions: 51->0(44)
[2026-06-13T18:53:12.481+0530][gc,heap     ] GC(0) Survivor regions: 0->7(7)
[2026-06-13T18:53:12.481+0530][gc,heap     ] GC(0) Old regions: 2->3
[2026-06-13T18:53:12.481+0530][gc,heap     ] GC(0) Humongous regions: 0->0
[2026-06-13T18:53:12.481+0530][gc,metaspace] GC(0) Metaspace: 17050K(17280K)->17050K(17280K) NonClass: 15524K(15680K)->15524K(15680K) Class: 1526K(1600K)->1526K(1600K)
[2026-06-13T18:53:12.481+0530][gc          ] GC(0) Pause Young (Normal) (G1 Evacuation Pause) 52M->8M(1024M) 4.857ms
[2026-06-13T18:53:12.481+0530][gc,cpu      ] GC(0) User=0.02s Sys=0.00s Real=0.00s
[2026-06-13T18:53:12.644+0530][gc,start    ] GC(1) Pause Young (Concurrent Start) (Metadata GC Threshold)
[2026-06-13T18:53:12.644+0530][gc,task     ] GC(1) Using 13 workers of 13 for evacuation
[2026-06-13T18:53:12.648+0530][gc,phases   ] GC(1)   Pre Evacuate Collection Set: 0.23ms
[2026-06-13T18:53:12.648+0530][gc,phases   ] GC(1)   Merge Heap Roots: 0.11ms
[2026-06-13T18:53:12.648+0530][gc,phases   ] GC(1)   Evacuate Collection Set: 2.54ms
[2026-06-13T18:53:12.648+0530][gc,phases   ] GC(1)   Post Evacuate Collection Set: 0.57ms
[2026-06-13T18:53:12.648+0530][gc,phases   ] GC(1)   Other: 0.06ms
[2026-06-13T18:53:12.648+0530][gc,heap     ] GC(1) Eden regions: 18->0(48)
[2026-06-13T18:53:12.648+0530][gc,heap     ] GC(1) Survivor regions: 7->3(7)
[2026-06-13T18:53:12.648+0530][gc,heap     ] GC(1) Old regions: 3->10
[2026-06-13T18:53:12.648+0530][gc,heap     ] GC(1) Humongous regions: 0->0
[2026-06-13T18:53:12.648+0530][gc,metaspace] GC(1) Metaspace: 21352K(21504K)->21352K(21504K) NonClass: 19354K(19456K)->19354K(19456K) Class: 1998K(2048K)->1998K(2048K)
[2026-06-13T18:53:12.648+0530][gc          ] GC(1) Pause Young (Concurrent Start) (Metadata GC Threshold) 26M->11M(1024M) 3.751ms
[2026-06-13T18:53:12.648+0530][gc,cpu      ] GC(1) User=0.00s Sys=0.00s Real=0.00s
[2026-06-13T18:53:12.648+0530][gc          ] GC(2) Concurrent Mark Cycle
[2026-06-13T18:53:12.648+0530][gc,marking  ] GC(2) Concurrent Scan Root Regions
[2026-06-13T18:53:12.650+0530][gc,marking  ] GC(2) Concurrent Scan Root Regions 1.609ms
[2026-06-13T18:53:12.650+0530][gc,marking  ] GC(2) Concurrent Mark
[2026-06-13T18:53:12.650+0530][gc,marking  ] GC(2) Concurrent Mark From Roots
[2026-06-13T18:53:12.650+0530][gc,task     ] GC(2) Using 3 workers of 3 for marking
[2026-06-13T18:53:12.651+0530][gc,marking  ] GC(2) Concurrent Mark From Roots 1.110ms
[2026-06-13T18:53:12.651+0530][gc,marking  ] GC(2) Concurrent Preclean
[2026-06-13T18:53:12.651+0530][gc,marking  ] GC(2) Concurrent Preclean 0.011ms
[2026-06-13T18:53:12.651+0530][gc,start    ] GC(2) Pause Remark
[2026-06-13T18:53:12.653+0530][gc          ] GC(2) Pause Remark 11M->11M(1024M) 1.485ms
[2026-06-13T18:53:12.653+0530][gc,cpu      ] GC(2) User=0.06s Sys=0.00s Real=0.00s
[2026-06-13T18:53:12.653+0530][gc,marking  ] GC(2) Concurrent Mark 2.851ms
[2026-06-13T18:53:12.653+0530][gc,marking  ] GC(2) Concurrent Rebuild Remembered Sets and Scrub Regions
[2026-06-13T18:53:12.654+0530][gc,marking  ] GC(2) Concurrent Rebuild Remembered Sets and Scrub Regions 1.357ms
[2026-06-13T18:53:12.654+0530][gc,start    ] GC(2) Pause Cleanup
[2026-06-13T18:53:12.654+0530][gc          ] GC(2) Pause Cleanup 12M->12M(1024M) 0.028ms
[2026-06-13T18:53:12.654+0530][gc,cpu      ] GC(2) User=0.00s Sys=0.00s Real=0.00s
[2026-06-13T18:53:12.654+0530][gc,marking  ] GC(2) Concurrent Clear Claimed Marks
[2026-06-13T18:53:12.654+0530][gc,marking  ] GC(2) Concurrent Clear Claimed Marks 0.047ms
[2026-06-13T18:53:12.654+0530][gc,marking  ] GC(2) Concurrent Cleanup for Next Mark
[2026-06-13T18:53:12.656+0530][gc,marking  ] GC(2) Concurrent Cleanup for Next Mark 1.837ms
[2026-06-13T18:53:12.656+0530][gc          ] GC(2) Concurrent Mark Cycle 8.103ms
[2026-06-13T18:53:13.300+0530][gc,start    ] GC(3) Pause Young (Prepare Mixed) (G1 Evacuation Pause)
[2026-06-13T18:53:13.300+0530][gc,task     ] GC(3) Using 13 workers of 13 for evacuation
[2026-06-13T18:53:13.303+0530][gc,phases   ] GC(3)   Pre Evacuate Collection Set: 0.18ms
[2026-06-13T18:53:13.303+0530][gc,phases   ] GC(3)   Merge Heap Roots: 0.10ms
[2026-06-13T18:53:13.303+0530][gc,phases   ] GC(3)   Evacuate Collection Set: 2.07ms
[2026-06-13T18:53:13.303+0530][gc,phases   ] GC(3)   Post Evacuate Collection Set: 0.54ms
[2026-06-13T18:53:13.303+0530][gc,phases   ] GC(3)   Other: 0.09ms
[2026-06-13T18:53:13.303+0530][gc,heap     ] GC(3) Eden regions: 48->0(46)
[2026-06-13T18:53:13.304+0530][gc,heap     ] GC(3) Survivor regions: 3->5(7)
[2026-06-13T18:53:13.304+0530][gc,heap     ] GC(3) Old regions: 10->10
[2026-06-13T18:53:13.304+0530][gc,heap     ] GC(3) Humongous regions: 0->0
[2026-06-13T18:53:13.304+0530][gc,metaspace] GC(3) Metaspace: 30987K(31232K)->30987K(31232K) NonClass: 28027K(28160K)->28027K(28160K) Class: 2960K(3072K)->2960K(3072K)
[2026-06-13T18:53:13.304+0530][gc          ] GC(3) Pause Young (Prepare Mixed) (G1 Evacuation Pause) 59M->13M(1024M) 3.247ms
[2026-06-13T18:53:13.304+0530][gc,cpu      ] GC(3) User=0.00s Sys=0.00s Real=0.00s
[2026-06-13T18:53:37.399+0530][gc,init] CardTable entry size: 512
[2026-06-13T18:53:37.399+0530][gc     ] Using G1
[2026-06-13T18:53:37.402+0530][gc,init] Version: 25.0.1+8-LTS-27 (release)
[2026-06-13T18:53:37.402+0530][gc,init] CPUs: 16 total, 16 available
[2026-06-13T18:53:37.402+0530][gc,init] Memory: 16068M
[2026-06-13T18:53:37.402+0530][gc,init] Large Page Support: Disabled
[2026-06-13T18:53:37.402+0530][gc,init] NUMA Support: Disabled
[2026-06-13T18:53:37.402+0530][gc,init] Compressed Oops: Enabled (32-bit)
[2026-06-13T18:53:37.402+0530][gc,init] Heap Region Size: 1M
[2026-06-13T18:53:37.402+0530][gc,init] Heap Min Capacity: 1G
[2026-06-13T18:53:37.402+0530][gc,init] Heap Initial Capacity: 1G
[2026-06-13T18:53:37.402+0530][gc,init] Heap Max Capacity: 1G
[2026-06-13T18:53:37.402+0530][gc,init] Pre-touch: Disabled
[2026-06-13T18:53:37.402+0530][gc,init] Parallel Workers: 13
[2026-06-13T18:53:37.402+0530][gc,init] Concurrent Workers: 3
[2026-06-13T18:53:37.402+0530][gc,init] Concurrent Refinement Workers: 13
[2026-06-13T18:53:37.402+0530][gc,init] Periodic GC: Disabled
[2026-06-13T18:53:37.410+0530][gc,metaspace] CDS archive(s) mapped at: [0x0000000023000000-0x0000000023dd0000-0x0000000023dd0000), size 14483456, SharedBaseAddress: 0x0000000023000000, ArchiveRelocationMode: 1.
[2026-06-13T18:53:37.410+0530][gc,metaspace] Compressed class space mapped at: 0x0000000024000000-0x0000000064000000, reserved size: 1073741824
[2026-06-13T18:53:37.410+0530][gc,metaspace] UseCompressedClassPointers 1, UseCompactObjectHeaders 0
[2026-06-13T18:53:37.410+0530][gc,metaspace] Narrow klass pointer bits 32, Max shift 3
[2026-06-13T18:53:37.410+0530][gc,metaspace] Narrow klass base: 0x0000000023000000, Narrow klass shift: 0
[2026-06-13T18:53:37.410+0530][gc,metaspace] Encoding Range: [0x0000000023000000 - 0x0000000123000000), (4294967296 bytes)
[2026-06-13T18:53:37.410+0530][gc,metaspace] Klass Range:    [0x0000000023010000 - 0x0000000064000000), (1090453504 bytes)
[2026-06-13T18:53:37.410+0530][gc,metaspace] Klass ID Range:  [65536 - 1090519033) (1090453497)
[2026-06-13T18:53:37.410+0530][gc,metaspace] Protection zone: [0x0000000023000000 - 0x0000000023010000), (65536 bytes)
[2026-06-13T18:53:38.257+0530][gc,start    ] GC(0) Pause Young (Normal) (G1 Evacuation Pause)
[2026-06-13T18:53:38.258+0530][gc,task     ] GC(0) Using 13 workers of 13 for evacuation
[2026-06-13T18:53:38.265+0530][gc,phases   ] GC(0)   Pre Evacuate Collection Set: 0.17ms
[2026-06-13T18:53:38.265+0530][gc,phases   ] GC(0)   Merge Heap Roots: 0.10ms
[2026-06-13T18:53:38.265+0530][gc,phases   ] GC(0)   Evacuate Collection Set: 6.12ms
[2026-06-13T18:53:38.265+0530][gc,phases   ] GC(0)   Post Evacuate Collection Set: 0.69ms
[2026-06-13T18:53:38.265+0530][gc,phases   ] GC(0)   Other: 0.47ms
[2026-06-13T18:53:38.265+0530][gc,heap     ] GC(0) Eden regions: 51->0(44)
[2026-06-13T18:53:38.265+0530][gc,heap     ] GC(0) Survivor regions: 0->7(7)
[2026-06-13T18:53:38.265+0530][gc,heap     ] GC(0) Old regions: 2->3
[2026-06-13T18:53:38.265+0530][gc,heap     ] GC(0) Humongous regions: 0->0
[2026-06-13T18:53:38.265+0530][gc,metaspace] GC(0) Metaspace: 17133K(17344K)->17133K(17344K) NonClass: 15601K(15744K)->15601K(15744K) Class: 1531K(1600K)->1531K(1600K)
[2026-06-13T18:53:38.265+0530][gc          ] GC(0) Pause Young (Normal) (G1 Evacuation Pause) 52M->8M(1024M) 7.784ms
[2026-06-13T18:53:38.265+0530][gc,cpu      ] GC(0) User=0.08s Sys=0.12s Real=0.01s
[2026-06-13T18:53:38.481+0530][gc,start    ] GC(1) Pause Young (Concurrent Start) (Metadata GC Threshold)
[2026-06-13T18:53:38.481+0530][gc,task     ] GC(1) Using 13 workers of 13 for evacuation
[2026-06-13T18:53:38.486+0530][gc,phases   ] GC(1)   Pre Evacuate Collection Set: 0.33ms
[2026-06-13T18:53:38.487+0530][gc,phases   ] GC(1)   Merge Heap Roots: 0.07ms
[2026-06-13T18:53:38.487+0530][gc,phases   ] GC(1)   Evacuate Collection Set: 3.93ms
[2026-06-13T18:53:38.487+0530][gc,phases   ] GC(1)   Post Evacuate Collection Set: 0.61ms
[2026-06-13T18:53:38.487+0530][gc,phases   ] GC(1)   Other: 0.08ms
[2026-06-13T18:53:38.487+0530][gc,heap     ] GC(1) Eden regions: 18->0(48)
[2026-06-13T18:53:38.487+0530][gc,heap     ] GC(1) Survivor regions: 7->3(7)
[2026-06-13T18:53:38.487+0530][gc,heap     ] GC(1) Old regions: 3->10
[2026-06-13T18:53:38.487+0530][gc,heap     ] GC(1) Humongous regions: 0->0
[2026-06-13T18:53:38.487+0530][gc,metaspace] GC(1) Metaspace: 21351K(21504K)->21351K(21504K) NonClass: 19353K(19456K)->19353K(19456K) Class: 1997K(2048K)->1997K(2048K)
[2026-06-13T18:53:38.487+0530][gc          ] GC(1) Pause Young (Concurrent Start) (Metadata GC Threshold) 26M->11M(1024M) 5.308ms
[2026-06-13T18:53:38.487+0530][gc,cpu      ] GC(1) User=0.00s Sys=0.00s Real=0.01s
[2026-06-13T18:53:38.487+0530][gc          ] GC(2) Concurrent Mark Cycle
[2026-06-13T18:53:38.487+0530][gc,marking  ] GC(2) Concurrent Scan Root Regions
[2026-06-13T18:53:38.489+0530][gc,marking  ] GC(2) Concurrent Scan Root Regions 1.916ms
[2026-06-13T18:53:38.489+0530][gc,marking  ] GC(2) Concurrent Mark
[2026-06-13T18:53:38.489+0530][gc,marking  ] GC(2) Concurrent Mark From Roots
[2026-06-13T18:53:38.489+0530][gc,task     ] GC(2) Using 3 workers of 3 for marking
[2026-06-13T18:53:38.490+0530][gc,marking  ] GC(2) Concurrent Mark From Roots 1.497ms
[2026-06-13T18:53:38.490+0530][gc,marking  ] GC(2) Concurrent Preclean
[2026-06-13T18:53:38.490+0530][gc,marking  ] GC(2) Concurrent Preclean 0.013ms
[2026-06-13T18:53:38.490+0530][gc,start    ] GC(2) Pause Remark
[2026-06-13T18:53:38.492+0530][gc          ] GC(2) Pause Remark 11M->11M(1024M) 1.739ms
[2026-06-13T18:53:38.492+0530][gc,cpu      ] GC(2) User=0.00s Sys=0.00s Real=0.00s
[2026-06-13T18:53:38.492+0530][gc,marking  ] GC(2) Concurrent Mark 3.558ms
[2026-06-13T18:53:38.492+0530][gc,marking  ] GC(2) Concurrent Rebuild Remembered Sets and Scrub Regions
[2026-06-13T18:53:38.494+0530][gc,marking  ] GC(2) Concurrent Rebuild Remembered Sets and Scrub Regions 1.884ms
[2026-06-13T18:53:38.494+0530][gc,start    ] GC(2) Pause Cleanup
[2026-06-13T18:53:38.494+0530][gc          ] GC(2) Pause Cleanup 12M->12M(1024M) 0.036ms
[2026-06-13T18:53:38.494+0530][gc,cpu      ] GC(2) User=0.00s Sys=0.00s Real=0.00s
[2026-06-13T18:53:38.495+0530][gc,marking  ] GC(2) Concurrent Clear Claimed Marks
[2026-06-13T18:53:38.495+0530][gc,marking  ] GC(2) Concurrent Clear Claimed Marks 0.015ms
[2026-06-13T18:53:38.495+0530][gc,marking  ] GC(2) Concurrent Cleanup for Next Mark
[2026-06-13T18:53:38.499+0530][gc,marking  ] GC(2) Concurrent Cleanup for Next Mark 4.309ms
[2026-06-13T18:53:38.499+0530][gc          ] GC(2) Concurrent Mark Cycle 12.101ms
[2026-06-13T18:53:39.282+0530][gc,start    ] GC(3) Pause Young (Prepare Mixed) (G1 Evacuation Pause)
[2026-06-13T18:53:39.282+0530][gc,task     ] GC(3) Using 13 workers of 13 for evacuation
[2026-06-13T18:53:39.285+0530][gc,phases   ] GC(3)   Pre Evacuate Collection Set: 0.23ms
[2026-06-13T18:53:39.285+0530][gc,phases   ] GC(3)   Merge Heap Roots: 0.09ms
[2026-06-13T18:53:39.285+0530][gc,phases   ] GC(3)   Evacuate Collection Set: 2.26ms
[2026-06-13T18:53:39.285+0530][gc,phases   ] GC(3)   Post Evacuate Collection Set: 0.45ms
[2026-06-13T18:53:39.285+0530][gc,phases   ] GC(3)   Other: 0.10ms
[2026-06-13T18:53:39.285+0530][gc,heap     ] GC(3) Eden regions: 48->0(48)
[2026-06-13T18:53:39.285+0530][gc,heap     ] GC(3) Survivor regions: 3->4(7)
[2026-06-13T18:53:39.285+0530][gc,heap     ] GC(3) Old regions: 10->10
[2026-06-13T18:53:39.285+0530][gc,heap     ] GC(3) Humongous regions: 0->0
[2026-06-13T18:53:39.285+0530][gc,metaspace] GC(3) Metaspace: 31151K(31360K)->31151K(31360K) NonClass: 28172K(28288K)->28172K(28288K) Class: 2978K(3072K)->2978K(3072K)
[2026-06-13T18:53:39.285+0530][gc          ] GC(3) Pause Young (Prepare Mixed) (G1 Evacuation Pause) 59M->13M(1024M) 3.403ms
[2026-06-13T18:53:39.285+0530][gc,cpu      ] GC(3) User=0.00s Sys=0.00s Real=0.00s
[2026-06-13T18:53:40.495+0530][gc,start    ] GC(4) Pause Young (Mixed) (Metadata GC Threshold)
[2026-06-13T18:53:40.495+0530][gc,task     ] GC(4) Using 13 workers of 13 for evacuation
[2026-06-13T18:53:40.503+0530][gc,phases   ] GC(4)   Pre Evacuate Collection Set: 0.31ms
[2026-06-13T18:53:40.503+0530][gc,phases   ] GC(4)   Merge Heap Roots: 0.16ms
[2026-06-13T18:53:40.503+0530][gc,phases   ] GC(4)   Evacuate Collection Set: 5.42ms
[2026-06-13T18:53:40.503+0530][gc,phases   ] GC(4)   Post Evacuate Collection Set: 1.62ms
[2026-06-13T18:53:40.503+0530][gc,phases   ] GC(4)   Other: 0.14ms
[2026-06-13T18:53:40.503+0530][gc,heap     ] GC(4) Eden regions: 38->0(49)
[2026-06-13T18:53:40.503+0530][gc,heap     ] GC(4) Survivor regions: 5->6(7)
[2026-06-13T18:53:40.503+0530][gc,heap     ] GC(4) Old regions: 10->11
[2026-06-13T18:53:40.503+0530][gc,heap     ] GC(4) Humongous regions: 9->9
[2026-06-13T18:53:40.503+0530][gc,metaspace] GC(4) Metaspace: 35763K(36096K)->35763K(36096K) NonClass: 32376K(32576K)->32376K(32576K) Class: 3387K(3520K)->3387K(3520K)
[2026-06-13T18:53:40.503+0530][gc          ] GC(4) Pause Young (Mixed) (Metadata GC Threshold) 59M->25M(1024M) 8.554ms
[2026-06-13T18:53:40.503+0530][gc,cpu      ] GC(4) User=0.12s Sys=0.00s Real=0.01s
[2026-06-13T18:53:40.617+0530][gc,start    ] GC(5) Pause Young (Concurrent Start) (Metadata GC Threshold)
[2026-06-13T18:53:40.617+0530][gc,task     ] GC(5) Using 13 workers of 13 for evacuation
[2026-06-13T18:53:40.622+0530][gc,phases   ] GC(5)   Pre Evacuate Collection Set: 0.45ms
[2026-06-13T18:53:40.622+0530][gc,phases   ] GC(5)   Merge Heap Roots: 0.14ms
[2026-06-13T18:53:40.622+0530][gc,phases   ] GC(5)   Evacuate Collection Set: 4.20ms
[2026-06-13T18:53:40.622+0530][gc,phases   ] GC(5)   Post Evacuate Collection Set: 0.82ms
[2026-06-13T18:53:40.622+0530][gc,phases   ] GC(5)   Other: 0.12ms
[2026-06-13T18:53:40.622+0530][gc,heap     ] GC(5) Eden regions: 4->0(101)
[2026-06-13T18:53:40.622+0530][gc,heap     ] GC(5) Survivor regions: 6->5(7)
[2026-06-13T18:53:40.622+0530][gc,heap     ] GC(5) Old regions: 11->14
[2026-06-13T18:53:40.622+0530][gc,heap     ] GC(5) Humongous regions: 138->138
[2026-06-13T18:53:40.622+0530][gc,metaspace] GC(5) Metaspace: 36076K(36416K)->36076K(36416K) NonClass: 32639K(32832K)->32639K(32832K) Class: 3437K(3584K)->3437K(3584K)
[2026-06-13T18:53:40.622+0530][gc          ] GC(5) Pause Young (Concurrent Start) (Metadata GC Threshold) 158M->155M(1024M) 6.148ms
[2026-06-13T18:53:40.622+0530][gc,cpu      ] GC(5) User=0.09s Sys=0.08s Real=0.00s
[2026-06-13T18:53:40.622+0530][gc          ] GC(6) Concurrent Mark Cycle
[2026-06-13T18:53:40.624+0530][gc,marking  ] GC(6) Concurrent Scan Root Regions
[2026-06-13T18:53:40.627+0530][gc,marking  ] GC(6) Concurrent Scan Root Regions 3.807ms
[2026-06-13T18:53:40.628+0530][gc,marking  ] GC(6) Concurrent Mark
[2026-06-13T18:53:40.628+0530][gc,marking  ] GC(6) Concurrent Mark From Roots
[2026-06-13T18:53:40.628+0530][gc,task     ] GC(6) Using 3 workers of 3 for marking
[2026-06-13T18:53:40.641+0530][gc,marking  ] GC(6) Concurrent Mark From Roots 13.349ms
[2026-06-13T18:53:40.641+0530][gc,marking  ] GC(6) Concurrent Preclean
[2026-06-13T18:53:40.641+0530][gc,marking  ] GC(6) Concurrent Preclean 0.128ms
[2026-06-13T18:53:40.641+0530][gc,start    ] GC(6) Pause Remark
[2026-06-13T18:53:40.645+0530][gc          ] GC(6) Pause Remark 157M->157M(1024M) 4.349ms
[2026-06-13T18:53:40.645+0530][gc,cpu      ] GC(6) User=0.00s Sys=0.00s Real=0.00s
[2026-06-13T18:53:40.645+0530][gc,marking  ] GC(6) Concurrent Mark 18.361ms
[2026-06-13T18:53:40.645+0530][gc,marking  ] GC(6) Concurrent Rebuild Remembered Sets and Scrub Regions
[2026-06-13T18:53:40.652+0530][gc,marking  ] GC(6) Concurrent Rebuild Remembered Sets and Scrub Regions 6.287ms
[2026-06-13T18:53:40.652+0530][gc,start    ] GC(6) Pause Cleanup
[2026-06-13T18:53:40.652+0530][gc          ] GC(6) Pause Cleanup 157M->157M(1024M) 0.078ms
[2026-06-13T18:53:40.652+0530][gc,cpu      ] GC(6) User=0.00s Sys=0.00s Real=0.00s
[2026-06-13T18:53:40.652+0530][gc,marking  ] GC(6) Concurrent Clear Claimed Marks
[2026-06-13T18:53:40.652+0530][gc,marking  ] GC(6) Concurrent Clear Claimed Marks 0.043ms
[2026-06-13T18:53:40.652+0530][gc,marking  ] GC(6) Concurrent Cleanup for Next Mark
[2026-06-13T18:53:40.653+0530][gc,marking  ] GC(6) Concurrent Cleanup for Next Mark 1.193ms
[2026-06-13T18:53:40.653+0530][gc          ] GC(6) Concurrent Mark Cycle 30.550ms
[2026-06-13T18:53:40.826+0530][gc,exit     ] Heap
[2026-06-13T18:53:40.826+0530][gc,exit     ]  garbage-first heap   total reserved 1048576K, committed 1048576K, used 171563K [0x00000000c0000000, 0x0000000100000000)
[2026-06-13T18:53:40.826+0530][gc,exit     ]   region size 1024K, 18 young (18432K), 5 survivors (5120K)
[2026-06-13T18:53:40.826+0530][gc,exit     ]  Metaspace       used 37499K, committed 37824K, reserved 1114112K
[2026-06-13T18:53:40.826+0530][gc,exit     ]   class space    used 3697K, committed 3840K, reserved 1048576K
[2026-06-13T18:53:41.308+0530][gc,start    ] GC(4) Pause Young (Mixed) (Metadata GC Threshold)
[2026-06-13T18:53:41.308+0530][gc,task     ] GC(4) Using 13 workers of 13 for evacuation
[2026-06-13T18:53:41.318+0530][gc,phases   ] GC(4)   Pre Evacuate Collection Set: 0.58ms
[2026-06-13T18:53:41.318+0530][gc,phases   ] GC(4)   Merge Heap Roots: 0.19ms
[2026-06-13T18:53:41.318+0530][gc,phases   ] GC(4)   Evacuate Collection Set: 7.05ms
[2026-06-13T18:53:41.318+0530][gc,phases   ] GC(4)   Post Evacuate Collection Set: 1.99ms
[2026-06-13T18:53:41.318+0530][gc,phases   ] GC(4)   Other: 0.23ms
[2026-06-13T18:53:41.318+0530][gc,heap     ] GC(4) Eden regions: 37->0(50)
[2026-06-13T18:53:41.318+0530][gc,heap     ] GC(4) Survivor regions: 4->7(7)
[2026-06-13T18:53:41.318+0530][gc,heap     ] GC(4) Old regions: 10->11
[2026-06-13T18:53:41.318+0530][gc,heap     ] GC(4) Humongous regions: 129->129
[2026-06-13T18:53:41.318+0530][gc,metaspace] GC(4) Metaspace: 35820K(36096K)->35820K(36096K) NonClass: 32368K(32512K)->32368K(32512K) Class: 3451K(3584K)->3451K(3584K)
[2026-06-13T18:53:41.318+0530][gc          ] GC(4) Pause Young (Mixed) (Metadata GC Threshold) 178M->145M(1024M) 10.582ms
[2026-06-13T18:53:41.318+0530][gc,cpu      ] GC(4) User=0.05s Sys=0.00s Real=0.01s
[2026-06-13T18:53:41.431+0530][gc,start    ] GC(5) Pause Young (Concurrent Start) (Metadata GC Threshold)
[2026-06-13T18:53:41.431+0530][gc,task     ] GC(5) Using 13 workers of 13 for evacuation
[2026-06-13T18:53:41.440+0530][gc,phases   ] GC(5)   Pre Evacuate Collection Set: 0.84ms
[2026-06-13T18:53:41.440+0530][gc,phases   ] GC(5)   Merge Heap Roots: 0.39ms
[2026-06-13T18:53:41.440+0530][gc,phases   ] GC(5)   Evacuate Collection Set: 5.84ms
[2026-06-13T18:53:41.440+0530][gc,phases   ] GC(5)   Post Evacuate Collection Set: 1.15ms
[2026-06-13T18:53:41.440+0530][gc,phases   ] GC(5)   Other: 0.25ms
[2026-06-13T18:53:41.440+0530][gc,heap     ] GC(5) Eden regions: 4->0(71)
[2026-06-13T18:53:41.440+0530][gc,heap     ] GC(5) Survivor regions: 7->5(8)
[2026-06-13T18:53:41.440+0530][gc,heap     ] GC(5) Old regions: 11->13
[2026-06-13T18:53:41.440+0530][gc,heap     ] GC(5) Humongous regions: 129->129
[2026-06-13T18:53:41.440+0530][gc,metaspace] GC(5) Metaspace: 36074K(36416K)->36074K(36416K) NonClass: 32566K(32768K)->32566K(32768K) Class: 3508K(3648K)->3508K(3648K)
[2026-06-13T18:53:41.440+0530][gc          ] GC(5) Pause Young (Concurrent Start) (Metadata GC Threshold) 149M->146M(1024M) 9.279ms
[2026-06-13T18:53:41.441+0530][gc,cpu      ] GC(5) User=0.12s Sys=0.06s Real=0.01s
[2026-06-13T18:53:41.441+0530][gc          ] GC(6) Concurrent Mark Cycle
[2026-06-13T18:53:41.441+0530][gc,marking  ] GC(6) Concurrent Scan Root Regions
[2026-06-13T18:53:41.446+0530][gc,marking  ] GC(6) Concurrent Scan Root Regions 5.532ms
[2026-06-13T18:53:41.446+0530][gc,marking  ] GC(6) Concurrent Mark
[2026-06-13T18:53:41.446+0530][gc,marking  ] GC(6) Concurrent Mark From Roots
[2026-06-13T18:53:41.446+0530][gc,task     ] GC(6) Using 3 workers of 3 for marking
[2026-06-13T18:53:41.465+0530][gc,marking  ] GC(6) Concurrent Mark From Roots 18.608ms
[2026-06-13T18:53:41.465+0530][gc,marking  ] GC(6) Concurrent Preclean
[2026-06-13T18:53:41.465+0530][gc,marking  ] GC(6) Concurrent Preclean 0.189ms
[2026-06-13T18:53:41.465+0530][gc,start    ] GC(6) Pause Remark
[2026-06-13T18:53:41.471+0530][gc          ] GC(6) Pause Remark 146M->146M(1024M) 5.689ms
[2026-06-13T18:53:41.471+0530][gc,cpu      ] GC(6) User=0.00s Sys=0.00s Real=0.01s
[2026-06-13T18:53:41.472+0530][gc,marking  ] GC(6) Concurrent Mark 25.717ms
[2026-06-13T18:53:41.472+0530][gc,marking  ] GC(6) Concurrent Rebuild Remembered Sets and Scrub Regions
[2026-06-13T18:53:41.482+0530][gc,marking  ] GC(6) Concurrent Rebuild Remembered Sets and Scrub Regions 10.316ms
[2026-06-13T18:53:41.482+0530][gc,start    ] GC(6) Pause Cleanup
[2026-06-13T18:53:41.483+0530][gc          ] GC(6) Pause Cleanup 147M->147M(1024M) 0.198ms
[2026-06-13T18:53:41.483+0530][gc,cpu      ] GC(6) User=0.00s Sys=0.00s Real=0.00s
[2026-06-13T18:53:41.483+0530][gc,marking  ] GC(6) Concurrent Clear Claimed Marks
[2026-06-13T18:53:41.483+0530][gc,marking  ] GC(6) Concurrent Clear Claimed Marks 0.165ms
[2026-06-13T18:53:41.483+0530][gc,marking  ] GC(6) Concurrent Cleanup for Next Mark
[2026-06-13T18:53:41.485+0530][gc,marking  ] GC(6) Concurrent Cleanup for Next Mark 1.746ms
[2026-06-13T18:53:41.485+0530][gc          ] GC(6) Concurrent Mark Cycle 45.133ms
[2026-06-13T18:53:41.626+0530][gc,exit     ] Heap
[2026-06-13T18:53:41.627+0530][gc,exit     ]  garbage-first heap   total reserved 1048576K, committed 1048576K, used 157539K [0x00000000c0000000, 0x0000000100000000)
[2026-06-13T18:53:41.627+0530][gc,exit     ]   region size 1024K, 13 young (13312K), 5 survivors (5120K)
[2026-06-13T18:53:41.627+0530][gc,exit     ]  Metaspace       used 36852K, committed 37248K, reserved 1114112K
[2026-06-13T18:53:41.627+0530][gc,exit     ]   class space    used 3667K, committed 3840K, reserved 1048576K
