[2026-06-13T18:53:54.083+0530][gc,init] CardTable entry size: 512
[2026-06-13T18:53:54.083+0530][gc     ] Using G1
[2026-06-13T18:53:54.083+0530][gc,init] Version: 25.0.1+8-LTS-27 (release)
[2026-06-13T18:53:54.083+0530][gc,init] CPUs: 16 total, 16 available
[2026-06-13T18:53:54.083+0530][gc,init] Memory: 16068M
[2026-06-13T18:53:54.083+0530][gc,init] Large Page Support: Disabled
[2026-06-13T18:53:54.083+0530][gc,init] NUMA Support: Disabled
[2026-06-13T18:53:54.083+0530][gc,init] Compressed Oops: Enabled (32-bit)
[2026-06-13T18:53:54.083+0530][gc,init] Heap Region Size: 1M
[2026-06-13T18:53:54.083+0530][gc,init] Heap Min Capacity: 1G
[2026-06-13T18:53:54.083+0530][gc,init] Heap Initial Capacity: 1G
[2026-06-13T18:53:54.083+0530][gc,init] Heap Max Capacity: 1G
[2026-06-13T18:53:54.083+0530][gc,init] Pre-touch: Disabled
[2026-06-13T18:53:54.083+0530][gc,init] Parallel Workers: 13
[2026-06-13T18:53:54.083+0530][gc,init] Concurrent Workers: 3
[2026-06-13T18:53:54.083+0530][gc,init] Concurrent Refinement Workers: 13
[2026-06-13T18:53:54.083+0530][gc,init] Periodic GC: Disabled
[2026-06-13T18:53:54.083+0530][gc,metaspace] CDS archive(s) mapped at: [0x000000002d000000-0x000000002ddd0000-0x000000002ddd0000), size 14483456, SharedBaseAddress: 0x000000002d000000, ArchiveRelocationMode: 1.
[2026-06-13T18:53:54.083+0530][gc,metaspace] Compressed class space mapped at: 0x000000002e000000-0x000000006e000000, reserved size: 1073741824
[2026-06-13T18:53:54.083+0530][gc,metaspace] UseCompressedClassPointers 1, UseCompactObjectHeaders 0
[2026-06-13T18:53:54.083+0530][gc,metaspace] Narrow klass pointer bits 32, Max shift 3
[2026-06-13T18:53:54.083+0530][gc,metaspace] Narrow klass base: 0x000000002d000000, Narrow klass shift: 0
[2026-06-13T18:53:54.083+0530][gc,metaspace] Encoding Range: [0x000000002d000000 - 0x000000012d000000), (4294967296 bytes)
[2026-06-13T18:53:54.083+0530][gc,metaspace] Klass Range:    [0x000000002d010000 - 0x000000006e000000), (1090453504 bytes)
[2026-06-13T18:53:54.083+0530][gc,metaspace] Klass ID Range:  [65536 - 1090519033) (1090453497)
[2026-06-13T18:53:54.083+0530][gc,metaspace] Protection zone: [0x000000002d000000 - 0x000000002d010000), (65536 bytes)
[2026-06-13T18:53:55.040+0530][gc,start    ] GC(0) Pause Young (Normal) (G1 Evacuation Pause)
[2026-06-13T18:53:55.041+0530][gc,task     ] GC(0) Using 13 workers of 13 for evacuation
[2026-06-13T18:53:55.046+0530][gc,phases   ] GC(0)   Pre Evacuate Collection Set: 0.24ms
[2026-06-13T18:53:55.046+0530][gc,phases   ] GC(0)   Merge Heap Roots: 0.06ms
[2026-06-13T18:53:55.046+0530][gc,phases   ] GC(0)   Evacuate Collection Set: 3.88ms
[2026-06-13T18:53:55.046+0530][gc,phases   ] GC(0)   Post Evacuate Collection Set: 1.04ms
[2026-06-13T18:53:55.046+0530][gc,phases   ] GC(0)   Other: 0.50ms
[2026-06-13T18:53:55.046+0530][gc,heap     ] GC(0) Eden regions: 51->0(44)
[2026-06-13T18:53:55.046+0530][gc,heap     ] GC(0) Survivor regions: 0->7(7)
[2026-06-13T18:53:55.046+0530][gc,heap     ] GC(0) Old regions: 2->3
[2026-06-13T18:53:55.046+0530][gc,heap     ] GC(0) Humongous regions: 0->0
[2026-06-13T18:53:55.046+0530][gc,metaspace] GC(0) Metaspace: 17111K(17280K)->17111K(17280K) NonClass: 15581K(15680K)->15581K(15680K) Class: 1530K(1600K)->1530K(1600K)
[2026-06-13T18:53:55.046+0530][gc          ] GC(0) Pause Young (Normal) (G1 Evacuation Pause) 52M->8M(1024M) 6.082ms
[2026-06-13T18:53:55.046+0530][gc,cpu      ] GC(0) User=0.06s Sys=0.11s Real=0.01s
[2026-06-13T18:53:55.294+0530][gc,start    ] GC(1) Pause Young (Concurrent Start) (Metadata GC Threshold)
[2026-06-13T18:53:55.294+0530][gc,task     ] GC(1) Using 13 workers of 13 for evacuation
[2026-06-13T18:53:55.300+0530][gc,phases   ] GC(1)   Pre Evacuate Collection Set: 0.34ms
[2026-06-13T18:53:55.300+0530][gc,phases   ] GC(1)   Merge Heap Roots: 0.11ms
[2026-06-13T18:53:55.300+0530][gc,phases   ] GC(1)   Evacuate Collection Set: 4.54ms
[2026-06-13T18:53:55.300+0530][gc,phases   ] GC(1)   Post Evacuate Collection Set: 0.78ms
[2026-06-13T18:53:55.300+0530][gc,phases   ] GC(1)   Other: 0.10ms
[2026-06-13T18:53:55.300+0530][gc,heap     ] GC(1) Eden regions: 18->0(48)
[2026-06-13T18:53:55.300+0530][gc,heap     ] GC(1) Survivor regions: 7->3(7)
[2026-06-13T18:53:55.300+0530][gc,heap     ] GC(1) Old regions: 3->11
[2026-06-13T18:53:55.300+0530][gc,heap     ] GC(1) Humongous regions: 0->0
[2026-06-13T18:53:55.300+0530][gc,metaspace] GC(1) Metaspace: 21352K(21504K)->21352K(21504K) NonClass: 19354K(19456K)->19354K(19456K) Class: 1997K(2048K)->1997K(2048K)
[2026-06-13T18:53:55.300+0530][gc          ] GC(1) Pause Young (Concurrent Start) (Metadata GC Threshold) 26M->11M(1024M) 6.326ms
[2026-06-13T18:53:55.300+0530][gc,cpu      ] GC(1) User=0.00s Sys=0.00s Real=0.01s
[2026-06-13T18:53:55.300+0530][gc          ] GC(2) Concurrent Mark Cycle
[2026-06-13T18:53:55.300+0530][gc,marking  ] GC(2) Concurrent Scan Root Regions
[2026-06-13T18:53:55.303+0530][gc,marking  ] GC(2) Concurrent Scan Root Regions 2.614ms
[2026-06-13T18:53:55.303+0530][gc,marking  ] GC(2) Concurrent Mark
[2026-06-13T18:53:55.303+0530][gc,marking  ] GC(2) Concurrent Mark From Roots
[2026-06-13T18:53:55.303+0530][gc,task     ] GC(2) Using 3 workers of 3 for marking
[2026-06-13T18:53:55.305+0530][gc,marking  ] GC(2) Concurrent Mark From Roots 2.040ms
[2026-06-13T18:53:55.305+0530][gc,marking  ] GC(2) Concurrent Preclean
[2026-06-13T18:53:55.305+0530][gc,marking  ] GC(2) Concurrent Preclean 0.018ms
[2026-06-13T18:53:55.305+0530][gc,start    ] GC(2) Pause Remark
[2026-06-13T18:53:55.308+0530][gc          ] GC(2) Pause Remark 11M->11M(1024M) 2.478ms
[2026-06-13T18:53:55.308+0530][gc,cpu      ] GC(2) User=0.00s Sys=0.02s Real=0.00s
[2026-06-13T18:53:55.308+0530][gc,marking  ] GC(2) Concurrent Mark 4.899ms
[2026-06-13T18:53:55.308+0530][gc,marking  ] GC(2) Concurrent Rebuild Remembered Sets and Scrub Regions
[2026-06-13T18:53:55.311+0530][gc,marking  ] GC(2) Concurrent Rebuild Remembered Sets and Scrub Regions 2.463ms
[2026-06-13T18:53:55.311+0530][gc,start    ] GC(2) Pause Cleanup
[2026-06-13T18:53:55.311+0530][gc          ] GC(2) Pause Cleanup 11M->11M(1024M) 0.072ms
[2026-06-13T18:53:55.311+0530][gc,cpu      ] GC(2) User=0.00s Sys=0.00s Real=0.00s
[2026-06-13T18:53:55.311+0530][gc,marking  ] GC(2) Concurrent Clear Claimed Marks
[2026-06-13T18:53:55.311+0530][gc,marking  ] GC(2) Concurrent Clear Claimed Marks 0.087ms
[2026-06-13T18:53:55.311+0530][gc,marking  ] GC(2) Concurrent Cleanup for Next Mark
[2026-06-13T18:53:55.314+0530][gc,marking  ] GC(2) Concurrent Cleanup for Next Mark 2.883ms
[2026-06-13T18:53:55.314+0530][gc          ] GC(2) Concurrent Mark Cycle 13.592ms
[2026-06-13T18:53:56.384+0530][gc,start    ] GC(3) Pause Young (Prepare Mixed) (G1 Evacuation Pause)
[2026-06-13T18:53:56.384+0530][gc,task     ] GC(3) Using 13 workers of 13 for evacuation
[2026-06-13T18:53:56.388+0530][gc,phases   ] GC(3)   Pre Evacuate Collection Set: 0.27ms
[2026-06-13T18:53:56.389+0530][gc,phases   ] GC(3)   Merge Heap Roots: 0.14ms
[2026-06-13T18:53:56.389+0530][gc,phases   ] GC(3)   Evacuate Collection Set: 2.93ms
[2026-06-13T18:53:56.389+0530][gc,phases   ] GC(3)   Post Evacuate Collection Set: 0.79ms
[2026-06-13T18:53:56.389+0530][gc,phases   ] GC(3)   Other: 0.11ms
[2026-06-13T18:53:56.389+0530][gc,heap     ] GC(3) Eden regions: 48->0(57)
[2026-06-13T18:53:56.389+0530][gc,heap     ] GC(3) Survivor regions: 3->5(7)
[2026-06-13T18:53:56.389+0530][gc,heap     ] GC(3) Old regions: 11->11
[2026-06-13T18:53:56.389+0530][gc,heap     ] GC(3) Humongous regions: 0->0
[2026-06-13T18:53:56.389+0530][gc,metaspace] GC(3) Metaspace: 30953K(31168K)->30953K(31168K) NonClass: 27998K(28096K)->27998K(28096K) Class: 2955K(3072K)->2955K(3072K)
[2026-06-13T18:53:56.389+0530][gc          ] GC(3) Pause Young (Prepare Mixed) (G1 Evacuation Pause) 59M->13M(1024M) 4.590ms
[2026-06-13T18:53:56.389+0530][gc,cpu      ] GC(3) User=0.09s Sys=0.12s Real=0.00s
[2026-06-13T18:54:24.839+0530][gc,init] CardTable entry size: 512
[2026-06-13T18:54:24.840+0530][gc     ] Using G1
[2026-06-13T18:54:24.846+0530][gc,init] Version: 25.0.1+8-LTS-27 (release)
[2026-06-13T18:54:24.846+0530][gc,init] CPUs: 16 total, 16 available
[2026-06-13T18:54:24.846+0530][gc,init] Memory: 16068M
[2026-06-13T18:54:24.846+0530][gc,init] Large Page Support: Disabled
[2026-06-13T18:54:24.846+0530][gc,init] NUMA Support: Disabled
[2026-06-13T18:54:24.846+0530][gc,init] Compressed Oops: Enabled (32-bit)
[2026-06-13T18:54:24.846+0530][gc,init] Heap Region Size: 1M
[2026-06-13T18:54:24.846+0530][gc,init] Heap Min Capacity: 1G
[2026-06-13T18:54:24.846+0530][gc,init] Heap Initial Capacity: 1G
[2026-06-13T18:54:24.846+0530][gc,init] Heap Max Capacity: 1G
[2026-06-13T18:54:24.846+0530][gc,init] Pre-touch: Disabled
[2026-06-13T18:54:24.846+0530][gc,init] Parallel Workers: 13
[2026-06-13T18:54:24.846+0530][gc,init] Concurrent Workers: 3
[2026-06-13T18:54:24.846+0530][gc,init] Concurrent Refinement Workers: 13
[2026-06-13T18:54:24.846+0530][gc,init] Periodic GC: Disabled
[2026-06-13T18:54:24.856+0530][gc,metaspace] CDS archive(s) mapped at: [0x0000000023000000-0x0000000023dd0000-0x0000000023dd0000), size 14483456, SharedBaseAddress: 0x0000000023000000, ArchiveRelocationMode: 1.
[2026-06-13T18:54:24.856+0530][gc,metaspace] Compressed class space mapped at: 0x0000000024000000-0x0000000064000000, reserved size: 1073741824
[2026-06-13T18:54:24.856+0530][gc,metaspace] UseCompressedClassPointers 1, UseCompactObjectHeaders 0
[2026-06-13T18:54:24.856+0530][gc,metaspace] Narrow klass pointer bits 32, Max shift 3
[2026-06-13T18:54:24.856+0530][gc,metaspace] Narrow klass base: 0x0000000023000000, Narrow klass shift: 0
[2026-06-13T18:54:24.856+0530][gc,metaspace] Encoding Range: [0x0000000023000000 - 0x0000000123000000), (4294967296 bytes)
[2026-06-13T18:54:24.856+0530][gc,metaspace] Klass Range:    [0x0000000023010000 - 0x0000000064000000), (1090453504 bytes)
[2026-06-13T18:54:24.856+0530][gc,metaspace] Klass ID Range:  [65536 - 1090519033) (1090453497)
[2026-06-13T18:54:24.856+0530][gc,metaspace] Protection zone: [0x0000000023000000 - 0x0000000023010000), (65536 bytes)
[2026-06-13T18:54:25.748+0530][gc,start    ] GC(0) Pause Young (Normal) (G1 Evacuation Pause)
[2026-06-13T18:54:25.749+0530][gc,task     ] GC(0) Using 13 workers of 13 for evacuation
[2026-06-13T18:54:25.753+0530][gc,phases   ] GC(0)   Pre Evacuate Collection Set: 0.20ms
[2026-06-13T18:54:25.753+0530][gc,phases   ] GC(0)   Merge Heap Roots: 0.05ms
[2026-06-13T18:54:25.753+0530][gc,phases   ] GC(0)   Evacuate Collection Set: 3.11ms
[2026-06-13T18:54:25.753+0530][gc,phases   ] GC(0)   Post Evacuate Collection Set: 0.66ms
[2026-06-13T18:54:25.753+0530][gc,phases   ] GC(0)   Other: 0.52ms
[2026-06-13T18:54:25.753+0530][gc,heap     ] GC(0) Eden regions: 51->0(44)
[2026-06-13T18:54:25.753+0530][gc,heap     ] GC(0) Survivor regions: 0->7(7)
[2026-06-13T18:54:25.753+0530][gc,heap     ] GC(0) Old regions: 2->3
[2026-06-13T18:54:25.753+0530][gc,heap     ] GC(0) Humongous regions: 0->0
[2026-06-13T18:54:25.753+0530][gc,metaspace] GC(0) Metaspace: 17129K(17344K)->17129K(17344K) NonClass: 15597K(15744K)->15597K(15744K) Class: 1531K(1600K)->1531K(1600K)
[2026-06-13T18:54:25.753+0530][gc          ] GC(0) Pause Young (Normal) (G1 Evacuation Pause) 52M->8M(1024M) 4.822ms
[2026-06-13T18:54:25.753+0530][gc,cpu      ] GC(0) User=0.00s Sys=0.00s Real=0.01s
[2026-06-13T18:54:25.975+0530][gc,start    ] GC(1) Pause Young (Concurrent Start) (Metadata GC Threshold)
[2026-06-13T18:54:25.975+0530][gc,task     ] GC(1) Using 13 workers of 13 for evacuation
[2026-06-13T18:54:25.978+0530][gc,phases   ] GC(1)   Pre Evacuate Collection Set: 0.19ms
[2026-06-13T18:54:25.978+0530][gc,phases   ] GC(1)   Merge Heap Roots: 0.09ms
[2026-06-13T18:54:25.978+0530][gc,phases   ] GC(1)   Evacuate Collection Set: 2.76ms
[2026-06-13T18:54:25.978+0530][gc,phases   ] GC(1)   Post Evacuate Collection Set: 0.46ms
[2026-06-13T18:54:25.978+0530][gc,phases   ] GC(1)   Other: 0.06ms
[2026-06-13T18:54:25.978+0530][gc,heap     ] GC(1) Eden regions: 18->0(63)
[2026-06-13T18:54:25.979+0530][gc,heap     ] GC(1) Survivor regions: 7->3(7)
[2026-06-13T18:54:25.979+0530][gc,heap     ] GC(1) Old regions: 3->10
[2026-06-13T18:54:25.979+0530][gc,heap     ] GC(1) Humongous regions: 0->0
[2026-06-13T18:54:25.979+0530][gc,metaspace] GC(1) Metaspace: 21351K(21504K)->21351K(21504K) NonClass: 19353K(19456K)->19353K(19456K) Class: 1998K(2048K)->1998K(2048K)
[2026-06-13T18:54:25.979+0530][gc          ] GC(1) Pause Young (Concurrent Start) (Metadata GC Threshold) 26M->11M(1024M) 3.821ms
[2026-06-13T18:54:25.979+0530][gc,cpu      ] GC(1) User=0.00s Sys=0.00s Real=0.00s
[2026-06-13T18:54:25.979+0530][gc          ] GC(2) Concurrent Mark Cycle
[2026-06-13T18:54:25.979+0530][gc,marking  ] GC(2) Concurrent Scan Root Regions
[2026-06-13T18:54:25.980+0530][gc,marking  ] GC(2) Concurrent Scan Root Regions 1.530ms
[2026-06-13T18:54:25.980+0530][gc,marking  ] GC(2) Concurrent Mark
[2026-06-13T18:54:25.980+0530][gc,marking  ] GC(2) Concurrent Mark From Roots
[2026-06-13T18:54:25.980+0530][gc,task     ] GC(2) Using 3 workers of 3 for marking
[2026-06-13T18:54:25.982+0530][gc,marking  ] GC(2) Concurrent Mark From Roots 1.232ms
[2026-06-13T18:54:25.982+0530][gc,marking  ] GC(2) Concurrent Preclean
[2026-06-13T18:54:25.982+0530][gc,marking  ] GC(2) Concurrent Preclean 0.010ms
[2026-06-13T18:54:25.982+0530][gc,start    ] GC(2) Pause Remark
[2026-06-13T18:54:25.983+0530][gc          ] GC(2) Pause Remark 11M->11M(1024M) 1.453ms
[2026-06-13T18:54:25.983+0530][gc,cpu      ] GC(2) User=0.00s Sys=0.00s Real=0.00s
[2026-06-13T18:54:25.983+0530][gc,marking  ] GC(2) Concurrent Mark 2.897ms
[2026-06-13T18:54:25.983+0530][gc,marking  ] GC(2) Concurrent Rebuild Remembered Sets and Scrub Regions
[2026-06-13T18:54:25.985+0530][gc,marking  ] GC(2) Concurrent Rebuild Remembered Sets and Scrub Regions 1.415ms
[2026-06-13T18:54:25.985+0530][gc,start    ] GC(2) Pause Cleanup
[2026-06-13T18:54:25.985+0530][gc          ] GC(2) Pause Cleanup 11M->11M(1024M) 0.033ms
[2026-06-13T18:54:25.985+0530][gc,cpu      ] GC(2) User=0.00s Sys=0.00s Real=0.00s
[2026-06-13T18:54:25.985+0530][gc,marking  ] GC(2) Concurrent Clear Claimed Marks
[2026-06-13T18:54:25.985+0530][gc,marking  ] GC(2) Concurrent Clear Claimed Marks 0.065ms
[2026-06-13T18:54:25.985+0530][gc,marking  ] GC(2) Concurrent Cleanup for Next Mark
[2026-06-13T18:54:25.987+0530][gc,marking  ] GC(2) Concurrent Cleanup for Next Mark 1.998ms
[2026-06-13T18:54:25.987+0530][gc          ] GC(2) Concurrent Mark Cycle 8.263ms
[2026-06-13T18:54:26.932+0530][gc,start    ] GC(3) Pause Young (Prepare Mixed) (G1 Evacuation Pause)
[2026-06-13T18:54:26.932+0530][gc,task     ] GC(3) Using 13 workers of 13 for evacuation
[2026-06-13T18:54:26.937+0530][gc,phases   ] GC(3)   Pre Evacuate Collection Set: 0.27ms
[2026-06-13T18:54:26.937+0530][gc,phases   ] GC(3)   Merge Heap Roots: 0.08ms
[2026-06-13T18:54:26.937+0530][gc,phases   ] GC(3)   Evacuate Collection Set: 4.11ms
[2026-06-13T18:54:26.937+0530][gc,phases   ] GC(3)   Post Evacuate Collection Set: 0.79ms
[2026-06-13T18:54:26.937+0530][gc,phases   ] GC(3)   Other: 0.14ms
[2026-06-13T18:54:26.937+0530][gc,heap     ] GC(3) Eden regions: 63->0(73)
[2026-06-13T18:54:26.937+0530][gc,heap     ] GC(3) Survivor regions: 3->7(9)
[2026-06-13T18:54:26.937+0530][gc,heap     ] GC(3) Old regions: 10->10
[2026-06-13T18:54:26.937+0530][gc,heap     ] GC(3) Humongous regions: 0->0
[2026-06-13T18:54:26.937+0530][gc,metaspace] GC(3) Metaspace: 32142K(32384K)->32142K(32384K) NonClass: 29140K(29248K)->29140K(29248K) Class: 3002K(3136K)->3002K(3136K)
[2026-06-13T18:54:26.937+0530][gc          ] GC(3) Pause Young (Prepare Mixed) (G1 Evacuation Pause) 74M->15M(1024M) 5.724ms
[2026-06-13T18:54:26.937+0530][gc,cpu      ] GC(3) User=0.12s Sys=0.11s Real=0.01s
[2026-06-13T18:54:28.992+0530][gc,start    ] GC(4) Pause Young (Mixed) (Metadata GC Threshold)
[2026-06-13T18:54:28.993+0530][gc,task     ] GC(4) Using 13 workers of 13 for evacuation
[2026-06-13T18:54:28.996+0530][gc,phases   ] GC(4)   Pre Evacuate Collection Set: 0.22ms
[2026-06-13T18:54:28.996+0530][gc,phases   ] GC(4)   Merge Heap Roots: 0.07ms
[2026-06-13T18:54:28.996+0530][gc,phases   ] GC(4)   Evacuate Collection Set: 2.45ms
[2026-06-13T18:54:28.996+0530][gc,phases   ] GC(4)   Post Evacuate Collection Set: 0.47ms
[2026-06-13T18:54:28.996+0530][gc,phases   ] GC(4)   Other: 0.08ms
[2026-06-13T18:54:28.996+0530][gc,heap     ] GC(4) Eden regions: 28->0(90)
[2026-06-13T18:54:28.996+0530][gc,heap     ] GC(4) Survivor regions: 7->7(10)
[2026-06-13T18:54:28.996+0530][gc,heap     ] GC(4) Old regions: 10->11
[2026-06-13T18:54:28.996+0530][gc,heap     ] GC(4) Humongous regions: 138->138
[2026-06-13T18:54:28.996+0530][gc,metaspace] GC(4) Metaspace: 35782K(36096K)->35782K(36096K) NonClass: 32336K(32512K)->32336K(32512K) Class: 3445K(3584K)->3445K(3584K)
[2026-06-13T18:54:28.996+0530][gc          ] GC(4) Pause Young (Mixed) (Metadata GC Threshold) 180M->154M(1024M) 3.527ms
[2026-06-13T18:54:28.996+0530][gc,cpu      ] GC(4) User=0.05s Sys=0.00s Real=0.00s
[2026-06-13T18:54:29.010+0530][gc,start    ] GC(5) Pause Young (Concurrent Start) (Metadata GC Threshold)
[2026-06-13T18:54:29.011+0530][gc,task     ] GC(5) Using 13 workers of 13 for evacuation
[2026-06-13T18:54:29.015+0530][gc,phases   ] GC(5)   Pre Evacuate Collection Set: 0.34ms
[2026-06-13T18:54:29.015+0530][gc,phases   ] GC(5)   Merge Heap Roots: 0.09ms
[2026-06-13T18:54:29.015+0530][gc,phases   ] GC(5)   Evacuate Collection Set: 3.12ms
[2026-06-13T18:54:29.015+0530][gc,phases   ] GC(5)   Post Evacuate Collection Set: 0.52ms
[2026-06-13T18:54:29.015+0530][gc,phases   ] GC(5)   Other: 0.10ms
[2026-06-13T18:54:29.015+0530][gc,heap     ] GC(5) Eden regions: 2->0(138)
[2026-06-13T18:54:29.015+0530][gc,heap     ] GC(5) Survivor regions: 7->7(13)
[2026-06-13T18:54:29.015+0530][gc,heap     ] GC(5) Old regions: 11->11
[2026-06-13T18:54:29.015+0530][gc,heap     ] GC(5) Humongous regions: 138->138
[2026-06-13T18:54:29.015+0530][gc,metaspace] GC(5) Metaspace: 36077K(36416K)->36077K(36416K) NonClass: 32588K(32768K)->32588K(32768K) Class: 3488K(3648K)->3488K(3648K)
[2026-06-13T18:54:29.015+0530][gc          ] GC(5) Pause Young (Concurrent Start) (Metadata GC Threshold) 156M->154M(1024M) 4.463ms
[2026-06-13T18:54:29.015+0530][gc          ] GC(6) Concurrent Mark Cycle
[2026-06-13T18:54:29.015+0530][gc,cpu      ] GC(5) User=0.20s Sys=0.02s Real=0.01s
[2026-06-13T18:54:29.015+0530][gc,marking  ] GC(6) Concurrent Scan Root Regions
[2026-06-13T18:54:29.018+0530][gc,marking  ] GC(6) Concurrent Scan Root Regions 2.676ms
[2026-06-13T18:54:29.018+0530][gc,marking  ] GC(6) Concurrent Mark
[2026-06-13T18:54:29.018+0530][gc,marking  ] GC(6) Concurrent Mark From Roots
[2026-06-13T18:54:29.018+0530][gc,task     ] GC(6) Using 3 workers of 3 for marking
[2026-06-13T18:54:29.026+0530][gc,marking  ] GC(6) Concurrent Mark From Roots 8.089ms
[2026-06-13T18:54:29.026+0530][gc,marking  ] GC(6) Concurrent Preclean
[2026-06-13T18:54:29.026+0530][gc,marking  ] GC(6) Concurrent Preclean 0.135ms
[2026-06-13T18:54:29.026+0530][gc,start    ] GC(6) Pause Remark
[2026-06-13T18:54:29.029+0530][gc          ] GC(6) Pause Remark 156M->156M(1024M) 3.034ms
[2026-06-13T18:54:29.029+0530][gc,cpu      ] GC(6) User=0.06s Sys=0.11s Real=0.00s
[2026-06-13T18:54:29.030+0530][gc,marking  ] GC(6) Concurrent Mark 11.772ms
[2026-06-13T18:54:29.030+0530][gc,marking  ] GC(6) Concurrent Rebuild Remembered Sets and Scrub Regions
[2026-06-13T18:54:29.032+0530][gc,marking  ] GC(6) Concurrent Rebuild Remembered Sets and Scrub Regions 2.802ms
[2026-06-13T18:54:29.033+0530][gc,start    ] GC(6) Pause Cleanup
[2026-06-13T18:54:29.033+0530][gc          ] GC(6) Pause Cleanup 156M->156M(1024M) 0.049ms
[2026-06-13T18:54:29.033+0530][gc,cpu      ] GC(6) User=0.00s Sys=0.00s Real=0.00s
[2026-06-13T18:54:29.033+0530][gc,marking  ] GC(6) Concurrent Clear Claimed Marks
[2026-06-13T18:54:29.033+0530][gc,marking  ] GC(6) Concurrent Clear Claimed Marks 0.051ms
[2026-06-13T18:54:29.033+0530][gc,marking  ] GC(6) Concurrent Cleanup for Next Mark
[2026-06-13T18:54:29.034+0530][gc,marking  ] GC(6) Concurrent Cleanup for Next Mark 1.009ms
[2026-06-13T18:54:29.034+0530][gc          ] GC(6) Concurrent Mark Cycle 18.791ms
[2026-06-13T18:54:29.113+0530][gc,exit     ] Heap
[2026-06-13T18:54:29.113+0530][gc,exit     ]  garbage-first heap   total reserved 1048576K, committed 1048576K, used 171722K [0x00000000c0000000, 0x0000000100000000)
[2026-06-13T18:54:29.114+0530][gc,exit     ]   region size 1024K, 20 young (20480K), 7 survivors (7168K)
[2026-06-13T18:54:29.114+0530][gc,exit     ]  Metaspace       used 37128K, committed 37504K, reserved 1114112K
[2026-06-13T18:54:29.114+0530][gc,exit     ]   class space    used 3700K, committed 3840K, reserved 1048576K
[2026-06-13T18:55:01.909+0530][gc,exit     ] Heap
[2026-06-13T18:55:01.909+0530][gc,exit     ]  garbage-first heap   total reserved 1048576K, committed 1048576K, used 64559K [0x00000000c0000000, 0x0000000100000000)
[2026-06-13T18:55:01.909+0530][gc,exit     ]   region size 1024K, 55 young (56320K), 5 survivors (5120K)
[2026-06-13T18:55:01.909+0530][gc,exit     ]  Metaspace       used 35658K, committed 35968K, reserved 1114112K
[2026-06-13T18:55:01.909+0530][gc,exit     ]   class space    used 3446K, committed 3584K, reserved 1048576K
