[2026-06-13T14:10:53.715+0530][gc,init] CardTable entry size: 512
[2026-06-13T14:10:53.715+0530][gc     ] Using G1
[2026-06-13T14:10:53.728+0530][gc,init] Version: 25.0.1+8-LTS-27 (release)
[2026-06-13T14:10:53.728+0530][gc,init] CPUs: 16 total, 16 available
[2026-06-13T14:10:53.728+0530][gc,init] Memory: 16068M
[2026-06-13T14:10:53.728+0530][gc,init] Large Page Support: Disabled
[2026-06-13T14:10:53.728+0530][gc,init] NUMA Support: Disabled
[2026-06-13T14:10:53.728+0530][gc,init] Compressed Oops: Enabled (32-bit)
[2026-06-13T14:10:53.728+0530][gc,init] Heap Region Size: 1M
[2026-06-13T14:10:53.728+0530][gc,init] Heap Min Capacity: 1G
[2026-06-13T14:10:53.728+0530][gc,init] Heap Initial Capacity: 1G
[2026-06-13T14:10:53.728+0530][gc,init] Heap Max Capacity: 1G
[2026-06-13T14:10:53.728+0530][gc,init] Pre-touch: Disabled
[2026-06-13T14:10:53.728+0530][gc,init] Parallel Workers: 13
[2026-06-13T14:10:53.728+0530][gc,init] Concurrent Workers: 3
[2026-06-13T14:10:53.728+0530][gc,init] Concurrent Refinement Workers: 13
[2026-06-13T14:10:53.728+0530][gc,init] Periodic GC: Disabled
[2026-06-13T14:10:53.728+0530][gc,metaspace] CDS archive(s) mapped at: [0x0000000012000000-0x0000000012dd0000-0x0000000012dd0000), size 14483456, SharedBaseAddress: 0x0000000012000000, ArchiveRelocationMode: 1.
[2026-06-13T14:10:53.728+0530][gc,metaspace] Compressed class space mapped at: 0x0000000013000000-0x0000000053000000, reserved size: 1073741824
[2026-06-13T14:10:53.728+0530][gc,metaspace] UseCompressedClassPointers 1, UseCompactObjectHeaders 0
[2026-06-13T14:10:53.728+0530][gc,metaspace] Narrow klass pointer bits 32, Max shift 3
[2026-06-13T14:10:53.728+0530][gc,metaspace] Narrow klass base: 0x0000000012000000, Narrow klass shift: 0
[2026-06-13T14:10:53.728+0530][gc,metaspace] Encoding Range: [0x0000000012000000 - 0x0000000112000000), (4294967296 bytes)
[2026-06-13T14:10:53.728+0530][gc,metaspace] Klass Range:    [0x0000000012010000 - 0x0000000053000000), (1090453504 bytes)
[2026-06-13T14:10:53.728+0530][gc,metaspace] Klass ID Range:  [65536 - 1090519033) (1090453497)
[2026-06-13T14:10:53.728+0530][gc,metaspace] Protection zone: [0x0000000012000000 - 0x0000000012010000), (65536 bytes)
[2026-06-13T14:10:54.433+0530][gc,start    ] GC(0) Pause Young (Normal) (G1 Evacuation Pause)
[2026-06-13T14:10:54.434+0530][gc,task     ] GC(0) Using 13 workers of 13 for evacuation
[2026-06-13T14:10:54.438+0530][gc,phases   ] GC(0)   Pre Evacuate Collection Set: 0.21ms
[2026-06-13T14:10:54.438+0530][gc,phases   ] GC(0)   Merge Heap Roots: 0.07ms
[2026-06-13T14:10:54.438+0530][gc,phases   ] GC(0)   Evacuate Collection Set: 3.06ms
[2026-06-13T14:10:54.438+0530][gc,phases   ] GC(0)   Post Evacuate Collection Set: 0.84ms
[2026-06-13T14:10:54.438+0530][gc,phases   ] GC(0)   Other: 0.47ms
[2026-06-13T14:10:54.438+0530][gc,heap     ] GC(0) Eden regions: 51->0(44)
[2026-06-13T14:10:54.438+0530][gc,heap     ] GC(0) Survivor regions: 0->7(7)
[2026-06-13T14:10:54.438+0530][gc,heap     ] GC(0) Old regions: 2->3
[2026-06-13T14:10:54.438+0530][gc,heap     ] GC(0) Humongous regions: 0->0
[2026-06-13T14:10:54.438+0530][gc,metaspace] GC(0) Metaspace: 17048K(17280K)->17048K(17280K) NonClass: 15521K(15680K)->15521K(15680K) Class: 1527K(1600K)->1527K(1600K)
[2026-06-13T14:10:54.438+0530][gc          ] GC(0) Pause Young (Normal) (G1 Evacuation Pause) 52M->8M(1024M) 4.942ms
[2026-06-13T14:10:54.438+0530][gc,cpu      ] GC(0) User=0.02s Sys=0.00s Real=0.00s
[2026-06-13T14:10:54.600+0530][gc,start    ] GC(1) Pause Young (Concurrent Start) (Metadata GC Threshold)
[2026-06-13T14:10:54.600+0530][gc,task     ] GC(1) Using 13 workers of 13 for evacuation
[2026-06-13T14:10:54.604+0530][gc,phases   ] GC(1)   Pre Evacuate Collection Set: 0.28ms
[2026-06-13T14:10:54.604+0530][gc,phases   ] GC(1)   Merge Heap Roots: 0.07ms
[2026-06-13T14:10:54.604+0530][gc,phases   ] GC(1)   Evacuate Collection Set: 2.78ms
[2026-06-13T14:10:54.604+0530][gc,phases   ] GC(1)   Post Evacuate Collection Set: 0.55ms
[2026-06-13T14:10:54.604+0530][gc,phases   ] GC(1)   Other: 0.06ms
[2026-06-13T14:10:54.604+0530][gc,heap     ] GC(1) Eden regions: 18->0(48)
[2026-06-13T14:10:54.604+0530][gc,heap     ] GC(1) Survivor regions: 7->3(7)
[2026-06-13T14:10:54.604+0530][gc,heap     ] GC(1) Old regions: 3->10
[2026-06-13T14:10:54.604+0530][gc,heap     ] GC(1) Humongous regions: 0->0
[2026-06-13T14:10:54.604+0530][gc,metaspace] GC(1) Metaspace: 21347K(21504K)->21347K(21504K) NonClass: 19349K(19456K)->19349K(19456K) Class: 1998K(2048K)->1998K(2048K)
[2026-06-13T14:10:54.604+0530][gc          ] GC(1) Pause Young (Concurrent Start) (Metadata GC Threshold) 26M->11M(1024M) 3.976ms
[2026-06-13T14:10:54.604+0530][gc,cpu      ] GC(1) User=0.00s Sys=0.00s Real=0.00s
[2026-06-13T14:10:54.604+0530][gc          ] GC(2) Concurrent Mark Cycle
[2026-06-13T14:10:54.604+0530][gc,marking  ] GC(2) Concurrent Scan Root Regions
[2026-06-13T14:10:54.606+0530][gc,marking  ] GC(2) Concurrent Scan Root Regions 1.754ms
[2026-06-13T14:10:54.606+0530][gc,marking  ] GC(2) Concurrent Mark
[2026-06-13T14:10:54.606+0530][gc,marking  ] GC(2) Concurrent Mark From Roots
[2026-06-13T14:10:54.606+0530][gc,task     ] GC(2) Using 3 workers of 3 for marking
[2026-06-13T14:10:54.607+0530][gc,marking  ] GC(2) Concurrent Mark From Roots 1.494ms
[2026-06-13T14:10:54.607+0530][gc,marking  ] GC(2) Concurrent Preclean
[2026-06-13T14:10:54.607+0530][gc,marking  ] GC(2) Concurrent Preclean 0.011ms
[2026-06-13T14:10:54.608+0530][gc,start    ] GC(2) Pause Remark
[2026-06-13T14:10:54.609+0530][gc          ] GC(2) Pause Remark 11M->11M(1024M) 1.491ms
[2026-06-13T14:10:54.609+0530][gc,cpu      ] GC(2) User=0.00s Sys=0.00s Real=0.00s
[2026-06-13T14:10:54.609+0530][gc,marking  ] GC(2) Concurrent Mark 3.244ms
[2026-06-13T14:10:54.609+0530][gc,marking  ] GC(2) Concurrent Rebuild Remembered Sets and Scrub Regions
[2026-06-13T14:10:54.611+0530][gc,marking  ] GC(2) Concurrent Rebuild Remembered Sets and Scrub Regions 1.588ms
[2026-06-13T14:10:54.611+0530][gc,start    ] GC(2) Pause Cleanup
[2026-06-13T14:10:54.611+0530][gc          ] GC(2) Pause Cleanup 11M->11M(1024M) 0.031ms
[2026-06-13T14:10:54.611+0530][gc,cpu      ] GC(2) User=0.00s Sys=0.00s Real=0.00s
[2026-06-13T14:10:54.611+0530][gc,marking  ] GC(2) Concurrent Clear Claimed Marks
[2026-06-13T14:10:54.611+0530][gc,marking  ] GC(2) Concurrent Clear Claimed Marks 0.053ms
[2026-06-13T14:10:54.611+0530][gc,marking  ] GC(2) Concurrent Cleanup for Next Mark
[2026-06-13T14:10:54.613+0530][gc,marking  ] GC(2) Concurrent Cleanup for Next Mark 1.981ms
[2026-06-13T14:10:54.613+0530][gc          ] GC(2) Concurrent Mark Cycle 9.039ms
[2026-06-13T14:10:55.210+0530][gc,start    ] GC(3) Pause Young (Prepare Mixed) (G1 Evacuation Pause)
[2026-06-13T14:10:55.210+0530][gc,task     ] GC(3) Using 13 workers of 13 for evacuation
[2026-06-13T14:10:55.215+0530][gc,phases   ] GC(3)   Pre Evacuate Collection Set: 0.25ms
[2026-06-13T14:10:55.216+0530][gc,phases   ] GC(3)   Merge Heap Roots: 0.12ms
[2026-06-13T14:10:55.216+0530][gc,phases   ] GC(3)   Evacuate Collection Set: 3.20ms
[2026-06-13T14:10:55.216+0530][gc,phases   ] GC(3)   Post Evacuate Collection Set: 1.85ms
[2026-06-13T14:10:55.216+0530][gc,phases   ] GC(3)   Other: 0.12ms
[2026-06-13T14:10:55.216+0530][gc,heap     ] GC(3) Eden regions: 48->0(45)
[2026-06-13T14:10:55.216+0530][gc,heap     ] GC(3) Survivor regions: 3->6(7)
[2026-06-13T14:10:55.216+0530][gc,heap     ] GC(3) Old regions: 10->10
[2026-06-13T14:10:55.216+0530][gc,heap     ] GC(3) Humongous regions: 9->9
[2026-06-13T14:10:55.216+0530][gc,metaspace] GC(3) Metaspace: 31113K(31424K)->31113K(31424K) NonClass: 28107K(28288K)->28107K(28288K) Class: 3006K(3136K)->3006K(3136K)
[2026-06-13T14:10:55.216+0530][gc          ] GC(3) Pause Young (Prepare Mixed) (G1 Evacuation Pause) 68M->23M(1024M) 5.863ms
[2026-06-13T14:10:55.216+0530][gc,cpu      ] GC(3) User=0.06s Sys=0.02s Real=0.01s
[2026-06-13T14:11:18.805+0530][gc,start    ] GC(4) Pause Young (Mixed) (Metadata GC Threshold)
[2026-06-13T14:11:18.805+0530][gc,task     ] GC(4) Using 13 workers of 13 for evacuation
[2026-06-13T14:11:18.808+0530][gc,phases   ] GC(4)   Pre Evacuate Collection Set: 0.26ms
[2026-06-13T14:11:18.808+0530][gc,phases   ] GC(4)   Merge Heap Roots: 0.06ms
[2026-06-13T14:11:18.808+0530][gc,phases   ] GC(4)   Evacuate Collection Set: 1.96ms
[2026-06-13T14:11:18.808+0530][gc,phases   ] GC(4)   Post Evacuate Collection Set: 0.61ms
[2026-06-13T14:11:18.808+0530][gc,phases   ] GC(4)   Other: 0.13ms
[2026-06-13T14:11:18.808+0530][gc,heap     ] GC(4) Eden regions: 29->0(47)
[2026-06-13T14:11:18.808+0530][gc,heap     ] GC(4) Survivor regions: 6->6(7)
[2026-06-13T14:11:18.808+0530][gc,heap     ] GC(4) Old regions: 10->11
[2026-06-13T14:11:18.808+0530][gc,heap     ] GC(4) Humongous regions: 138->138
[2026-06-13T14:11:18.808+0530][gc,metaspace] GC(4) Metaspace: 35807K(36096K)->35807K(36096K) NonClass: 32345K(32512K)->32345K(32512K) Class: 3462K(3584K)->3462K(3584K)
[2026-06-13T14:11:18.808+0530][gc          ] GC(4) Pause Young (Mixed) (Metadata GC Threshold) 181M->154M(1024M) 3.271ms
[2026-06-13T14:11:18.808+0530][gc,cpu      ] GC(4) User=0.00s Sys=0.00s Real=0.00s
[2026-06-13T14:11:18.857+0530][gc,start    ] GC(5) Pause Young (Concurrent Start) (Metadata GC Threshold)
[2026-06-13T14:11:18.857+0530][gc,task     ] GC(5) Using 13 workers of 13 for evacuation
[2026-06-13T14:11:18.860+0530][gc,phases   ] GC(5)   Pre Evacuate Collection Set: 0.27ms
[2026-06-13T14:11:18.860+0530][gc,phases   ] GC(5)   Merge Heap Roots: 0.06ms
[2026-06-13T14:11:18.860+0530][gc,phases   ] GC(5)   Evacuate Collection Set: 1.72ms
[2026-06-13T14:11:18.860+0530][gc,phases   ] GC(5)   Post Evacuate Collection Set: 0.39ms
[2026-06-13T14:11:18.860+0530][gc,phases   ] GC(5)   Other: 0.06ms
[2026-06-13T14:11:18.860+0530][gc,heap     ] GC(5) Eden regions: 7->0(124)
[2026-06-13T14:11:18.860+0530][gc,heap     ] GC(5) Survivor regions: 6->3(7)
[2026-06-13T14:11:18.860+0530][gc,heap     ] GC(5) Old regions: 11->14
[2026-06-13T14:11:18.860+0530][gc,heap     ] GC(5) Humongous regions: 138->9
[2026-06-13T14:11:18.860+0530][gc,metaspace] GC(5) Metaspace: 36110K(36416K)->36110K(36416K) NonClass: 32562K(32768K)->32562K(32768K) Class: 3548K(3648K)->3548K(3648K)
[2026-06-13T14:11:18.860+0530][gc          ] GC(5) Pause Young (Concurrent Start) (Metadata GC Threshold) 161M->25M(1024M) 2.696ms
[2026-06-13T14:11:18.860+0530][gc,cpu      ] GC(5) User=0.00s Sys=0.00s Real=0.00s
[2026-06-13T14:11:18.860+0530][gc          ] GC(6) Concurrent Mark Cycle
[2026-06-13T14:11:18.860+0530][gc,marking  ] GC(6) Concurrent Scan Root Regions
[2026-06-13T14:11:18.861+0530][gc,marking  ] GC(6) Concurrent Scan Root Regions 1.382ms
[2026-06-13T14:11:18.861+0530][gc,marking  ] GC(6) Concurrent Mark
[2026-06-13T14:11:18.861+0530][gc,marking  ] GC(6) Concurrent Mark From Roots
[2026-06-13T14:11:18.861+0530][gc,task     ] GC(6) Using 3 workers of 3 for marking
[2026-06-13T14:11:18.866+0530][gc,marking  ] GC(6) Concurrent Mark From Roots 4.714ms
[2026-06-13T14:11:18.866+0530][gc,marking  ] GC(6) Concurrent Preclean
[2026-06-13T14:11:18.866+0530][gc,marking  ] GC(6) Concurrent Preclean 0.116ms
[2026-06-13T14:11:18.866+0530][gc,start    ] GC(6) Pause Remark
[2026-06-13T14:11:18.869+0530][gc          ] GC(6) Pause Remark 25M->25M(1024M) 2.454ms
[2026-06-13T14:11:18.869+0530][gc,cpu      ] GC(6) User=0.00s Sys=0.00s Real=0.00s
[2026-06-13T14:11:18.869+0530][gc,marking  ] GC(6) Concurrent Mark 7.914ms
[2026-06-13T14:11:18.869+0530][gc,marking  ] GC(6) Concurrent Rebuild Remembered Sets and Scrub Regions
[2026-06-13T14:11:18.873+0530][gc,marking  ] GC(6) Concurrent Rebuild Remembered Sets and Scrub Regions 3.262ms
[2026-06-13T14:11:18.873+0530][gc,start    ] GC(6) Pause Cleanup
[2026-06-13T14:11:18.873+0530][gc          ] GC(6) Pause Cleanup 26M->26M(1024M) 0.040ms
[2026-06-13T14:11:18.873+0530][gc,cpu      ] GC(6) User=0.00s Sys=0.00s Real=0.00s
[2026-06-13T14:11:18.873+0530][gc,marking  ] GC(6) Concurrent Clear Claimed Marks
[2026-06-13T14:11:18.873+0530][gc,marking  ] GC(6) Concurrent Clear Claimed Marks 0.037ms
[2026-06-13T14:11:18.873+0530][gc,marking  ] GC(6) Concurrent Cleanup for Next Mark
[2026-06-13T14:11:18.874+0530][gc,marking  ] GC(6) Concurrent Cleanup for Next Mark 1.194ms
[2026-06-13T14:11:18.874+0530][gc          ] GC(6) Concurrent Mark Cycle 14.252ms
[2026-06-13T14:11:19.125+0530][gc,exit     ] Heap
[2026-06-13T14:11:19.125+0530][gc,exit     ]  garbage-first heap   total reserved 1048576K, committed 1048576K, used 36624K [0x00000000c0000000, 0x0000000100000000)
[2026-06-13T14:11:19.125+0530][gc,exit     ]   region size 1024K, 14 young (14336K), 3 survivors (3072K)
[2026-06-13T14:11:19.125+0530][gc,exit     ]  Metaspace       used 36438K, committed 36736K, reserved 1114112K
[2026-06-13T14:11:19.125+0530][gc,exit     ]   class space    used 3641K, committed 3776K, reserved 1048576K
