[2026-06-13T18:56:13.431+0530][gc,init] CardTable entry size: 512
[2026-06-13T18:56:13.431+0530][gc     ] Using G1
[2026-06-13T18:56:13.439+0530][gc,init] Version: 25.0.1+8-LTS-27 (release)
[2026-06-13T18:56:13.439+0530][gc,init] CPUs: 16 total, 16 available
[2026-06-13T18:56:13.439+0530][gc,init] Memory: 16068M
[2026-06-13T18:56:13.439+0530][gc,init] Large Page Support: Disabled
[2026-06-13T18:56:13.439+0530][gc,init] NUMA Support: Disabled
[2026-06-13T18:56:13.439+0530][gc,init] Compressed Oops: Enabled (32-bit)
[2026-06-13T18:56:13.439+0530][gc,init] Heap Region Size: 1M
[2026-06-13T18:56:13.439+0530][gc,init] Heap Min Capacity: 1G
[2026-06-13T18:56:13.439+0530][gc,init] Heap Initial Capacity: 1G
[2026-06-13T18:56:13.439+0530][gc,init] Heap Max Capacity: 1G
[2026-06-13T18:56:13.439+0530][gc,init] Pre-touch: Disabled
[2026-06-13T18:56:13.439+0530][gc,init] Parallel Workers: 13
[2026-06-13T18:56:13.439+0530][gc,init] Concurrent Workers: 3
[2026-06-13T18:56:13.439+0530][gc,init] Concurrent Refinement Workers: 13
[2026-06-13T18:56:13.439+0530][gc,init] Periodic GC: Disabled
[2026-06-13T18:56:13.449+0530][gc,metaspace] CDS archive(s) mapped at: [0x000000001f000000-0x000000001fdd0000-0x000000001fdd0000), size 14483456, SharedBaseAddress: 0x000000001f000000, ArchiveRelocationMode: 1.
[2026-06-13T18:56:13.449+0530][gc,metaspace] Compressed class space mapped at: 0x0000000020000000-0x0000000060000000, reserved size: 1073741824
[2026-06-13T18:56:13.449+0530][gc,metaspace] UseCompressedClassPointers 1, UseCompactObjectHeaders 0
[2026-06-13T18:56:13.449+0530][gc,metaspace] Narrow klass pointer bits 32, Max shift 3
[2026-06-13T18:56:13.449+0530][gc,metaspace] Narrow klass base: 0x000000001f000000, Narrow klass shift: 0
[2026-06-13T18:56:13.449+0530][gc,metaspace] Encoding Range: [0x000000001f000000 - 0x000000011f000000), (4294967296 bytes)
[2026-06-13T18:56:13.449+0530][gc,metaspace] Klass Range:    [0x000000001f010000 - 0x0000000060000000), (1090453504 bytes)
[2026-06-13T18:56:13.449+0530][gc,metaspace] Klass ID Range:  [65536 - 1090519033) (1090453497)
[2026-06-13T18:56:13.449+0530][gc,metaspace] Protection zone: [0x000000001f000000 - 0x000000001f010000), (65536 bytes)
[2026-06-13T18:56:14.028+0530][gc,exit     ] Heap
[2026-06-13T18:56:14.028+0530][gc,exit     ]  garbage-first heap   total reserved 1048576K, committed 1048576K, used 43669K [0x00000000c0000000, 0x0000000100000000)
[2026-06-13T18:56:14.028+0530][gc,exit     ]   region size 1024K, 42 young (43008K), 0 survivors (0K)
[2026-06-13T18:56:14.028+0530][gc,exit     ]  Metaspace       used 13540K, committed 13696K, reserved 1114112K
[2026-06-13T18:56:14.028+0530][gc,exit     ]   class space    used 1268K, committed 1344K, reserved 1048576K
