[2026-06-13T14:47:32.836+0530][gc,init] CardTable entry size: 512
[2026-06-13T14:47:32.836+0530][gc     ] Using G1
[2026-06-13T14:47:32.836+0530][gc,init] Version: 25.0.1+8-LTS-27 (release)
[2026-06-13T14:47:32.836+0530][gc,init] CPUs: 16 total, 16 available
[2026-06-13T14:47:32.836+0530][gc,init] Memory: 16068M
[2026-06-13T14:47:32.836+0530][gc,init] Large Page Support: Disabled
[2026-06-13T14:47:32.836+0530][gc,init] NUMA Support: Disabled
[2026-06-13T14:47:32.836+0530][gc,init] Compressed Oops: Enabled (32-bit)
[2026-06-13T14:47:32.836+0530][gc,init] Heap Region Size: 1M
[2026-06-13T14:47:32.836+0530][gc,init] Heap Min Capacity: 1G
[2026-06-13T14:47:32.836+0530][gc,init] Heap Initial Capacity: 1G
[2026-06-13T14:47:32.836+0530][gc,init] Heap Max Capacity: 1G
[2026-06-13T14:47:32.836+0530][gc,init] Pre-touch: Disabled
[2026-06-13T14:47:32.836+0530][gc,init] Parallel Workers: 13
[2026-06-13T14:47:32.836+0530][gc,init] Concurrent Workers: 3
[2026-06-13T14:47:32.836+0530][gc,init] Concurrent Refinement Workers: 13
[2026-06-13T14:47:32.836+0530][gc,init] Periodic GC: Disabled
[2026-06-13T14:47:32.836+0530][gc,metaspace] CDS archive(s) mapped at: [0x0000000023000000-0x0000000023dd0000-0x0000000023dd0000), size 14483456, SharedBaseAddress: 0x0000000023000000, ArchiveRelocationMode: 1.
[2026-06-13T14:47:32.836+0530][gc,metaspace] Compressed class space mapped at: 0x0000000024000000-0x0000000064000000, reserved size: 1073741824
[2026-06-13T14:47:32.836+0530][gc,metaspace] UseCompressedClassPointers 1, UseCompactObjectHeaders 0
[2026-06-13T14:47:32.836+0530][gc,metaspace] Narrow klass pointer bits 32, Max shift 3
[2026-06-13T14:47:32.836+0530][gc,metaspace] Narrow klass base: 0x0000000023000000, Narrow klass shift: 0
[2026-06-13T14:47:32.836+0530][gc,metaspace] Encoding Range: [0x0000000023000000 - 0x0000000123000000), (4294967296 bytes)
[2026-06-13T14:47:32.836+0530][gc,metaspace] Klass Range:    [0x0000000023010000 - 0x0000000064000000), (1090453504 bytes)
[2026-06-13T14:47:32.836+0530][gc,metaspace] Klass ID Range:  [65536 - 1090519033) (1090453497)
[2026-06-13T14:47:32.836+0530][gc,metaspace] Protection zone: [0x0000000023000000 - 0x0000000023010000), (65536 bytes)
[2026-06-13T14:47:33.588+0530][gc,start    ] GC(0) Pause Young (Normal) (G1 Evacuation Pause)
[2026-06-13T14:47:33.590+0530][gc,task     ] GC(0) Using 13 workers of 13 for evacuation
[2026-06-13T14:47:33.595+0530][gc,phases   ] GC(0)   Pre Evacuate Collection Set: 0.67ms
[2026-06-13T14:47:33.595+0530][gc,phases   ] GC(0)   Merge Heap Roots: 0.10ms
[2026-06-13T14:47:33.595+0530][gc,phases   ] GC(0)   Evacuate Collection Set: 3.68ms
[2026-06-13T14:47:33.595+0530][gc,phases   ] GC(0)   Post Evacuate Collection Set: 0.87ms
[2026-06-13T14:47:33.595+0530][gc,phases   ] GC(0)   Other: 2.07ms
[2026-06-13T14:47:33.595+0530][gc,heap     ] GC(0) Eden regions: 51->0(44)
[2026-06-13T14:47:33.595+0530][gc,heap     ] GC(0) Survivor regions: 0->7(7)
[2026-06-13T14:47:33.595+0530][gc,heap     ] GC(0) Old regions: 2->3
[2026-06-13T14:47:33.595+0530][gc,heap     ] GC(0) Humongous regions: 0->0
[2026-06-13T14:47:33.595+0530][gc,metaspace] GC(0) Metaspace: 17131K(17344K)->17131K(17344K) NonClass: 15599K(15744K)->15599K(15744K) Class: 1531K(1600K)->1531K(1600K)
[2026-06-13T14:47:33.595+0530][gc          ] GC(0) Pause Young (Normal) (G1 Evacuation Pause) 52M->8M(1024M) 7.733ms
[2026-06-13T14:47:33.595+0530][gc,cpu      ] GC(0) User=0.02s Sys=0.00s Real=0.01s
[2026-06-13T14:47:33.782+0530][gc,start    ] GC(1) Pause Young (Concurrent Start) (Metadata GC Threshold)
[2026-06-13T14:47:33.782+0530][gc,task     ] GC(1) Using 13 workers of 13 for evacuation
[2026-06-13T14:47:33.786+0530][gc,phases   ] GC(1)   Pre Evacuate Collection Set: 0.35ms
[2026-06-13T14:47:33.786+0530][gc,phases   ] GC(1)   Merge Heap Roots: 0.08ms
[2026-06-13T14:47:33.786+0530][gc,phases   ] GC(1)   Evacuate Collection Set: 2.94ms
[2026-06-13T14:47:33.786+0530][gc,phases   ] GC(1)   Post Evacuate Collection Set: 0.60ms
[2026-06-13T14:47:33.786+0530][gc,phases   ] GC(1)   Other: 0.07ms
[2026-06-13T14:47:33.786+0530][gc,heap     ] GC(1) Eden regions: 18->0(49)
[2026-06-13T14:47:33.786+0530][gc,heap     ] GC(1) Survivor regions: 7->2(7)
[2026-06-13T14:47:33.786+0530][gc,heap     ] GC(1) Old regions: 3->11
[2026-06-13T14:47:33.786+0530][gc,heap     ] GC(1) Humongous regions: 0->0
[2026-06-13T14:47:33.786+0530][gc,metaspace] GC(1) Metaspace: 21352K(21504K)->21352K(21504K) NonClass: 19354K(19456K)->19354K(19456K) Class: 1998K(2048K)->1998K(2048K)
[2026-06-13T14:47:33.786+0530][gc          ] GC(1) Pause Young (Concurrent Start) (Metadata GC Threshold) 26M->11M(1024M) 4.288ms
[2026-06-13T14:47:33.786+0530][gc,cpu      ] GC(1) User=0.00s Sys=0.00s Real=0.00s
[2026-06-13T14:47:33.786+0530][gc          ] GC(2) Concurrent Mark Cycle
[2026-06-13T14:47:33.786+0530][gc,marking  ] GC(2) Concurrent Scan Root Regions
[2026-06-13T14:47:33.788+0530][gc,marking  ] GC(2) Concurrent Scan Root Regions 1.749ms
[2026-06-13T14:47:33.788+0530][gc,marking  ] GC(2) Concurrent Mark
[2026-06-13T14:47:33.788+0530][gc,marking  ] GC(2) Concurrent Mark From Roots
[2026-06-13T14:47:33.788+0530][gc,task     ] GC(2) Using 3 workers of 3 for marking
[2026-06-13T14:47:33.790+0530][gc,marking  ] GC(2) Concurrent Mark From Roots 1.789ms
[2026-06-13T14:47:33.790+0530][gc,marking  ] GC(2) Concurrent Preclean
[2026-06-13T14:47:33.790+0530][gc,marking  ] GC(2) Concurrent Preclean 0.017ms
[2026-06-13T14:47:33.790+0530][gc,start    ] GC(2) Pause Remark
[2026-06-13T14:47:33.791+0530][gc          ] GC(2) Pause Remark 11M->11M(1024M) 1.588ms
[2026-06-13T14:47:33.791+0530][gc,cpu      ] GC(2) User=0.00s Sys=0.00s Real=0.00s
[2026-06-13T14:47:33.791+0530][gc,marking  ] GC(2) Concurrent Mark 3.755ms
[2026-06-13T14:47:33.792+0530][gc,marking  ] GC(2) Concurrent Rebuild Remembered Sets and Scrub Regions
[2026-06-13T14:47:33.793+0530][gc,marking  ] GC(2) Concurrent Rebuild Remembered Sets and Scrub Regions 1.474ms
[2026-06-13T14:47:33.793+0530][gc,start    ] GC(2) Pause Cleanup
[2026-06-13T14:47:33.793+0530][gc          ] GC(2) Pause Cleanup 11M->11M(1024M) 0.031ms
[2026-06-13T14:47:33.793+0530][gc,cpu      ] GC(2) User=0.00s Sys=0.00s Real=0.00s
[2026-06-13T14:47:33.793+0530][gc,marking  ] GC(2) Concurrent Clear Claimed Marks
[2026-06-13T14:47:33.793+0530][gc,marking  ] GC(2) Concurrent Clear Claimed Marks 0.013ms
[2026-06-13T14:47:33.793+0530][gc,marking  ] GC(2) Concurrent Cleanup for Next Mark
[2026-06-13T14:47:33.795+0530][gc,marking  ] GC(2) Concurrent Cleanup for Next Mark 1.836ms
[2026-06-13T14:47:33.795+0530][gc          ] GC(2) Concurrent Mark Cycle 9.226ms
[2026-06-13T14:47:34.348+0530][gc,start    ] GC(3) Pause Young (Prepare Mixed) (G1 Evacuation Pause)
[2026-06-13T14:47:34.348+0530][gc,task     ] GC(3) Using 13 workers of 13 for evacuation
[2026-06-13T14:47:34.351+0530][gc,phases   ] GC(3)   Pre Evacuate Collection Set: 0.26ms
[2026-06-13T14:47:34.351+0530][gc,phases   ] GC(3)   Merge Heap Roots: 0.07ms
[2026-06-13T14:47:34.351+0530][gc,phases   ] GC(3)   Evacuate Collection Set: 2.29ms
[2026-06-13T14:47:34.351+0530][gc,phases   ] GC(3)   Post Evacuate Collection Set: 0.46ms
[2026-06-13T14:47:34.351+0530][gc,phases   ] GC(3)   Other: 0.08ms
[2026-06-13T14:47:34.351+0530][gc,heap     ] GC(3) Eden regions: 49->0(62)
[2026-06-13T14:47:34.351+0530][gc,heap     ] GC(3) Survivor regions: 2->7(7)
[2026-06-13T14:47:34.351+0530][gc,heap     ] GC(3) Old regions: 11->11
[2026-06-13T14:47:34.351+0530][gc,heap     ] GC(3) Humongous regions: 0->0
[2026-06-13T14:47:34.351+0530][gc,metaspace] GC(3) Metaspace: 31385K(31680K)->31385K(31680K) NonClass: 28473K(28608K)->28473K(28608K) Class: 2911K(3072K)->2911K(3072K)
[2026-06-13T14:47:34.351+0530][gc          ] GC(3) Pause Young (Prepare Mixed) (G1 Evacuation Pause) 60M->15M(1024M) 3.407ms
[2026-06-13T14:47:34.351+0530][gc,cpu      ] GC(3) User=0.00s Sys=0.00s Real=0.00s
[2026-06-13T14:47:55.584+0530][gc,init] CardTable entry size: 512
[2026-06-13T14:47:55.584+0530][gc     ] Using G1
[2026-06-13T14:47:55.587+0530][gc,init] Version: 25.0.1+8-LTS-27 (release)
[2026-06-13T14:47:55.587+0530][gc,init] CPUs: 16 total, 16 available
[2026-06-13T14:47:55.587+0530][gc,init] Memory: 16068M
[2026-06-13T14:47:55.587+0530][gc,init] Large Page Support: Disabled
[2026-06-13T14:47:55.587+0530][gc,init] NUMA Support: Disabled
[2026-06-13T14:47:55.587+0530][gc,init] Compressed Oops: Enabled (32-bit)
[2026-06-13T14:47:55.587+0530][gc,init] Heap Region Size: 1M
[2026-06-13T14:47:55.587+0530][gc,init] Heap Min Capacity: 1G
[2026-06-13T14:47:55.587+0530][gc,init] Heap Initial Capacity: 1G
[2026-06-13T14:47:55.587+0530][gc,init] Heap Max Capacity: 1G
[2026-06-13T14:47:55.587+0530][gc,init] Pre-touch: Disabled
[2026-06-13T14:47:55.587+0530][gc,init] Parallel Workers: 13
[2026-06-13T14:47:55.587+0530][gc,init] Concurrent Workers: 3
[2026-06-13T14:47:55.587+0530][gc,init] Concurrent Refinement Workers: 13
[2026-06-13T14:47:55.587+0530][gc,init] Periodic GC: Disabled
[2026-06-13T14:47:55.596+0530][gc,metaspace] CDS archive(s) mapped at: [0x0000000033000000-0x0000000033dd0000-0x0000000033dd0000), size 14483456, SharedBaseAddress: 0x0000000033000000, ArchiveRelocationMode: 1.
[2026-06-13T14:47:55.596+0530][gc,metaspace] Compressed class space mapped at: 0x0000000034000000-0x0000000074000000, reserved size: 1073741824
[2026-06-13T14:47:55.596+0530][gc,metaspace] UseCompressedClassPointers 1, UseCompactObjectHeaders 0
[2026-06-13T14:47:55.596+0530][gc,metaspace] Narrow klass pointer bits 32, Max shift 3
[2026-06-13T14:47:55.596+0530][gc,metaspace] Narrow klass base: 0x0000000033000000, Narrow klass shift: 0
[2026-06-13T14:47:55.596+0530][gc,metaspace] Encoding Range: [0x0000000033000000 - 0x0000000133000000), (4294967296 bytes)
[2026-06-13T14:47:55.596+0530][gc,metaspace] Klass Range:    [0x0000000033010000 - 0x0000000074000000), (1090453504 bytes)
[2026-06-13T14:47:55.596+0530][gc,metaspace] Klass ID Range:  [65536 - 1090519033) (1090453497)
[2026-06-13T14:47:55.596+0530][gc,metaspace] Protection zone: [0x0000000033000000 - 0x0000000033010000), (65536 bytes)
[2026-06-13T14:47:56.541+0530][gc,start    ] GC(0) Pause Young (Normal) (G1 Evacuation Pause)
[2026-06-13T14:47:56.542+0530][gc,task     ] GC(0) Using 13 workers of 13 for evacuation
[2026-06-13T14:47:56.547+0530][gc,phases   ] GC(0)   Pre Evacuate Collection Set: 0.26ms
[2026-06-13T14:47:56.547+0530][gc,phases   ] GC(0)   Merge Heap Roots: 0.06ms
[2026-06-13T14:47:56.547+0530][gc,phases   ] GC(0)   Evacuate Collection Set: 4.11ms
[2026-06-13T14:47:56.547+0530][gc,phases   ] GC(0)   Post Evacuate Collection Set: 0.82ms
[2026-06-13T14:47:56.547+0530][gc,phases   ] GC(0)   Other: 0.55ms
[2026-06-13T14:47:56.547+0530][gc,heap     ] GC(0) Eden regions: 51->0(44)
[2026-06-13T14:47:56.547+0530][gc,heap     ] GC(0) Survivor regions: 0->7(7)
[2026-06-13T14:47:56.547+0530][gc,heap     ] GC(0) Old regions: 2->3
[2026-06-13T14:47:56.547+0530][gc,heap     ] GC(0) Humongous regions: 0->0
[2026-06-13T14:47:56.547+0530][gc,metaspace] GC(0) Metaspace: 17110K(17280K)->17110K(17280K) NonClass: 15580K(15680K)->15580K(15680K) Class: 1530K(1600K)->1530K(1600K)
[2026-06-13T14:47:56.547+0530][gc          ] GC(0) Pause Young (Normal) (G1 Evacuation Pause) 52M->8M(1024M) 6.076ms
[2026-06-13T14:47:56.547+0530][gc,cpu      ] GC(0) User=0.09s Sys=0.06s Real=0.01s
[2026-06-13T14:47:56.758+0530][gc,start    ] GC(1) Pause Young (Concurrent Start) (Metadata GC Threshold)
[2026-06-13T14:47:56.758+0530][gc,task     ] GC(1) Using 13 workers of 13 for evacuation
[2026-06-13T14:47:56.764+0530][gc,phases   ] GC(1)   Pre Evacuate Collection Set: 0.27ms
[2026-06-13T14:47:56.764+0530][gc,phases   ] GC(1)   Merge Heap Roots: 0.06ms
[2026-06-13T14:47:56.764+0530][gc,phases   ] GC(1)   Evacuate Collection Set: 4.11ms
[2026-06-13T14:47:56.764+0530][gc,phases   ] GC(1)   Post Evacuate Collection Set: 0.82ms
[2026-06-13T14:47:56.764+0530][gc,phases   ] GC(1)   Other: 0.07ms
[2026-06-13T14:47:56.764+0530][gc,heap     ] GC(1) Eden regions: 18->0(48)
[2026-06-13T14:47:56.764+0530][gc,heap     ] GC(1) Survivor regions: 7->3(7)
[2026-06-13T14:47:56.764+0530][gc,heap     ] GC(1) Old regions: 3->11
[2026-06-13T14:47:56.764+0530][gc,heap     ] GC(1) Humongous regions: 0->0
[2026-06-13T14:47:56.764+0530][gc,metaspace] GC(1) Metaspace: 21352K(21504K)->21352K(21504K) NonClass: 19354K(19456K)->19354K(19456K) Class: 1998K(2048K)->1998K(2048K)
[2026-06-13T14:47:56.764+0530][gc          ] GC(1) Pause Young (Concurrent Start) (Metadata GC Threshold) 26M->11M(1024M) 5.598ms
[2026-06-13T14:47:56.764+0530][gc,cpu      ] GC(1) User=0.14s Sys=0.06s Real=0.01s
[2026-06-13T14:47:56.764+0530][gc          ] GC(2) Concurrent Mark Cycle
[2026-06-13T14:47:56.764+0530][gc,marking  ] GC(2) Concurrent Scan Root Regions
[2026-06-13T14:47:56.766+0530][gc,marking  ] GC(2) Concurrent Scan Root Regions 1.981ms
[2026-06-13T14:47:56.766+0530][gc,marking  ] GC(2) Concurrent Mark
[2026-06-13T14:47:56.766+0530][gc,marking  ] GC(2) Concurrent Mark From Roots
[2026-06-13T14:47:56.766+0530][gc,task     ] GC(2) Using 3 workers of 3 for marking
[2026-06-13T14:47:56.768+0530][gc,marking  ] GC(2) Concurrent Mark From Roots 1.476ms
[2026-06-13T14:47:56.768+0530][gc,marking  ] GC(2) Concurrent Preclean
[2026-06-13T14:47:56.768+0530][gc,marking  ] GC(2) Concurrent Preclean 0.025ms
[2026-06-13T14:47:56.768+0530][gc,start    ] GC(2) Pause Remark
[2026-06-13T14:47:56.771+0530][gc          ] GC(2) Pause Remark 11M->11M(1024M) 2.635ms
[2026-06-13T14:47:56.771+0530][gc,cpu      ] GC(2) User=0.00s Sys=0.00s Real=0.00s
[2026-06-13T14:47:56.771+0530][gc,marking  ] GC(2) Concurrent Mark 4.454ms
[2026-06-13T14:47:56.771+0530][gc,marking  ] GC(2) Concurrent Rebuild Remembered Sets and Scrub Regions
[2026-06-13T14:47:56.773+0530][gc,marking  ] GC(2) Concurrent Rebuild Remembered Sets and Scrub Regions 1.890ms
[2026-06-13T14:47:56.773+0530][gc,start    ] GC(2) Pause Cleanup
[2026-06-13T14:47:56.773+0530][gc          ] GC(2) Pause Cleanup 11M->11M(1024M) 0.136ms
[2026-06-13T14:47:56.773+0530][gc,cpu      ] GC(2) User=0.00s Sys=0.00s Real=0.00s
[2026-06-13T14:47:56.773+0530][gc,marking  ] GC(2) Concurrent Clear Claimed Marks
[2026-06-13T14:47:56.773+0530][gc,marking  ] GC(2) Concurrent Clear Claimed Marks 0.056ms
[2026-06-13T14:47:56.773+0530][gc,marking  ] GC(2) Concurrent Cleanup for Next Mark
[2026-06-13T14:47:56.777+0530][gc,marking  ] GC(2) Concurrent Cleanup for Next Mark 3.904ms
[2026-06-13T14:47:56.777+0530][gc          ] GC(2) Concurrent Mark Cycle 12.951ms
[2026-06-13T14:47:57.403+0530][gc,start    ] GC(3) Pause Young (Prepare Mixed) (G1 Evacuation Pause)
[2026-06-13T14:47:57.403+0530][gc,task     ] GC(3) Using 13 workers of 13 for evacuation
[2026-06-13T14:47:57.408+0530][gc,phases   ] GC(3)   Pre Evacuate Collection Set: 0.30ms
[2026-06-13T14:47:57.408+0530][gc,phases   ] GC(3)   Merge Heap Roots: 0.10ms
[2026-06-13T14:47:57.408+0530][gc,phases   ] GC(3)   Evacuate Collection Set: 3.08ms
[2026-06-13T14:47:57.408+0530][gc,phases   ] GC(3)   Post Evacuate Collection Set: 0.72ms
[2026-06-13T14:47:57.408+0530][gc,phases   ] GC(3)   Other: 0.14ms
[2026-06-13T14:47:57.408+0530][gc,heap     ] GC(3) Eden regions: 48->0(51)
[2026-06-13T14:47:57.408+0530][gc,heap     ] GC(3) Survivor regions: 3->7(7)
[2026-06-13T14:47:57.408+0530][gc,heap     ] GC(3) Old regions: 11->11
[2026-06-13T14:47:57.408+0530][gc,heap     ] GC(3) Humongous regions: 0->0
[2026-06-13T14:47:57.408+0530][gc,metaspace] GC(3) Metaspace: 31264K(31552K)->31264K(31552K) NonClass: 28363K(28480K)->28363K(28480K) Class: 2901K(3072K)->2901K(3072K)
[2026-06-13T14:47:57.408+0530][gc          ] GC(3) Pause Young (Prepare Mixed) (G1 Evacuation Pause) 59M->15M(1024M) 4.641ms
[2026-06-13T14:47:57.408+0530][gc,cpu      ] GC(3) User=0.00s Sys=0.00s Real=0.00s
[2026-06-13T14:47:58.189+0530][gc,start    ] GC(4) Pause Young (Mixed) (Metadata GC Threshold)
[2026-06-13T14:47:58.189+0530][gc,task     ] GC(4) Using 13 workers of 13 for evacuation
[2026-06-13T14:47:58.195+0530][gc,phases   ] GC(4)   Pre Evacuate Collection Set: 0.41ms
[2026-06-13T14:47:58.195+0530][gc,phases   ] GC(4)   Merge Heap Roots: 0.10ms
[2026-06-13T14:47:58.195+0530][gc,phases   ] GC(4)   Evacuate Collection Set: 4.11ms
[2026-06-13T14:47:58.195+0530][gc,phases   ] GC(4)   Post Evacuate Collection Set: 0.72ms
[2026-06-13T14:47:58.195+0530][gc,phases   ] GC(4)   Other: 0.10ms
[2026-06-13T14:47:58.195+0530][gc,heap     ] GC(4) Eden regions: 30->0(75)
[2026-06-13T14:47:58.195+0530][gc,heap     ] GC(4) Survivor regions: 7->7(9)
[2026-06-13T14:47:58.195+0530][gc,heap     ] GC(4) Old regions: 11->12
[2026-06-13T14:47:58.195+0530][gc,heap     ] GC(4) Humongous regions: 138->138
[2026-06-13T14:47:58.195+0530][gc,metaspace] GC(4) Metaspace: 35790K(36096K)->35790K(36096K) NonClass: 32361K(32512K)->32361K(32512K) Class: 3429K(3584K)->3429K(3584K)
[2026-06-13T14:47:58.195+0530][gc          ] GC(4) Pause Young (Mixed) (Metadata GC Threshold) 183M->155M(1024M) 5.776ms
[2026-06-13T14:47:58.195+0530][gc,cpu      ] GC(4) User=0.00s Sys=0.00s Real=0.01s
[2026-06-13T14:48:08.165+0530][gc,start    ] GC(5) Pause Young (Concurrent Start) (Metadata GC Threshold)
[2026-06-13T14:48:08.165+0530][gc,task     ] GC(5) Using 13 workers of 13 for evacuation
[2026-06-13T14:48:08.170+0530][gc,phases   ] GC(5)   Pre Evacuate Collection Set: 0.43ms
[2026-06-13T14:48:08.170+0530][gc,phases   ] GC(5)   Merge Heap Roots: 0.18ms
[2026-06-13T14:48:08.170+0530][gc,phases   ] GC(5)   Evacuate Collection Set: 3.76ms
[2026-06-13T14:48:08.170+0530][gc,phases   ] GC(5)   Post Evacuate Collection Set: 0.64ms
[2026-06-13T14:48:08.170+0530][gc,phases   ] GC(5)   Other: 0.11ms
[2026-06-13T14:48:08.170+0530][gc,heap     ] GC(5) Eden regions: 9->0(107)
[2026-06-13T14:48:08.170+0530][gc,heap     ] GC(5) Survivor regions: 7->3(11)
[2026-06-13T14:48:08.170+0530][gc,heap     ] GC(5) Old regions: 12->16
[2026-06-13T14:48:08.170+0530][gc,heap     ] GC(5) Humongous regions: 138->138
[2026-06-13T14:48:08.170+0530][gc,metaspace] GC(5) Metaspace: 36126K(36416K)->36126K(36416K) NonClass: 32658K(32832K)->32658K(32832K) Class: 3467K(3584K)->3467K(3584K)
[2026-06-13T14:48:08.170+0530][gc          ] GC(5) Pause Young (Concurrent Start) (Metadata GC Threshold) 164M->155M(1024M) 5.383ms
[2026-06-13T14:48:08.170+0530][gc,cpu      ] GC(5) User=0.12s Sys=0.08s Real=0.01s
[2026-06-13T14:48:08.170+0530][gc          ] GC(6) Concurrent Mark Cycle
[2026-06-13T14:48:08.170+0530][gc,marking  ] GC(6) Concurrent Scan Root Regions
[2026-06-13T14:48:08.172+0530][gc,marking  ] GC(6) Concurrent Scan Root Regions 1.275ms
[2026-06-13T14:48:08.172+0530][gc,marking  ] GC(6) Concurrent Mark
[2026-06-13T14:48:08.172+0530][gc,marking  ] GC(6) Concurrent Mark From Roots
[2026-06-13T14:48:08.172+0530][gc,task     ] GC(6) Using 3 workers of 3 for marking
[2026-06-13T14:48:08.176+0530][gc,marking  ] GC(6) Concurrent Mark From Roots 3.879ms
[2026-06-13T14:48:08.176+0530][gc,marking  ] GC(6) Concurrent Preclean
[2026-06-13T14:48:08.176+0530][gc,marking  ] GC(6) Concurrent Preclean 0.041ms
[2026-06-13T14:48:08.176+0530][gc,start    ] GC(6) Pause Remark
[2026-06-13T14:48:08.178+0530][gc          ] GC(6) Pause Remark 155M->155M(1024M) 2.385ms
[2026-06-13T14:48:08.178+0530][gc,cpu      ] GC(6) User=0.00s Sys=0.00s Real=0.00s
[2026-06-13T14:48:08.178+0530][gc,marking  ] GC(6) Concurrent Mark 6.533ms
[2026-06-13T14:48:08.178+0530][gc,marking  ] GC(6) Concurrent Rebuild Remembered Sets and Scrub Regions
[2026-06-13T14:48:08.181+0530][gc,marking  ] GC(6) Concurrent Rebuild Remembered Sets and Scrub Regions 2.803ms
[2026-06-13T14:48:08.181+0530][gc,start    ] GC(6) Pause Cleanup
[2026-06-13T14:48:08.181+0530][gc          ] GC(6) Pause Cleanup 156M->156M(1024M) 0.038ms
[2026-06-13T14:48:08.181+0530][gc,cpu      ] GC(6) User=0.00s Sys=0.00s Real=0.00s
[2026-06-13T14:48:08.181+0530][gc,marking  ] GC(6) Concurrent Clear Claimed Marks
[2026-06-13T14:48:08.181+0530][gc,marking  ] GC(6) Concurrent Clear Claimed Marks 0.049ms
[2026-06-13T14:48:08.181+0530][gc,marking  ] GC(6) Concurrent Cleanup for Next Mark
[2026-06-13T14:48:08.182+0530][gc,marking  ] GC(6) Concurrent Cleanup for Next Mark 0.959ms
[2026-06-13T14:48:08.182+0530][gc          ] GC(6) Concurrent Mark Cycle 12.005ms
[2026-06-13T14:48:09.151+0530][gc,init] CardTable entry size: 512
[2026-06-13T14:48:09.151+0530][gc     ] Using G1
[2026-06-13T14:48:09.154+0530][gc,init] Version: 25.0.1+8-LTS-27 (release)
[2026-06-13T14:48:09.154+0530][gc,init] CPUs: 16 total, 16 available
[2026-06-13T14:48:09.154+0530][gc,init] Memory: 16068M
[2026-06-13T14:48:09.154+0530][gc,init] Large Page Support: Disabled
[2026-06-13T14:48:09.154+0530][gc,init] NUMA Support: Disabled
[2026-06-13T14:48:09.154+0530][gc,init] Compressed Oops: Enabled (32-bit)
[2026-06-13T14:48:09.154+0530][gc,init] Heap Region Size: 1M
[2026-06-13T14:48:09.154+0530][gc,init] Heap Min Capacity: 1G
[2026-06-13T14:48:09.154+0530][gc,init] Heap Initial Capacity: 1G
[2026-06-13T14:48:09.154+0530][gc,init] Heap Max Capacity: 1G
[2026-06-13T14:48:09.154+0530][gc,init] Pre-touch: Disabled
[2026-06-13T14:48:09.154+0530][gc,init] Parallel Workers: 13
[2026-06-13T14:48:09.154+0530][gc,init] Concurrent Workers: 3
[2026-06-13T14:48:09.154+0530][gc,init] Concurrent Refinement Workers: 13
[2026-06-13T14:48:09.154+0530][gc,init] Periodic GC: Disabled
[2026-06-13T14:48:09.164+0530][gc,metaspace] CDS archive(s) mapped at: [0x0000000030000000-0x0000000030dd0000-0x0000000030dd0000), size 14483456, SharedBaseAddress: 0x0000000030000000, ArchiveRelocationMode: 1.
[2026-06-13T14:48:09.164+0530][gc,metaspace] Compressed class space mapped at: 0x0000000031000000-0x0000000071000000, reserved size: 1073741824
[2026-06-13T14:48:09.164+0530][gc,metaspace] UseCompressedClassPointers 1, UseCompactObjectHeaders 0
[2026-06-13T14:48:09.164+0530][gc,metaspace] Narrow klass pointer bits 32, Max shift 3
[2026-06-13T14:48:09.164+0530][gc,metaspace] Narrow klass base: 0x0000000030000000, Narrow klass shift: 0
[2026-06-13T14:48:09.164+0530][gc,metaspace] Encoding Range: [0x0000000030000000 - 0x0000000130000000), (4294967296 bytes)
[2026-06-13T14:48:09.164+0530][gc,metaspace] Klass Range:    [0x0000000030010000 - 0x0000000071000000), (1090453504 bytes)
[2026-06-13T14:48:09.164+0530][gc,metaspace] Klass ID Range:  [65536 - 1090519033) (1090453497)
[2026-06-13T14:48:09.164+0530][gc,metaspace] Protection zone: [0x0000000030000000 - 0x0000000030010000), (65536 bytes)
[2026-06-13T14:48:09.924+0530][gc,start    ] GC(0) Pause Young (Normal) (G1 Evacuation Pause)
[2026-06-13T14:48:09.924+0530][gc,task     ] GC(0) Using 13 workers of 13 for evacuation
[2026-06-13T14:48:09.929+0530][gc,phases   ] GC(0)   Pre Evacuate Collection Set: 0.19ms
[2026-06-13T14:48:09.929+0530][gc,phases   ] GC(0)   Merge Heap Roots: 0.13ms
[2026-06-13T14:48:09.929+0530][gc,phases   ] GC(0)   Evacuate Collection Set: 3.56ms
[2026-06-13T14:48:09.929+0530][gc,phases   ] GC(0)   Post Evacuate Collection Set: 0.76ms
[2026-06-13T14:48:09.929+0530][gc,phases   ] GC(0)   Other: 0.38ms
[2026-06-13T14:48:09.929+0530][gc,heap     ] GC(0) Eden regions: 51->0(44)
[2026-06-13T14:48:09.929+0530][gc,heap     ] GC(0) Survivor regions: 0->7(7)
[2026-06-13T14:48:09.929+0530][gc,heap     ] GC(0) Old regions: 2->3
[2026-06-13T14:48:09.929+0530][gc,heap     ] GC(0) Humongous regions: 0->0
[2026-06-13T14:48:09.929+0530][gc,metaspace] GC(0) Metaspace: 17114K(17280K)->17114K(17280K) NonClass: 15584K(15680K)->15584K(15680K) Class: 1530K(1600K)->1530K(1600K)
[2026-06-13T14:48:09.929+0530][gc          ] GC(0) Pause Young (Normal) (G1 Evacuation Pause) 52M->8M(1024M) 5.256ms
[2026-06-13T14:48:09.929+0530][gc,cpu      ] GC(0) User=0.00s Sys=0.00s Real=0.00s
[2026-06-13T14:48:10.128+0530][gc,start    ] GC(1) Pause Young (Concurrent Start) (Metadata GC Threshold)
[2026-06-13T14:48:10.129+0530][gc,task     ] GC(1) Using 13 workers of 13 for evacuation
[2026-06-13T14:48:10.133+0530][gc,phases   ] GC(1)   Pre Evacuate Collection Set: 0.25ms
[2026-06-13T14:48:10.133+0530][gc,phases   ] GC(1)   Merge Heap Roots: 0.09ms
[2026-06-13T14:48:10.133+0530][gc,phases   ] GC(1)   Evacuate Collection Set: 3.49ms
[2026-06-13T14:48:10.133+0530][gc,phases   ] GC(1)   Post Evacuate Collection Set: 0.63ms
[2026-06-13T14:48:10.133+0530][gc,phases   ] GC(1)   Other: 0.06ms
[2026-06-13T14:48:10.133+0530][gc,heap     ] GC(1) Eden regions: 18->0(48)
[2026-06-13T14:48:10.133+0530][gc,heap     ] GC(1) Survivor regions: 7->3(7)
[2026-06-13T14:48:10.133+0530][gc,heap     ] GC(1) Old regions: 3->10
[2026-06-13T14:48:10.133+0530][gc,heap     ] GC(1) Humongous regions: 0->0
[2026-06-13T14:48:10.133+0530][gc,metaspace] GC(1) Metaspace: 21351K(21504K)->21351K(21504K) NonClass: 19353K(19456K)->19353K(19456K) Class: 1997K(2048K)->1997K(2048K)
[2026-06-13T14:48:10.133+0530][gc          ] GC(1) Pause Young (Concurrent Start) (Metadata GC Threshold) 26M->11M(1024M) 4.788ms
[2026-06-13T14:48:10.133+0530][gc,cpu      ] GC(1) User=0.00s Sys=0.00s Real=0.00s
[2026-06-13T14:48:10.133+0530][gc          ] GC(2) Concurrent Mark Cycle
[2026-06-13T14:48:10.133+0530][gc,marking  ] GC(2) Concurrent Scan Root Regions
[2026-06-13T14:48:10.135+0530][gc,marking  ] GC(2) Concurrent Scan Root Regions 1.660ms
[2026-06-13T14:48:10.135+0530][gc,marking  ] GC(2) Concurrent Mark
[2026-06-13T14:48:10.135+0530][gc,marking  ] GC(2) Concurrent Mark From Roots
[2026-06-13T14:48:10.135+0530][gc,task     ] GC(2) Using 3 workers of 3 for marking
[2026-06-13T14:48:10.137+0530][gc,marking  ] GC(2) Concurrent Mark From Roots 1.609ms
[2026-06-13T14:48:10.137+0530][gc,marking  ] GC(2) Concurrent Preclean
[2026-06-13T14:48:10.137+0530][gc,marking  ] GC(2) Concurrent Preclean 0.012ms
[2026-06-13T14:48:10.137+0530][gc,start    ] GC(2) Pause Remark
[2026-06-13T14:48:10.139+0530][gc          ] GC(2) Pause Remark 11M->11M(1024M) 1.886ms
[2026-06-13T14:48:10.139+0530][gc,cpu      ] GC(2) User=0.00s Sys=0.00s Real=0.00s
[2026-06-13T14:48:10.139+0530][gc,marking  ] GC(2) Concurrent Mark 3.815ms
[2026-06-13T14:48:10.139+0530][gc,marking  ] GC(2) Concurrent Rebuild Remembered Sets and Scrub Regions
[2026-06-13T14:48:10.141+0530][gc,marking  ] GC(2) Concurrent Rebuild Remembered Sets and Scrub Regions 1.644ms
[2026-06-13T14:48:10.141+0530][gc,start    ] GC(2) Pause Cleanup
[2026-06-13T14:48:10.141+0530][gc          ] GC(2) Pause Cleanup 11M->11M(1024M) 0.041ms
[2026-06-13T14:48:10.141+0530][gc,cpu      ] GC(2) User=0.00s Sys=0.00s Real=0.00s
[2026-06-13T14:48:10.141+0530][gc,marking  ] GC(2) Concurrent Clear Claimed Marks
[2026-06-13T14:48:10.141+0530][gc,marking  ] GC(2) Concurrent Clear Claimed Marks 0.055ms
[2026-06-13T14:48:10.141+0530][gc,marking  ] GC(2) Concurrent Cleanup for Next Mark
[2026-06-13T14:48:10.145+0530][gc,marking  ] GC(2) Concurrent Cleanup for Next Mark 4.073ms
[2026-06-13T14:48:10.145+0530][gc          ] GC(2) Concurrent Mark Cycle 11.680ms
[2026-06-13T14:48:10.674+0530][gc,start    ] GC(3) Pause Young (Prepare Mixed) (G1 Evacuation Pause)
[2026-06-13T14:48:10.674+0530][gc,task     ] GC(3) Using 13 workers of 13 for evacuation
[2026-06-13T14:48:10.678+0530][gc,phases   ] GC(3)   Pre Evacuate Collection Set: 0.24ms
[2026-06-13T14:48:10.678+0530][gc,phases   ] GC(3)   Merge Heap Roots: 0.08ms
[2026-06-13T14:48:10.678+0530][gc,phases   ] GC(3)   Evacuate Collection Set: 2.73ms
[2026-06-13T14:48:10.678+0530][gc,phases   ] GC(3)   Post Evacuate Collection Set: 0.61ms
[2026-06-13T14:48:10.678+0530][gc,phases   ] GC(3)   Other: 0.10ms
[2026-06-13T14:48:10.678+0530][gc,heap     ] GC(3) Eden regions: 48->0(60)
[2026-06-13T14:48:10.678+0530][gc,heap     ] GC(3) Survivor regions: 3->6(7)
[2026-06-13T14:48:10.678+0530][gc,heap     ] GC(3) Old regions: 10->10
[2026-06-13T14:48:10.678+0530][gc,heap     ] GC(3) Humongous regions: 0->0
[2026-06-13T14:48:10.678+0530][gc,metaspace] GC(3) Metaspace: 31341K(31552K)->31341K(31552K) NonClass: 28361K(28480K)->28361K(28480K) Class: 2979K(3072K)->2979K(3072K)
[2026-06-13T14:48:10.678+0530][gc          ] GC(3) Pause Young (Prepare Mixed) (G1 Evacuation Pause) 59M->14M(1024M) 4.046ms
[2026-06-13T14:48:10.678+0530][gc,cpu      ] GC(3) User=0.00s Sys=0.00s Real=0.00s
[2026-06-13T14:48:39.822+0530][gc,start    ] GC(4) Pause Young (Mixed) (Metadata GC Threshold)
[2026-06-13T14:48:39.822+0530][gc,task     ] GC(4) Using 13 workers of 13 for evacuation
[2026-06-13T14:48:39.828+0530][gc,phases   ] GC(4)   Pre Evacuate Collection Set: 0.23ms
[2026-06-13T14:48:39.828+0530][gc,phases   ] GC(4)   Merge Heap Roots: 0.11ms
[2026-06-13T14:48:39.828+0530][gc,phases   ] GC(4)   Evacuate Collection Set: 3.34ms
[2026-06-13T14:48:39.828+0530][gc,phases   ] GC(4)   Post Evacuate Collection Set: 0.89ms
[2026-06-13T14:48:39.828+0530][gc,phases   ] GC(4)   Other: 0.16ms
[2026-06-13T14:48:39.828+0530][gc,heap     ] GC(4) Eden regions: 32->0(71)
[2026-06-13T14:48:39.828+0530][gc,heap     ] GC(4) Survivor regions: 6->7(9)
[2026-06-13T14:48:39.828+0530][gc,heap     ] GC(4) Old regions: 10->11
[2026-06-13T14:48:39.828+0530][gc,heap     ] GC(4) Humongous regions: 129->129
[2026-06-13T14:48:39.828+0530][gc,metaspace] GC(4) Metaspace: 35792K(36096K)->35792K(36096K) NonClass: 32344K(32512K)->32344K(32512K) Class: 3448K(3584K)->3448K(3584K)
[2026-06-13T14:48:39.828+0530][gc          ] GC(4) Pause Young (Mixed) (Metadata GC Threshold) 174M->145M(1024M) 4.985ms
[2026-06-13T14:48:39.828+0530][gc,cpu      ] GC(4) User=0.09s Sys=0.11s Real=0.01s
[2026-06-13T14:48:56.958+0530][gc,start    ] GC(4) Pause Young (Mixed) (Metadata GC Threshold)
[2026-06-13T14:48:56.958+0530][gc,task     ] GC(4) Using 13 workers of 13 for evacuation
[2026-06-13T14:48:56.963+0530][gc,phases   ] GC(4)   Pre Evacuate Collection Set: 0.50ms
[2026-06-13T14:48:56.963+0530][gc,phases   ] GC(4)   Merge Heap Roots: 0.17ms
[2026-06-13T14:48:56.963+0530][gc,phases   ] GC(4)   Evacuate Collection Set: 3.93ms
[2026-06-13T14:48:56.963+0530][gc,phases   ] GC(4)   Post Evacuate Collection Set: 0.59ms
[2026-06-13T14:48:56.963+0530][gc,phases   ] GC(4)   Other: 0.10ms
[2026-06-13T14:48:56.963+0530][gc,heap     ] GC(4) Eden regions: 33->0(72)
[2026-06-13T14:48:56.963+0530][gc,heap     ] GC(4) Survivor regions: 7->3(8)
[2026-06-13T14:48:56.963+0530][gc,heap     ] GC(4) Old regions: 11->16
[2026-06-13T14:48:56.963+0530][gc,heap     ] GC(4) Humongous regions: 129->129
[2026-06-13T14:48:56.963+0530][gc,metaspace] GC(4) Metaspace: 35786K(36096K)->35786K(36096K) NonClass: 32358K(32512K)->32358K(32512K) Class: 3428K(3584K)->3428K(3584K)
[2026-06-13T14:48:56.963+0530][gc          ] GC(4) Pause Young (Mixed) (Metadata GC Threshold) 176M->146M(1024M) 5.542ms
[2026-06-13T14:48:56.963+0530][gc,cpu      ] GC(4) User=0.00s Sys=0.00s Real=0.01s
[2026-06-13T14:49:08.886+0530][gc,start    ] GC(5) Pause Young (Concurrent Start) (Metadata GC Threshold)
[2026-06-13T14:49:08.886+0530][gc,task     ] GC(5) Using 13 workers of 13 for evacuation
[2026-06-13T14:49:08.890+0530][gc,phases   ] GC(5)   Pre Evacuate Collection Set: 0.46ms
[2026-06-13T14:49:08.890+0530][gc,phases   ] GC(5)   Merge Heap Roots: 0.19ms
[2026-06-13T14:49:08.890+0530][gc,phases   ] GC(5)   Evacuate Collection Set: 3.22ms
[2026-06-13T14:49:08.890+0530][gc,phases   ] GC(5)   Post Evacuate Collection Set: 0.66ms
[2026-06-13T14:49:08.890+0530][gc,phases   ] GC(5)   Other: 0.09ms
[2026-06-13T14:49:08.890+0530][gc,heap     ] GC(5) Eden regions: 8->0(109)
[2026-06-13T14:49:08.891+0530][gc,heap     ] GC(5) Survivor regions: 7->3(10)
[2026-06-13T14:49:08.891+0530][gc,heap     ] GC(5) Old regions: 11->15
[2026-06-13T14:49:08.891+0530][gc,heap     ] GC(5) Humongous regions: 129->129
[2026-06-13T14:49:08.891+0530][gc,metaspace] GC(5) Metaspace: 36102K(36416K)->36102K(36416K) NonClass: 32622K(32768K)->32622K(32768K) Class: 3480K(3648K)->3480K(3648K)
[2026-06-13T14:49:08.891+0530][gc          ] GC(5) Pause Young (Concurrent Start) (Metadata GC Threshold) 153M->146M(1024M) 4.909ms
[2026-06-13T14:49:08.891+0530][gc,cpu      ] GC(5) User=0.03s Sys=0.05s Real=0.01s
[2026-06-13T14:49:08.891+0530][gc          ] GC(6) Concurrent Mark Cycle
[2026-06-13T14:49:08.891+0530][gc,marking  ] GC(6) Concurrent Scan Root Regions
[2026-06-13T14:49:08.893+0530][gc,marking  ] GC(6) Concurrent Scan Root Regions 2.118ms
[2026-06-13T14:49:08.893+0530][gc,marking  ] GC(6) Concurrent Mark
[2026-06-13T14:49:08.893+0530][gc,marking  ] GC(6) Concurrent Mark From Roots
[2026-06-13T14:49:08.893+0530][gc,task     ] GC(6) Using 3 workers of 3 for marking
[2026-06-13T14:49:08.897+0530][gc,marking  ] GC(6) Concurrent Mark From Roots 3.808ms
[2026-06-13T14:49:08.897+0530][gc,marking  ] GC(6) Concurrent Preclean
[2026-06-13T14:49:08.897+0530][gc,marking  ] GC(6) Concurrent Preclean 0.026ms
[2026-06-13T14:49:08.897+0530][gc,start    ] GC(6) Pause Remark
[2026-06-13T14:49:08.899+0530][gc          ] GC(6) Pause Remark 146M->146M(1024M) 2.334ms
[2026-06-13T14:49:08.899+0530][gc,cpu      ] GC(6) User=0.00s Sys=0.00s Real=0.00s
[2026-06-13T14:49:08.899+0530][gc,marking  ] GC(6) Concurrent Mark 6.387ms
[2026-06-13T14:49:08.899+0530][gc,marking  ] GC(6) Concurrent Rebuild Remembered Sets and Scrub Regions
[2026-06-13T14:49:08.902+0530][gc,marking  ] GC(6) Concurrent Rebuild Remembered Sets and Scrub Regions 2.490ms
[2026-06-13T14:49:08.902+0530][gc,start    ] GC(6) Pause Cleanup
[2026-06-13T14:49:08.902+0530][gc          ] GC(6) Pause Cleanup 146M->146M(1024M) 0.045ms
[2026-06-13T14:49:08.902+0530][gc,cpu      ] GC(6) User=0.00s Sys=0.00s Real=0.00s
[2026-06-13T14:49:08.902+0530][gc,marking  ] GC(6) Concurrent Clear Claimed Marks
[2026-06-13T14:49:08.902+0530][gc,marking  ] GC(6) Concurrent Clear Claimed Marks 0.014ms
[2026-06-13T14:49:08.902+0530][gc,marking  ] GC(6) Concurrent Cleanup for Next Mark
[2026-06-13T14:49:08.903+0530][gc,marking  ] GC(6) Concurrent Cleanup for Next Mark 1.076ms
[2026-06-13T14:49:08.903+0530][gc          ] GC(6) Concurrent Mark Cycle 12.457ms
[2026-06-13T14:50:02.082+0530][gc,start    ] GC(5) Pause Young (Concurrent Start) (Metadata GC Threshold)
[2026-06-13T14:50:02.082+0530][gc,task     ] GC(5) Using 13 workers of 13 for evacuation
[2026-06-13T14:50:02.087+0530][gc,phases   ] GC(5)   Pre Evacuate Collection Set: 0.91ms
[2026-06-13T14:50:02.087+0530][gc,phases   ] GC(5)   Merge Heap Roots: 0.22ms
[2026-06-13T14:50:02.087+0530][gc,phases   ] GC(5)   Evacuate Collection Set: 2.25ms
[2026-06-13T14:50:02.087+0530][gc,phases   ] GC(5)   Post Evacuate Collection Set: 0.93ms
[2026-06-13T14:50:02.087+0530][gc,phases   ] GC(5)   Other: 0.22ms
[2026-06-13T14:50:02.087+0530][gc,heap     ] GC(5) Eden regions: 10->0(108)
[2026-06-13T14:50:02.087+0530][gc,heap     ] GC(5) Survivor regions: 3->2(10)
[2026-06-13T14:50:02.087+0530][gc,heap     ] GC(5) Old regions: 16->16
[2026-06-13T14:50:02.087+0530][gc,heap     ] GC(5) Humongous regions: 129->129
[2026-06-13T14:50:02.087+0530][gc,metaspace] GC(5) Metaspace: 36111K(36416K)->36111K(36416K) NonClass: 32677K(32832K)->32677K(32832K) Class: 3433K(3584K)->3433K(3584K)
[2026-06-13T14:50:02.087+0530][gc          ] GC(5) Pause Young (Concurrent Start) (Metadata GC Threshold) 156M->145M(1024M) 5.127ms
[2026-06-13T14:50:02.087+0530][gc          ] GC(6) Concurrent Mark Cycle
[2026-06-13T14:50:02.087+0530][gc,cpu      ] GC(5) User=0.00s Sys=0.00s Real=0.00s
[2026-06-13T14:50:02.087+0530][gc,marking  ] GC(6) Concurrent Scan Root Regions
[2026-06-13T14:50:02.089+0530][gc,marking  ] GC(6) Concurrent Scan Root Regions 2.506ms
[2026-06-13T14:50:02.089+0530][gc,marking  ] GC(6) Concurrent Mark
[2026-06-13T14:50:02.089+0530][gc,marking  ] GC(6) Concurrent Mark From Roots
[2026-06-13T14:50:02.089+0530][gc,task     ] GC(6) Using 3 workers of 3 for marking
[2026-06-13T14:50:02.107+0530][gc,marking  ] GC(6) Concurrent Mark From Roots 17.320ms
[2026-06-13T14:50:02.107+0530][gc,marking  ] GC(6) Concurrent Preclean
[2026-06-13T14:50:02.107+0530][gc,marking  ] GC(6) Concurrent Preclean 0.060ms
[2026-06-13T14:50:02.107+0530][gc,start    ] GC(6) Pause Remark
[2026-06-13T14:50:02.110+0530][gc          ] GC(6) Pause Remark 147M->147M(1024M) 4.757ms
[2026-06-13T14:50:02.110+0530][gc,cpu      ] GC(6) User=0.00s Sys=0.00s Real=0.00s
[2026-06-13T14:50:02.110+0530][gc,marking  ] GC(6) Concurrent Mark 22.654ms
[2026-06-13T14:50:02.110+0530][gc,marking  ] GC(6) Concurrent Rebuild Remembered Sets and Scrub Regions
[2026-06-13T14:50:02.114+0530][gc,marking  ] GC(6) Concurrent Rebuild Remembered Sets and Scrub Regions 6.650ms
[2026-06-13T14:50:02.114+0530][gc,start    ] GC(6) Pause Cleanup
[2026-06-13T14:50:02.114+0530][gc          ] GC(6) Pause Cleanup 147M->147M(1024M) 0.111ms
[2026-06-13T14:50:02.114+0530][gc,cpu      ] GC(6) User=0.00s Sys=0.00s Real=0.00s
[2026-06-13T14:50:02.114+0530][gc,marking  ] GC(6) Concurrent Clear Claimed Marks
[2026-06-13T14:50:02.114+0530][gc,marking  ] GC(6) Concurrent Clear Claimed Marks 0.048ms
[2026-06-13T14:50:02.114+0530][gc,marking  ] GC(6) Concurrent Cleanup for Next Mark
[2026-06-13T14:50:02.114+0530][gc,marking  ] GC(6) Concurrent Cleanup for Next Mark 1.526ms
[2026-06-13T14:50:02.114+0530][gc          ] GC(6) Concurrent Mark Cycle 34.183ms
[2026-06-13T15:00:50.815+0530][gc,start    ] GC(7) Pause Young (Prepare Mixed) (G1 Evacuation Pause)
[2026-06-13T15:00:50.815+0530][gc,task     ] GC(7) Using 13 workers of 13 for evacuation
[2026-06-13T15:00:50.821+0530][gc,phases   ] GC(7)   Pre Evacuate Collection Set: 0.62ms
[2026-06-13T15:00:50.821+0530][gc,phases   ] GC(7)   Merge Heap Roots: 0.18ms
[2026-06-13T15:00:50.821+0530][gc,phases   ] GC(7)   Evacuate Collection Set: 4.76ms
[2026-06-13T15:00:50.821+0530][gc,phases   ] GC(7)   Post Evacuate Collection Set: 1.09ms
[2026-06-13T15:00:50.821+0530][gc,phases   ] GC(7)   Other: 0.18ms
[2026-06-13T15:00:50.821+0530][gc,heap     ] GC(7) Eden regions: 107->0(200)
[2026-06-13T15:00:50.821+0530][gc,heap     ] GC(7) Survivor regions: 3->4(14)
[2026-06-13T15:00:50.821+0530][gc,heap     ] GC(7) Old regions: 16->16
[2026-06-13T15:00:50.821+0530][gc,heap     ] GC(7) Humongous regions: 138->138
[2026-06-13T15:00:50.821+0530][gc,metaspace] GC(7) Metaspace: 37440K(37760K)->37440K(37760K) NonClass: 33924K(34112K)->33924K(34112K) Class: 3516K(3648K)->3516K(3648K)
[2026-06-13T15:00:50.821+0530][gc          ] GC(7) Pause Young (Prepare Mixed) (G1 Evacuation Pause) 262M->157M(1024M) 7.355ms
[2026-06-13T15:00:50.821+0530][gc,cpu      ] GC(7) User=0.00s Sys=0.00s Real=0.01s
[2026-06-13T15:09:00.562+0530][gc,start    ] GC(7) Pause Young (Prepare Mixed) (G1 Evacuation Pause)
[2026-06-13T15:09:00.562+0530][gc,task     ] GC(7) Using 13 workers of 13 for evacuation
[2026-06-13T15:09:00.567+0530][gc,phases   ] GC(7)   Pre Evacuate Collection Set: 0.70ms
[2026-06-13T15:09:00.567+0530][gc,phases   ] GC(7)   Merge Heap Roots: 0.17ms
[2026-06-13T15:09:00.567+0530][gc,phases   ] GC(7)   Evacuate Collection Set: 2.41ms
[2026-06-13T15:09:00.567+0530][gc,phases   ] GC(7)   Post Evacuate Collection Set: 0.79ms
[2026-06-13T15:09:00.567+0530][gc,phases   ] GC(7)   Other: 0.18ms
[2026-06-13T15:09:00.567+0530][gc,heap     ] GC(7) Eden regions: 109->0(432)
[2026-06-13T15:09:00.567+0530][gc,heap     ] GC(7) Survivor regions: 3->3(14)
[2026-06-13T15:09:00.567+0530][gc,heap     ] GC(7) Old regions: 15->15
[2026-06-13T15:09:00.567+0530][gc,heap     ] GC(7) Humongous regions: 129->129
[2026-06-13T15:09:00.567+0530][gc,metaspace] GC(7) Metaspace: 36836K(37184K)->36836K(37184K) NonClass: 33334K(33536K)->33334K(33536K) Class: 3502K(3648K)->3502K(3648K)
[2026-06-13T15:09:00.567+0530][gc          ] GC(7) Pause Young (Prepare Mixed) (G1 Evacuation Pause) 255M->146M(1024M) 4.713ms
[2026-06-13T15:09:00.567+0530][gc,cpu      ] GC(7) User=0.00s Sys=0.00s Real=0.00s
[2026-06-13T15:09:53.106+0530][gc,start    ] GC(7) Pause Young (Prepare Mixed) (G1 Evacuation Pause)
[2026-06-13T15:09:53.106+0530][gc,task     ] GC(7) Using 13 workers of 13 for evacuation
[2026-06-13T15:09:53.112+0530][gc,phases   ] GC(7)   Pre Evacuate Collection Set: 0.61ms
[2026-06-13T15:09:53.112+0530][gc,phases   ] GC(7)   Merge Heap Roots: 0.20ms
[2026-06-13T15:09:53.112+0530][gc,phases   ] GC(7)   Evacuate Collection Set: 2.62ms
[2026-06-13T15:09:53.112+0530][gc,phases   ] GC(7)   Post Evacuate Collection Set: 1.10ms
[2026-06-13T15:09:53.112+0530][gc,phases   ] GC(7)   Other: 0.24ms
[2026-06-13T15:09:53.112+0530][gc,heap     ] GC(7) Eden regions: 108->0(385)
[2026-06-13T15:09:53.112+0530][gc,heap     ] GC(7) Survivor regions: 2->2(14)
[2026-06-13T15:09:53.112+0530][gc,heap     ] GC(7) Old regions: 16->16
[2026-06-13T15:09:53.112+0530][gc,heap     ] GC(7) Humongous regions: 129->129
[2026-06-13T15:09:53.112+0530][gc,metaspace] GC(7) Metaspace: 36516K(36800K)->36516K(36800K) NonClass: 33073K(33216K)->33073K(33216K) Class: 3442K(3584K)->3442K(3584K)
[2026-06-13T15:09:53.112+0530][gc          ] GC(7) Pause Young (Prepare Mixed) (G1 Evacuation Pause) 253M->146M(1024M) 5.393ms
[2026-06-13T15:09:53.112+0530][gc,cpu      ] GC(7) User=0.00s Sys=0.00s Real=0.01s
[2026-06-13T15:29:13.319+0530][gc,start    ] GC(8) Pause Young (Mixed) (G1 Evacuation Pause)
[2026-06-13T15:29:13.319+0530][gc,task     ] GC(8) Using 13 workers of 13 for evacuation
[2026-06-13T15:29:13.326+0530][gc,phases   ] GC(8)   Pre Evacuate Collection Set: 0.60ms
[2026-06-13T15:29:13.326+0530][gc,phases   ] GC(8)   Merge Heap Roots: 0.21ms
[2026-06-13T15:29:13.326+0530][gc,phases   ] GC(8)   Evacuate Collection Set: 5.22ms
[2026-06-13T15:29:13.326+0530][gc,phases   ] GC(8)   Post Evacuate Collection Set: 1.13ms
[2026-06-13T15:29:13.326+0530][gc,phases   ] GC(8)   Other: 0.22ms
[2026-06-13T15:29:13.326+0530][gc,heap     ] GC(8) Eden regions: 200->0(408)
[2026-06-13T15:29:13.326+0530][gc,heap     ] GC(8) Survivor regions: 4->4(26)
[2026-06-13T15:29:13.326+0530][gc,heap     ] GC(8) Old regions: 16->16
[2026-06-13T15:29:13.326+0530][gc,heap     ] GC(8) Humongous regions: 138->138
[2026-06-13T15:29:13.326+0530][gc,metaspace] GC(8) Metaspace: 37493K(37824K)->37493K(37824K) NonClass: 33976K(34176K)->33976K(34176K) Class: 3516K(3648K)->3516K(3648K)
[2026-06-13T15:29:13.326+0530][gc          ] GC(8) Pause Young (Mixed) (G1 Evacuation Pause) 357M->157M(1024M) 7.779ms
[2026-06-13T15:29:13.326+0530][gc,cpu      ] GC(8) User=0.08s Sys=0.05s Real=0.01s
[2026-06-13T16:20:52.776+0530][gc,exit     ] Heap
[2026-06-13T16:20:52.776+0530][gc,exit     ]  garbage-first heap   total reserved 1048576K, committed 1048576K, used 528650K [0x00000000c0000000, 0x0000000100000000)
[2026-06-13T16:20:52.776+0530][gc,exit     ]   region size 1024K, 355 young (363520K), 3 survivors (3072K)
[2026-06-13T16:20:52.776+0530][gc,exit     ]  Metaspace       used 37786K, committed 38144K, reserved 1114112K
[2026-06-13T16:20:52.776+0530][gc,exit     ]   class space    used 3692K, committed 3840K, reserved 1048576K
[2026-06-13T16:21:00.604+0530][gc,exit     ] Heap
[2026-06-13T16:21:00.604+0530][gc,exit     ]  garbage-first heap   total reserved 1048576K, committed 1048576K, used 525902K [0x00000000c0000000, 0x0000000100000000)
[2026-06-13T16:21:00.604+0530][gc,exit     ]   region size 1024K, 352 young (360448K), 2 survivors (2048K)
[2026-06-13T16:21:00.604+0530][gc,exit     ]  Metaspace       used 37571K, committed 37888K, reserved 1114112K
[2026-06-13T16:21:00.604+0530][gc,exit     ]   class space    used 3645K, committed 3776K, reserved 1048576K
[2026-06-13T16:21:37.003+0530][gc,init] CardTable entry size: 512
[2026-06-13T16:21:37.003+0530][gc     ] Using G1
[2026-06-13T16:21:37.007+0530][gc,init] Version: 25.0.1+8-LTS-27 (release)
[2026-06-13T16:21:37.007+0530][gc,init] CPUs: 16 total, 16 available
[2026-06-13T16:21:37.007+0530][gc,init] Memory: 16068M
[2026-06-13T16:21:37.007+0530][gc,init] Large Page Support: Disabled
[2026-06-13T16:21:37.008+0530][gc,init] NUMA Support: Disabled
[2026-06-13T16:21:37.008+0530][gc,init] Compressed Oops: Enabled (32-bit)
[2026-06-13T16:21:37.008+0530][gc,init] Heap Region Size: 1M
[2026-06-13T16:21:37.008+0530][gc,init] Heap Min Capacity: 1G
[2026-06-13T16:21:37.008+0530][gc,init] Heap Initial Capacity: 1G
[2026-06-13T16:21:37.008+0530][gc,init] Heap Max Capacity: 1G
[2026-06-13T16:21:37.008+0530][gc,init] Pre-touch: Disabled
[2026-06-13T16:21:37.008+0530][gc,init] Parallel Workers: 13
[2026-06-13T16:21:37.008+0530][gc,init] Concurrent Workers: 3
[2026-06-13T16:21:37.008+0530][gc,init] Concurrent Refinement Workers: 13
[2026-06-13T16:21:37.008+0530][gc,init] Periodic GC: Disabled
[2026-06-13T16:21:37.016+0530][gc,metaspace] CDS archive(s) mapped at: [0x000000003e000000-0x000000003edd0000-0x000000003edd0000), size 14483456, SharedBaseAddress: 0x000000003e000000, ArchiveRelocationMode: 1.
[2026-06-13T16:21:37.017+0530][gc,metaspace] Compressed class space mapped at: 0x000000003f000000-0x000000007f000000, reserved size: 1073741824
[2026-06-13T16:21:37.017+0530][gc,metaspace] UseCompressedClassPointers 1, UseCompactObjectHeaders 0
[2026-06-13T16:21:37.017+0530][gc,metaspace] Narrow klass pointer bits 32, Max shift 3
[2026-06-13T16:21:37.017+0530][gc,metaspace] Narrow klass base: 0x000000003e000000, Narrow klass shift: 0
[2026-06-13T16:21:37.017+0530][gc,metaspace] Encoding Range: [0x000000003e000000 - 0x000000013e000000), (4294967296 bytes)
[2026-06-13T16:21:37.017+0530][gc,metaspace] Klass Range:    [0x000000003e010000 - 0x000000007f000000), (1090453504 bytes)
[2026-06-13T16:21:37.017+0530][gc,metaspace] Klass ID Range:  [65536 - 1090519033) (1090453497)
[2026-06-13T16:21:37.017+0530][gc,metaspace] Protection zone: [0x000000003e000000 - 0x000000003e010000), (65536 bytes)
[2026-06-13T16:21:38.248+0530][gc,start    ] GC(0) Pause Young (Normal) (G1 Evacuation Pause)
[2026-06-13T16:21:38.248+0530][gc,task     ] GC(0) Using 13 workers of 13 for evacuation
[2026-06-13T16:21:38.253+0530][gc,phases   ] GC(0)   Pre Evacuate Collection Set: 0.25ms
[2026-06-13T16:21:38.253+0530][gc,phases   ] GC(0)   Merge Heap Roots: 0.05ms
[2026-06-13T16:21:38.253+0530][gc,phases   ] GC(0)   Evacuate Collection Set: 3.57ms
[2026-06-13T16:21:38.253+0530][gc,phases   ] GC(0)   Post Evacuate Collection Set: 0.67ms
[2026-06-13T16:21:38.253+0530][gc,phases   ] GC(0)   Other: 0.39ms
[2026-06-13T16:21:38.253+0530][gc,heap     ] GC(0) Eden regions: 51->0(44)
[2026-06-13T16:21:38.253+0530][gc,heap     ] GC(0) Survivor regions: 0->7(7)
[2026-06-13T16:21:38.253+0530][gc,heap     ] GC(0) Old regions: 2->3
[2026-06-13T16:21:38.253+0530][gc,heap     ] GC(0) Humongous regions: 0->0
[2026-06-13T16:21:38.253+0530][gc,metaspace] GC(0) Metaspace: 17052K(17280K)->17052K(17280K) NonClass: 15526K(15680K)->15526K(15680K) Class: 1526K(1600K)->1526K(1600K)
[2026-06-13T16:21:38.253+0530][gc          ] GC(0) Pause Young (Normal) (G1 Evacuation Pause) 52M->8M(1024M) 5.219ms
[2026-06-13T16:21:38.253+0530][gc,cpu      ] GC(0) User=0.00s Sys=0.00s Real=0.01s
[2026-06-13T16:21:38.561+0530][gc,start    ] GC(1) Pause Young (Concurrent Start) (Metadata GC Threshold)
[2026-06-13T16:21:38.561+0530][gc,task     ] GC(1) Using 13 workers of 13 for evacuation
[2026-06-13T16:21:38.566+0530][gc,phases   ] GC(1)   Pre Evacuate Collection Set: 0.33ms
[2026-06-13T16:21:38.566+0530][gc,phases   ] GC(1)   Merge Heap Roots: 0.08ms
[2026-06-13T16:21:38.566+0530][gc,phases   ] GC(1)   Evacuate Collection Set: 3.50ms
[2026-06-13T16:21:38.566+0530][gc,phases   ] GC(1)   Post Evacuate Collection Set: 0.77ms
[2026-06-13T16:21:38.566+0530][gc,phases   ] GC(1)   Other: 0.11ms
[2026-06-13T16:21:38.566+0530][gc,heap     ] GC(1) Eden regions: 18->0(48)
[2026-06-13T16:21:38.566+0530][gc,heap     ] GC(1) Survivor regions: 7->3(7)
[2026-06-13T16:21:38.566+0530][gc,heap     ] GC(1) Old regions: 3->10
[2026-06-13T16:21:38.566+0530][gc,heap     ] GC(1) Humongous regions: 0->0
[2026-06-13T16:21:38.566+0530][gc,metaspace] GC(1) Metaspace: 21351K(21504K)->21351K(21504K) NonClass: 19353K(19456K)->19353K(19456K) Class: 1997K(2048K)->1997K(2048K)
[2026-06-13T16:21:38.566+0530][gc          ] GC(1) Pause Young (Concurrent Start) (Metadata GC Threshold) 26M->11M(1024M) 5.116ms
[2026-06-13T16:21:38.566+0530][gc,cpu      ] GC(1) User=0.00s Sys=0.00s Real=0.00s
[2026-06-13T16:21:38.567+0530][gc          ] GC(2) Concurrent Mark Cycle
[2026-06-13T16:21:38.567+0530][gc,marking  ] GC(2) Concurrent Scan Root Regions
[2026-06-13T16:21:38.569+0530][gc,marking  ] GC(2) Concurrent Scan Root Regions 2.216ms
[2026-06-13T16:21:38.569+0530][gc,marking  ] GC(2) Concurrent Mark
[2026-06-13T16:21:38.569+0530][gc,marking  ] GC(2) Concurrent Mark From Roots
[2026-06-13T16:21:38.569+0530][gc,task     ] GC(2) Using 3 workers of 3 for marking
[2026-06-13T16:21:38.571+0530][gc,marking  ] GC(2) Concurrent Mark From Roots 1.589ms
[2026-06-13T16:21:38.571+0530][gc,marking  ] GC(2) Concurrent Preclean
[2026-06-13T16:21:38.571+0530][gc,marking  ] GC(2) Concurrent Preclean 0.028ms
[2026-06-13T16:21:38.571+0530][gc,start    ] GC(2) Pause Remark
[2026-06-13T16:21:38.573+0530][gc          ] GC(2) Pause Remark 11M->11M(1024M) 1.827ms
[2026-06-13T16:21:38.573+0530][gc,cpu      ] GC(2) User=0.00s Sys=0.00s Real=0.00s
[2026-06-13T16:21:38.573+0530][gc,marking  ] GC(2) Concurrent Mark 3.820ms
[2026-06-13T16:21:38.573+0530][gc,marking  ] GC(2) Concurrent Rebuild Remembered Sets and Scrub Regions
[2026-06-13T16:21:38.575+0530][gc,marking  ] GC(2) Concurrent Rebuild Remembered Sets and Scrub Regions 2.211ms
[2026-06-13T16:21:38.575+0530][gc,start    ] GC(2) Pause Cleanup
[2026-06-13T16:21:38.575+0530][gc          ] GC(2) Pause Cleanup 11M->11M(1024M) 0.057ms
[2026-06-13T16:21:38.575+0530][gc,cpu      ] GC(2) User=0.00s Sys=0.00s Real=0.00s
[2026-06-13T16:21:38.575+0530][gc,marking  ] GC(2) Concurrent Clear Claimed Marks
[2026-06-13T16:21:38.575+0530][gc,marking  ] GC(2) Concurrent Clear Claimed Marks 0.017ms
[2026-06-13T16:21:38.575+0530][gc,marking  ] GC(2) Concurrent Cleanup for Next Mark
[2026-06-13T16:21:38.577+0530][gc,marking  ] GC(2) Concurrent Cleanup for Next Mark 2.035ms
[2026-06-13T16:21:38.577+0530][gc          ] GC(2) Concurrent Mark Cycle 10.874ms
[2026-06-13T16:21:39.423+0530][gc,start    ] GC(3) Pause Young (Prepare Mixed) (G1 Evacuation Pause)
[2026-06-13T16:21:39.423+0530][gc,task     ] GC(3) Using 13 workers of 13 for evacuation
[2026-06-13T16:21:39.429+0530][gc,phases   ] GC(3)   Pre Evacuate Collection Set: 0.38ms
[2026-06-13T16:21:39.429+0530][gc,phases   ] GC(3)   Merge Heap Roots: 0.15ms
[2026-06-13T16:21:39.429+0530][gc,phases   ] GC(3)   Evacuate Collection Set: 3.31ms
[2026-06-13T16:21:39.429+0530][gc,phases   ] GC(3)   Post Evacuate Collection Set: 1.27ms
[2026-06-13T16:21:39.429+0530][gc,phases   ] GC(3)   Other: 0.20ms
[2026-06-13T16:21:39.429+0530][gc,heap     ] GC(3) Eden regions: 48->0(56)
[2026-06-13T16:21:39.429+0530][gc,heap     ] GC(3) Survivor regions: 3->6(7)
[2026-06-13T16:21:39.429+0530][gc,heap     ] GC(3) Old regions: 10->10
[2026-06-13T16:21:39.429+0530][gc,heap     ] GC(3) Humongous regions: 0->0
[2026-06-13T16:21:39.429+0530][gc,metaspace] GC(3) Metaspace: 31277K(31552K)->31277K(31552K) NonClass: 28273K(28416K)->28273K(28416K) Class: 3004K(3136K)->3004K(3136K)
[2026-06-13T16:21:39.429+0530][gc          ] GC(3) Pause Young (Prepare Mixed) (G1 Evacuation Pause) 59M->14M(1024M) 5.766ms
[2026-06-13T16:21:39.429+0530][gc,cpu      ] GC(3) User=0.00s Sys=0.00s Real=0.01s
[2026-06-13T16:21:39.912+0530][gc,exit     ] Heap
[2026-06-13T16:21:39.912+0530][gc,exit     ]  garbage-first heap   total reserved 1048576K, committed 1048576K, used 545283K [0x00000000c0000000, 0x0000000100000000)
[2026-06-13T16:21:39.912+0530][gc,exit     ]   region size 1024K, 371 young (379904K), 4 survivors (4096K)
[2026-06-13T16:21:39.912+0530][gc,exit     ]  Metaspace       used 38460K, committed 38848K, reserved 1114112K
[2026-06-13T16:21:39.912+0530][gc,exit     ]   class space    used 3718K, committed 3904K, reserved 1048576K
[2026-06-13T16:21:40.331+0530][gc,start    ] GC(4) Pause Young (Mixed) (Metadata GC Threshold)
[2026-06-13T16:21:40.331+0530][gc,task     ] GC(4) Using 13 workers of 13 for evacuation
[2026-06-13T16:21:40.335+0530][gc,phases   ] GC(4)   Pre Evacuate Collection Set: 0.21ms
[2026-06-13T16:21:40.335+0530][gc,phases   ] GC(4)   Merge Heap Roots: 0.06ms
[2026-06-13T16:21:40.335+0530][gc,phases   ] GC(4)   Evacuate Collection Set: 2.85ms
[2026-06-13T16:21:40.335+0530][gc,phases   ] GC(4)   Post Evacuate Collection Set: 0.56ms
[2026-06-13T16:21:40.335+0530][gc,phases   ] GC(4)   Other: 0.08ms
[2026-06-13T16:21:40.335+0530][gc,heap     ] GC(4) Eden regions: 37->0(66)
[2026-06-13T16:21:40.335+0530][gc,heap     ] GC(4) Survivor regions: 6->7(8)
[2026-06-13T16:21:40.335+0530][gc,heap     ] GC(4) Old regions: 10->11
[2026-06-13T16:21:40.335+0530][gc,heap     ] GC(4) Humongous regions: 138->138
[2026-06-13T16:21:40.335+0530][gc,metaspace] GC(4) Metaspace: 35811K(36096K)->35811K(36096K) NonClass: 32357K(32512K)->32357K(32512K) Class: 3453K(3584K)->3453K(3584K)
[2026-06-13T16:21:40.335+0530][gc          ] GC(4) Pause Young (Mixed) (Metadata GC Threshold) 188M->155M(1024M) 3.970ms
[2026-06-13T16:21:40.335+0530][gc,cpu      ] GC(4) User=0.00s Sys=0.00s Real=0.00s
[2026-06-13T16:21:42.794+0530][gc,init] CardTable entry size: 512
[2026-06-13T16:21:42.794+0530][gc     ] Using G1
[2026-06-13T16:21:42.797+0530][gc,init] Version: 25.0.1+8-LTS-27 (release)
[2026-06-13T16:21:42.797+0530][gc,init] CPUs: 16 total, 16 available
[2026-06-13T16:21:42.797+0530][gc,init] Memory: 16068M
[2026-06-13T16:21:42.797+0530][gc,init] Large Page Support: Disabled
[2026-06-13T16:21:42.797+0530][gc,init] NUMA Support: Disabled
[2026-06-13T16:21:42.797+0530][gc,init] Compressed Oops: Enabled (32-bit)
[2026-06-13T16:21:42.797+0530][gc,init] Heap Region Size: 1M
[2026-06-13T16:21:42.797+0530][gc,init] Heap Min Capacity: 1G
[2026-06-13T16:21:42.797+0530][gc,init] Heap Initial Capacity: 1G
[2026-06-13T16:21:42.797+0530][gc,init] Heap Max Capacity: 1G
[2026-06-13T16:21:42.797+0530][gc,init] Pre-touch: Disabled
[2026-06-13T16:21:42.797+0530][gc,init] Parallel Workers: 13
[2026-06-13T16:21:42.797+0530][gc,init] Concurrent Workers: 3
[2026-06-13T16:21:42.797+0530][gc,init] Concurrent Refinement Workers: 13
[2026-06-13T16:21:42.797+0530][gc,init] Periodic GC: Disabled
[2026-06-13T16:21:42.804+0530][gc,metaspace] CDS archive(s) mapped at: [0x0000000032000000-0x0000000032dd0000-0x0000000032dd0000), size 14483456, SharedBaseAddress: 0x0000000032000000, ArchiveRelocationMode: 1.
[2026-06-13T16:21:42.804+0530][gc,metaspace] Compressed class space mapped at: 0x0000000033000000-0x0000000073000000, reserved size: 1073741824
[2026-06-13T16:21:42.804+0530][gc,metaspace] UseCompressedClassPointers 1, UseCompactObjectHeaders 0
[2026-06-13T16:21:42.804+0530][gc,metaspace] Narrow klass pointer bits 32, Max shift 3
[2026-06-13T16:21:42.804+0530][gc,metaspace] Narrow klass base: 0x0000000032000000, Narrow klass shift: 0
[2026-06-13T16:21:42.804+0530][gc,metaspace] Encoding Range: [0x0000000032000000 - 0x0000000132000000), (4294967296 bytes)
[2026-06-13T16:21:42.804+0530][gc,metaspace] Klass Range:    [0x0000000032010000 - 0x0000000073000000), (1090453504 bytes)
[2026-06-13T16:21:42.804+0530][gc,metaspace] Klass ID Range:  [65536 - 1090519033) (1090453497)
[2026-06-13T16:21:42.804+0530][gc,metaspace] Protection zone: [0x0000000032000000 - 0x0000000032010000), (65536 bytes)
[2026-06-13T16:21:43.241+0530][gc,start    ] GC(5) Pause Young (Concurrent Start) (Metadata GC Threshold)
[2026-06-13T16:21:43.241+0530][gc,task     ] GC(5) Using 13 workers of 13 for evacuation
[2026-06-13T16:21:43.245+0530][gc,phases   ] GC(5)   Pre Evacuate Collection Set: 0.31ms
[2026-06-13T16:21:43.245+0530][gc,phases   ] GC(5)   Merge Heap Roots: 0.07ms
[2026-06-13T16:21:43.245+0530][gc,phases   ] GC(5)   Evacuate Collection Set: 2.67ms
[2026-06-13T16:21:43.245+0530][gc,phases   ] GC(5)   Post Evacuate Collection Set: 0.60ms
[2026-06-13T16:21:43.245+0530][gc,phases   ] GC(5)   Other: 0.07ms
[2026-06-13T16:21:43.245+0530][gc,heap     ] GC(5) Eden regions: 6->0(106)
[2026-06-13T16:21:43.245+0530][gc,heap     ] GC(5) Survivor regions: 7->5(10)
[2026-06-13T16:21:43.245+0530][gc,heap     ] GC(5) Old regions: 11->14
[2026-06-13T16:21:43.245+0530][gc,heap     ] GC(5) Humongous regions: 138->138
[2026-06-13T16:21:43.245+0530][gc,metaspace] GC(5) Metaspace: 36138K(36416K)->36138K(36416K) NonClass: 32685K(32832K)->32685K(32832K) Class: 3453K(3584K)->3453K(3584K)
[2026-06-13T16:21:43.245+0530][gc          ] GC(5) Pause Young (Concurrent Start) (Metadata GC Threshold) 160M->155M(1024M) 3.965ms
[2026-06-13T16:21:43.245+0530][gc,cpu      ] GC(5) User=0.00s Sys=0.00s Real=0.00s
[2026-06-13T16:21:43.245+0530][gc          ] GC(6) Concurrent Mark Cycle
[2026-06-13T16:21:43.245+0530][gc,marking  ] GC(6) Concurrent Scan Root Regions
[2026-06-13T16:21:43.247+0530][gc,marking  ] GC(6) Concurrent Scan Root Regions 2.093ms
[2026-06-13T16:21:43.248+0530][gc,marking  ] GC(6) Concurrent Mark
[2026-06-13T16:21:43.248+0530][gc,marking  ] GC(6) Concurrent Mark From Roots
[2026-06-13T16:21:43.248+0530][gc,task     ] GC(6) Using 3 workers of 3 for marking
[2026-06-13T16:21:43.255+0530][gc,marking  ] GC(6) Concurrent Mark From Roots 7.576ms
[2026-06-13T16:21:43.255+0530][gc,marking  ] GC(6) Concurrent Preclean
[2026-06-13T16:21:43.255+0530][gc,marking  ] GC(6) Concurrent Preclean 0.058ms
[2026-06-13T16:21:43.255+0530][gc,start    ] GC(6) Pause Remark
[2026-06-13T16:21:43.258+0530][gc          ] GC(6) Pause Remark 155M->155M(1024M) 2.890ms
[2026-06-13T16:21:43.258+0530][gc,cpu      ] GC(6) User=0.00s Sys=0.00s Real=0.00s
[2026-06-13T16:21:43.258+0530][gc,marking  ] GC(6) Concurrent Mark 10.889ms
[2026-06-13T16:21:43.258+0530][gc,marking  ] GC(6) Concurrent Rebuild Remembered Sets and Scrub Regions
[2026-06-13T16:21:43.262+0530][gc,marking  ] GC(6) Concurrent Rebuild Remembered Sets and Scrub Regions 3.876ms
[2026-06-13T16:21:43.262+0530][gc,start    ] GC(6) Pause Cleanup
[2026-06-13T16:21:43.262+0530][gc          ] GC(6) Pause Cleanup 155M->155M(1024M) 0.052ms
[2026-06-13T16:21:43.262+0530][gc,cpu      ] GC(6) User=0.00s Sys=0.00s Real=0.00s
[2026-06-13T16:21:43.262+0530][gc,marking  ] GC(6) Concurrent Clear Claimed Marks
[2026-06-13T16:21:43.262+0530][gc,marking  ] GC(6) Concurrent Clear Claimed Marks 0.030ms
[2026-06-13T16:21:43.262+0530][gc,marking  ] GC(6) Concurrent Cleanup for Next Mark
[2026-06-13T16:21:43.263+0530][gc,marking  ] GC(6) Concurrent Cleanup for Next Mark 1.067ms
[2026-06-13T16:21:43.263+0530][gc          ] GC(6) Concurrent Mark Cycle 18.433ms
[2026-06-13T16:21:43.763+0530][gc,start    ] GC(0) Pause Young (Normal) (G1 Evacuation Pause)
[2026-06-13T16:21:43.763+0530][gc,task     ] GC(0) Using 13 workers of 13 for evacuation
[2026-06-13T16:21:43.768+0530][gc,phases   ] GC(0)   Pre Evacuate Collection Set: 0.19ms
[2026-06-13T16:21:43.768+0530][gc,phases   ] GC(0)   Merge Heap Roots: 0.05ms
[2026-06-13T16:21:43.768+0530][gc,phases   ] GC(0)   Evacuate Collection Set: 3.40ms
[2026-06-13T16:21:43.768+0530][gc,phases   ] GC(0)   Post Evacuate Collection Set: 0.66ms
[2026-06-13T16:21:43.768+0530][gc,phases   ] GC(0)   Other: 0.36ms
[2026-06-13T16:21:43.768+0530][gc,heap     ] GC(0) Eden regions: 51->0(44)
[2026-06-13T16:21:43.768+0530][gc,heap     ] GC(0) Survivor regions: 0->7(7)
[2026-06-13T16:21:43.768+0530][gc,heap     ] GC(0) Old regions: 2->3
[2026-06-13T16:21:43.768+0530][gc,heap     ] GC(0) Humongous regions: 0->0
[2026-06-13T16:21:43.768+0530][gc,metaspace] GC(0) Metaspace: 17110K(17280K)->17110K(17280K) NonClass: 15580K(15680K)->15580K(15680K) Class: 1530K(1600K)->1530K(1600K)
[2026-06-13T16:21:43.768+0530][gc          ] GC(0) Pause Young (Normal) (G1 Evacuation Pause) 52M->8M(1024M) 4.934ms
[2026-06-13T16:21:43.768+0530][gc,cpu      ] GC(0) User=0.00s Sys=0.00s Real=0.00s
[2026-06-13T16:21:43.991+0530][gc,start    ] GC(1) Pause Young (Concurrent Start) (Metadata GC Threshold)
[2026-06-13T16:21:43.991+0530][gc,task     ] GC(1) Using 13 workers of 13 for evacuation
[2026-06-13T16:21:43.996+0530][gc,phases   ] GC(1)   Pre Evacuate Collection Set: 0.34ms
[2026-06-13T16:21:43.996+0530][gc,phases   ] GC(1)   Merge Heap Roots: 0.08ms
[2026-06-13T16:21:43.997+0530][gc,phases   ] GC(1)   Evacuate Collection Set: 3.86ms
[2026-06-13T16:21:43.997+0530][gc,phases   ] GC(1)   Post Evacuate Collection Set: 0.84ms
[2026-06-13T16:21:43.997+0530][gc,phases   ] GC(1)   Other: 0.11ms
[2026-06-13T16:21:43.997+0530][gc,heap     ] GC(1) Eden regions: 18->0(50)
[2026-06-13T16:21:43.997+0530][gc,heap     ] GC(1) Survivor regions: 7->3(7)
[2026-06-13T16:21:43.997+0530][gc,heap     ] GC(1) Old regions: 3->10
[2026-06-13T16:21:43.997+0530][gc,heap     ] GC(1) Humongous regions: 0->0
[2026-06-13T16:21:43.997+0530][gc,metaspace] GC(1) Metaspace: 21352K(21504K)->21352K(21504K) NonClass: 19354K(19456K)->19354K(19456K) Class: 1998K(2048K)->1998K(2048K)
[2026-06-13T16:21:43.997+0530][gc          ] GC(1) Pause Young (Concurrent Start) (Metadata GC Threshold) 26M->11M(1024M) 5.517ms
[2026-06-13T16:21:43.997+0530][gc,cpu      ] GC(1) User=0.00s Sys=0.03s Real=0.01s
[2026-06-13T16:21:43.997+0530][gc          ] GC(2) Concurrent Mark Cycle
[2026-06-13T16:21:43.997+0530][gc,marking  ] GC(2) Concurrent Scan Root Regions
[2026-06-13T16:21:43.999+0530][gc,marking  ] GC(2) Concurrent Scan Root Regions 2.403ms
[2026-06-13T16:21:43.999+0530][gc,marking  ] GC(2) Concurrent Mark
[2026-06-13T16:21:43.999+0530][gc,marking  ] GC(2) Concurrent Mark From Roots
[2026-06-13T16:21:43.999+0530][gc,task     ] GC(2) Using 3 workers of 3 for marking
[2026-06-13T16:21:44.001+0530][gc,marking  ] GC(2) Concurrent Mark From Roots 1.944ms
[2026-06-13T16:21:44.001+0530][gc,marking  ] GC(2) Concurrent Preclean
[2026-06-13T16:21:44.001+0530][gc,marking  ] GC(2) Concurrent Preclean 0.020ms
[2026-06-13T16:21:44.001+0530][gc,start    ] GC(2) Pause Remark
[2026-06-13T16:21:44.004+0530][gc          ] GC(2) Pause Remark 11M->11M(1024M) 2.408ms
[2026-06-13T16:21:44.004+0530][gc,cpu      ] GC(2) User=0.00s Sys=0.00s Real=0.00s
[2026-06-13T16:21:44.004+0530][gc,marking  ] GC(2) Concurrent Mark 4.666ms
[2026-06-13T16:21:44.004+0530][gc,marking  ] GC(2) Concurrent Rebuild Remembered Sets and Scrub Regions
[2026-06-13T16:21:44.006+0530][gc,marking  ] GC(2) Concurrent Rebuild Remembered Sets and Scrub Regions 2.205ms
[2026-06-13T16:21:44.006+0530][gc,start    ] GC(2) Pause Cleanup
[2026-06-13T16:21:44.006+0530][gc          ] GC(2) Pause Cleanup 11M->11M(1024M) 0.042ms
[2026-06-13T16:21:44.006+0530][gc,cpu      ] GC(2) User=0.00s Sys=0.00s Real=0.00s
[2026-06-13T16:21:44.006+0530][gc,marking  ] GC(2) Concurrent Clear Claimed Marks
[2026-06-13T16:21:44.006+0530][gc,marking  ] GC(2) Concurrent Clear Claimed Marks 0.019ms
[2026-06-13T16:21:44.006+0530][gc,marking  ] GC(2) Concurrent Cleanup for Next Mark
[2026-06-13T16:21:44.009+0530][gc,marking  ] GC(2) Concurrent Cleanup for Next Mark 2.293ms
[2026-06-13T16:21:44.009+0530][gc          ] GC(2) Concurrent Mark Cycle 12.103ms
[2026-06-13T16:21:44.858+0530][gc,start    ] GC(3) Pause Young (Prepare Mixed) (G1 Evacuation Pause)
[2026-06-13T16:21:44.858+0530][gc,task     ] GC(3) Using 13 workers of 13 for evacuation
[2026-06-13T16:21:44.863+0530][gc,phases   ] GC(3)   Pre Evacuate Collection Set: 0.25ms
[2026-06-13T16:21:44.863+0530][gc,phases   ] GC(3)   Merge Heap Roots: 0.11ms
[2026-06-13T16:21:44.863+0530][gc,phases   ] GC(3)   Evacuate Collection Set: 3.51ms
[2026-06-13T16:21:44.863+0530][gc,phases   ] GC(3)   Post Evacuate Collection Set: 0.85ms
[2026-06-13T16:21:44.863+0530][gc,phases   ] GC(3)   Other: 0.09ms
[2026-06-13T16:21:44.863+0530][gc,heap     ] GC(3) Eden regions: 50->0(59)
[2026-06-13T16:21:44.863+0530][gc,heap     ] GC(3) Survivor regions: 3->6(7)
[2026-06-13T16:21:44.863+0530][gc,heap     ] GC(3) Old regions: 10->10
[2026-06-13T16:21:44.863+0530][gc,heap     ] GC(3) Humongous regions: 0->0
[2026-06-13T16:21:44.863+0530][gc,metaspace] GC(3) Metaspace: 30724K(31040K)->30724K(31040K) NonClass: 27800K(27968K)->27800K(27968K) Class: 2923K(3072K)->2923K(3072K)
[2026-06-13T16:21:44.863+0530][gc          ] GC(3) Pause Young (Prepare Mixed) (G1 Evacuation Pause) 61M->14M(1024M) 5.128ms
[2026-06-13T16:21:44.863+0530][gc,cpu      ] GC(3) User=0.00s Sys=0.00s Real=0.00s
[2026-06-13T16:21:49.548+0530][gc,init] CardTable entry size: 512
[2026-06-13T16:21:49.548+0530][gc     ] Using G1
[2026-06-13T16:21:49.551+0530][gc,init] Version: 25.0.1+8-LTS-27 (release)
[2026-06-13T16:21:49.551+0530][gc,init] CPUs: 16 total, 16 available
[2026-06-13T16:21:49.551+0530][gc,init] Memory: 16068M
[2026-06-13T16:21:49.551+0530][gc,init] Large Page Support: Disabled
[2026-06-13T16:21:49.551+0530][gc,init] NUMA Support: Disabled
[2026-06-13T16:21:49.551+0530][gc,init] Compressed Oops: Enabled (32-bit)
[2026-06-13T16:21:49.551+0530][gc,init] Heap Region Size: 1M
[2026-06-13T16:21:49.551+0530][gc,init] Heap Min Capacity: 1G
[2026-06-13T16:21:49.551+0530][gc,init] Heap Initial Capacity: 1G
[2026-06-13T16:21:49.551+0530][gc,init] Heap Max Capacity: 1G
[2026-06-13T16:21:49.551+0530][gc,init] Pre-touch: Disabled
[2026-06-13T16:21:49.551+0530][gc,init] Parallel Workers: 13
[2026-06-13T16:21:49.551+0530][gc,init] Concurrent Workers: 3
[2026-06-13T16:21:49.551+0530][gc,init] Concurrent Refinement Workers: 13
[2026-06-13T16:21:49.551+0530][gc,init] Periodic GC: Disabled
[2026-06-13T16:21:49.558+0530][gc,metaspace] CDS archive(s) mapped at: [0x000000002c000000-0x000000002cdd0000-0x000000002cdd0000), size 14483456, SharedBaseAddress: 0x000000002c000000, ArchiveRelocationMode: 1.
[2026-06-13T16:21:49.558+0530][gc,metaspace] Compressed class space mapped at: 0x000000002d000000-0x000000006d000000, reserved size: 1073741824
[2026-06-13T16:21:49.558+0530][gc,metaspace] UseCompressedClassPointers 1, UseCompactObjectHeaders 0
[2026-06-13T16:21:49.558+0530][gc,metaspace] Narrow klass pointer bits 32, Max shift 3
[2026-06-13T16:21:49.558+0530][gc,metaspace] Narrow klass base: 0x000000002c000000, Narrow klass shift: 0
[2026-06-13T16:21:49.558+0530][gc,metaspace] Encoding Range: [0x000000002c000000 - 0x000000012c000000), (4294967296 bytes)
[2026-06-13T16:21:49.558+0530][gc,metaspace] Klass Range:    [0x000000002c010000 - 0x000000006d000000), (1090453504 bytes)
[2026-06-13T16:21:49.558+0530][gc,metaspace] Klass ID Range:  [65536 - 1090519033) (1090453497)
[2026-06-13T16:21:49.558+0530][gc,metaspace] Protection zone: [0x000000002c000000 - 0x000000002c010000), (65536 bytes)
[2026-06-13T16:21:50.360+0530][gc,start    ] GC(0) Pause Young (Normal) (G1 Evacuation Pause)
[2026-06-13T16:21:50.360+0530][gc,task     ] GC(0) Using 13 workers of 13 for evacuation
[2026-06-13T16:21:50.365+0530][gc,phases   ] GC(0)   Pre Evacuate Collection Set: 0.25ms
[2026-06-13T16:21:50.365+0530][gc,phases   ] GC(0)   Merge Heap Roots: 0.05ms
[2026-06-13T16:21:50.365+0530][gc,phases   ] GC(0)   Evacuate Collection Set: 3.23ms
[2026-06-13T16:21:50.365+0530][gc,phases   ] GC(0)   Post Evacuate Collection Set: 0.82ms
[2026-06-13T16:21:50.365+0530][gc,phases   ] GC(0)   Other: 0.49ms
[2026-06-13T16:21:50.365+0530][gc,heap     ] GC(0) Eden regions: 51->0(44)
[2026-06-13T16:21:50.365+0530][gc,heap     ] GC(0) Survivor regions: 0->7(7)
[2026-06-13T16:21:50.365+0530][gc,heap     ] GC(0) Old regions: 2->3
[2026-06-13T16:21:50.365+0530][gc,heap     ] GC(0) Humongous regions: 0->0
[2026-06-13T16:21:50.365+0530][gc,metaspace] GC(0) Metaspace: 17114K(17280K)->17114K(17280K) NonClass: 15584K(15680K)->15584K(15680K) Class: 1530K(1600K)->1530K(1600K)
[2026-06-13T16:21:50.365+0530][gc          ] GC(0) Pause Young (Normal) (G1 Evacuation Pause) 52M->8M(1024M) 5.255ms
[2026-06-13T16:21:50.365+0530][gc,cpu      ] GC(0) User=0.00s Sys=0.00s Real=0.01s
[2026-06-13T16:21:50.557+0530][gc,start    ] GC(1) Pause Young (Concurrent Start) (Metadata GC Threshold)
[2026-06-13T16:21:50.557+0530][gc,task     ] GC(1) Using 13 workers of 13 for evacuation
[2026-06-13T16:21:50.561+0530][gc,phases   ] GC(1)   Pre Evacuate Collection Set: 0.28ms
[2026-06-13T16:21:50.561+0530][gc,phases   ] GC(1)   Merge Heap Roots: 0.07ms
[2026-06-13T16:21:50.561+0530][gc,phases   ] GC(1)   Evacuate Collection Set: 3.02ms
[2026-06-13T16:21:50.562+0530][gc,phases   ] GC(1)   Post Evacuate Collection Set: 0.53ms
[2026-06-13T16:21:50.562+0530][gc,phases   ] GC(1)   Other: 0.06ms
[2026-06-13T16:21:50.562+0530][gc,heap     ] GC(1) Eden regions: 18->0(51)
[2026-06-13T16:21:50.562+0530][gc,heap     ] GC(1) Survivor regions: 7->3(7)
[2026-06-13T16:21:50.562+0530][gc,heap     ] GC(1) Old regions: 3->11
[2026-06-13T16:21:50.562+0530][gc,heap     ] GC(1) Humongous regions: 0->0
[2026-06-13T16:21:50.562+0530][gc,metaspace] GC(1) Metaspace: 21351K(21504K)->21351K(21504K) NonClass: 19353K(19456K)->19353K(19456K) Class: 1997K(2048K)->1997K(2048K)
[2026-06-13T16:21:50.562+0530][gc          ] GC(1) Pause Young (Concurrent Start) (Metadata GC Threshold) 26M->11M(1024M) 4.183ms
[2026-06-13T16:21:50.562+0530][gc,cpu      ] GC(1) User=0.02s Sys=0.02s Real=0.01s
[2026-06-13T16:21:50.562+0530][gc          ] GC(2) Concurrent Mark Cycle
[2026-06-13T16:21:50.562+0530][gc,marking  ] GC(2) Concurrent Scan Root Regions
[2026-06-13T16:21:50.564+0530][gc,marking  ] GC(2) Concurrent Scan Root Regions 1.781ms
[2026-06-13T16:21:50.564+0530][gc,marking  ] GC(2) Concurrent Mark
[2026-06-13T16:21:50.564+0530][gc,marking  ] GC(2) Concurrent Mark From Roots
[2026-06-13T16:21:50.564+0530][gc,task     ] GC(2) Using 3 workers of 3 for marking
[2026-06-13T16:21:50.565+0530][gc,marking  ] GC(2) Concurrent Mark From Roots 1.700ms
[2026-06-13T16:21:50.565+0530][gc,marking  ] GC(2) Concurrent Preclean
[2026-06-13T16:21:50.565+0530][gc,marking  ] GC(2) Concurrent Preclean 0.012ms
[2026-06-13T16:21:50.565+0530][gc,start    ] GC(2) Pause Remark
[2026-06-13T16:21:50.567+0530][gc          ] GC(2) Pause Remark 11M->11M(1024M) 1.623ms
[2026-06-13T16:21:50.567+0530][gc,cpu      ] GC(2) User=0.00s Sys=0.00s Real=0.00s
[2026-06-13T16:21:50.567+0530][gc,marking  ] GC(2) Concurrent Mark 3.599ms
[2026-06-13T16:21:50.567+0530][gc,marking  ] GC(2) Concurrent Rebuild Remembered Sets and Scrub Regions
[2026-06-13T16:21:50.569+0530][gc,marking  ] GC(2) Concurrent Rebuild Remembered Sets and Scrub Regions 1.536ms
[2026-06-13T16:21:50.569+0530][gc,start    ] GC(2) Pause Cleanup
[2026-06-13T16:21:50.569+0530][gc          ] GC(2) Pause Cleanup 11M->11M(1024M) 0.061ms
[2026-06-13T16:21:50.569+0530][gc,cpu      ] GC(2) User=0.00s Sys=0.00s Real=0.00s
[2026-06-13T16:21:50.569+0530][gc,marking  ] GC(2) Concurrent Clear Claimed Marks
[2026-06-13T16:21:50.569+0530][gc,marking  ] GC(2) Concurrent Clear Claimed Marks 0.016ms
[2026-06-13T16:21:50.569+0530][gc,marking  ] GC(2) Concurrent Cleanup for Next Mark
[2026-06-13T16:21:50.571+0530][gc,marking  ] GC(2) Concurrent Cleanup for Next Mark 2.034ms
[2026-06-13T16:21:50.571+0530][gc          ] GC(2) Concurrent Mark Cycle 9.484ms
[2026-06-13T16:21:51.222+0530][gc,start    ] GC(3) Pause Young (Prepare Mixed) (G1 Evacuation Pause)
[2026-06-13T16:21:51.222+0530][gc,task     ] GC(3) Using 13 workers of 13 for evacuation
[2026-06-13T16:21:51.225+0530][gc,phases   ] GC(3)   Pre Evacuate Collection Set: 0.29ms
[2026-06-13T16:21:51.225+0530][gc,phases   ] GC(3)   Merge Heap Roots: 0.10ms
[2026-06-13T16:21:51.225+0530][gc,phases   ] GC(3)   Evacuate Collection Set: 2.82ms
[2026-06-13T16:21:51.225+0530][gc,phases   ] GC(3)   Post Evacuate Collection Set: 0.63ms
[2026-06-13T16:21:51.226+0530][gc,phases   ] GC(3)   Other: 0.11ms
[2026-06-13T16:21:51.226+0530][gc,heap     ] GC(3) Eden regions: 51->0(65)
[2026-06-13T16:21:51.226+0530][gc,heap     ] GC(3) Survivor regions: 3->5(7)
[2026-06-13T16:21:51.226+0530][gc,heap     ] GC(3) Old regions: 11->11
[2026-06-13T16:21:51.226+0530][gc,heap     ] GC(3) Humongous regions: 0->0
[2026-06-13T16:21:51.226+0530][gc,metaspace] GC(3) Metaspace: 31690K(32000K)->31690K(32000K) NonClass: 28646K(28800K)->28646K(28800K) Class: 3043K(3200K)->3043K(3200K)
[2026-06-13T16:21:51.226+0530][gc          ] GC(3) Pause Young (Prepare Mixed) (G1 Evacuation Pause) 62M->14M(1024M) 4.299ms
[2026-06-13T16:21:51.226+0530][gc,cpu      ] GC(3) User=0.00s Sys=0.00s Real=0.00s
[2026-06-13T16:22:00.930+0530][gc,start    ] GC(4) Pause Young (Mixed) (Metadata GC Threshold)
[2026-06-13T16:22:00.930+0530][gc,task     ] GC(4) Using 13 workers of 13 for evacuation
[2026-06-13T16:22:00.935+0530][gc,phases   ] GC(4)   Pre Evacuate Collection Set: 0.21ms
[2026-06-13T16:22:00.935+0530][gc,phases   ] GC(4)   Merge Heap Roots: 0.08ms
[2026-06-13T16:22:00.935+0530][gc,phases   ] GC(4)   Evacuate Collection Set: 3.86ms
[2026-06-13T16:22:00.935+0530][gc,phases   ] GC(4)   Post Evacuate Collection Set: 0.82ms
[2026-06-13T16:22:00.935+0530][gc,phases   ] GC(4)   Other: 0.10ms
[2026-06-13T16:22:00.935+0530][gc,heap     ] GC(4) Eden regions: 39->0(69)
[2026-06-13T16:22:00.935+0530][gc,heap     ] GC(4) Survivor regions: 6->7(9)
[2026-06-13T16:22:00.935+0530][gc,heap     ] GC(4) Old regions: 10->11
[2026-06-13T16:22:00.935+0530][gc,heap     ] GC(4) Humongous regions: 129->129
[2026-06-13T16:22:00.936+0530][gc,metaspace] GC(4) Metaspace: 35799K(36096K)->35799K(36096K) NonClass: 32355K(32512K)->32355K(32512K) Class: 3443K(3584K)->3443K(3584K)
[2026-06-13T16:22:00.936+0530][gc          ] GC(4) Pause Young (Mixed) (Metadata GC Threshold) 181M->146M(1024M) 5.306ms
[2026-06-13T16:22:00.936+0530][gc,cpu      ] GC(4) User=0.14s Sys=0.06s Real=0.01s
[2026-06-13T16:22:22.458+0530][gc,start    ] GC(5) Pause Young (Concurrent Start) (Metadata GC Threshold)
[2026-06-13T16:22:22.458+0530][gc,task     ] GC(5) Using 13 workers of 13 for evacuation
[2026-06-13T16:22:22.461+0530][gc,phases   ] GC(5)   Pre Evacuate Collection Set: 0.28ms
[2026-06-13T16:22:22.461+0530][gc,phases   ] GC(5)   Merge Heap Roots: 0.09ms
[2026-06-13T16:22:22.461+0530][gc,phases   ] GC(5)   Evacuate Collection Set: 2.02ms
[2026-06-13T16:22:22.461+0530][gc,phases   ] GC(5)   Post Evacuate Collection Set: 0.45ms
[2026-06-13T16:22:22.461+0530][gc,phases   ] GC(5)   Other: 0.09ms
[2026-06-13T16:22:22.461+0530][gc,heap     ] GC(5) Eden regions: 8->0(120)
[2026-06-13T16:22:22.461+0530][gc,heap     ] GC(5) Survivor regions: 7->3(10)
[2026-06-13T16:22:22.461+0530][gc,heap     ] GC(5) Old regions: 11->15
[2026-06-13T16:22:22.461+0530][gc,heap     ] GC(5) Humongous regions: 129->129
[2026-06-13T16:22:22.461+0530][gc,metaspace] GC(5) Metaspace: 36086K(36416K)->36086K(36416K) NonClass: 32608K(32768K)->32608K(32768K) Class: 3478K(3648K)->3478K(3648K)
[2026-06-13T16:22:22.461+0530][gc          ] GC(5) Pause Young (Concurrent Start) (Metadata GC Threshold) 153M->146M(1024M) 3.137ms
[2026-06-13T16:22:22.461+0530][gc          ] GC(6) Concurrent Mark Cycle
[2026-06-13T16:22:22.461+0530][gc,cpu      ] GC(5) User=0.00s Sys=0.00s Real=0.00s
[2026-06-13T16:22:22.461+0530][gc,marking  ] GC(6) Concurrent Scan Root Regions
[2026-06-13T16:22:22.463+0530][gc,marking  ] GC(6) Concurrent Scan Root Regions 1.738ms
[2026-06-13T16:22:22.463+0530][gc,marking  ] GC(6) Concurrent Mark
[2026-06-13T16:22:22.463+0530][gc,marking  ] GC(6) Concurrent Mark From Roots
[2026-06-13T16:22:22.463+0530][gc,task     ] GC(6) Using 3 workers of 3 for marking
[2026-06-13T16:22:22.467+0530][gc,marking  ] GC(6) Concurrent Mark From Roots 4.157ms
[2026-06-13T16:22:22.467+0530][gc,marking  ] GC(6) Concurrent Preclean
[2026-06-13T16:22:22.467+0530][gc,marking  ] GC(6) Concurrent Preclean 0.040ms
[2026-06-13T16:22:22.467+0530][gc,start    ] GC(6) Pause Remark
[2026-06-13T16:22:22.469+0530][gc          ] GC(6) Pause Remark 146M->146M(1024M) 1.933ms
[2026-06-13T16:22:22.469+0530][gc,cpu      ] GC(6) User=0.00s Sys=0.00s Real=0.00s
[2026-06-13T16:22:22.469+0530][gc,marking  ] GC(6) Concurrent Mark 6.369ms
[2026-06-13T16:22:22.469+0530][gc,marking  ] GC(6) Concurrent Rebuild Remembered Sets and Scrub Regions
[2026-06-13T16:22:22.472+0530][gc,marking  ] GC(6) Concurrent Rebuild Remembered Sets and Scrub Regions 2.447ms
[2026-06-13T16:22:22.472+0530][gc,start    ] GC(6) Pause Cleanup
[2026-06-13T16:22:22.472+0530][gc          ] GC(6) Pause Cleanup 146M->146M(1024M) 0.037ms
[2026-06-13T16:22:22.472+0530][gc,cpu      ] GC(6) User=0.00s Sys=0.00s Real=0.00s
[2026-06-13T16:22:22.472+0530][gc,marking  ] GC(6) Concurrent Clear Claimed Marks
[2026-06-13T16:22:22.472+0530][gc,marking  ] GC(6) Concurrent Clear Claimed Marks 0.033ms
[2026-06-13T16:22:22.472+0530][gc,marking  ] GC(6) Concurrent Cleanup for Next Mark
[2026-06-13T16:22:22.473+0530][gc,marking  ] GC(6) Concurrent Cleanup for Next Mark 0.944ms
[2026-06-13T16:22:22.473+0530][gc          ] GC(6) Concurrent Mark Cycle 11.922ms
[2026-06-13T16:22:32.978+0530][gc,start    ] GC(4) Pause Young (Mixed) (Metadata GC Threshold)
[2026-06-13T16:22:32.978+0530][gc,task     ] GC(4) Using 13 workers of 13 for evacuation
[2026-06-13T16:22:32.983+0530][gc,phases   ] GC(4)   Pre Evacuate Collection Set: 0.35ms
[2026-06-13T16:22:32.983+0530][gc,phases   ] GC(4)   Merge Heap Roots: 0.16ms
[2026-06-13T16:22:32.983+0530][gc,phases   ] GC(4)   Evacuate Collection Set: 3.73ms
[2026-06-13T16:22:32.983+0530][gc,phases   ] GC(4)   Post Evacuate Collection Set: 0.93ms
[2026-06-13T16:22:32.983+0530][gc,phases   ] GC(4)   Other: 0.15ms
[2026-06-13T16:22:32.983+0530][gc,heap     ] GC(4) Eden regions: 39->0(71)
[2026-06-13T16:22:32.983+0530][gc,heap     ] GC(4) Survivor regions: 5->8(9)
[2026-06-13T16:22:32.983+0530][gc,heap     ] GC(4) Old regions: 11->10
[2026-06-13T16:22:32.983+0530][gc,heap     ] GC(4) Humongous regions: 129->129
[2026-06-13T16:22:32.983+0530][gc,metaspace] GC(4) Metaspace: 35814K(36096K)->35814K(36096K) NonClass: 32409K(32576K)->32409K(32576K) Class: 3404K(3520K)->3404K(3520K)
[2026-06-13T16:22:32.983+0530][gc          ] GC(4) Pause Young (Mixed) (Metadata GC Threshold) 181M->146M(1024M) 5.829ms
[2026-06-13T16:22:32.983+0530][gc,cpu      ] GC(4) User=0.02s Sys=0.19s Real=0.01s
[2026-06-13T16:23:55.251+0530][gc,start    ] GC(5) Pause Young (Concurrent Start) (Metadata GC Threshold)
[2026-06-13T16:23:55.251+0530][gc,task     ] GC(5) Using 13 workers of 13 for evacuation
[2026-06-13T16:23:55.256+0530][gc,phases   ] GC(5)   Pre Evacuate Collection Set: 0.25ms
[2026-06-13T16:23:55.256+0530][gc,phases   ] GC(5)   Merge Heap Roots: 0.06ms
[2026-06-13T16:23:55.256+0530][gc,phases   ] GC(5)   Evacuate Collection Set: 3.77ms
[2026-06-13T16:23:55.256+0530][gc,phases   ] GC(5)   Post Evacuate Collection Set: 0.69ms
[2026-06-13T16:23:55.256+0530][gc,phases   ] GC(5)   Other: 0.06ms
[2026-06-13T16:23:55.256+0530][gc,heap     ] GC(5) Eden regions: 12->0(110)
[2026-06-13T16:23:55.256+0530][gc,heap     ] GC(5) Survivor regions: 8->5(10)
[2026-06-13T16:23:55.256+0530][gc,heap     ] GC(5) Old regions: 10->14
[2026-06-13T16:23:55.256+0530][gc,heap     ] GC(5) Humongous regions: 129->129
[2026-06-13T16:23:55.256+0530][gc,metaspace] GC(5) Metaspace: 36168K(36416K)->36168K(36416K) NonClass: 32754K(32896K)->32754K(32896K) Class: 3414K(3520K)->3414K(3520K)
[2026-06-13T16:23:55.256+0530][gc          ] GC(5) Pause Young (Concurrent Start) (Metadata GC Threshold) 158M->146M(1024M) 5.030ms
[2026-06-13T16:23:55.256+0530][gc,cpu      ] GC(5) User=0.00s Sys=0.00s Real=0.01s
[2026-06-13T16:23:55.256+0530][gc          ] GC(6) Concurrent Mark Cycle
[2026-06-13T16:23:55.256+0530][gc,marking  ] GC(6) Concurrent Scan Root Regions
[2026-06-13T16:23:55.258+0530][gc,marking  ] GC(6) Concurrent Scan Root Regions 2.619ms
[2026-06-13T16:23:55.258+0530][gc,marking  ] GC(6) Concurrent Mark
[2026-06-13T16:23:55.258+0530][gc,marking  ] GC(6) Concurrent Mark From Roots
[2026-06-13T16:23:55.258+0530][gc,task     ] GC(6) Using 3 workers of 3 for marking
[2026-06-13T16:23:55.263+0530][gc,marking  ] GC(6) Concurrent Mark From Roots 4.254ms
[2026-06-13T16:23:55.263+0530][gc,marking  ] GC(6) Concurrent Preclean
[2026-06-13T16:23:55.263+0530][gc,marking  ] GC(6) Concurrent Preclean 0.041ms
[2026-06-13T16:23:55.263+0530][gc,start    ] GC(6) Pause Remark
[2026-06-13T16:23:55.265+0530][gc          ] GC(6) Pause Remark 147M->147M(1024M) 2.578ms
[2026-06-13T16:23:55.265+0530][gc,cpu      ] GC(6) User=0.00s Sys=0.00s Real=0.00s
[2026-06-13T16:23:55.265+0530][gc,marking  ] GC(6) Concurrent Mark 7.059ms
[2026-06-13T16:23:55.265+0530][gc,marking  ] GC(6) Concurrent Rebuild Remembered Sets and Scrub Regions
[2026-06-13T16:23:55.267+0530][gc,marking  ] GC(6) Concurrent Rebuild Remembered Sets and Scrub Regions 1.899ms
[2026-06-13T16:23:55.268+0530][gc,start    ] GC(6) Pause Cleanup
[2026-06-13T16:23:55.268+0530][gc          ] GC(6) Pause Cleanup 147M->147M(1024M) 0.036ms
[2026-06-13T16:23:55.268+0530][gc,cpu      ] GC(6) User=0.00s Sys=0.00s Real=0.00s
[2026-06-13T16:23:55.268+0530][gc,marking  ] GC(6) Concurrent Clear Claimed Marks
[2026-06-13T16:23:55.268+0530][gc,marking  ] GC(6) Concurrent Clear Claimed Marks 0.058ms
[2026-06-13T16:23:55.268+0530][gc,marking  ] GC(6) Concurrent Cleanup for Next Mark
[2026-06-13T16:23:55.269+0530][gc,marking  ] GC(6) Concurrent Cleanup for Next Mark 1.183ms
[2026-06-13T16:23:55.269+0530][gc          ] GC(6) Concurrent Mark Cycle 13.192ms
[2026-06-13T16:28:58.005+0530][gc,start    ] GC(7) Pause Young (Prepare Mixed) (G1 Evacuation Pause)
[2026-06-13T16:28:58.005+0530][gc,task     ] GC(7) Using 13 workers of 13 for evacuation
[2026-06-13T16:28:58.018+0530][gc,phases   ] GC(7)   Pre Evacuate Collection Set: 0.79ms
[2026-06-13T16:28:58.018+0530][gc,phases   ] GC(7)   Merge Heap Roots: 0.23ms
[2026-06-13T16:28:58.018+0530][gc,phases   ] GC(7)   Evacuate Collection Set: 9.27ms
[2026-06-13T16:28:58.018+0530][gc,phases   ] GC(7)   Post Evacuate Collection Set: 1.46ms
[2026-06-13T16:28:58.018+0530][gc,phases   ] GC(7)   Other: 0.24ms
[2026-06-13T16:28:58.018+0530][gc,heap     ] GC(7) Eden regions: 106->0(138)
[2026-06-13T16:28:58.018+0530][gc,heap     ] GC(7) Survivor regions: 5->9(14)
[2026-06-13T16:28:58.018+0530][gc,heap     ] GC(7) Old regions: 14->14
[2026-06-13T16:28:58.018+0530][gc,heap     ] GC(7) Humongous regions: 138->138
[2026-06-13T16:28:58.018+0530][gc,metaspace] GC(7) Metaspace: 40251K(40768K)->40251K(40768K) NonClass: 36284K(36544K)->36284K(36544K) Class: 3966K(4224K)->3966K(4224K)
[2026-06-13T16:28:58.018+0530][gc          ] GC(7) Pause Young (Prepare Mixed) (G1 Evacuation Pause) 261M->159M(1024M) 12.676ms
[2026-06-13T16:28:58.018+0530][gc,cpu      ] GC(7) User=0.03s Sys=0.09s Real=0.01s
[2026-06-13T16:32:49.137+0530][gc,start    ] GC(7) Pause Young (Prepare Mixed) (G1 Evacuation Pause)
[2026-06-13T16:32:49.137+0530][gc,task     ] GC(7) Using 13 workers of 13 for evacuation
[2026-06-13T16:32:49.148+0530][gc,phases   ] GC(7)   Pre Evacuate Collection Set: 0.97ms
[2026-06-13T16:32:49.148+0530][gc,phases   ] GC(7)   Merge Heap Roots: 0.24ms
[2026-06-13T16:32:49.148+0530][gc,phases   ] GC(7)   Evacuate Collection Set: 8.52ms
[2026-06-13T16:32:49.148+0530][gc,phases   ] GC(7)   Post Evacuate Collection Set: 1.24ms
[2026-06-13T16:32:49.148+0530][gc,phases   ] GC(7)   Other: 0.24ms
[2026-06-13T16:32:49.148+0530][gc,heap     ] GC(7) Eden regions: 110->0(163)
[2026-06-13T16:32:49.148+0530][gc,heap     ] GC(7) Survivor regions: 5->8(15)
[2026-06-13T16:32:49.148+0530][gc,heap     ] GC(7) Old regions: 14->14
[2026-06-13T16:32:49.148+0530][gc,heap     ] GC(7) Humongous regions: 129->129
[2026-06-13T16:32:49.148+0530][gc,metaspace] GC(7) Metaspace: 39255K(39616K)->39255K(39616K) NonClass: 35430K(35648K)->35430K(35648K) Class: 3824K(3968K)->3824K(3968K)
[2026-06-13T16:32:49.148+0530][gc          ] GC(7) Pause Young (Prepare Mixed) (G1 Evacuation Pause) 256M->149M(1024M) 11.791ms
[2026-06-13T16:32:49.148+0530][gc,cpu      ] GC(7) User=0.00s Sys=0.00s Real=0.01s
[2026-06-13T16:32:56.288+0530][gc,start    ] GC(7) Pause Young (Prepare Mixed) (G1 Evacuation Pause)
[2026-06-13T16:32:56.288+0530][gc,task     ] GC(7) Using 13 workers of 13 for evacuation
[2026-06-13T16:32:56.298+0530][gc,phases   ] GC(7)   Pre Evacuate Collection Set: 0.71ms
[2026-06-13T16:32:56.299+0530][gc,phases   ] GC(7)   Merge Heap Roots: 0.23ms
[2026-06-13T16:32:56.299+0530][gc,phases   ] GC(7)   Evacuate Collection Set: 7.00ms
[2026-06-13T16:32:56.299+0530][gc,phases   ] GC(7)   Post Evacuate Collection Set: 1.29ms
[2026-06-13T16:32:56.299+0530][gc,phases   ] GC(7)   Other: 0.25ms
[2026-06-13T16:32:56.299+0530][gc,heap     ] GC(7) Eden regions: 120->0(253)
[2026-06-13T16:32:56.299+0530][gc,heap     ] GC(7) Survivor regions: 3->6(16)
[2026-06-13T16:32:56.299+0530][gc,heap     ] GC(7) Old regions: 15->15
[2026-06-13T16:32:56.299+0530][gc,heap     ] GC(7) Humongous regions: 129->129
[2026-06-13T16:32:56.299+0530][gc,metaspace] GC(7) Metaspace: 39326K(39744K)->39326K(39744K) NonClass: 35473K(35712K)->35473K(35712K) Class: 3853K(4032K)->3853K(4032K)
[2026-06-13T16:32:56.299+0530][gc          ] GC(7) Pause Young (Prepare Mixed) (G1 Evacuation Pause) 266M->149M(1024M) 10.117ms
[2026-06-13T16:32:56.299+0530][gc,cpu      ] GC(7) User=0.05s Sys=0.08s Real=0.01s
[2026-06-13T16:39:32.749+0530][gc,start    ] GC(8) Pause Young (Mixed) (G1 Evacuation Pause)
[2026-06-13T16:39:32.749+0530][gc,task     ] GC(8) Using 13 workers of 13 for evacuation
[2026-06-13T16:39:32.762+0530][gc,phases   ] GC(8)   Pre Evacuate Collection Set: 0.75ms
[2026-06-13T16:39:32.763+0530][gc,phases   ] GC(8)   Merge Heap Roots: 0.27ms
[2026-06-13T16:39:32.763+0530][gc,phases   ] GC(8)   Evacuate Collection Set: 10.69ms
[2026-06-13T16:39:32.763+0530][gc,phases   ] GC(8)   Post Evacuate Collection Set: 1.56ms
[2026-06-13T16:39:32.763+0530][gc,phases   ] GC(8)   Other: 0.24ms
[2026-06-13T16:39:32.763+0530][gc,heap     ] GC(8) Eden regions: 138->0(247)
[2026-06-13T16:39:32.763+0530][gc,heap     ] GC(8) Survivor regions: 9->9(19)
[2026-06-13T16:39:32.763+0530][gc,heap     ] GC(8) Old regions: 14->13
[2026-06-13T16:39:32.763+0530][gc,heap     ] GC(8) Humongous regions: 138->138
[2026-06-13T16:39:32.763+0530][gc,metaspace] GC(8) Metaspace: 40389K(40896K)->40389K(40896K) NonClass: 36412K(36672K)->36412K(36672K) Class: 3976K(4224K)->3976K(4224K)
[2026-06-13T16:39:32.763+0530][gc          ] GC(8) Pause Young (Mixed) (G1 Evacuation Pause) 297M->159M(1024M) 14.171ms
[2026-06-13T16:39:32.763+0530][gc,cpu      ] GC(8) User=0.02s Sys=0.02s Real=0.01s
[2026-06-13T16:47:57.661+0530][gc,start    ] GC(8) Pause Young (Mixed) (G1 Evacuation Pause)
[2026-06-13T16:47:57.661+0530][gc,task     ] GC(8) Using 13 workers of 13 for evacuation
[2026-06-13T16:47:57.670+0530][gc,phases   ] GC(8)   Pre Evacuate Collection Set: 0.59ms
[2026-06-13T16:47:57.671+0530][gc,phases   ] GC(8)   Merge Heap Roots: 0.19ms
[2026-06-13T16:47:57.671+0530][gc,phases   ] GC(8)   Evacuate Collection Set: 8.09ms
[2026-06-13T16:47:57.671+0530][gc,phases   ] GC(8)   Post Evacuate Collection Set: 1.27ms
[2026-06-13T16:47:57.671+0530][gc,phases   ] GC(8)   Other: 0.19ms
[2026-06-13T16:47:57.671+0530][gc,heap     ] GC(8) Eden regions: 163->0(283)
[2026-06-13T16:47:57.671+0530][gc,heap     ] GC(8) Survivor regions: 8->8(22)
[2026-06-13T16:47:57.671+0530][gc,heap     ] GC(8) Old regions: 14->14
[2026-06-13T16:47:57.671+0530][gc,heap     ] GC(8) Humongous regions: 129->129
[2026-06-13T16:47:57.671+0530][gc,metaspace] GC(8) Metaspace: 39373K(39744K)->39373K(39744K) NonClass: 35543K(35776K)->35543K(35776K) Class: 3829K(3968K)->3829K(3968K)
[2026-06-13T16:47:57.671+0530][gc          ] GC(8) Pause Young (Mixed) (G1 Evacuation Pause) 312M->149M(1024M) 10.861ms
[2026-06-13T16:47:57.671+0530][gc,cpu      ] GC(8) User=0.11s Sys=0.02s Real=0.01s
[2026-06-13T16:57:59.477+0530][gc,start    ] GC(8) Pause Young (Mixed) (G1 Evacuation Pause)
[2026-06-13T16:57:59.478+0530][gc,task     ] GC(8) Using 13 workers of 13 for evacuation
[2026-06-13T16:57:59.487+0530][gc,phases   ] GC(8)   Pre Evacuate Collection Set: 0.69ms
[2026-06-13T16:57:59.487+0530][gc,phases   ] GC(8)   Merge Heap Roots: 0.19ms
[2026-06-13T16:57:59.487+0530][gc,phases   ] GC(8)   Evacuate Collection Set: 7.89ms
[2026-06-13T16:57:59.487+0530][gc,phases   ] GC(8)   Post Evacuate Collection Set: 1.18ms
[2026-06-13T16:57:59.487+0530][gc,phases   ] GC(8)   Other: 0.24ms
[2026-06-13T16:57:59.487+0530][gc,heap     ] GC(8) Eden regions: 253->0(331)
[2026-06-13T16:57:59.488+0530][gc,heap     ] GC(8) Survivor regions: 6->7(33)
[2026-06-13T16:57:59.488+0530][gc,heap     ] GC(8) Old regions: 15->15
[2026-06-13T16:57:59.488+0530][gc,heap     ] GC(8) Humongous regions: 129->129
[2026-06-13T16:57:59.488+0530][gc,metaspace] GC(8) Metaspace: 39453K(39872K)->39453K(39872K) NonClass: 35597K(35840K)->35597K(35840K) Class: 3856K(4032K)->3856K(4032K)
[2026-06-13T16:57:59.488+0530][gc          ] GC(8) Pause Young (Mixed) (G1 Evacuation Pause) 402M->149M(1024M) 10.710ms
[2026-06-13T16:57:59.488+0530][gc,cpu      ] GC(8) User=0.09s Sys=0.03s Real=0.01s
[2026-06-13T17:00:13.240+0530][gc,start    ] GC(9) Pause Young (Normal) (G1 Evacuation Pause)
[2026-06-13T17:00:13.241+0530][gc,task     ] GC(9) Using 13 workers of 13 for evacuation
[2026-06-13T17:00:13.256+0530][gc,phases   ] GC(9)   Pre Evacuate Collection Set: 0.65ms
[2026-06-13T17:00:13.256+0530][gc,phases   ] GC(9)   Merge Heap Roots: 0.29ms
[2026-06-13T17:00:13.256+0530][gc,phases   ] GC(9)   Evacuate Collection Set: 14.20ms
[2026-06-13T17:00:13.256+0530][gc,phases   ] GC(9)   Post Evacuate Collection Set: 1.58ms
[2026-06-13T17:00:13.258+0530][gc,phases   ] GC(9)   Other: 0.24ms
[2026-06-13T17:00:13.258+0530][gc,heap     ] GC(9) Eden regions: 247->0(217)
[2026-06-13T17:00:13.258+0530][gc,heap     ] GC(9) Survivor regions: 9->11(32)
[2026-06-13T17:00:13.258+0530][gc,heap     ] GC(9) Old regions: 13->13
[2026-06-13T17:00:13.258+0530][gc,heap     ] GC(9) Humongous regions: 138->138
[2026-06-13T17:00:13.258+0530][gc,metaspace] GC(9) Metaspace: 40490K(41024K)->40490K(41024K) NonClass: 36513K(36800K)->36513K(36800K) Class: 3977K(4224K)->3977K(4224K)
[2026-06-13T17:00:13.258+0530][gc          ] GC(9) Pause Young (Normal) (G1 Evacuation Pause) 406M->161M(1024M) 17.662ms
[2026-06-13T17:00:13.258+0530][gc,cpu      ] GC(9) User=0.08s Sys=0.05s Real=0.02s
[2026-06-13T17:16:56.589+0530][gc,start    ] GC(9) Pause Young (Normal) (G1 Evacuation Pause)
[2026-06-13T17:16:56.589+0530][gc,task     ] GC(9) Using 13 workers of 13 for evacuation
[2026-06-13T17:16:56.605+0530][gc,phases   ] GC(9)   Pre Evacuate Collection Set: 1.60ms
[2026-06-13T17:16:56.605+0530][gc,phases   ] GC(9)   Merge Heap Roots: 0.27ms
[2026-06-13T17:16:56.605+0530][gc,phases   ] GC(9)   Evacuate Collection Set: 12.77ms
[2026-06-13T17:16:56.606+0530][gc,phases   ] GC(9)   Post Evacuate Collection Set: 1.76ms
[2026-06-13T17:16:56.606+0530][gc,phases   ] GC(9)   Other: 0.30ms
[2026-06-13T17:16:56.606+0530][gc,heap     ] GC(9) Eden regions: 283->0(247)
[2026-06-13T17:16:56.606+0530][gc,heap     ] GC(9) Survivor regions: 8->9(37)
[2026-06-13T17:16:56.606+0530][gc,heap     ] GC(9) Old regions: 14->14
[2026-06-13T17:16:56.606+0530][gc,heap     ] GC(9) Humongous regions: 129->129
[2026-06-13T17:16:56.606+0530][gc,metaspace] GC(9) Metaspace: 39450K(39808K)->39450K(39808K) NonClass: 35620K(35840K)->35620K(35840K) Class: 3829K(3968K)->3829K(3968K)
[2026-06-13T17:16:56.606+0530][gc          ] GC(9) Pause Young (Normal) (G1 Evacuation Pause) 432M->150M(1024M) 17.379ms
[2026-06-13T17:16:56.606+0530][gc,cpu      ] GC(9) User=0.00s Sys=0.02s Real=0.02s
[2026-06-13T17:18:43.562+0530][gc,start    ] GC(10) Pause Young (Normal) (G1 Evacuation Pause)
[2026-06-13T17:18:43.562+0530][gc,task     ] GC(10) Using 13 workers of 13 for evacuation
[2026-06-13T17:18:43.582+0530][gc,mmu      ] GC(10) MMU target violated: 20.3ms (20.0ms/21.0ms)
[2026-06-13T17:18:43.582+0530][gc,phases   ] GC(10)   Pre Evacuate Collection Set: 0.79ms
[2026-06-13T17:18:43.582+0530][gc,phases   ] GC(10)   Merge Heap Roots: 0.19ms
[2026-06-13T17:18:43.582+0530][gc,phases   ] GC(10)   Evacuate Collection Set: 17.84ms
[2026-06-13T17:18:43.582+0530][gc,phases   ] GC(10)   Post Evacuate Collection Set: 1.33ms
[2026-06-13T17:18:43.582+0530][gc,phases   ] GC(10)   Other: 0.26ms
[2026-06-13T17:18:43.582+0530][gc,heap     ] GC(10) Eden regions: 217->0(220)
[2026-06-13T17:18:43.582+0530][gc,heap     ] GC(10) Survivor regions: 11->12(29)
[2026-06-13T17:18:43.582+0530][gc,heap     ] GC(10) Old regions: 13->13
[2026-06-13T17:18:43.582+0530][gc,heap     ] GC(10) Humongous regions: 138->138
[2026-06-13T17:18:43.582+0530][gc,metaspace] GC(10) Metaspace: 40549K(41024K)->40549K(41024K) NonClass: 36571K(36800K)->36571K(36800K) Class: 3977K(4224K)->3977K(4224K)
[2026-06-13T17:18:43.582+0530][gc          ] GC(10) Pause Young (Normal) (G1 Evacuation Pause) 378M->162M(1024M) 20.856ms
[2026-06-13T17:18:43.582+0530][gc,cpu      ] GC(10) User=0.11s Sys=0.00s Real=0.02s
[2026-06-13T17:32:19.717+0530][gc,start    ] GC(9) Pause Young (Normal) (G1 Evacuation Pause)
[2026-06-13T17:32:19.717+0530][gc,task     ] GC(9) Using 13 workers of 13 for evacuation
[2026-06-13T17:32:19.727+0530][gc,phases   ] GC(9)   Pre Evacuate Collection Set: 0.82ms
[2026-06-13T17:32:19.727+0530][gc,phases   ] GC(9)   Merge Heap Roots: 0.24ms
[2026-06-13T17:32:19.727+0530][gc,phases   ] GC(9)   Evacuate Collection Set: 7.44ms
[2026-06-13T17:32:19.727+0530][gc,phases   ] GC(9)   Post Evacuate Collection Set: 1.55ms
[2026-06-13T17:32:19.727+0530][gc,phases   ] GC(9)   Other: 0.23ms
[2026-06-13T17:32:19.727+0530][gc,heap     ] GC(9) Eden regions: 331->0(451)
[2026-06-13T17:32:19.727+0530][gc,heap     ] GC(9) Survivor regions: 7->7(43)
[2026-06-13T17:32:19.727+0530][gc,heap     ] GC(9) Old regions: 15->15
[2026-06-13T17:32:19.727+0530][gc,heap     ] GC(9) Humongous regions: 147->147
[2026-06-13T17:32:19.727+0530][gc,metaspace] GC(9) Metaspace: 39842K(40256K)->39842K(40256K) NonClass: 35938K(36160K)->35938K(36160K) Class: 3904K(4096K)->3904K(4096K)
[2026-06-13T17:32:19.727+0530][gc          ] GC(9) Pause Young (Normal) (G1 Evacuation Pause) 498M->167M(1024M) 10.845ms
[2026-06-13T17:32:19.727+0530][gc,cpu      ] GC(9) User=0.00s Sys=0.00s Real=0.01s
[2026-06-13T17:37:34.173+0530][gc,start    ] GC(11) Pause Young (Normal) (G1 Evacuation Pause)
[2026-06-13T17:37:34.174+0530][gc,task     ] GC(11) Using 13 workers of 13 for evacuation
[2026-06-13T17:37:34.196+0530][gc,mmu      ] GC(11) MMU target violated: 21.0ms (20.0ms/21.0ms)
[2026-06-13T17:37:34.196+0530][gc,phases   ] GC(11)   Pre Evacuate Collection Set: 0.57ms
[2026-06-13T17:37:34.196+0530][gc,phases   ] GC(11)   Merge Heap Roots: 0.23ms
[2026-06-13T17:37:34.196+0530][gc,phases   ] GC(11)   Evacuate Collection Set: 19.62ms
[2026-06-13T17:37:34.196+0530][gc,phases   ] GC(11)   Post Evacuate Collection Set: 1.20ms
[2026-06-13T17:37:34.196+0530][gc,phases   ] GC(11)   Other: 0.37ms
[2026-06-13T17:37:34.196+0530][gc,heap     ] GC(11) Eden regions: 220->0(219)
[2026-06-13T17:37:34.196+0530][gc,heap     ] GC(11) Survivor regions: 12->13(29)
[2026-06-13T17:37:34.196+0530][gc,heap     ] GC(11) Old regions: 13->13
[2026-06-13T17:37:34.196+0530][gc,heap     ] GC(11) Humongous regions: 147->147
[2026-06-13T17:37:34.196+0530][gc,metaspace] GC(11) Metaspace: 40764K(41280K)->40764K(41280K) NonClass: 36756K(37056K)->36756K(37056K) Class: 4007K(4224K)->4007K(4224K)
[2026-06-13T17:37:34.196+0530][gc          ] GC(11) Pause Young (Normal) (G1 Evacuation Pause) 391M->172M(1024M) 23.109ms
[2026-06-13T17:37:34.196+0530][gc,cpu      ] GC(11) User=0.08s Sys=0.05s Real=0.02s
[2026-06-13T17:41:46.247+0530][gc,start    ] GC(10) Pause Young (Normal) (G1 Evacuation Pause)
[2026-06-13T17:41:46.247+0530][gc,task     ] GC(10) Using 13 workers of 13 for evacuation
[2026-06-13T17:41:46.258+0530][gc,phases   ] GC(10)   Pre Evacuate Collection Set: 0.83ms
[2026-06-13T17:41:46.258+0530][gc,phases   ] GC(10)   Merge Heap Roots: 0.35ms
[2026-06-13T17:41:46.258+0530][gc,phases   ] GC(10)   Evacuate Collection Set: 10.43ms
[2026-06-13T17:41:46.258+0530][gc,phases   ] GC(10)   Post Evacuate Collection Set: 1.42ms
[2026-06-13T17:41:46.258+0530][gc,phases   ] GC(10)   Other: 0.22ms
[2026-06-13T17:41:46.258+0530][gc,heap     ] GC(10) Eden regions: 247->0(233)
[2026-06-13T17:41:46.258+0530][gc,heap     ] GC(10) Survivor regions: 9->11(32)
[2026-06-13T17:41:46.258+0530][gc,heap     ] GC(10) Old regions: 14->14
[2026-06-13T17:41:46.258+0530][gc,heap     ] GC(10) Humongous regions: 147->147
[2026-06-13T17:41:46.258+0530][gc,metaspace] GC(10) Metaspace: 39949K(40384K)->39949K(40384K) NonClass: 36035K(36288K)->36035K(36288K) Class: 3914K(4096K)->3914K(4096K)
[2026-06-13T17:41:46.258+0530][gc          ] GC(10) Pause Young (Normal) (G1 Evacuation Pause) 415M->170M(1024M) 13.828ms
[2026-06-13T17:41:46.258+0530][gc,cpu      ] GC(10) User=0.00s Sys=0.00s Real=0.01s
[2026-06-13T18:43:43.282+0530][gc,exit     ] Heap
[2026-06-13T18:43:43.282+0530][gc,exit     ]  garbage-first heap   total reserved 1048576K, committed 1048576K, used 321464K [0x00000000c0000000, 0x0000000100000000)
[2026-06-13T18:43:43.282+0530][gc,exit     ]   region size 1024K, 155 young (158720K), 11 survivors (11264K)
[2026-06-13T18:43:43.282+0530][gc,exit     ]  Metaspace       used 41108K, committed 41536K, reserved 1114112K
[2026-06-13T18:43:43.282+0530][gc,exit     ]   class space    used 4081K, committed 4288K, reserved 1048576K
[2026-06-13T18:43:46.544+0530][gc,exit     ] Heap
[2026-06-13T18:43:46.544+0530][gc,exit     ]  garbage-first heap   total reserved 1048576K, committed 1048576K, used 363241K [0x00000000c0000000, 0x0000000100000000)
[2026-06-13T18:43:46.544+0530][gc,exit     ]   region size 1024K, 195 young (199680K), 13 survivors (13312K)
[2026-06-13T18:43:46.544+0530][gc,exit     ]  Metaspace       used 41502K, committed 42048K, reserved 1114112K
[2026-06-13T18:43:46.544+0530][gc,exit     ]   class space    used 4144K, committed 4416K, reserved 1048576K
[2026-06-13T18:45:51.539+0530][gc,init] CardTable entry size: 512
[2026-06-13T18:45:51.539+0530][gc     ] Using G1
[2026-06-13T18:45:51.542+0530][gc,init] Version: 25.0.1+8-LTS-27 (release)
[2026-06-13T18:45:51.542+0530][gc,init] CPUs: 16 total, 16 available
[2026-06-13T18:45:51.542+0530][gc,init] Memory: 16068M
[2026-06-13T18:45:51.542+0530][gc,init] Large Page Support: Disabled
[2026-06-13T18:45:51.542+0530][gc,init] NUMA Support: Disabled
[2026-06-13T18:45:51.543+0530][gc,init] Compressed Oops: Enabled (32-bit)
[2026-06-13T18:45:51.543+0530][gc,init] Heap Region Size: 1M
[2026-06-13T18:45:51.543+0530][gc,init] Heap Min Capacity: 1G
[2026-06-13T18:45:51.543+0530][gc,init] Heap Initial Capacity: 1G
[2026-06-13T18:45:51.543+0530][gc,init] Heap Max Capacity: 1G
[2026-06-13T18:45:51.543+0530][gc,init] Pre-touch: Disabled
[2026-06-13T18:45:51.543+0530][gc,init] Parallel Workers: 13
[2026-06-13T18:45:51.543+0530][gc,init] Concurrent Workers: 3
[2026-06-13T18:45:51.543+0530][gc,init] Concurrent Refinement Workers: 13
[2026-06-13T18:45:51.543+0530][gc,init] Periodic GC: Disabled
[2026-06-13T18:45:51.553+0530][gc,metaspace] CDS archive(s) mapped at: [0x000000000a000000-0x000000000add0000-0x000000000add0000), size 14483456, SharedBaseAddress: 0x000000000a000000, ArchiveRelocationMode: 1.
[2026-06-13T18:45:51.553+0530][gc,metaspace] Compressed class space mapped at: 0x000000000b000000-0x000000004b000000, reserved size: 1073741824
[2026-06-13T18:45:51.553+0530][gc,metaspace] UseCompressedClassPointers 1, UseCompactObjectHeaders 0
[2026-06-13T18:45:51.553+0530][gc,metaspace] Narrow klass pointer bits 32, Max shift 3
[2026-06-13T18:45:51.553+0530][gc,metaspace] Narrow klass base: 0x000000000a000000, Narrow klass shift: 0
[2026-06-13T18:45:51.553+0530][gc,metaspace] Encoding Range: [0x000000000a000000 - 0x000000010a000000), (4294967296 bytes)
[2026-06-13T18:45:51.553+0530][gc,metaspace] Klass Range:    [0x000000000a010000 - 0x000000004b000000), (1090453504 bytes)
[2026-06-13T18:45:51.553+0530][gc,metaspace] Klass ID Range:  [65536 - 1090519033) (1090453497)
[2026-06-13T18:45:51.553+0530][gc,metaspace] Protection zone: [0x000000000a000000 - 0x000000000a010000), (65536 bytes)
[2026-06-13T18:45:52.391+0530][gc,start    ] GC(0) Pause Young (Normal) (G1 Evacuation Pause)
[2026-06-13T18:45:52.392+0530][gc,task     ] GC(0) Using 13 workers of 13 for evacuation
[2026-06-13T18:45:52.396+0530][gc,phases   ] GC(0)   Pre Evacuate Collection Set: 0.20ms
[2026-06-13T18:45:52.396+0530][gc,phases   ] GC(0)   Merge Heap Roots: 0.05ms
[2026-06-13T18:45:52.396+0530][gc,phases   ] GC(0)   Evacuate Collection Set: 3.19ms
[2026-06-13T18:45:52.396+0530][gc,phases   ] GC(0)   Post Evacuate Collection Set: 0.68ms
[2026-06-13T18:45:52.396+0530][gc,phases   ] GC(0)   Other: 0.45ms
[2026-06-13T18:45:52.396+0530][gc,heap     ] GC(0) Eden regions: 51->0(44)
[2026-06-13T18:45:52.396+0530][gc,heap     ] GC(0) Survivor regions: 0->7(7)
[2026-06-13T18:45:52.396+0530][gc,heap     ] GC(0) Old regions: 2->3
[2026-06-13T18:45:52.396+0530][gc,heap     ] GC(0) Humongous regions: 0->0
[2026-06-13T18:45:52.396+0530][gc,metaspace] GC(0) Metaspace: 17111K(17280K)->17111K(17280K) NonClass: 15581K(15680K)->15581K(15680K) Class: 1530K(1600K)->1530K(1600K)
[2026-06-13T18:45:52.396+0530][gc          ] GC(0) Pause Young (Normal) (G1 Evacuation Pause) 52M->8M(1024M) 4.862ms
[2026-06-13T18:45:52.396+0530][gc,cpu      ] GC(0) User=0.00s Sys=0.00s Real=0.00s
[2026-06-13T18:45:52.618+0530][gc,start    ] GC(1) Pause Young (Concurrent Start) (Metadata GC Threshold)
[2026-06-13T18:45:52.618+0530][gc,task     ] GC(1) Using 13 workers of 13 for evacuation
[2026-06-13T18:45:52.622+0530][gc,phases   ] GC(1)   Pre Evacuate Collection Set: 0.32ms
[2026-06-13T18:45:52.622+0530][gc,phases   ] GC(1)   Merge Heap Roots: 0.09ms
[2026-06-13T18:45:52.622+0530][gc,phases   ] GC(1)   Evacuate Collection Set: 2.90ms
[2026-06-13T18:45:52.622+0530][gc,phases   ] GC(1)   Post Evacuate Collection Set: 0.69ms
[2026-06-13T18:45:52.622+0530][gc,phases   ] GC(1)   Other: 0.07ms
[2026-06-13T18:45:52.622+0530][gc,heap     ] GC(1) Eden regions: 18->0(53)
[2026-06-13T18:45:52.622+0530][gc,heap     ] GC(1) Survivor regions: 7->3(7)
[2026-06-13T18:45:52.622+0530][gc,heap     ] GC(1) Old regions: 3->10
[2026-06-13T18:45:52.622+0530][gc,heap     ] GC(1) Humongous regions: 0->0
[2026-06-13T18:45:52.622+0530][gc,metaspace] GC(1) Metaspace: 21353K(21504K)->21353K(21504K) NonClass: 19355K(19456K)->19355K(19456K) Class: 1998K(2048K)->1998K(2048K)
[2026-06-13T18:45:52.622+0530][gc          ] GC(1) Pause Young (Concurrent Start) (Metadata GC Threshold) 26M->11M(1024M) 4.306ms
[2026-06-13T18:45:52.622+0530][gc,cpu      ] GC(1) User=0.14s Sys=0.06s Real=0.00s
[2026-06-13T18:45:52.622+0530][gc          ] GC(2) Concurrent Mark Cycle
[2026-06-13T18:45:52.622+0530][gc,marking  ] GC(2) Concurrent Scan Root Regions
[2026-06-13T18:45:52.624+0530][gc,marking  ] GC(2) Concurrent Scan Root Regions 2.006ms
[2026-06-13T18:45:52.624+0530][gc,marking  ] GC(2) Concurrent Mark
[2026-06-13T18:45:52.624+0530][gc,marking  ] GC(2) Concurrent Mark From Roots
[2026-06-13T18:45:52.624+0530][gc,task     ] GC(2) Using 3 workers of 3 for marking
[2026-06-13T18:45:52.626+0530][gc,marking  ] GC(2) Concurrent Mark From Roots 1.817ms
[2026-06-13T18:45:52.626+0530][gc,marking  ] GC(2) Concurrent Preclean
[2026-06-13T18:45:52.626+0530][gc,marking  ] GC(2) Concurrent Preclean 0.023ms
[2026-06-13T18:45:52.626+0530][gc,start    ] GC(2) Pause Remark
[2026-06-13T18:45:52.628+0530][gc          ] GC(2) Pause Remark 11M->11M(1024M) 1.926ms
[2026-06-13T18:45:52.628+0530][gc,cpu      ] GC(2) User=0.00s Sys=0.00s Real=0.00s
[2026-06-13T18:45:52.628+0530][gc,marking  ] GC(2) Concurrent Mark 4.041ms
[2026-06-13T18:45:52.628+0530][gc,marking  ] GC(2) Concurrent Rebuild Remembered Sets and Scrub Regions
[2026-06-13T18:45:52.630+0530][gc,marking  ] GC(2) Concurrent Rebuild Remembered Sets and Scrub Regions 1.758ms
[2026-06-13T18:45:52.630+0530][gc,start    ] GC(2) Pause Cleanup
[2026-06-13T18:45:52.630+0530][gc          ] GC(2) Pause Cleanup 11M->11M(1024M) 0.097ms
[2026-06-13T18:45:52.630+0530][gc,cpu      ] GC(2) User=0.00s Sys=0.00s Real=0.00s
[2026-06-13T18:45:52.630+0530][gc,marking  ] GC(2) Concurrent Clear Claimed Marks
[2026-06-13T18:45:52.630+0530][gc,marking  ] GC(2) Concurrent Clear Claimed Marks 0.049ms
[2026-06-13T18:45:52.630+0530][gc,marking  ] GC(2) Concurrent Cleanup for Next Mark
[2026-06-13T18:45:52.633+0530][gc,marking  ] GC(2) Concurrent Cleanup for Next Mark 2.674ms
[2026-06-13T18:45:52.633+0530][gc          ] GC(2) Concurrent Mark Cycle 11.088ms
[2026-06-13T18:45:53.435+0530][gc,start    ] GC(3) Pause Young (Prepare Mixed) (G1 Evacuation Pause)
[2026-06-13T18:45:53.435+0530][gc,task     ] GC(3) Using 13 workers of 13 for evacuation
[2026-06-13T18:45:53.439+0530][gc,phases   ] GC(3)   Pre Evacuate Collection Set: 0.20ms
[2026-06-13T18:45:53.439+0530][gc,phases   ] GC(3)   Merge Heap Roots: 0.08ms
[2026-06-13T18:45:53.439+0530][gc,phases   ] GC(3)   Evacuate Collection Set: 2.93ms
[2026-06-13T18:45:53.439+0530][gc,phases   ] GC(3)   Post Evacuate Collection Set: 0.81ms
[2026-06-13T18:45:53.439+0530][gc,phases   ] GC(3)   Other: 0.12ms
[2026-06-13T18:45:53.439+0530][gc,heap     ] GC(3) Eden regions: 53->0(68)
[2026-06-13T18:45:53.439+0530][gc,heap     ] GC(3) Survivor regions: 3->6(7)
[2026-06-13T18:45:53.439+0530][gc,heap     ] GC(3) Old regions: 10->10
[2026-06-13T18:45:53.439+0530][gc,heap     ] GC(3) Humongous regions: 0->0
[2026-06-13T18:45:53.439+0530][gc,metaspace] GC(3) Metaspace: 31171K(31360K)->31171K(31360K) NonClass: 28192K(28288K)->28192K(28288K) Class: 2978K(3072K)->2978K(3072K)
[2026-06-13T18:45:53.439+0530][gc          ] GC(3) Pause Young (Prepare Mixed) (G1 Evacuation Pause) 64M->14M(1024M) 4.514ms
[2026-06-13T18:45:53.440+0530][gc,cpu      ] GC(3) User=0.00s Sys=0.02s Real=0.01s
[2026-06-13T18:45:54.706+0530][gc,start    ] GC(4) Pause Young (Mixed) (Metadata GC Threshold)
[2026-06-13T18:45:54.707+0530][gc,task     ] GC(4) Using 13 workers of 13 for evacuation
[2026-06-13T18:45:54.710+0530][gc,phases   ] GC(4)   Pre Evacuate Collection Set: 0.20ms
[2026-06-13T18:45:54.710+0530][gc,phases   ] GC(4)   Merge Heap Roots: 0.10ms
[2026-06-13T18:45:54.710+0530][gc,phases   ] GC(4)   Evacuate Collection Set: 2.53ms
[2026-06-13T18:45:54.710+0530][gc,phases   ] GC(4)   Post Evacuate Collection Set: 0.78ms
[2026-06-13T18:45:54.710+0530][gc,phases   ] GC(4)   Other: 0.08ms
[2026-06-13T18:45:54.710+0530][gc,heap     ] GC(4) Eden regions: 33->0(75)
[2026-06-13T18:45:54.710+0530][gc,heap     ] GC(4) Survivor regions: 6->9(10)
[2026-06-13T18:45:54.710+0530][gc,heap     ] GC(4) Old regions: 10->10
[2026-06-13T18:45:54.710+0530][gc,heap     ] GC(4) Humongous regions: 138->138
[2026-06-13T18:45:54.710+0530][gc,metaspace] GC(4) Metaspace: 35814K(36096K)->35814K(36096K) NonClass: 32351K(32512K)->32351K(32512K) Class: 3462K(3584K)->3462K(3584K)
[2026-06-13T18:45:54.710+0530][gc          ] GC(4) Pause Young (Mixed) (Metadata GC Threshold) 184M->155M(1024M) 3.925ms
[2026-06-13T18:45:54.710+0530][gc,cpu      ] GC(4) User=0.00s Sys=0.00s Real=0.00s
[2026-06-13T18:45:54.730+0530][gc,start    ] GC(5) Pause Young (Concurrent Start) (Metadata GC Threshold)
[2026-06-13T18:45:54.730+0530][gc,task     ] GC(5) Using 13 workers of 13 for evacuation
[2026-06-13T18:45:54.734+0530][gc,phases   ] GC(5)   Pre Evacuate Collection Set: 0.46ms
[2026-06-13T18:45:54.734+0530][gc,phases   ] GC(5)   Merge Heap Roots: 0.13ms
[2026-06-13T18:45:54.734+0530][gc,phases   ] GC(5)   Evacuate Collection Set: 2.78ms
[2026-06-13T18:45:54.734+0530][gc,phases   ] GC(5)   Post Evacuate Collection Set: 0.60ms
[2026-06-13T18:45:54.734+0530][gc,phases   ] GC(5)   Other: 0.07ms
[2026-06-13T18:45:54.734+0530][gc,heap     ] GC(5) Eden regions: 2->0(149)
[2026-06-13T18:45:54.734+0530][gc,heap     ] GC(5) Survivor regions: 9->4(11)
[2026-06-13T18:45:54.734+0530][gc,heap     ] GC(5) Old regions: 10->14
[2026-06-13T18:45:54.734+0530][gc,heap     ] GC(5) Humongous regions: 138->138
[2026-06-13T18:45:54.734+0530][gc,metaspace] GC(5) Metaspace: 36122K(36416K)->36122K(36416K) NonClass: 32619K(32768K)->32619K(32768K) Class: 3503K(3648K)->3503K(3648K)
[2026-06-13T18:45:54.734+0530][gc          ] GC(5) Pause Young (Concurrent Start) (Metadata GC Threshold) 156M->155M(1024M) 4.249ms
[2026-06-13T18:45:54.734+0530][gc,cpu      ] GC(5) User=0.00s Sys=0.00s Real=0.00s
[2026-06-13T18:45:54.734+0530][gc          ] GC(6) Concurrent Mark Cycle
[2026-06-13T18:45:54.734+0530][gc,marking  ] GC(6) Concurrent Scan Root Regions
[2026-06-13T18:45:54.736+0530][gc,marking  ] GC(6) Concurrent Scan Root Regions 1.733ms
[2026-06-13T18:45:54.736+0530][gc,marking  ] GC(6) Concurrent Mark
[2026-06-13T18:45:54.736+0530][gc,marking  ] GC(6) Concurrent Mark From Roots
[2026-06-13T18:45:54.736+0530][gc,task     ] GC(6) Using 3 workers of 3 for marking
[2026-06-13T18:45:54.739+0530][gc,marking  ] GC(6) Concurrent Mark From Roots 3.474ms
[2026-06-13T18:45:54.739+0530][gc,marking  ] GC(6) Concurrent Preclean
[2026-06-13T18:45:54.740+0530][gc,marking  ] GC(6) Concurrent Preclean 0.040ms
[2026-06-13T18:45:54.740+0530][gc,start    ] GC(6) Pause Remark
[2026-06-13T18:45:54.741+0530][gc          ] GC(6) Pause Remark 156M->156M(1024M) 1.792ms
[2026-06-13T18:45:54.741+0530][gc,cpu      ] GC(6) User=0.00s Sys=0.00s Real=0.00s
[2026-06-13T18:45:54.741+0530][gc,marking  ] GC(6) Concurrent Mark 5.522ms
[2026-06-13T18:45:54.742+0530][gc,marking  ] GC(6) Concurrent Rebuild Remembered Sets and Scrub Regions
[2026-06-13T18:45:54.744+0530][gc,marking  ] GC(6) Concurrent Rebuild Remembered Sets and Scrub Regions 2.466ms
[2026-06-13T18:45:54.744+0530][gc,start    ] GC(6) Pause Cleanup
[2026-06-13T18:45:54.744+0530][gc          ] GC(6) Pause Cleanup 156M->156M(1024M) 0.068ms
[2026-06-13T18:45:54.744+0530][gc,cpu      ] GC(6) User=0.00s Sys=0.00s Real=0.00s
[2026-06-13T18:45:54.744+0530][gc,marking  ] GC(6) Concurrent Clear Claimed Marks
[2026-06-13T18:45:54.744+0530][gc,marking  ] GC(6) Concurrent Clear Claimed Marks 0.046ms
[2026-06-13T18:45:54.744+0530][gc,marking  ] GC(6) Concurrent Cleanup for Next Mark
[2026-06-13T18:45:54.745+0530][gc,marking  ] GC(6) Concurrent Cleanup for Next Mark 0.921ms
[2026-06-13T18:45:54.745+0530][gc          ] GC(6) Concurrent Mark Cycle 11.246ms
[2026-06-13T18:45:54.818+0530][gc,exit     ] Heap
[2026-06-13T18:45:54.818+0530][gc,exit     ]  garbage-first heap   total reserved 1048576K, committed 1048576K, used 168494K [0x00000000c0000000, 0x0000000100000000)
[2026-06-13T18:45:54.818+0530][gc,exit     ]   region size 1024K, 14 young (14336K), 4 survivors (4096K)
[2026-06-13T18:45:54.818+0530][gc,exit     ]  Metaspace       used 37064K, committed 37440K, reserved 1114112K
[2026-06-13T18:45:54.818+0530][gc,exit     ]   class space    used 3692K, committed 3840K, reserved 1048576K
[2026-06-13T18:46:15.673+0530][gc,init] CardTable entry size: 512
[2026-06-13T18:46:15.673+0530][gc     ] Using G1
[2026-06-13T18:46:15.676+0530][gc,init] Version: 25.0.1+8-LTS-27 (release)
[2026-06-13T18:46:15.676+0530][gc,init] CPUs: 16 total, 16 available
[2026-06-13T18:46:15.676+0530][gc,init] Memory: 16068M
[2026-06-13T18:46:15.676+0530][gc,init] Large Page Support: Disabled
[2026-06-13T18:46:15.676+0530][gc,init] NUMA Support: Disabled
[2026-06-13T18:46:15.676+0530][gc,init] Compressed Oops: Enabled (32-bit)
[2026-06-13T18:46:15.676+0530][gc,init] Heap Region Size: 1M
[2026-06-13T18:46:15.676+0530][gc,init] Heap Min Capacity: 1G
[2026-06-13T18:46:15.676+0530][gc,init] Heap Initial Capacity: 1G
[2026-06-13T18:46:15.676+0530][gc,init] Heap Max Capacity: 1G
[2026-06-13T18:46:15.676+0530][gc,init] Pre-touch: Disabled
[2026-06-13T18:46:15.676+0530][gc,init] Parallel Workers: 13
[2026-06-13T18:46:15.676+0530][gc,init] Concurrent Workers: 3
[2026-06-13T18:46:15.676+0530][gc,init] Concurrent Refinement Workers: 13
[2026-06-13T18:46:15.676+0530][gc,init] Periodic GC: Disabled
[2026-06-13T18:46:15.684+0530][gc,metaspace] CDS archive(s) mapped at: [0x0000000025000000-0x0000000025dd0000-0x0000000025dd0000), size 14483456, SharedBaseAddress: 0x0000000025000000, ArchiveRelocationMode: 1.
[2026-06-13T18:46:15.684+0530][gc,metaspace] Compressed class space mapped at: 0x0000000026000000-0x0000000066000000, reserved size: 1073741824
[2026-06-13T18:46:15.684+0530][gc,metaspace] UseCompressedClassPointers 1, UseCompactObjectHeaders 0
[2026-06-13T18:46:15.684+0530][gc,metaspace] Narrow klass pointer bits 32, Max shift 3
[2026-06-13T18:46:15.684+0530][gc,metaspace] Narrow klass base: 0x0000000025000000, Narrow klass shift: 0
[2026-06-13T18:46:15.684+0530][gc,metaspace] Encoding Range: [0x0000000025000000 - 0x0000000125000000), (4294967296 bytes)
[2026-06-13T18:46:15.684+0530][gc,metaspace] Klass Range:    [0x0000000025010000 - 0x0000000066000000), (1090453504 bytes)
[2026-06-13T18:46:15.684+0530][gc,metaspace] Klass ID Range:  [65536 - 1090519033) (1090453497)
[2026-06-13T18:46:15.684+0530][gc,metaspace] Protection zone: [0x0000000025000000 - 0x0000000025010000), (65536 bytes)
[2026-06-13T18:46:16.595+0530][gc,start    ] GC(0) Pause Young (Normal) (G1 Evacuation Pause)
[2026-06-13T18:46:16.595+0530][gc,task     ] GC(0) Using 13 workers of 13 for evacuation
[2026-06-13T18:46:16.600+0530][gc,phases   ] GC(0)   Pre Evacuate Collection Set: 0.31ms
[2026-06-13T18:46:16.600+0530][gc,phases   ] GC(0)   Merge Heap Roots: 0.11ms
[2026-06-13T18:46:16.600+0530][gc,phases   ] GC(0)   Evacuate Collection Set: 3.53ms
[2026-06-13T18:46:16.600+0530][gc,phases   ] GC(0)   Post Evacuate Collection Set: 0.92ms
[2026-06-13T18:46:16.600+0530][gc,phases   ] GC(0)   Other: 0.54ms
[2026-06-13T18:46:16.600+0530][gc,heap     ] GC(0) Eden regions: 51->0(44)
[2026-06-13T18:46:16.600+0530][gc,heap     ] GC(0) Survivor regions: 0->7(7)
[2026-06-13T18:46:16.600+0530][gc,heap     ] GC(0) Old regions: 2->3
[2026-06-13T18:46:16.600+0530][gc,heap     ] GC(0) Humongous regions: 0->0
[2026-06-13T18:46:16.600+0530][gc,metaspace] GC(0) Metaspace: 17061K(17280K)->17061K(17280K) NonClass: 15534K(15680K)->15534K(15680K) Class: 1527K(1600K)->1527K(1600K)
[2026-06-13T18:46:16.600+0530][gc          ] GC(0) Pause Young (Normal) (G1 Evacuation Pause) 52M->9M(1024M) 5.771ms
[2026-06-13T18:46:16.600+0530][gc,cpu      ] GC(0) User=0.00s Sys=0.00s Real=0.00s
[2026-06-13T18:46:16.806+0530][gc,start    ] GC(1) Pause Young (Concurrent Start) (Metadata GC Threshold)
[2026-06-13T18:46:16.806+0530][gc,task     ] GC(1) Using 13 workers of 13 for evacuation
[2026-06-13T18:46:16.811+0530][gc,phases   ] GC(1)   Pre Evacuate Collection Set: 0.29ms
[2026-06-13T18:46:16.811+0530][gc,phases   ] GC(1)   Merge Heap Roots: 0.06ms
[2026-06-13T18:46:16.811+0530][gc,phases   ] GC(1)   Evacuate Collection Set: 3.27ms
[2026-06-13T18:46:16.811+0530][gc,phases   ] GC(1)   Post Evacuate Collection Set: 0.52ms
[2026-06-13T18:46:16.811+0530][gc,phases   ] GC(1)   Other: 0.07ms
[2026-06-13T18:46:16.811+0530][gc,heap     ] GC(1) Eden regions: 18->0(52)
[2026-06-13T18:46:16.811+0530][gc,heap     ] GC(1) Survivor regions: 7->2(7)
[2026-06-13T18:46:16.811+0530][gc,heap     ] GC(1) Old regions: 3->11
[2026-06-13T18:46:16.811+0530][gc,heap     ] GC(1) Humongous regions: 0->0
[2026-06-13T18:46:16.811+0530][gc,metaspace] GC(1) Metaspace: 21352K(21504K)->21352K(21504K) NonClass: 19354K(19456K)->19354K(19456K) Class: 1998K(2048K)->1998K(2048K)
[2026-06-13T18:46:16.811+0530][gc          ] GC(1) Pause Young (Concurrent Start) (Metadata GC Threshold) 27M->11M(1024M) 4.457ms
[2026-06-13T18:46:16.811+0530][gc,cpu      ] GC(1) User=0.06s Sys=0.11s Real=0.01s
[2026-06-13T18:46:16.811+0530][gc          ] GC(2) Concurrent Mark Cycle
[2026-06-13T18:46:16.811+0530][gc,marking  ] GC(2) Concurrent Scan Root Regions
[2026-06-13T18:46:16.813+0530][gc,marking  ] GC(2) Concurrent Scan Root Regions 1.997ms
[2026-06-13T18:46:16.813+0530][gc,marking  ] GC(2) Concurrent Mark
[2026-06-13T18:46:16.813+0530][gc,marking  ] GC(2) Concurrent Mark From Roots
[2026-06-13T18:46:16.813+0530][gc,task     ] GC(2) Using 3 workers of 3 for marking
[2026-06-13T18:46:16.814+0530][gc,marking  ] GC(2) Concurrent Mark From Roots 1.527ms
[2026-06-13T18:46:16.814+0530][gc,marking  ] GC(2) Concurrent Preclean
[2026-06-13T18:46:16.814+0530][gc,marking  ] GC(2) Concurrent Preclean 0.013ms
[2026-06-13T18:46:16.815+0530][gc,start    ] GC(2) Pause Remark
[2026-06-13T18:46:16.816+0530][gc          ] GC(2) Pause Remark 11M->11M(1024M) 1.609ms
[2026-06-13T18:46:16.816+0530][gc,cpu      ] GC(2) User=0.00s Sys=0.00s Real=0.00s
[2026-06-13T18:46:16.816+0530][gc,marking  ] GC(2) Concurrent Mark 3.419ms
[2026-06-13T18:46:16.816+0530][gc,marking  ] GC(2) Concurrent Rebuild Remembered Sets and Scrub Regions
[2026-06-13T18:46:16.818+0530][gc,marking  ] GC(2) Concurrent Rebuild Remembered Sets and Scrub Regions 1.627ms
[2026-06-13T18:46:16.818+0530][gc,start    ] GC(2) Pause Cleanup
[2026-06-13T18:46:16.818+0530][gc          ] GC(2) Pause Cleanup 11M->11M(1024M) 0.069ms
[2026-06-13T18:46:16.818+0530][gc,cpu      ] GC(2) User=0.00s Sys=0.00s Real=0.00s
[2026-06-13T18:46:16.818+0530][gc,marking  ] GC(2) Concurrent Clear Claimed Marks
[2026-06-13T18:46:16.818+0530][gc,marking  ] GC(2) Concurrent Clear Claimed Marks 0.061ms
[2026-06-13T18:46:16.818+0530][gc,marking  ] GC(2) Concurrent Cleanup for Next Mark
[2026-06-13T18:46:16.821+0530][gc,marking  ] GC(2) Concurrent Cleanup for Next Mark 2.145ms
[2026-06-13T18:46:16.821+0530][gc          ] GC(2) Concurrent Mark Cycle 9.832ms
[2026-06-13T18:46:17.634+0530][gc,start    ] GC(3) Pause Young (Prepare Mixed) (G1 Evacuation Pause)
[2026-06-13T18:46:17.634+0530][gc,task     ] GC(3) Using 13 workers of 13 for evacuation
[2026-06-13T18:46:17.638+0530][gc,phases   ] GC(3)   Pre Evacuate Collection Set: 0.20ms
[2026-06-13T18:46:17.638+0530][gc,phases   ] GC(3)   Merge Heap Roots: 0.08ms
[2026-06-13T18:46:17.638+0530][gc,phases   ] GC(3)   Evacuate Collection Set: 2.83ms
[2026-06-13T18:46:17.638+0530][gc,phases   ] GC(3)   Post Evacuate Collection Set: 0.61ms
[2026-06-13T18:46:17.638+0530][gc,phases   ] GC(3)   Other: 0.11ms
[2026-06-13T18:46:17.638+0530][gc,heap     ] GC(3) Eden regions: 52->0(69)
[2026-06-13T18:46:17.638+0530][gc,heap     ] GC(3) Survivor regions: 2->5(7)
[2026-06-13T18:46:17.638+0530][gc,heap     ] GC(3) Old regions: 11->11
[2026-06-13T18:46:17.638+0530][gc,heap     ] GC(3) Humongous regions: 0->0
[2026-06-13T18:46:17.638+0530][gc,metaspace] GC(3) Metaspace: 31164K(31424K)->31164K(31424K) NonClass: 28187K(28352K)->28187K(28352K) Class: 2976K(3072K)->2976K(3072K)
[2026-06-13T18:46:17.638+0530][gc          ] GC(3) Pause Young (Prepare Mixed) (G1 Evacuation Pause) 63M->13M(1024M) 4.320ms
[2026-06-13T18:46:17.638+0530][gc,cpu      ] GC(3) User=0.09s Sys=0.11s Real=0.00s
[2026-06-13T18:46:18.123+0530][gc,exit     ] Heap
[2026-06-13T18:46:18.123+0530][gc,exit     ]  garbage-first heap   total reserved 1048576K, committed 1048576K, used 449636K [0x00000000c0000000, 0x0000000100000000)
[2026-06-13T18:46:18.123+0530][gc,exit     ]   region size 1024K, 279 young (285696K), 7 survivors (7168K)
[2026-06-13T18:46:18.123+0530][gc,exit     ]  Metaspace       used 41002K, committed 41472K, reserved 1114112K
[2026-06-13T18:46:18.123+0530][gc,exit     ]   class space    used 4079K, committed 4288K, reserved 1048576K
[2026-06-13T18:46:38.119+0530][gc,init] CardTable entry size: 512
[2026-06-13T18:46:38.119+0530][gc     ] Using G1
[2026-06-13T18:46:38.122+0530][gc,init] Version: 25.0.1+8-LTS-27 (release)
[2026-06-13T18:46:38.122+0530][gc,init] CPUs: 16 total, 16 available
[2026-06-13T18:46:38.122+0530][gc,init] Memory: 16068M
[2026-06-13T18:46:38.122+0530][gc,init] Large Page Support: Disabled
[2026-06-13T18:46:38.122+0530][gc,init] NUMA Support: Disabled
[2026-06-13T18:46:38.122+0530][gc,init] Compressed Oops: Enabled (32-bit)
[2026-06-13T18:46:38.122+0530][gc,init] Heap Region Size: 1M
[2026-06-13T18:46:38.122+0530][gc,init] Heap Min Capacity: 1G
[2026-06-13T18:46:38.122+0530][gc,init] Heap Initial Capacity: 1G
[2026-06-13T18:46:38.122+0530][gc,init] Heap Max Capacity: 1G
[2026-06-13T18:46:38.122+0530][gc,init] Pre-touch: Disabled
[2026-06-13T18:46:38.122+0530][gc,init] Parallel Workers: 13
[2026-06-13T18:46:38.122+0530][gc,init] Concurrent Workers: 3
[2026-06-13T18:46:38.122+0530][gc,init] Concurrent Refinement Workers: 13
[2026-06-13T18:46:38.122+0530][gc,init] Periodic GC: Disabled
[2026-06-13T18:46:38.129+0530][gc,metaspace] CDS archive(s) mapped at: [0x0000000034000000-0x0000000034dd0000-0x0000000034dd0000), size 14483456, SharedBaseAddress: 0x0000000034000000, ArchiveRelocationMode: 1.
[2026-06-13T18:46:38.129+0530][gc,metaspace] Compressed class space mapped at: 0x0000000035000000-0x0000000075000000, reserved size: 1073741824
[2026-06-13T18:46:38.129+0530][gc,metaspace] UseCompressedClassPointers 1, UseCompactObjectHeaders 0
[2026-06-13T18:46:38.129+0530][gc,metaspace] Narrow klass pointer bits 32, Max shift 3
[2026-06-13T18:46:38.129+0530][gc,metaspace] Narrow klass base: 0x0000000034000000, Narrow klass shift: 0
[2026-06-13T18:46:38.129+0530][gc,metaspace] Encoding Range: [0x0000000034000000 - 0x0000000134000000), (4294967296 bytes)
[2026-06-13T18:46:38.129+0530][gc,metaspace] Klass Range:    [0x0000000034010000 - 0x0000000075000000), (1090453504 bytes)
[2026-06-13T18:46:38.129+0530][gc,metaspace] Klass ID Range:  [65536 - 1090519033) (1090453497)
[2026-06-13T18:46:38.129+0530][gc,metaspace] Protection zone: [0x0000000034000000 - 0x0000000034010000), (65536 bytes)
[2026-06-13T18:46:38.871+0530][gc,start    ] GC(0) Pause Young (Normal) (G1 Evacuation Pause)
[2026-06-13T18:46:38.871+0530][gc,task     ] GC(0) Using 13 workers of 13 for evacuation
[2026-06-13T18:46:38.875+0530][gc,phases   ] GC(0)   Pre Evacuate Collection Set: 0.22ms
[2026-06-13T18:46:38.875+0530][gc,phases   ] GC(0)   Merge Heap Roots: 0.07ms
[2026-06-13T18:46:38.875+0530][gc,phases   ] GC(0)   Evacuate Collection Set: 2.72ms
[2026-06-13T18:46:38.875+0530][gc,phases   ] GC(0)   Post Evacuate Collection Set: 0.70ms
[2026-06-13T18:46:38.875+0530][gc,phases   ] GC(0)   Other: 0.40ms
[2026-06-13T18:46:38.875+0530][gc,heap     ] GC(0) Eden regions: 51->0(44)
[2026-06-13T18:46:38.875+0530][gc,heap     ] GC(0) Survivor regions: 0->7(7)
[2026-06-13T18:46:38.875+0530][gc,heap     ] GC(0) Old regions: 2->3
[2026-06-13T18:46:38.875+0530][gc,heap     ] GC(0) Humongous regions: 0->0
[2026-06-13T18:46:38.875+0530][gc,metaspace] GC(0) Metaspace: 17036K(17216K)->17036K(17216K) NonClass: 15510K(15616K)->15510K(15616K) Class: 1525K(1600K)->1525K(1600K)
[2026-06-13T18:46:38.875+0530][gc          ] GC(0) Pause Young (Normal) (G1 Evacuation Pause) 52M->8M(1024M) 4.418ms
[2026-06-13T18:46:38.875+0530][gc,cpu      ] GC(0) User=0.00s Sys=0.00s Real=0.00s
[2026-06-13T18:46:39.052+0530][gc,start    ] GC(1) Pause Young (Concurrent Start) (Metadata GC Threshold)
[2026-06-13T18:46:39.052+0530][gc,task     ] GC(1) Using 13 workers of 13 for evacuation
[2026-06-13T18:46:39.056+0530][gc,phases   ] GC(1)   Pre Evacuate Collection Set: 0.31ms
[2026-06-13T18:46:39.056+0530][gc,phases   ] GC(1)   Merge Heap Roots: 0.08ms
[2026-06-13T18:46:39.056+0530][gc,phases   ] GC(1)   Evacuate Collection Set: 3.13ms
[2026-06-13T18:46:39.056+0530][gc,phases   ] GC(1)   Post Evacuate Collection Set: 0.62ms
[2026-06-13T18:46:39.056+0530][gc,phases   ] GC(1)   Other: 0.07ms
[2026-06-13T18:46:39.056+0530][gc,heap     ] GC(1) Eden regions: 18->0(57)
[2026-06-13T18:46:39.056+0530][gc,heap     ] GC(1) Survivor regions: 7->3(7)
[2026-06-13T18:46:39.056+0530][gc,heap     ] GC(1) Old regions: 3->11
[2026-06-13T18:46:39.056+0530][gc,heap     ] GC(1) Humongous regions: 0->0
[2026-06-13T18:46:39.056+0530][gc,metaspace] GC(1) Metaspace: 21351K(21504K)->21351K(21504K) NonClass: 19353K(19456K)->19353K(19456K) Class: 1997K(2048K)->1997K(2048K)
[2026-06-13T18:46:39.056+0530][gc          ] GC(1) Pause Young (Concurrent Start) (Metadata GC Threshold) 26M->11M(1024M) 4.410ms
[2026-06-13T18:46:39.056+0530][gc,cpu      ] GC(1) User=0.00s Sys=0.00s Real=0.00s
[2026-06-13T18:46:39.056+0530][gc          ] GC(2) Concurrent Mark Cycle
[2026-06-13T18:46:39.056+0530][gc,marking  ] GC(2) Concurrent Scan Root Regions
[2026-06-13T18:46:39.058+0530][gc,marking  ] GC(2) Concurrent Scan Root Regions 1.763ms
[2026-06-13T18:46:39.058+0530][gc,marking  ] GC(2) Concurrent Mark
[2026-06-13T18:46:39.058+0530][gc,marking  ] GC(2) Concurrent Mark From Roots
[2026-06-13T18:46:39.058+0530][gc,task     ] GC(2) Using 3 workers of 3 for marking
[2026-06-13T18:46:39.060+0530][gc,marking  ] GC(2) Concurrent Mark From Roots 1.535ms
[2026-06-13T18:46:39.060+0530][gc,marking  ] GC(2) Concurrent Preclean
[2026-06-13T18:46:39.060+0530][gc,marking  ] GC(2) Concurrent Preclean 0.012ms
[2026-06-13T18:46:39.060+0530][gc,start    ] GC(2) Pause Remark
[2026-06-13T18:46:39.061+0530][gc          ] GC(2) Pause Remark 11M->11M(1024M) 1.565ms
[2026-06-13T18:46:39.062+0530][gc,cpu      ] GC(2) User=0.00s Sys=0.00s Real=0.00s
[2026-06-13T18:46:39.062+0530][gc,marking  ] GC(2) Concurrent Mark 3.303ms
[2026-06-13T18:46:39.062+0530][gc,marking  ] GC(2) Concurrent Rebuild Remembered Sets and Scrub Regions
[2026-06-13T18:46:39.063+0530][gc,marking  ] GC(2) Concurrent Rebuild Remembered Sets and Scrub Regions 1.642ms
[2026-06-13T18:46:39.063+0530][gc,start    ] GC(2) Pause Cleanup
[2026-06-13T18:46:39.063+0530][gc          ] GC(2) Pause Cleanup 12M->12M(1024M) 0.063ms
[2026-06-13T18:46:39.063+0530][gc,cpu      ] GC(2) User=0.00s Sys=0.00s Real=0.00s
[2026-06-13T18:46:39.064+0530][gc,marking  ] GC(2) Concurrent Clear Claimed Marks
[2026-06-13T18:46:39.064+0530][gc,marking  ] GC(2) Concurrent Clear Claimed Marks 0.049ms
[2026-06-13T18:46:39.064+0530][gc,marking  ] GC(2) Concurrent Cleanup for Next Mark
[2026-06-13T18:46:39.066+0530][gc,marking  ] GC(2) Concurrent Cleanup for Next Mark 2.101ms
[2026-06-13T18:46:39.066+0530][gc          ] GC(2) Concurrent Mark Cycle 9.378ms
[2026-06-13T18:46:39.794+0530][gc,start    ] GC(3) Pause Young (Prepare Mixed) (G1 Evacuation Pause)
[2026-06-13T18:46:39.794+0530][gc,task     ] GC(3) Using 13 workers of 13 for evacuation
[2026-06-13T18:46:39.800+0530][gc,phases   ] GC(3)   Pre Evacuate Collection Set: 0.24ms
[2026-06-13T18:46:39.800+0530][gc,phases   ] GC(3)   Merge Heap Roots: 0.11ms
[2026-06-13T18:46:39.800+0530][gc,phases   ] GC(3)   Evacuate Collection Set: 4.12ms
[2026-06-13T18:46:39.800+0530][gc,phases   ] GC(3)   Post Evacuate Collection Set: 0.75ms
[2026-06-13T18:46:39.800+0530][gc,phases   ] GC(3)   Other: 0.12ms
[2026-06-13T18:46:39.800+0530][gc,heap     ] GC(3) Eden regions: 57->0(63)
[2026-06-13T18:46:39.800+0530][gc,heap     ] GC(3) Survivor regions: 3->6(8)
[2026-06-13T18:46:39.800+0530][gc,heap     ] GC(3) Old regions: 11->11
[2026-06-13T18:46:39.800+0530][gc,heap     ] GC(3) Humongous regions: 0->0
[2026-06-13T18:46:39.800+0530][gc,metaspace] GC(3) Metaspace: 31622K(31872K)->31622K(31872K) NonClass: 28607K(28736K)->28607K(28736K) Class: 3014K(3136K)->3014K(3136K)
[2026-06-13T18:46:39.800+0530][gc          ] GC(3) Pause Young (Prepare Mixed) (G1 Evacuation Pause) 68M->15M(1024M) 5.620ms
[2026-06-13T18:46:39.800+0530][gc,cpu      ] GC(3) User=0.00s Sys=0.00s Real=0.01s
[2026-06-13T18:46:40.084+0530][gc,start    ] GC(4) Pause Young (Mixed) (Metadata GC Threshold)
[2026-06-13T18:46:40.084+0530][gc,task     ] GC(4) Using 13 workers of 13 for evacuation
[2026-06-13T18:46:40.087+0530][gc,phases   ] GC(4)   Pre Evacuate Collection Set: 0.17ms
[2026-06-13T18:46:40.087+0530][gc,phases   ] GC(4)   Merge Heap Roots: 0.07ms
[2026-06-13T18:46:40.087+0530][gc,phases   ] GC(4)   Evacuate Collection Set: 2.41ms
[2026-06-13T18:46:40.087+0530][gc,phases   ] GC(4)   Post Evacuate Collection Set: 0.58ms
[2026-06-13T18:46:40.087+0530][gc,phases   ] GC(4)   Other: 0.06ms
[2026-06-13T18:46:40.087+0530][gc,heap     ] GC(4) Eden regions: 36->0(77)
[2026-06-13T18:46:40.087+0530][gc,heap     ] GC(4) Survivor regions: 5->8(10)
[2026-06-13T18:46:40.087+0530][gc,heap     ] GC(4) Old regions: 11->10
[2026-06-13T18:46:40.087+0530][gc,heap     ] GC(4) Humongous regions: 9->9
[2026-06-13T18:46:40.087+0530][gc,metaspace] GC(4) Metaspace: 35832K(36096K)->35832K(36096K) NonClass: 32435K(32576K)->32435K(32576K) Class: 3397K(3520K)->3397K(3520K)
[2026-06-13T18:46:40.087+0530][gc          ] GC(4) Pause Young (Mixed) (Metadata GC Threshold) 58M->25M(1024M) 3.502ms
[2026-06-13T18:46:40.087+0530][gc,cpu      ] GC(4) User=0.00s Sys=0.00s Real=0.00s
[2026-06-13T18:46:40.127+0530][gc,start    ] GC(5) Pause Young (Concurrent Start) (Metadata GC Threshold)
[2026-06-13T18:46:40.127+0530][gc,task     ] GC(5) Using 13 workers of 13 for evacuation
[2026-06-13T18:46:40.130+0530][gc,phases   ] GC(5)   Pre Evacuate Collection Set: 0.27ms
[2026-06-13T18:46:40.130+0530][gc,phases   ] GC(5)   Merge Heap Roots: 0.07ms
[2026-06-13T18:46:40.130+0530][gc,phases   ] GC(5)   Evacuate Collection Set: 2.32ms
[2026-06-13T18:46:40.130+0530][gc,phases   ] GC(5)   Post Evacuate Collection Set: 0.51ms
[2026-06-13T18:46:40.130+0530][gc,phases   ] GC(5)   Other: 0.05ms
[2026-06-13T18:46:40.130+0530][gc,heap     ] GC(5) Eden regions: 3->0(109)
[2026-06-13T18:46:40.130+0530][gc,heap     ] GC(5) Survivor regions: 8->7(11)
[2026-06-13T18:46:40.130+0530][gc,heap     ] GC(5) Old regions: 10->11
[2026-06-13T18:46:40.130+0530][gc,heap     ] GC(5) Humongous regions: 138->138
[2026-06-13T18:46:40.130+0530][gc,metaspace] GC(5) Metaspace: 36069K(36416K)->36069K(36416K) NonClass: 32637K(32832K)->32637K(32832K) Class: 3431K(3584K)->3431K(3584K)
[2026-06-13T18:46:40.130+0530][gc          ] GC(5) Pause Young (Concurrent Start) (Metadata GC Threshold) 157M->155M(1024M) 3.402ms
[2026-06-13T18:46:40.130+0530][gc,cpu      ] GC(5) User=0.00s Sys=0.00s Real=0.00s
[2026-06-13T18:46:40.130+0530][gc          ] GC(6) Concurrent Mark Cycle
[2026-06-13T18:46:40.130+0530][gc,marking  ] GC(6) Concurrent Scan Root Regions
[2026-06-13T18:46:40.132+0530][gc,marking  ] GC(6) Concurrent Scan Root Regions 2.122ms
[2026-06-13T18:46:40.132+0530][gc,marking  ] GC(6) Concurrent Mark
[2026-06-13T18:46:40.132+0530][gc,marking  ] GC(6) Concurrent Mark From Roots
[2026-06-13T18:46:40.132+0530][gc,task     ] GC(6) Using 3 workers of 3 for marking
[2026-06-13T18:46:40.136+0530][gc,marking  ] GC(6) Concurrent Mark From Roots 4.071ms
[2026-06-13T18:46:40.136+0530][gc,marking  ] GC(6) Concurrent Preclean
[2026-06-13T18:46:40.137+0530][gc,marking  ] GC(6) Concurrent Preclean 0.057ms
[2026-06-13T18:46:40.137+0530][gc,start    ] GC(6) Pause Remark
[2026-06-13T18:46:40.139+0530][gc          ] GC(6) Pause Remark 157M->157M(1024M) 2.398ms
[2026-06-13T18:46:40.139+0530][gc,cpu      ] GC(6) User=0.02s Sys=0.00s Real=0.00s
[2026-06-13T18:46:40.139+0530][gc,marking  ] GC(6) Concurrent Mark 6.937ms
[2026-06-13T18:46:40.139+0530][gc,marking  ] GC(6) Concurrent Rebuild Remembered Sets and Scrub Regions
[2026-06-13T18:46:40.142+0530][gc,marking  ] GC(6) Concurrent Rebuild Remembered Sets and Scrub Regions 2.440ms
[2026-06-13T18:46:40.142+0530][gc,start    ] GC(6) Pause Cleanup
[2026-06-13T18:46:40.142+0530][gc          ] GC(6) Pause Cleanup 157M->157M(1024M) 0.045ms
[2026-06-13T18:46:40.142+0530][gc,cpu      ] GC(6) User=0.00s Sys=0.00s Real=0.00s
[2026-06-13T18:46:40.142+0530][gc,marking  ] GC(6) Concurrent Clear Claimed Marks
[2026-06-13T18:46:40.142+0530][gc,marking  ] GC(6) Concurrent Clear Claimed Marks 0.062ms
[2026-06-13T18:46:40.142+0530][gc,marking  ] GC(6) Concurrent Cleanup for Next Mark
[2026-06-13T18:46:40.143+0530][gc,marking  ] GC(6) Concurrent Cleanup for Next Mark 1.180ms
[2026-06-13T18:46:40.143+0530][gc          ] GC(6) Concurrent Mark Cycle 13.210ms
[2026-06-13T18:46:40.224+0530][gc,exit     ] Heap
[2026-06-13T18:46:40.224+0530][gc,exit     ]  garbage-first heap   total reserved 1048576K, committed 1048576K, used 171673K [0x00000000c0000000, 0x0000000100000000)
[2026-06-13T18:46:40.224+0530][gc,exit     ]   region size 1024K, 19 young (19456K), 7 survivors (7168K)
[2026-06-13T18:46:40.224+0530][gc,exit     ]  Metaspace       used 37532K, committed 37888K, reserved 1114112K
[2026-06-13T18:46:40.224+0530][gc,exit     ]   class space    used 3703K, committed 3840K, reserved 1048576K
[2026-06-13T18:47:45.107+0530][gc,exit     ] Heap
[2026-06-13T18:47:45.107+0530][gc,exit     ]  garbage-first heap   total reserved 1048576K, committed 1048576K, used 57404K [0x00000000c0000000, 0x0000000100000000)
[2026-06-13T18:47:45.107+0530][gc,exit     ]   region size 1024K, 47 young (48128K), 6 survivors (6144K)
[2026-06-13T18:47:45.107+0530][gc,exit     ]  Metaspace       used 35688K, committed 36032K, reserved 1114112K
[2026-06-13T18:47:45.107+0530][gc,exit     ]   class space    used 3453K, committed 3584K, reserved 1048576K
