[2026-06-14T21:04:41.682+0530][gc,init] CardTable entry size: 512
[2026-06-14T21:04:41.682+0530][gc     ] Using G1
[2026-06-14T21:04:41.684+0530][gc,init] Version: 25.0.1+8-LTS-27 (release)
[2026-06-14T21:04:41.684+0530][gc,init] CPUs: 16 total, 16 available
[2026-06-14T21:04:41.684+0530][gc,init] Memory: 16068M
[2026-06-14T21:04:41.684+0530][gc,init] Large Page Support: Disabled
[2026-06-14T21:04:41.684+0530][gc,init] NUMA Support: Disabled
[2026-06-14T21:04:41.684+0530][gc,init] Compressed Oops: Enabled (32-bit)
[2026-06-14T21:04:41.684+0530][gc,init] Heap Region Size: 1M
[2026-06-14T21:04:41.684+0530][gc,init] Heap Min Capacity: 1G
[2026-06-14T21:04:41.684+0530][gc,init] Heap Initial Capacity: 1G
[2026-06-14T21:04:41.684+0530][gc,init] Heap Max Capacity: 1G
[2026-06-14T21:04:41.684+0530][gc,init] Pre-touch: Disabled
[2026-06-14T21:04:41.685+0530][gc,init] Parallel Workers: 13
[2026-06-14T21:04:41.685+0530][gc,init] Concurrent Workers: 3
[2026-06-14T21:04:41.685+0530][gc,init] Concurrent Refinement Workers: 13
[2026-06-14T21:04:41.685+0530][gc,init] Periodic GC: Disabled
[2026-06-14T21:04:41.691+0530][gc,metaspace] CDS archive(s) mapped at: [0x000000001e000000-0x000000001edd0000-0x000000001edd0000), size 14483456, SharedBaseAddress: 0x000000001e000000, ArchiveRelocationMode: 1.
[2026-06-14T21:04:41.691+0530][gc,metaspace] Compressed class space mapped at: 0x000000001f000000-0x000000005f000000, reserved size: 1073741824
[2026-06-14T21:04:41.691+0530][gc,metaspace] UseCompressedClassPointers 1, UseCompactObjectHeaders 0
[2026-06-14T21:04:41.691+0530][gc,metaspace] Narrow klass pointer bits 32, Max shift 3
[2026-06-14T21:04:41.691+0530][gc,metaspace] Narrow klass base: 0x000000001e000000, Narrow klass shift: 0
[2026-06-14T21:04:41.691+0530][gc,metaspace] Encoding Range: [0x000000001e000000 - 0x000000011e000000), (4294967296 bytes)
[2026-06-14T21:04:41.691+0530][gc,metaspace] Klass Range:    [0x000000001e010000 - 0x000000005f000000), (1090453504 bytes)
[2026-06-14T21:04:41.691+0530][gc,metaspace] Klass ID Range:  [65536 - 1090519033) (1090453497)
[2026-06-14T21:04:41.691+0530][gc,metaspace] Protection zone: [0x000000001e000000 - 0x000000001e010000), (65536 bytes)
[2026-06-14T21:04:42.604+0530][gc,start    ] GC(0) Pause Young (Normal) (G1 Evacuation Pause)
[2026-06-14T21:04:42.605+0530][gc,task     ] GC(0) Using 13 workers of 13 for evacuation
[2026-06-14T21:04:42.610+0530][gc,phases   ] GC(0)   Pre Evacuate Collection Set: 0.21ms
[2026-06-14T21:04:42.610+0530][gc,phases   ] GC(0)   Merge Heap Roots: 0.04ms
[2026-06-14T21:04:42.610+0530][gc,phases   ] GC(0)   Evacuate Collection Set: 3.38ms
[2026-06-14T21:04:42.610+0530][gc,phases   ] GC(0)   Post Evacuate Collection Set: 0.78ms
[2026-06-14T21:04:42.610+0530][gc,phases   ] GC(0)   Other: 0.43ms
[2026-06-14T21:04:42.610+0530][gc,heap     ] GC(0) Eden regions: 51->0(44)
[2026-06-14T21:04:42.610+0530][gc,heap     ] GC(0) Survivor regions: 0->7(7)
[2026-06-14T21:04:42.610+0530][gc,heap     ] GC(0) Old regions: 2->3
[2026-06-14T21:04:42.610+0530][gc,heap     ] GC(0) Humongous regions: 0->0
[2026-06-14T21:04:42.610+0530][gc,metaspace] GC(0) Metaspace: 17023K(17216K)->17023K(17216K) NonClass: 15498K(15616K)->15498K(15616K) Class: 1525K(1600K)->1525K(1600K)
[2026-06-14T21:04:42.610+0530][gc          ] GC(0) Pause Young (Normal) (G1 Evacuation Pause) 52M->8M(1024M) 5.307ms
[2026-06-14T21:04:42.610+0530][gc,cpu      ] GC(0) User=0.00s Sys=0.02s Real=0.01s
[2026-06-14T21:04:42.817+0530][gc,start    ] GC(1) Pause Young (Concurrent Start) (Metadata GC Threshold)
[2026-06-14T21:04:42.817+0530][gc,task     ] GC(1) Using 13 workers of 13 for evacuation
[2026-06-14T21:04:42.821+0530][gc,phases   ] GC(1)   Pre Evacuate Collection Set: 0.32ms
[2026-06-14T21:04:42.821+0530][gc,phases   ] GC(1)   Merge Heap Roots: 0.07ms
[2026-06-14T21:04:42.821+0530][gc,phases   ] GC(1)   Evacuate Collection Set: 2.66ms
[2026-06-14T21:04:42.821+0530][gc,phases   ] GC(1)   Post Evacuate Collection Set: 0.55ms
[2026-06-14T21:04:42.821+0530][gc,phases   ] GC(1)   Other: 0.08ms
[2026-06-14T21:04:42.821+0530][gc,heap     ] GC(1) Eden regions: 19->0(57)
[2026-06-14T21:04:42.821+0530][gc,heap     ] GC(1) Survivor regions: 7->3(7)
[2026-06-14T21:04:42.821+0530][gc,heap     ] GC(1) Old regions: 3->10
[2026-06-14T21:04:42.821+0530][gc,heap     ] GC(1) Humongous regions: 0->0
[2026-06-14T21:04:42.821+0530][gc,metaspace] GC(1) Metaspace: 21353K(21504K)->21353K(21504K) NonClass: 19354K(19456K)->19354K(19456K) Class: 1998K(2048K)->1998K(2048K)
[2026-06-14T21:04:42.821+0530][gc          ] GC(1) Pause Young (Concurrent Start) (Metadata GC Threshold) 27M->11M(1024M) 3.918ms
[2026-06-14T21:04:42.821+0530][gc,cpu      ] GC(1) User=0.00s Sys=0.00s Real=0.00s
[2026-06-14T21:04:42.821+0530][gc          ] GC(2) Concurrent Mark Cycle
[2026-06-14T21:04:42.821+0530][gc,marking  ] GC(2) Concurrent Scan Root Regions
[2026-06-14T21:04:42.823+0530][gc,marking  ] GC(2) Concurrent Scan Root Regions 1.459ms
[2026-06-14T21:04:42.823+0530][gc,marking  ] GC(2) Concurrent Mark
[2026-06-14T21:04:42.823+0530][gc,marking  ] GC(2) Concurrent Mark From Roots
[2026-06-14T21:04:42.823+0530][gc,task     ] GC(2) Using 3 workers of 3 for marking
[2026-06-14T21:04:42.824+0530][gc,marking  ] GC(2) Concurrent Mark From Roots 1.131ms
[2026-06-14T21:04:42.824+0530][gc,marking  ] GC(2) Concurrent Preclean
[2026-06-14T21:04:42.824+0530][gc,marking  ] GC(2) Concurrent Preclean 0.009ms
[2026-06-14T21:04:42.824+0530][gc,start    ] GC(2) Pause Remark
[2026-06-14T21:04:42.826+0530][gc          ] GC(2) Pause Remark 11M->11M(1024M) 1.565ms
[2026-06-14T21:04:42.826+0530][gc,cpu      ] GC(2) User=0.00s Sys=0.00s Real=0.00s
[2026-06-14T21:04:42.826+0530][gc,marking  ] GC(2) Concurrent Mark 2.989ms
[2026-06-14T21:04:42.826+0530][gc,marking  ] GC(2) Concurrent Rebuild Remembered Sets and Scrub Regions
[2026-06-14T21:04:42.827+0530][gc,marking  ] GC(2) Concurrent Rebuild Remembered Sets and Scrub Regions 1.409ms
[2026-06-14T21:04:42.827+0530][gc,start    ] GC(2) Pause Cleanup
[2026-06-14T21:04:42.827+0530][gc          ] GC(2) Pause Cleanup 11M->11M(1024M) 0.028ms
[2026-06-14T21:04:42.827+0530][gc,cpu      ] GC(2) User=0.00s Sys=0.00s Real=0.00s
[2026-06-14T21:04:42.827+0530][gc,marking  ] GC(2) Concurrent Clear Claimed Marks
[2026-06-14T21:04:42.827+0530][gc,marking  ] GC(2) Concurrent Clear Claimed Marks 0.011ms
[2026-06-14T21:04:42.827+0530][gc,marking  ] GC(2) Concurrent Cleanup for Next Mark
[2026-06-14T21:04:42.830+0530][gc,marking  ] GC(2) Concurrent Cleanup for Next Mark 2.570ms
[2026-06-14T21:04:42.830+0530][gc          ] GC(2) Concurrent Mark Cycle 8.786ms
[2026-06-14T21:04:43.598+0530][gc,start    ] GC(3) Pause Young (Prepare Mixed) (G1 Evacuation Pause)
[2026-06-14T21:04:43.598+0530][gc,task     ] GC(3) Using 13 workers of 13 for evacuation
[2026-06-14T21:04:43.604+0530][gc,phases   ] GC(3)   Pre Evacuate Collection Set: 0.23ms
[2026-06-14T21:04:43.604+0530][gc,phases   ] GC(3)   Merge Heap Roots: 0.11ms
[2026-06-14T21:04:43.604+0530][gc,phases   ] GC(3)   Evacuate Collection Set: 4.14ms
[2026-06-14T21:04:43.604+0530][gc,phases   ] GC(3)   Post Evacuate Collection Set: 0.85ms
[2026-06-14T21:04:43.604+0530][gc,phases   ] GC(3)   Other: 0.13ms
[2026-06-14T21:04:43.604+0530][gc,heap     ] GC(3) Eden regions: 57->0(61)
[2026-06-14T21:04:43.604+0530][gc,heap     ] GC(3) Survivor regions: 3->7(8)
[2026-06-14T21:04:43.604+0530][gc,heap     ] GC(3) Old regions: 10->11
[2026-06-14T21:04:43.604+0530][gc,heap     ] GC(3) Humongous regions: 0->0
[2026-06-14T21:04:43.604+0530][gc,metaspace] GC(3) Metaspace: 33130K(33408K)->33130K(33408K) NonClass: 30048K(30208K)->30048K(30208K) Class: 3081K(3200K)->3081K(3200K)
[2026-06-14T21:04:43.604+0530][gc          ] GC(3) Pause Young (Prepare Mixed) (G1 Evacuation Pause) (Evacuation Failure: Pinned) 68M->16M(1024M) 5.761ms
[2026-06-14T21:04:43.604+0530][gc,cpu      ] GC(3) User=0.00s Sys=0.00s Real=0.01s
[2026-06-14T21:05:08.373+0530][gc,init] CardTable entry size: 512
[2026-06-14T21:05:08.373+0530][gc     ] Using G1
[2026-06-14T21:05:08.377+0530][gc,init] Version: 25.0.1+8-LTS-27 (release)
[2026-06-14T21:05:08.377+0530][gc,init] CPUs: 16 total, 16 available
[2026-06-14T21:05:08.377+0530][gc,init] Memory: 16068M
[2026-06-14T21:05:08.377+0530][gc,init] Large Page Support: Disabled
[2026-06-14T21:05:08.377+0530][gc,init] NUMA Support: Disabled
[2026-06-14T21:05:08.377+0530][gc,init] Compressed Oops: Enabled (32-bit)
[2026-06-14T21:05:08.377+0530][gc,init] Heap Region Size: 1M
[2026-06-14T21:05:08.377+0530][gc,init] Heap Min Capacity: 1G
[2026-06-14T21:05:08.377+0530][gc,init] Heap Initial Capacity: 1G
[2026-06-14T21:05:08.377+0530][gc,init] Heap Max Capacity: 1G
[2026-06-14T21:05:08.377+0530][gc,init] Pre-touch: Disabled
[2026-06-14T21:05:08.377+0530][gc,init] Parallel Workers: 13
[2026-06-14T21:05:08.377+0530][gc,init] Concurrent Workers: 3
[2026-06-14T21:05:08.377+0530][gc,init] Concurrent Refinement Workers: 13
[2026-06-14T21:05:08.377+0530][gc,init] Periodic GC: Disabled
[2026-06-14T21:05:08.384+0530][gc,metaspace] CDS archive(s) mapped at: [0x0000000026000000-0x0000000026dd0000-0x0000000026dd0000), size 14483456, SharedBaseAddress: 0x0000000026000000, ArchiveRelocationMode: 1.
[2026-06-14T21:05:08.384+0530][gc,metaspace] Compressed class space mapped at: 0x0000000027000000-0x0000000067000000, reserved size: 1073741824
[2026-06-14T21:05:08.384+0530][gc,metaspace] UseCompressedClassPointers 1, UseCompactObjectHeaders 0
[2026-06-14T21:05:08.384+0530][gc,metaspace] Narrow klass pointer bits 32, Max shift 3
[2026-06-14T21:05:08.384+0530][gc,metaspace] Narrow klass base: 0x0000000026000000, Narrow klass shift: 0
[2026-06-14T21:05:08.384+0530][gc,metaspace] Encoding Range: [0x0000000026000000 - 0x0000000126000000), (4294967296 bytes)
[2026-06-14T21:05:08.384+0530][gc,metaspace] Klass Range:    [0x0000000026010000 - 0x0000000067000000), (1090453504 bytes)
[2026-06-14T21:05:08.384+0530][gc,metaspace] Klass ID Range:  [65536 - 1090519033) (1090453497)
[2026-06-14T21:05:08.384+0530][gc,metaspace] Protection zone: [0x0000000026000000 - 0x0000000026010000), (65536 bytes)
[2026-06-14T21:05:09.299+0530][gc,start    ] GC(0) Pause Young (Normal) (G1 Evacuation Pause)
[2026-06-14T21:05:09.299+0530][gc,task     ] GC(0) Using 13 workers of 13 for evacuation
[2026-06-14T21:05:09.305+0530][gc,phases   ] GC(0)   Pre Evacuate Collection Set: 0.32ms
[2026-06-14T21:05:09.305+0530][gc,phases   ] GC(0)   Merge Heap Roots: 0.07ms
[2026-06-14T21:05:09.305+0530][gc,phases   ] GC(0)   Evacuate Collection Set: 4.09ms
[2026-06-14T21:05:09.305+0530][gc,phases   ] GC(0)   Post Evacuate Collection Set: 1.06ms
[2026-06-14T21:05:09.305+0530][gc,phases   ] GC(0)   Other: 0.49ms
[2026-06-14T21:05:09.305+0530][gc,heap     ] GC(0) Eden regions: 51->0(44)
[2026-06-14T21:05:09.305+0530][gc,heap     ] GC(0) Survivor regions: 0->7(7)
[2026-06-14T21:05:09.305+0530][gc,heap     ] GC(0) Old regions: 2->3
[2026-06-14T21:05:09.305+0530][gc,heap     ] GC(0) Humongous regions: 0->0
[2026-06-14T21:05:09.305+0530][gc,metaspace] GC(0) Metaspace: 17053K(17280K)->17053K(17280K) NonClass: 15527K(15680K)->15527K(15680K) Class: 1526K(1600K)->1526K(1600K)
[2026-06-14T21:05:09.305+0530][gc          ] GC(0) Pause Young (Normal) (G1 Evacuation Pause) 52M->8M(1024M) 6.338ms
[2026-06-14T21:05:09.305+0530][gc,cpu      ] GC(0) User=0.00s Sys=0.00s Real=0.01s
[2026-06-14T21:05:09.555+0530][gc,start    ] GC(1) Pause Young (Concurrent Start) (Metadata GC Threshold)
[2026-06-14T21:05:09.555+0530][gc,task     ] GC(1) Using 13 workers of 13 for evacuation
[2026-06-14T21:05:09.560+0530][gc,phases   ] GC(1)   Pre Evacuate Collection Set: 0.29ms
[2026-06-14T21:05:09.560+0530][gc,phases   ] GC(1)   Merge Heap Roots: 0.06ms
[2026-06-14T21:05:09.560+0530][gc,phases   ] GC(1)   Evacuate Collection Set: 3.50ms
[2026-06-14T21:05:09.560+0530][gc,phases   ] GC(1)   Post Evacuate Collection Set: 0.67ms
[2026-06-14T21:05:09.560+0530][gc,phases   ] GC(1)   Other: 0.07ms
[2026-06-14T21:05:09.560+0530][gc,heap     ] GC(1) Eden regions: 19->0(49)
[2026-06-14T21:05:09.560+0530][gc,heap     ] GC(1) Survivor regions: 7->2(7)
[2026-06-14T21:05:09.560+0530][gc,heap     ] GC(1) Old regions: 3->10
[2026-06-14T21:05:09.560+0530][gc,heap     ] GC(1) Humongous regions: 0->0
[2026-06-14T21:05:09.560+0530][gc,metaspace] GC(1) Metaspace: 21351K(21504K)->21351K(21504K) NonClass: 19353K(19456K)->19353K(19456K) Class: 1997K(2048K)->1997K(2048K)
[2026-06-14T21:05:09.560+0530][gc          ] GC(1) Pause Young (Concurrent Start) (Metadata GC Threshold) 27M->10M(1024M) 4.957ms
[2026-06-14T21:05:09.560+0530][gc,cpu      ] GC(1) User=0.00s Sys=0.00s Real=0.00s
[2026-06-14T21:05:09.560+0530][gc          ] GC(2) Concurrent Mark Cycle
[2026-06-14T21:05:09.560+0530][gc,marking  ] GC(2) Concurrent Scan Root Regions
[2026-06-14T21:05:09.562+0530][gc,marking  ] GC(2) Concurrent Scan Root Regions 1.923ms
[2026-06-14T21:05:09.562+0530][gc,marking  ] GC(2) Concurrent Mark
[2026-06-14T21:05:09.562+0530][gc,marking  ] GC(2) Concurrent Mark From Roots
[2026-06-14T21:05:09.562+0530][gc,task     ] GC(2) Using 3 workers of 3 for marking
[2026-06-14T21:05:09.564+0530][gc,marking  ] GC(2) Concurrent Mark From Roots 1.602ms
[2026-06-14T21:05:09.564+0530][gc,marking  ] GC(2) Concurrent Preclean
[2026-06-14T21:05:09.564+0530][gc,marking  ] GC(2) Concurrent Preclean 0.024ms
[2026-06-14T21:05:09.564+0530][gc,start    ] GC(2) Pause Remark
[2026-06-14T21:05:09.565+0530][gc          ] GC(2) Pause Remark 11M->11M(1024M) 1.634ms
[2026-06-14T21:05:09.565+0530][gc,cpu      ] GC(2) User=0.00s Sys=0.00s Real=0.00s
[2026-06-14T21:05:09.566+0530][gc,marking  ] GC(2) Concurrent Mark 3.593ms
[2026-06-14T21:05:09.566+0530][gc,marking  ] GC(2) Concurrent Rebuild Remembered Sets and Scrub Regions
[2026-06-14T21:05:09.568+0530][gc,marking  ] GC(2) Concurrent Rebuild Remembered Sets and Scrub Regions 1.903ms
[2026-06-14T21:05:09.568+0530][gc,start    ] GC(2) Pause Cleanup
[2026-06-14T21:05:09.568+0530][gc          ] GC(2) Pause Cleanup 11M->11M(1024M) 0.063ms
[2026-06-14T21:05:09.568+0530][gc,cpu      ] GC(2) User=0.00s Sys=0.00s Real=0.00s
[2026-06-14T21:05:09.568+0530][gc,marking  ] GC(2) Concurrent Clear Claimed Marks
[2026-06-14T21:05:09.568+0530][gc,marking  ] GC(2) Concurrent Clear Claimed Marks 0.049ms
[2026-06-14T21:05:09.568+0530][gc,marking  ] GC(2) Concurrent Cleanup for Next Mark
[2026-06-14T21:05:09.572+0530][gc,marking  ] GC(2) Concurrent Cleanup for Next Mark 4.301ms
[2026-06-14T21:05:09.572+0530][gc          ] GC(2) Concurrent Mark Cycle 12.275ms
[2026-06-14T21:05:10.186+0530][gc,start    ] GC(3) Pause Young (Prepare Mixed) (G1 Evacuation Pause)
[2026-06-14T21:05:10.186+0530][gc,task     ] GC(3) Using 13 workers of 13 for evacuation
[2026-06-14T21:05:10.190+0530][gc,phases   ] GC(3)   Pre Evacuate Collection Set: 0.20ms
[2026-06-14T21:05:10.190+0530][gc,phases   ] GC(3)   Merge Heap Roots: 0.10ms
[2026-06-14T21:05:10.190+0530][gc,phases   ] GC(3)   Evacuate Collection Set: 3.32ms
[2026-06-14T21:05:10.190+0530][gc,phases   ] GC(3)   Post Evacuate Collection Set: 0.66ms
[2026-06-14T21:05:10.190+0530][gc,phases   ] GC(3)   Other: 0.08ms
[2026-06-14T21:05:10.190+0530][gc,heap     ] GC(3) Eden regions: 49->0(57)
[2026-06-14T21:05:10.190+0530][gc,heap     ] GC(3) Survivor regions: 2->6(7)
[2026-06-14T21:05:10.190+0530][gc,heap     ] GC(3) Old regions: 10->10
[2026-06-14T21:05:10.190+0530][gc,heap     ] GC(3) Humongous regions: 0->0
[2026-06-14T21:05:10.190+0530][gc,metaspace] GC(3) Metaspace: 31603K(31872K)->31603K(31872K) NonClass: 28604K(28736K)->28604K(28736K) Class: 2999K(3136K)->2999K(3136K)
[2026-06-14T21:05:10.190+0530][gc          ] GC(3) Pause Young (Prepare Mixed) (G1 Evacuation Pause) 59M->14M(1024M) 4.631ms
[2026-06-14T21:05:10.190+0530][gc,cpu      ] GC(3) User=0.16s Sys=0.08s Real=0.00s
[2026-06-14T21:05:10.840+0530][gc,start    ] GC(4) Pause Young (Mixed) (Metadata GC Threshold)
[2026-06-14T21:05:10.840+0530][gc,task     ] GC(4) Using 13 workers of 13 for evacuation
[2026-06-14T21:05:10.844+0530][gc,phases   ] GC(4)   Pre Evacuate Collection Set: 0.18ms
[2026-06-14T21:05:10.844+0530][gc,phases   ] GC(4)   Merge Heap Roots: 0.07ms
[2026-06-14T21:05:10.844+0530][gc,phases   ] GC(4)   Evacuate Collection Set: 2.83ms
[2026-06-14T21:05:10.844+0530][gc,phases   ] GC(4)   Post Evacuate Collection Set: 0.58ms
[2026-06-14T21:05:10.844+0530][gc,phases   ] GC(4)   Other: 0.07ms
[2026-06-14T21:05:10.844+0530][gc,heap     ] GC(4) Eden regions: 30->0(83)
[2026-06-14T21:05:10.844+0530][gc,heap     ] GC(4) Survivor regions: 7->6(9)
[2026-06-14T21:05:10.844+0530][gc,heap     ] GC(4) Old regions: 11->11
[2026-06-14T21:05:10.844+0530][gc,heap     ] GC(4) Humongous regions: 9->9
[2026-06-14T21:05:10.844+0530][gc,metaspace] GC(4) Metaspace: 35771K(36096K)->35771K(36096K) NonClass: 32398K(32576K)->32398K(32576K) Class: 3373K(3520K)->3373K(3520K)
[2026-06-14T21:05:10.844+0530][gc          ] GC(4) Pause Young (Mixed) (Metadata GC Threshold) 54M->25M(1024M) 3.984ms
[2026-06-14T21:05:10.844+0530][gc,cpu      ] GC(4) User=0.00s Sys=0.03s Real=0.00s
[2026-06-14T21:05:10.980+0530][gc,start    ] GC(5) Pause Young (Concurrent Start) (Metadata GC Threshold)
[2026-06-14T21:05:10.980+0530][gc,task     ] GC(5) Using 13 workers of 13 for evacuation
[2026-06-14T21:05:10.982+0530][gc,phases   ] GC(5)   Pre Evacuate Collection Set: 0.27ms
[2026-06-14T21:05:10.983+0530][gc,phases   ] GC(5)   Merge Heap Roots: 0.06ms
[2026-06-14T21:05:10.983+0530][gc,phases   ] GC(5)   Evacuate Collection Set: 1.81ms
[2026-06-14T21:05:10.983+0530][gc,phases   ] GC(5)   Post Evacuate Collection Set: 0.40ms
[2026-06-14T21:05:10.983+0530][gc,phases   ] GC(5)   Other: 0.06ms
[2026-06-14T21:05:10.983+0530][gc,heap     ] GC(5) Eden regions: 6->0(143)
[2026-06-14T21:05:10.983+0530][gc,heap     ] GC(5) Survivor regions: 6->7(12)
[2026-06-14T21:05:10.983+0530][gc,heap     ] GC(5) Old regions: 11->11
[2026-06-14T21:05:10.983+0530][gc,heap     ] GC(5) Humongous regions: 138->138
[2026-06-14T21:05:10.983+0530][gc,metaspace] GC(5) Metaspace: 36153K(36416K)->36153K(36416K) NonClass: 32737K(32896K)->32737K(32896K) Class: 3416K(3520K)->3416K(3520K)
[2026-06-14T21:05:10.983+0530][gc          ] GC(5) Pause Young (Concurrent Start) (Metadata GC Threshold) 160M->155M(1024M) 2.843ms
[2026-06-14T21:05:10.983+0530][gc          ] GC(6) Concurrent Mark Cycle
[2026-06-14T21:05:10.983+0530][gc,cpu      ] GC(5) User=0.00s Sys=0.00s Real=0.00s
[2026-06-14T21:05:10.983+0530][gc,marking  ] GC(6) Concurrent Scan Root Regions
[2026-06-14T21:05:10.985+0530][gc,marking  ] GC(6) Concurrent Scan Root Regions 2.261ms
[2026-06-14T21:05:10.985+0530][gc,marking  ] GC(6) Concurrent Mark
[2026-06-14T21:05:10.985+0530][gc,marking  ] GC(6) Concurrent Mark From Roots
[2026-06-14T21:05:10.985+0530][gc,task     ] GC(6) Using 3 workers of 3 for marking
[2026-06-14T21:05:10.990+0530][gc,marking  ] GC(6) Concurrent Mark From Roots 5.403ms
[2026-06-14T21:05:10.991+0530][gc,marking  ] GC(6) Concurrent Preclean
[2026-06-14T21:05:10.991+0530][gc,marking  ] GC(6) Concurrent Preclean 0.053ms
[2026-06-14T21:05:10.991+0530][gc,start    ] GC(6) Pause Remark
[2026-06-14T21:05:10.993+0530][gc          ] GC(6) Pause Remark 158M->158M(1024M) 2.430ms
[2026-06-14T21:05:10.993+0530][gc,cpu      ] GC(6) User=0.00s Sys=0.00s Real=0.00s
[2026-06-14T21:05:10.993+0530][gc,marking  ] GC(6) Concurrent Mark 8.238ms
[2026-06-14T21:05:10.993+0530][gc,marking  ] GC(6) Concurrent Rebuild Remembered Sets and Scrub Regions
[2026-06-14T21:05:10.996+0530][gc,marking  ] GC(6) Concurrent Rebuild Remembered Sets and Scrub Regions 2.489ms
[2026-06-14T21:05:10.996+0530][gc,start    ] GC(6) Pause Cleanup
[2026-06-14T21:05:10.996+0530][gc          ] GC(6) Pause Cleanup 159M->159M(1024M) 0.130ms
[2026-06-14T21:05:10.996+0530][gc,cpu      ] GC(6) User=0.00s Sys=0.00s Real=0.00s
[2026-06-14T21:05:10.996+0530][gc,marking  ] GC(6) Concurrent Clear Claimed Marks
[2026-06-14T21:05:10.996+0530][gc,marking  ] GC(6) Concurrent Clear Claimed Marks 0.074ms
[2026-06-14T21:05:10.996+0530][gc,marking  ] GC(6) Concurrent Cleanup for Next Mark
[2026-06-14T21:05:10.998+0530][gc,marking  ] GC(6) Concurrent Cleanup for Next Mark 1.231ms
[2026-06-14T21:05:10.998+0530][gc          ] GC(6) Concurrent Mark Cycle 15.064ms
[2026-06-14T21:05:11.607+0530][gc,start    ] GC(4) Pause Young (Mixed) (Metadata GC Threshold)
[2026-06-14T21:05:11.607+0530][gc,task     ] GC(4) Using 13 workers of 13 for evacuation
[2026-06-14T21:05:11.611+0530][gc,phases   ] GC(4)   Pre Evacuate Collection Set: 0.24ms
[2026-06-14T21:05:11.611+0530][gc,phases   ] GC(4)   Merge Heap Roots: 0.09ms
[2026-06-14T21:05:11.611+0530][gc,phases   ] GC(4)   Evacuate Collection Set: 3.59ms
[2026-06-14T21:05:11.611+0530][gc,phases   ] GC(4)   Post Evacuate Collection Set: 0.60ms
[2026-06-14T21:05:11.611+0530][gc,phases   ] GC(4)   Other: 0.11ms
[2026-06-14T21:05:11.611+0530][gc,heap     ] GC(4) Eden regions: 34->0(66)
[2026-06-14T21:05:11.611+0530][gc,heap     ] GC(4) Survivor regions: 6->7(8)
[2026-06-14T21:05:11.611+0530][gc,heap     ] GC(4) Old regions: 10->11
[2026-06-14T21:05:11.611+0530][gc,heap     ] GC(4) Humongous regions: 129->129
[2026-06-14T21:05:11.611+0530][gc,metaspace] GC(4) Metaspace: 35771K(36096K)->35771K(36096K) NonClass: 32330K(32512K)->32330K(32512K) Class: 3441K(3584K)->3441K(3584K)
[2026-06-14T21:05:11.611+0530][gc          ] GC(4) Pause Young (Mixed) (Metadata GC Threshold) 176M->146M(1024M) 4.905ms
[2026-06-14T21:05:11.611+0530][gc,cpu      ] GC(4) User=0.06s Sys=0.12s Real=0.00s
[2026-06-14T21:05:11.649+0530][gc,start    ] GC(5) Pause Young (Concurrent Start) (Metadata GC Threshold)
[2026-06-14T21:05:11.649+0530][gc,task     ] GC(5) Using 13 workers of 13 for evacuation
[2026-06-14T21:05:11.653+0530][gc,phases   ] GC(5)   Pre Evacuate Collection Set: 0.28ms
[2026-06-14T21:05:11.653+0530][gc,phases   ] GC(5)   Merge Heap Roots: 0.10ms
[2026-06-14T21:05:11.653+0530][gc,phases   ] GC(5)   Evacuate Collection Set: 3.13ms
[2026-06-14T21:05:11.653+0530][gc,phases   ] GC(5)   Post Evacuate Collection Set: 0.60ms
[2026-06-14T21:05:11.653+0530][gc,phases   ] GC(5)   Other: 0.10ms
[2026-06-14T21:05:11.653+0530][gc,heap     ] GC(5) Eden regions: 3->0(103)
[2026-06-14T21:05:11.653+0530][gc,heap     ] GC(5) Survivor regions: 7->4(10)
[2026-06-14T21:05:11.653+0530][gc,heap     ] GC(5) Old regions: 11->15
[2026-06-14T21:05:11.653+0530][gc,heap     ] GC(5) Humongous regions: 129->129
[2026-06-14T21:05:11.653+0530][gc,metaspace] GC(5) Metaspace: 36076K(36416K)->36076K(36416K) NonClass: 32595K(32768K)->32595K(32768K) Class: 3481K(3648K)->3481K(3648K)
[2026-06-14T21:05:11.653+0530][gc          ] GC(5) Pause Young (Concurrent Start) (Metadata GC Threshold) 149M->146M(1024M) 4.612ms
[2026-06-14T21:05:11.653+0530][gc          ] GC(6) Concurrent Mark Cycle
[2026-06-14T21:05:11.653+0530][gc,cpu      ] GC(5) User=0.00s Sys=0.00s Real=0.00s
[2026-06-14T21:05:11.653+0530][gc,marking  ] GC(6) Concurrent Scan Root Regions
[2026-06-14T21:05:11.656+0530][gc,marking  ] GC(6) Concurrent Scan Root Regions 2.871ms
[2026-06-14T21:05:11.656+0530][gc,marking  ] GC(6) Concurrent Mark
[2026-06-14T21:05:11.656+0530][gc,marking  ] GC(6) Concurrent Mark From Roots
[2026-06-14T21:05:11.656+0530][gc,task     ] GC(6) Using 3 workers of 3 for marking
[2026-06-14T21:05:11.664+0530][gc,marking  ] GC(6) Concurrent Mark From Roots 7.407ms
[2026-06-14T21:05:11.664+0530][gc,marking  ] GC(6) Concurrent Preclean
[2026-06-14T21:05:11.664+0530][gc,marking  ] GC(6) Concurrent Preclean 0.081ms
[2026-06-14T21:05:11.664+0530][gc,start    ] GC(6) Pause Remark
[2026-06-14T21:05:11.666+0530][gc          ] GC(6) Pause Remark 147M->147M(1024M) 2.346ms
[2026-06-14T21:05:11.666+0530][gc,cpu      ] GC(6) User=0.00s Sys=0.00s Real=0.00s
[2026-06-14T21:05:11.667+0530][gc,marking  ] GC(6) Concurrent Mark 10.149ms
[2026-06-14T21:05:11.667+0530][gc,marking  ] GC(6) Concurrent Rebuild Remembered Sets and Scrub Regions
[2026-06-14T21:05:11.671+0530][gc,marking  ] GC(6) Concurrent Rebuild Remembered Sets and Scrub Regions 4.491ms
[2026-06-14T21:05:11.671+0530][gc,start    ] GC(6) Pause Cleanup
[2026-06-14T21:05:11.671+0530][gc          ] GC(6) Pause Cleanup 147M->147M(1024M) 0.081ms
[2026-06-14T21:05:11.671+0530][gc,cpu      ] GC(6) User=0.00s Sys=0.00s Real=0.00s
[2026-06-14T21:05:11.671+0530][gc,marking  ] GC(6) Concurrent Clear Claimed Marks
[2026-06-14T21:05:11.672+0530][gc,marking  ] GC(6) Concurrent Clear Claimed Marks 0.095ms
[2026-06-14T21:05:11.672+0530][gc,marking  ] GC(6) Concurrent Cleanup for Next Mark
[2026-06-14T21:05:11.673+0530][gc,marking  ] GC(6) Concurrent Cleanup for Next Mark 1.183ms
[2026-06-14T21:05:11.673+0530][gc          ] GC(6) Concurrent Mark Cycle 19.499ms
[2026-06-14T21:05:24.636+0530][gc,init] CardTable entry size: 512
[2026-06-14T21:05:24.636+0530][gc     ] Using G1
[2026-06-14T21:05:24.639+0530][gc,init] Version: 25.0.1+8-LTS-27 (release)
[2026-06-14T21:05:24.639+0530][gc,init] CPUs: 16 total, 16 available
[2026-06-14T21:05:24.639+0530][gc,init] Memory: 16068M
[2026-06-14T21:05:24.639+0530][gc,init] Large Page Support: Disabled
[2026-06-14T21:05:24.639+0530][gc,init] NUMA Support: Disabled
[2026-06-14T21:05:24.639+0530][gc,init] Compressed Oops: Enabled (32-bit)
[2026-06-14T21:05:24.639+0530][gc,init] Heap Region Size: 1M
[2026-06-14T21:05:24.639+0530][gc,init] Heap Min Capacity: 1G
[2026-06-14T21:05:24.639+0530][gc,init] Heap Initial Capacity: 1G
[2026-06-14T21:05:24.639+0530][gc,init] Heap Max Capacity: 1G
[2026-06-14T21:05:24.639+0530][gc,init] Pre-touch: Disabled
[2026-06-14T21:05:24.639+0530][gc,init] Parallel Workers: 13
[2026-06-14T21:05:24.639+0530][gc,init] Concurrent Workers: 3
[2026-06-14T21:05:24.639+0530][gc,init] Concurrent Refinement Workers: 13
[2026-06-14T21:05:24.639+0530][gc,init] Periodic GC: Disabled
[2026-06-14T21:05:24.646+0530][gc,metaspace] CDS archive(s) mapped at: [0x0000000031000000-0x0000000031dd0000-0x0000000031dd0000), size 14483456, SharedBaseAddress: 0x0000000031000000, ArchiveRelocationMode: 1.
[2026-06-14T21:05:24.646+0530][gc,metaspace] Compressed class space mapped at: 0x0000000032000000-0x0000000072000000, reserved size: 1073741824
[2026-06-14T21:05:24.647+0530][gc,metaspace] UseCompressedClassPointers 1, UseCompactObjectHeaders 0
[2026-06-14T21:05:24.647+0530][gc,metaspace] Narrow klass pointer bits 32, Max shift 3
[2026-06-14T21:05:24.647+0530][gc,metaspace] Narrow klass base: 0x0000000031000000, Narrow klass shift: 0
[2026-06-14T21:05:24.647+0530][gc,metaspace] Encoding Range: [0x0000000031000000 - 0x0000000131000000), (4294967296 bytes)
[2026-06-14T21:05:24.647+0530][gc,metaspace] Klass Range:    [0x0000000031010000 - 0x0000000072000000), (1090453504 bytes)
[2026-06-14T21:05:24.647+0530][gc,metaspace] Klass ID Range:  [65536 - 1090519033) (1090453497)
[2026-06-14T21:05:24.647+0530][gc,metaspace] Protection zone: [0x0000000031000000 - 0x0000000031010000), (65536 bytes)
[2026-06-14T21:05:25.437+0530][gc,start    ] GC(0) Pause Young (Normal) (G1 Evacuation Pause)
[2026-06-14T21:05:25.438+0530][gc,task     ] GC(0) Using 13 workers of 13 for evacuation
[2026-06-14T21:05:25.445+0530][gc,phases   ] GC(0)   Pre Evacuate Collection Set: 0.18ms
[2026-06-14T21:05:25.445+0530][gc,phases   ] GC(0)   Merge Heap Roots: 0.06ms
[2026-06-14T21:05:25.445+0530][gc,phases   ] GC(0)   Evacuate Collection Set: 5.79ms
[2026-06-14T21:05:25.445+0530][gc,phases   ] GC(0)   Post Evacuate Collection Set: 0.85ms
[2026-06-14T21:05:25.445+0530][gc,phases   ] GC(0)   Other: 0.43ms
[2026-06-14T21:05:25.445+0530][gc,heap     ] GC(0) Eden regions: 51->0(44)
[2026-06-14T21:05:25.445+0530][gc,heap     ] GC(0) Survivor regions: 0->7(7)
[2026-06-14T21:05:25.445+0530][gc,heap     ] GC(0) Old regions: 2->3
[2026-06-14T21:05:25.445+0530][gc,heap     ] GC(0) Humongous regions: 0->0
[2026-06-14T21:05:25.445+0530][gc,metaspace] GC(0) Metaspace: 16987K(17216K)->16987K(17216K) NonClass: 15465K(15616K)->15465K(15616K) Class: 1522K(1600K)->1522K(1600K)
[2026-06-14T21:05:25.445+0530][gc          ] GC(0) Pause Young (Normal) (G1 Evacuation Pause) 52M->8M(1024M) 7.603ms
[2026-06-14T21:05:25.445+0530][gc,cpu      ] GC(0) User=0.05s Sys=0.03s Real=0.01s
[2026-06-14T21:05:25.622+0530][gc,start    ] GC(1) Pause Young (Concurrent Start) (Metadata GC Threshold)
[2026-06-14T21:05:25.622+0530][gc,task     ] GC(1) Using 13 workers of 13 for evacuation
[2026-06-14T21:05:25.628+0530][gc,phases   ] GC(1)   Pre Evacuate Collection Set: 0.25ms
[2026-06-14T21:05:25.628+0530][gc,phases   ] GC(1)   Merge Heap Roots: 0.07ms
[2026-06-14T21:05:25.628+0530][gc,phases   ] GC(1)   Evacuate Collection Set: 5.27ms
[2026-06-14T21:05:25.628+0530][gc,phases   ] GC(1)   Post Evacuate Collection Set: 0.61ms
[2026-06-14T21:05:25.628+0530][gc,phases   ] GC(1)   Other: 0.07ms
[2026-06-14T21:05:25.628+0530][gc,heap     ] GC(1) Eden regions: 19->0(48)
[2026-06-14T21:05:25.628+0530][gc,heap     ] GC(1) Survivor regions: 7->3(7)
[2026-06-14T21:05:25.628+0530][gc,heap     ] GC(1) Old regions: 3->10
[2026-06-14T21:05:25.628+0530][gc,heap     ] GC(1) Humongous regions: 0->0
[2026-06-14T21:05:25.628+0530][gc,metaspace] GC(1) Metaspace: 21352K(21504K)->21352K(21504K) NonClass: 19354K(19456K)->19354K(19456K) Class: 1998K(2048K)->1998K(2048K)
[2026-06-14T21:05:25.628+0530][gc          ] GC(1) Pause Young (Concurrent Start) (Metadata GC Threshold) 27M->11M(1024M) 6.485ms
[2026-06-14T21:05:25.628+0530][gc,cpu      ] GC(1) User=0.09s Sys=0.11s Real=0.01s
[2026-06-14T21:05:25.628+0530][gc          ] GC(2) Concurrent Mark Cycle
[2026-06-14T21:05:25.628+0530][gc,marking  ] GC(2) Concurrent Scan Root Regions
[2026-06-14T21:05:25.630+0530][gc,marking  ] GC(2) Concurrent Scan Root Regions 1.794ms
[2026-06-14T21:05:25.630+0530][gc,marking  ] GC(2) Concurrent Mark
[2026-06-14T21:05:25.630+0530][gc,marking  ] GC(2) Concurrent Mark From Roots
[2026-06-14T21:05:25.630+0530][gc,task     ] GC(2) Using 3 workers of 3 for marking
[2026-06-14T21:05:25.632+0530][gc,marking  ] GC(2) Concurrent Mark From Roots 1.878ms
[2026-06-14T21:05:25.632+0530][gc,marking  ] GC(2) Concurrent Preclean
[2026-06-14T21:05:25.632+0530][gc,marking  ] GC(2) Concurrent Preclean 0.023ms
[2026-06-14T21:05:25.632+0530][gc,start    ] GC(2) Pause Remark
[2026-06-14T21:05:25.634+0530][gc          ] GC(2) Pause Remark 11M->11M(1024M) 1.834ms
[2026-06-14T21:05:25.634+0530][gc,cpu      ] GC(2) User=0.00s Sys=0.00s Real=0.00s
[2026-06-14T21:05:25.634+0530][gc,marking  ] GC(2) Concurrent Mark 4.058ms
[2026-06-14T21:05:25.634+0530][gc,marking  ] GC(2) Concurrent Rebuild Remembered Sets and Scrub Regions
[2026-06-14T21:05:25.636+0530][gc,marking  ] GC(2) Concurrent Rebuild Remembered Sets and Scrub Regions 1.748ms
[2026-06-14T21:05:25.636+0530][gc,start    ] GC(2) Pause Cleanup
[2026-06-14T21:05:25.636+0530][gc          ] GC(2) Pause Cleanup 12M->12M(1024M) 0.077ms
[2026-06-14T21:05:25.636+0530][gc,cpu      ] GC(2) User=0.00s Sys=0.00s Real=0.00s
[2026-06-14T21:05:25.637+0530][gc,marking  ] GC(2) Concurrent Clear Claimed Marks
[2026-06-14T21:05:25.637+0530][gc,marking  ] GC(2) Concurrent Clear Claimed Marks 0.016ms
[2026-06-14T21:05:25.637+0530][gc,marking  ] GC(2) Concurrent Cleanup for Next Mark
[2026-06-14T21:05:25.644+0530][gc,marking  ] GC(2) Concurrent Cleanup for Next Mark 7.122ms
[2026-06-14T21:05:25.644+0530][gc          ] GC(2) Concurrent Mark Cycle 15.401ms
[2026-06-14T21:05:26.179+0530][gc,start    ] GC(3) Pause Young (Prepare Mixed) (G1 Evacuation Pause)
[2026-06-14T21:05:26.179+0530][gc,task     ] GC(3) Using 13 workers of 13 for evacuation
[2026-06-14T21:05:26.183+0530][gc,phases   ] GC(3)   Pre Evacuate Collection Set: 0.22ms
[2026-06-14T21:05:26.183+0530][gc,phases   ] GC(3)   Merge Heap Roots: 0.12ms
[2026-06-14T21:05:26.183+0530][gc,phases   ] GC(3)   Evacuate Collection Set: 2.91ms
[2026-06-14T21:05:26.183+0530][gc,phases   ] GC(3)   Post Evacuate Collection Set: 0.65ms
[2026-06-14T21:05:26.183+0530][gc,phases   ] GC(3)   Other: 0.10ms
[2026-06-14T21:05:26.183+0530][gc,heap     ] GC(3) Eden regions: 48->0(46)
[2026-06-14T21:05:26.183+0530][gc,heap     ] GC(3) Survivor regions: 3->5(7)
[2026-06-14T21:05:26.183+0530][gc,heap     ] GC(3) Old regions: 10->10
[2026-06-14T21:05:26.183+0530][gc,heap     ] GC(3) Humongous regions: 0->0
[2026-06-14T21:05:26.183+0530][gc,metaspace] GC(3) Metaspace: 32024K(32320K)->32024K(32320K) NonClass: 28945K(29120K)->28945K(29120K) Class: 3078K(3200K)->3078K(3200K)
[2026-06-14T21:05:26.183+0530][gc          ] GC(3) Pause Young (Prepare Mixed) (G1 Evacuation Pause) 59M->13M(1024M) 4.285ms
[2026-06-14T21:05:26.183+0530][gc,cpu      ] GC(3) User=0.00s Sys=0.00s Real=0.00s
[2026-06-14T21:05:26.725+0530][gc,start    ] GC(4) Pause Young (Mixed) (Metadata GC Threshold)
[2026-06-14T21:05:26.725+0530][gc,task     ] GC(4) Using 13 workers of 13 for evacuation
[2026-06-14T21:05:26.729+0530][gc,phases   ] GC(4)   Pre Evacuate Collection Set: 0.23ms
[2026-06-14T21:05:26.729+0530][gc,phases   ] GC(4)   Merge Heap Roots: 0.10ms
[2026-06-14T21:05:26.729+0530][gc,phases   ] GC(4)   Evacuate Collection Set: 3.71ms
[2026-06-14T21:05:26.729+0530][gc,phases   ] GC(4)   Post Evacuate Collection Set: 0.64ms
[2026-06-14T21:05:26.729+0530][gc,phases   ] GC(4)   Other: 0.11ms
[2026-06-14T21:05:26.730+0530][gc,heap     ] GC(4) Eden regions: 34->0(44)
[2026-06-14T21:05:26.730+0530][gc,heap     ] GC(4) Survivor regions: 5->7(7)
[2026-06-14T21:05:26.730+0530][gc,heap     ] GC(4) Old regions: 10->11
[2026-06-14T21:05:26.730+0530][gc,heap     ] GC(4) Humongous regions: 129->129
[2026-06-14T21:05:26.730+0530][gc,metaspace] GC(4) Metaspace: 35813K(36096K)->35813K(36096K) NonClass: 32388K(32512K)->32388K(32512K) Class: 3424K(3584K)->3424K(3584K)
[2026-06-14T21:05:26.730+0530][gc          ] GC(4) Pause Young (Mixed) (Metadata GC Threshold) 175M->146M(1024M) 5.070ms
[2026-06-14T21:05:26.730+0530][gc,cpu      ] GC(4) User=0.00s Sys=0.00s Real=0.01s
[2026-06-14T21:05:26.751+0530][gc,start    ] GC(5) Pause Young (Concurrent Start) (Metadata GC Threshold)
[2026-06-14T21:05:26.751+0530][gc,task     ] GC(5) Using 13 workers of 13 for evacuation
[2026-06-14T21:05:26.759+0530][gc,phases   ] GC(5)   Pre Evacuate Collection Set: 0.63ms
[2026-06-14T21:05:26.759+0530][gc,phases   ] GC(5)   Merge Heap Roots: 0.65ms
[2026-06-14T21:05:26.759+0530][gc,phases   ] GC(5)   Evacuate Collection Set: 5.07ms
[2026-06-14T21:05:26.759+0530][gc,phases   ] GC(5)   Post Evacuate Collection Set: 1.07ms
[2026-06-14T21:05:26.759+0530][gc,phases   ] GC(5)   Other: 0.08ms
[2026-06-14T21:05:26.759+0530][gc,heap     ] GC(5) Eden regions: 3->0(77)
[2026-06-14T21:05:26.759+0530][gc,heap     ] GC(5) Survivor regions: 7->1(7)
[2026-06-14T21:05:26.759+0530][gc,heap     ] GC(5) Old regions: 11->19
[2026-06-14T21:05:26.759+0530][gc,heap     ] GC(5) Humongous regions: 129->129
[2026-06-14T21:05:26.759+0530][gc,metaspace] GC(5) Metaspace: 36111K(36416K)->36111K(36416K) NonClass: 32642K(32832K)->32642K(32832K) Class: 3469K(3584K)->3469K(3584K)
[2026-06-14T21:05:26.759+0530][gc          ] GC(5) Pause Young (Concurrent Start) (Metadata GC Threshold) (Evacuation Failure: Pinned) 148M->147M(1024M) 8.229ms
[2026-06-14T21:05:26.759+0530][gc,cpu      ] GC(5) User=0.00s Sys=0.00s Real=0.01s
[2026-06-14T21:05:26.759+0530][gc          ] GC(6) Concurrent Mark Cycle
[2026-06-14T21:05:26.759+0530][gc,marking  ] GC(6) Concurrent Scan Root Regions
[2026-06-14T21:05:26.762+0530][gc,marking  ] GC(6) Concurrent Scan Root Regions 2.435ms
[2026-06-14T21:05:26.762+0530][gc,marking  ] GC(6) Concurrent Mark
[2026-06-14T21:05:26.762+0530][gc,marking  ] GC(6) Concurrent Mark From Roots
[2026-06-14T21:05:26.762+0530][gc,task     ] GC(6) Using 3 workers of 3 for marking
[2026-06-14T21:05:26.771+0530][gc,marking  ] GC(6) Concurrent Mark From Roots 8.693ms
[2026-06-14T21:05:26.771+0530][gc,marking  ] GC(6) Concurrent Preclean
[2026-06-14T21:05:26.771+0530][gc,marking  ] GC(6) Concurrent Preclean 0.065ms
[2026-06-14T21:05:26.771+0530][gc,start    ] GC(6) Pause Remark
[2026-06-14T21:05:26.774+0530][gc          ] GC(6) Pause Remark 148M->148M(1024M) 3.133ms
[2026-06-14T21:05:26.774+0530][gc,cpu      ] GC(6) User=0.00s Sys=0.00s Real=0.00s
[2026-06-14T21:05:26.775+0530][gc,marking  ] GC(6) Concurrent Mark 12.578ms
[2026-06-14T21:05:26.775+0530][gc,marking  ] GC(6) Concurrent Rebuild Remembered Sets and Scrub Regions
[2026-06-14T21:05:26.780+0530][gc,marking  ] GC(6) Concurrent Rebuild Remembered Sets and Scrub Regions 5.176ms
[2026-06-14T21:05:26.780+0530][gc,start    ] GC(6) Pause Cleanup
[2026-06-14T21:05:26.780+0530][gc          ] GC(6) Pause Cleanup 148M->148M(1024M) 0.107ms
[2026-06-14T21:05:26.780+0530][gc,cpu      ] GC(6) User=0.00s Sys=0.00s Real=0.00s
[2026-06-14T21:05:26.780+0530][gc,marking  ] GC(6) Concurrent Clear Claimed Marks
[2026-06-14T21:05:26.780+0530][gc,marking  ] GC(6) Concurrent Clear Claimed Marks 0.029ms
[2026-06-14T21:05:26.780+0530][gc,marking  ] GC(6) Concurrent Cleanup for Next Mark
[2026-06-14T21:05:26.781+0530][gc,marking  ] GC(6) Concurrent Cleanup for Next Mark 1.083ms
[2026-06-14T21:05:26.781+0530][gc          ] GC(6) Concurrent Mark Cycle 21.894ms
[2026-06-14T21:09:31.962+0530][gc,start    ] GC(7) Pause Young (Prepare Mixed) (G1 Evacuation Pause)
[2026-06-14T21:09:31.962+0530][gc,task     ] GC(7) Using 13 workers of 13 for evacuation
[2026-06-14T21:09:31.971+0530][gc,phases   ] GC(7)   Pre Evacuate Collection Set: 0.53ms
[2026-06-14T21:09:31.971+0530][gc,phases   ] GC(7)   Merge Heap Roots: 0.22ms
[2026-06-14T21:09:31.971+0530][gc,phases   ] GC(7)   Evacuate Collection Set: 6.76ms
[2026-06-14T21:09:31.972+0530][gc,phases   ] GC(7)   Post Evacuate Collection Set: 1.24ms
[2026-06-14T21:09:31.972+0530][gc,phases   ] GC(7)   Other: 0.18ms
[2026-06-14T21:09:31.972+0530][gc,heap     ] GC(7) Eden regions: 77->0(76)
[2026-06-14T21:09:31.972+0530][gc,heap     ] GC(7) Survivor regions: 1->4(10)
[2026-06-14T21:09:31.972+0530][gc,heap     ] GC(7) Old regions: 19->18
[2026-06-14T21:09:31.972+0530][gc,heap     ] GC(7) Humongous regions: 135->129
[2026-06-14T21:09:31.972+0530][gc,metaspace] GC(7) Metaspace: 41053K(41664K)->41053K(41664K) NonClass: 36874K(37184K)->36874K(37184K) Class: 4178K(4480K)->4178K(4480K)
[2026-06-14T21:09:31.972+0530][gc          ] GC(7) Pause Young (Prepare Mixed) (G1 Evacuation Pause) 230M->150M(1024M) 9.459ms
[2026-06-14T21:09:31.972+0530][gc,cpu      ] GC(7) User=0.08s Sys=0.05s Real=0.01s
[2026-06-14T21:12:45.551+0530][gc,start    ] GC(7) Pause Young (Normal) (G1 Evacuation Pause)
[2026-06-14T21:12:45.551+0530][gc,task     ] GC(7) Using 13 workers of 13 for evacuation
[2026-06-14T21:12:45.565+0530][gc,phases   ] GC(7)   Pre Evacuate Collection Set: 0.65ms
[2026-06-14T21:12:45.565+0530][gc,phases   ] GC(7)   Merge Heap Roots: 0.25ms
[2026-06-14T21:12:45.565+0530][gc,phases   ] GC(7)   Evacuate Collection Set: 11.45ms
[2026-06-14T21:12:45.565+0530][gc,phases   ] GC(7)   Post Evacuate Collection Set: 1.67ms
[2026-06-14T21:12:45.565+0530][gc,phases   ] GC(7)   Other: 0.26ms
[2026-06-14T21:12:45.565+0530][gc,heap     ] GC(7) Eden regions: 143->0(125)
[2026-06-14T21:12:45.566+0530][gc,heap     ] GC(7) Survivor regions: 7->11(19)
[2026-06-14T21:12:45.566+0530][gc,heap     ] GC(7) Old regions: 11->11
[2026-06-14T21:12:45.566+0530][gc,heap     ] GC(7) Humongous regions: 138->138
[2026-06-14T21:12:45.566+0530][gc,metaspace] GC(7) Metaspace: 41250K(41728K)->41250K(41728K) NonClass: 37138K(37376K)->37138K(37376K) Class: 4111K(4352K)->4111K(4352K)
[2026-06-14T21:12:45.566+0530][gc          ] GC(7) Pause Young (Normal) (G1 Evacuation Pause) 298M->159M(1024M) 14.943ms
[2026-06-14T21:12:45.566+0530][gc,cpu      ] GC(7) User=0.12s Sys=0.00s Real=0.01s
[2026-06-14T21:13:36.060+0530][gc,start    ] GC(7) Pause Young (Prepare Mixed) (G1 Evacuation Pause)
[2026-06-14T21:13:36.060+0530][gc,task     ] GC(7) Using 13 workers of 13 for evacuation
[2026-06-14T21:13:36.071+0530][gc,phases   ] GC(7)   Pre Evacuate Collection Set: 0.62ms
[2026-06-14T21:13:36.071+0530][gc,phases   ] GC(7)   Merge Heap Roots: 0.20ms
[2026-06-14T21:13:36.071+0530][gc,phases   ] GC(7)   Evacuate Collection Set: 8.48ms
[2026-06-14T21:13:36.071+0530][gc,phases   ] GC(7)   Post Evacuate Collection Set: 1.39ms
[2026-06-14T21:13:36.071+0530][gc,phases   ] GC(7)   Other: 0.21ms
[2026-06-14T21:13:36.071+0530][gc,heap     ] GC(7) Eden regions: 103->0(112)
[2026-06-14T21:13:36.071+0530][gc,heap     ] GC(7) Survivor regions: 4->6(14)
[2026-06-14T21:13:36.071+0530][gc,heap     ] GC(7) Old regions: 15->15
[2026-06-14T21:13:36.071+0530][gc,heap     ] GC(7) Humongous regions: 129->129
[2026-06-14T21:13:36.071+0530][gc,metaspace] GC(7) Metaspace: 40244K(40768K)->40244K(40768K) NonClass: 36272K(36544K)->36272K(36544K) Class: 3971K(4224K)->3971K(4224K)
[2026-06-14T21:13:36.071+0530][gc          ] GC(7) Pause Young (Prepare Mixed) (G1 Evacuation Pause) 249M->149M(1024M) 11.450ms
[2026-06-14T21:13:36.071+0530][gc,cpu      ] GC(7) User=0.05s Sys=0.08s Real=0.01s
[2026-06-14T21:16:23.705+0530][gc,start    ] GC(8) Pause Young (Mixed) (G1 Evacuation Pause)
[2026-06-14T21:16:23.705+0530][gc,task     ] GC(8) Using 13 workers of 13 for evacuation
[2026-06-14T21:16:23.714+0530][gc,phases   ] GC(8)   Pre Evacuate Collection Set: 0.52ms
[2026-06-14T21:16:23.714+0530][gc,phases   ] GC(8)   Merge Heap Roots: 0.19ms
[2026-06-14T21:16:23.714+0530][gc,phases   ] GC(8)   Evacuate Collection Set: 6.35ms
[2026-06-14T21:16:23.714+0530][gc,phases   ] GC(8)   Post Evacuate Collection Set: 0.94ms
[2026-06-14T21:16:23.714+0530][gc,phases   ] GC(8)   Other: 0.17ms
[2026-06-14T21:16:23.714+0530][gc,heap     ] GC(8) Eden regions: 76->0(106)
[2026-06-14T21:16:23.714+0530][gc,heap     ] GC(8) Survivor regions: 4->5(10)
[2026-06-14T21:16:23.714+0530][gc,heap     ] GC(8) Old regions: 18->18
[2026-06-14T21:16:23.714+0530][gc,heap     ] GC(8) Humongous regions: 129->129
[2026-06-14T21:16:23.714+0530][gc,metaspace] GC(8) Metaspace: 41340K(41920K)->41340K(41920K) NonClass: 37110K(37440K)->37110K(37440K) Class: 4229K(4480K)->4229K(4480K)
[2026-06-14T21:16:23.714+0530][gc          ] GC(8) Pause Young (Mixed) (G1 Evacuation Pause) 226M->151M(1024M) 8.677ms
[2026-06-14T21:16:23.714+0530][gc,cpu      ] GC(8) User=0.00s Sys=0.00s Real=0.01s
[2026-06-14T21:23:02.633+0530][gc,start    ] GC(8) Pause Young (Normal) (G1 Evacuation Pause)
[2026-06-14T21:23:02.633+0530][gc,task     ] GC(8) Using 13 workers of 13 for evacuation
[2026-06-14T21:23:02.646+0530][gc,phases   ] GC(8)   Pre Evacuate Collection Set: 0.63ms
[2026-06-14T21:23:02.646+0530][gc,phases   ] GC(8)   Merge Heap Roots: 0.22ms
[2026-06-14T21:23:02.646+0530][gc,phases   ] GC(8)   Evacuate Collection Set: 10.36ms
[2026-06-14T21:23:02.646+0530][gc,phases   ] GC(8)   Post Evacuate Collection Set: 1.21ms
[2026-06-14T21:23:02.646+0530][gc,phases   ] GC(8)   Other: 0.19ms
[2026-06-14T21:23:02.646+0530][gc,heap     ] GC(8) Eden regions: 125->0(227)
[2026-06-14T21:23:02.646+0530][gc,heap     ] GC(8) Survivor regions: 11->7(17)
[2026-06-14T21:23:02.646+0530][gc,heap     ] GC(8) Old regions: 11->16
[2026-06-14T21:23:02.646+0530][gc,heap     ] GC(8) Humongous regions: 138->138
[2026-06-14T21:23:02.646+0530][gc,metaspace] GC(8) Metaspace: 41359K(41856K)->41359K(41856K) NonClass: 37242K(37504K)->37242K(37504K) Class: 4116K(4352K)->4116K(4352K)
[2026-06-14T21:23:02.646+0530][gc          ] GC(8) Pause Young (Normal) (G1 Evacuation Pause) 284M->160M(1024M) 13.098ms
[2026-06-14T21:23:02.646+0530][gc,cpu      ] GC(8) User=0.05s Sys=0.08s Real=0.01s
[2026-06-14T21:24:50.066+0530][gc,start    ] GC(8) Pause Young (Mixed) (G1 Evacuation Pause)
[2026-06-14T21:24:50.066+0530][gc,task     ] GC(8) Using 13 workers of 13 for evacuation
[2026-06-14T21:24:50.077+0530][gc,phases   ] GC(8)   Pre Evacuate Collection Set: 0.43ms
[2026-06-14T21:24:50.077+0530][gc,phases   ] GC(8)   Merge Heap Roots: 0.22ms
[2026-06-14T21:24:50.077+0530][gc,phases   ] GC(8)   Evacuate Collection Set: 8.92ms
[2026-06-14T21:24:50.077+0530][gc,phases   ] GC(8)   Post Evacuate Collection Set: 1.45ms
[2026-06-14T21:24:50.077+0530][gc,phases   ] GC(8)   Other: 0.17ms
[2026-06-14T21:24:50.077+0530][gc,heap     ] GC(8) Eden regions: 112->0(165)
[2026-06-14T21:24:50.077+0530][gc,heap     ] GC(8) Survivor regions: 6->7(15)
[2026-06-14T21:24:50.077+0530][gc,heap     ] GC(8) Old regions: 15->15
[2026-06-14T21:24:50.077+0530][gc,heap     ] GC(8) Humongous regions: 129->129
[2026-06-14T21:24:50.077+0530][gc,metaspace] GC(8) Metaspace: 40386K(40832K)->40386K(40832K) NonClass: 36403K(36608K)->36403K(36608K) Class: 3982K(4224K)->3982K(4224K)
[2026-06-14T21:24:50.077+0530][gc          ] GC(8) Pause Young (Mixed) (G1 Evacuation Pause) 261M->149M(1024M) 11.730ms
[2026-06-14T21:24:50.077+0530][gc,cpu      ] GC(8) User=0.00s Sys=0.00s Real=0.01s
[2026-06-14T21:27:31.813+0530][gc,start    ] GC(9) Pause Young (Normal) (G1 Evacuation Pause)
[2026-06-14T21:27:31.813+0530][gc,task     ] GC(9) Using 13 workers of 13 for evacuation
[2026-06-14T21:27:31.821+0530][gc,phases   ] GC(9)   Pre Evacuate Collection Set: 0.36ms
[2026-06-14T21:27:31.821+0530][gc,phases   ] GC(9)   Merge Heap Roots: 0.13ms
[2026-06-14T21:27:31.821+0530][gc,phases   ] GC(9)   Evacuate Collection Set: 6.16ms
[2026-06-14T21:27:31.821+0530][gc,phases   ] GC(9)   Post Evacuate Collection Set: 0.94ms
[2026-06-14T21:27:31.821+0530][gc,phases   ] GC(9)   Other: 0.14ms
[2026-06-14T21:27:31.822+0530][gc,heap     ] GC(9) Eden regions: 106->0(168)
[2026-06-14T21:27:31.822+0530][gc,heap     ] GC(9) Survivor regions: 5->5(14)
[2026-06-14T21:27:31.822+0530][gc,heap     ] GC(9) Old regions: 18->18
[2026-06-14T21:27:31.822+0530][gc,heap     ] GC(9) Humongous regions: 129->129
[2026-06-14T21:27:31.822+0530][gc,metaspace] GC(9) Metaspace: 41470K(42048K)->41470K(42048K) NonClass: 37239K(37568K)->37239K(37568K) Class: 4230K(4480K)->4230K(4480K)
[2026-06-14T21:27:31.822+0530][gc          ] GC(9) Pause Young (Normal) (G1 Evacuation Pause) 257M->151M(1024M) 8.262ms
[2026-06-14T21:27:31.822+0530][gc,cpu      ] GC(9) User=0.00s Sys=0.00s Real=0.01s
[2026-06-14T21:43:08.684+0530][gc,start    ] GC(9) Pause Young (Normal) (G1 Evacuation Pause)
[2026-06-14T21:43:08.684+0530][gc,task     ] GC(9) Using 13 workers of 13 for evacuation
[2026-06-14T21:43:08.696+0530][gc,phases   ] GC(9)   Pre Evacuate Collection Set: 0.55ms
[2026-06-14T21:43:08.696+0530][gc,phases   ] GC(9)   Merge Heap Roots: 0.21ms
[2026-06-14T21:43:08.697+0530][gc,phases   ] GC(9)   Evacuate Collection Set: 8.96ms
[2026-06-14T21:43:08.697+0530][gc,phases   ] GC(9)   Post Evacuate Collection Set: 1.53ms
[2026-06-14T21:43:08.697+0530][gc,phases   ] GC(9)   Other: 0.31ms
[2026-06-14T21:43:08.697+0530][gc,heap     ] GC(9) Eden regions: 165->0(240)
[2026-06-14T21:43:08.697+0530][gc,heap     ] GC(9) Survivor regions: 7->7(22)
[2026-06-14T21:43:08.697+0530][gc,heap     ] GC(9) Old regions: 15->15
[2026-06-14T21:43:08.697+0530][gc,heap     ] GC(9) Humongous regions: 129->129
[2026-06-14T21:43:08.697+0530][gc,metaspace] GC(9) Metaspace: 40731K(41216K)->40731K(41216K) NonClass: 36689K(36928K)->36689K(36928K) Class: 4042K(4288K)->4042K(4288K)
[2026-06-14T21:43:08.697+0530][gc          ] GC(9) Pause Young (Normal) (G1 Evacuation Pause) 314M->150M(1024M) 12.117ms
[2026-06-14T21:43:08.697+0530][gc,cpu      ] GC(9) User=0.05s Sys=0.08s Real=0.01s
[2026-06-14T21:43:45.844+0530][gc,start    ] GC(9) Pause Young (Normal) (G1 Evacuation Pause)
[2026-06-14T21:43:45.844+0530][gc,task     ] GC(9) Using 13 workers of 13 for evacuation
[2026-06-14T21:43:45.852+0530][gc,phases   ] GC(9)   Pre Evacuate Collection Set: 0.46ms
[2026-06-14T21:43:45.852+0530][gc,phases   ] GC(9)   Merge Heap Roots: 0.18ms
[2026-06-14T21:43:45.852+0530][gc,phases   ] GC(9)   Evacuate Collection Set: 5.69ms
[2026-06-14T21:43:45.852+0530][gc,phases   ] GC(9)   Post Evacuate Collection Set: 1.23ms
[2026-06-14T21:43:45.852+0530][gc,phases   ] GC(9)   Other: 0.19ms
[2026-06-14T21:43:45.852+0530][gc,heap     ] GC(9) Eden regions: 227->0(466)
[2026-06-14T21:43:45.852+0530][gc,heap     ] GC(9) Survivor regions: 7->6(30)
[2026-06-14T21:43:45.852+0530][gc,heap     ] GC(9) Old regions: 16->16
[2026-06-14T21:43:45.852+0530][gc,heap     ] GC(9) Humongous regions: 138->138
[2026-06-14T21:43:45.852+0530][gc,metaspace] GC(9) Metaspace: 41432K(41984K)->41432K(41984K) NonClass: 37315K(37632K)->37315K(37632K) Class: 4117K(4352K)->4117K(4352K)
[2026-06-14T21:43:45.852+0530][gc          ] GC(9) Pause Young (Normal) (G1 Evacuation Pause) 387M->159M(1024M) 8.123ms
[2026-06-14T21:43:45.852+0530][gc,cpu      ] GC(9) User=0.00s Sys=0.00s Real=0.01s
[2026-06-14T21:46:47.588+0530][gc,start    ] GC(10) Pause Young (Normal) (G1 Evacuation Pause)
[2026-06-14T21:46:47.588+0530][gc,task     ] GC(10) Using 13 workers of 13 for evacuation
[2026-06-14T21:46:47.599+0530][gc,phases   ] GC(10)   Pre Evacuate Collection Set: 0.56ms
[2026-06-14T21:46:47.599+0530][gc,phases   ] GC(10)   Merge Heap Roots: 0.24ms
[2026-06-14T21:46:47.599+0530][gc,phases   ] GC(10)   Evacuate Collection Set: 8.32ms
[2026-06-14T21:46:47.599+0530][gc,phases   ] GC(10)   Post Evacuate Collection Set: 1.24ms
[2026-06-14T21:46:47.600+0530][gc,phases   ] GC(10)   Other: 0.22ms
[2026-06-14T21:46:47.600+0530][gc,heap     ] GC(10) Eden regions: 168->0(199)
[2026-06-14T21:46:47.600+0530][gc,heap     ] GC(10) Survivor regions: 5->7(22)
[2026-06-14T21:46:47.600+0530][gc,heap     ] GC(10) Old regions: 18->18
[2026-06-14T21:46:47.600+0530][gc,heap     ] GC(10) Humongous regions: 129->129
[2026-06-14T21:46:47.600+0530][gc,metaspace] GC(10) Metaspace: 41631K(42240K)->41631K(42240K) NonClass: 37377K(37696K)->37377K(37696K) Class: 4254K(4544K)->4254K(4544K)
[2026-06-14T21:46:47.600+0530][gc          ] GC(10) Pause Young (Normal) (G1 Evacuation Pause) 319M->152M(1024M) 11.148ms
[2026-06-14T21:46:47.600+0530][gc,cpu      ] GC(10) User=0.06s Sys=0.06s Real=0.01s
[2026-06-14T22:10:26.119+0530][gc,start    ] GC(11) Pause Young (Normal) (G1 Evacuation Pause)
[2026-06-14T22:10:26.120+0530][gc,task     ] GC(11) Using 13 workers of 13 for evacuation
[2026-06-14T22:10:26.134+0530][gc,phases   ] GC(11)   Pre Evacuate Collection Set: 0.75ms
[2026-06-14T22:10:26.134+0530][gc,phases   ] GC(11)   Merge Heap Roots: 0.30ms
[2026-06-14T22:10:26.136+0530][gc,phases   ] GC(11)   Evacuate Collection Set: 13.66ms
[2026-06-14T22:10:26.136+0530][gc,phases   ] GC(11)   Post Evacuate Collection Set: 1.26ms
[2026-06-14T22:10:26.136+0530][gc,phases   ] GC(11)   Other: 0.36ms
[2026-06-14T22:10:26.136+0530][gc,heap     ] GC(11) Eden regions: 199->0(122)
[2026-06-14T22:10:26.136+0530][gc,heap     ] GC(11) Survivor regions: 7->9(26)
[2026-06-14T22:10:26.136+0530][gc,heap     ] GC(11) Old regions: 18->18
[2026-06-14T22:10:26.136+0530][gc,heap     ] GC(11) Humongous regions: 147->147
[2026-06-14T22:10:26.136+0530][gc,metaspace] GC(11) Metaspace: 41976K(42624K)->41976K(42624K) NonClass: 37671K(38016K)->37671K(38016K) Class: 4304K(4608K)->4304K(4608K)
[2026-06-14T22:10:26.136+0530][gc          ] GC(11) Pause Young (Normal) (G1 Evacuation Pause) 369M->172M(1024M) 16.847ms
[2026-06-14T22:10:26.136+0530][gc,cpu      ] GC(11) User=0.09s Sys=0.00s Real=0.02s
[2026-06-14T22:12:00.945+0530][gc,start    ] GC(10) Pause Young (Normal) (G1 Evacuation Pause)
[2026-06-14T22:12:00.945+0530][gc,task     ] GC(10) Using 13 workers of 13 for evacuation
[2026-06-14T22:12:00.973+0530][gc,mmu      ] GC(10) MMU target violated: 21.0ms (20.0ms/21.0ms)
[2026-06-14T22:12:00.973+0530][gc,phases   ] GC(10)   Pre Evacuate Collection Set: 0.75ms
[2026-06-14T22:12:00.973+0530][gc,phases   ] GC(10)   Merge Heap Roots: 0.28ms
[2026-06-14T22:12:00.973+0530][gc,phases   ] GC(10)   Evacuate Collection Set: 24.33ms
[2026-06-14T22:12:00.973+0530][gc,phases   ] GC(10)   Post Evacuate Collection Set: 2.12ms
[2026-06-14T22:12:00.973+0530][gc,phases   ] GC(10)   Other: 0.42ms
[2026-06-14T22:12:00.973+0530][gc,heap     ] GC(10) Eden regions: 240->0(100)
[2026-06-14T22:12:00.973+0530][gc,heap     ] GC(10) Survivor regions: 7->9(31)
[2026-06-14T22:12:00.973+0530][gc,heap     ] GC(10) Old regions: 15->15
[2026-06-14T22:12:00.973+0530][gc,heap     ] GC(10) Humongous regions: 147->147
[2026-06-14T22:12:00.973+0530][gc,metaspace] GC(10) Metaspace: 41029K(41536K)->41029K(41536K) NonClass: 36953K(37248K)->36953K(37248K) Class: 4075K(4288K)->4075K(4288K)
[2026-06-14T22:12:00.973+0530][gc          ] GC(10) Pause Young (Normal) (G1 Evacuation Pause) 408M->169M(1024M) 28.436ms
[2026-06-14T22:12:00.973+0530][gc,cpu      ] GC(10) User=0.06s Sys=0.05s Real=0.03s
[2026-06-14T22:29:24.147+0530][gc,start    ] GC(10) Pause Young (Normal) (G1 Evacuation Pause)
[2026-06-14T22:29:24.147+0530][gc,task     ] GC(10) Using 13 workers of 13 for evacuation
[2026-06-14T22:29:24.170+0530][gc,mmu      ] GC(10) MMU target violated: 21.0ms (20.0ms/21.0ms)
[2026-06-14T22:29:24.170+0530][gc,phases   ] GC(10)   Pre Evacuate Collection Set: 0.46ms
[2026-06-14T22:29:24.170+0530][gc,phases   ] GC(10)   Merge Heap Roots: 0.32ms
[2026-06-14T22:29:24.170+0530][gc,phases   ] GC(10)   Evacuate Collection Set: 19.80ms
[2026-06-14T22:29:24.170+0530][gc,phases   ] GC(10)   Post Evacuate Collection Set: 2.01ms
[2026-06-14T22:29:24.170+0530][gc,phases   ] GC(10)   Other: 0.52ms
[2026-06-14T22:29:24.170+0530][gc,heap     ] GC(10) Eden regions: 466->0(506)
[2026-06-14T22:29:24.170+0530][gc,heap     ] GC(10) Survivor regions: 6->9(59)
[2026-06-14T22:29:24.170+0530][gc,heap     ] GC(10) Old regions: 16->16
[2026-06-14T22:29:24.170+0530][gc,heap     ] GC(10) Humongous regions: 147->147
[2026-06-14T22:29:24.170+0530][gc,metaspace] GC(10) Metaspace: 41950K(42496K)->41950K(42496K) NonClass: 37791K(38080K)->37791K(38080K) Class: 4159K(4416K)->4159K(4416K)
[2026-06-14T22:29:24.170+0530][gc          ] GC(10) Pause Young (Normal) (G1 Evacuation Pause) 634M->171M(1024M) 23.456ms
[2026-06-14T22:29:24.170+0530][gc,cpu      ] GC(10) User=0.02s Sys=0.02s Real=0.02s
[2026-06-14T23:27:37.917+0530][gc,start    ] GC(11) Pause Young (Normal) (G1 Evacuation Pause)
[2026-06-14T23:27:37.917+0530][gc,task     ] GC(11) Using 13 workers of 13 for evacuation
[2026-06-14T23:27:37.966+0530][gc,mmu      ] GC(11) MMU target violated: 21.0ms (20.0ms/21.0ms)
[2026-06-14T23:27:37.966+0530][gc,phases   ] GC(11)   Pre Evacuate Collection Set: 0.35ms
[2026-06-14T23:27:37.966+0530][gc,phases   ] GC(11)   Merge Heap Roots: 0.28ms
[2026-06-14T23:27:37.966+0530][gc,phases   ] GC(11)   Evacuate Collection Set: 46.32ms
[2026-06-14T23:27:37.966+0530][gc,phases   ] GC(11)   Post Evacuate Collection Set: 1.69ms
[2026-06-14T23:27:37.966+0530][gc,phases   ] GC(11)   Other: 0.29ms
[2026-06-14T23:27:37.966+0530][gc,heap     ] GC(11) Eden regions: 506->0(103)
[2026-06-14T23:27:37.966+0530][gc,heap     ] GC(11) Survivor regions: 9->22(65)
[2026-06-14T23:27:37.966+0530][gc,heap     ] GC(11) Old regions: 16->16
[2026-06-14T23:27:37.966+0530][gc,heap     ] GC(11) Humongous regions: 147->147
[2026-06-14T23:27:37.966+0530][gc,metaspace] GC(11) Metaspace: 42135K(42688K)->42135K(42688K) NonClass: 37975K(38272K)->37975K(38272K) Class: 4160K(4416K)->4160K(4416K)
[2026-06-14T23:27:37.966+0530][gc          ] GC(11) Pause Young (Normal) (G1 Evacuation Pause) 677M->183M(1024M) 49.127ms
[2026-06-14T23:27:37.966+0530][gc,cpu      ] GC(11) User=0.05s Sys=0.02s Real=0.05s
[2026-06-14T23:39:10.497+0530][gc,start    ] GC(12) Pause Young (Normal) (G1 Evacuation Pause)
[2026-06-14T23:39:10.497+0530][gc,task     ] GC(12) Using 13 workers of 13 for evacuation
[2026-06-14T23:39:10.535+0530][gc,mmu      ] GC(12) MMU target violated: 21.0ms (20.0ms/21.0ms)
[2026-06-14T23:39:10.535+0530][gc,phases   ] GC(12)   Pre Evacuate Collection Set: 0.45ms
[2026-06-14T23:39:10.535+0530][gc,phases   ] GC(12)   Merge Heap Roots: 0.22ms
[2026-06-14T23:39:10.535+0530][gc,phases   ] GC(12)   Evacuate Collection Set: 35.46ms
[2026-06-14T23:39:10.535+0530][gc,phases   ] GC(12)   Post Evacuate Collection Set: 1.09ms
[2026-06-14T23:39:10.535+0530][gc,phases   ] GC(12)   Other: 0.22ms
[2026-06-14T23:39:10.535+0530][gc,heap     ] GC(12) Eden regions: 103->0(610)
[2026-06-14T23:39:10.535+0530][gc,heap     ] GC(12) Survivor regions: 22->4(16)
[2026-06-14T23:39:10.535+0530][gc,heap     ] GC(12) Old regions: 16->37
[2026-06-14T23:39:10.535+0530][gc,heap     ] GC(12) Humongous regions: 147->147
[2026-06-14T23:39:10.535+0530][gc,metaspace] GC(12) Metaspace: 42140K(42688K)->42140K(42688K) NonClass: 37979K(38272K)->37979K(38272K) Class: 4160K(4416K)->4160K(4416K)
[2026-06-14T23:39:10.535+0530][gc          ] GC(12) Pause Young (Normal) (G1 Evacuation Pause) 286M->186M(1024M) 37.761ms
[2026-06-14T23:39:10.535+0530][gc,cpu      ] GC(12) User=0.09s Sys=0.02s Real=0.04s
[2026-06-15T00:51:03.196+0530][gc,start    ] GC(13) Pause Young (Normal) (G1 Evacuation Pause)
[2026-06-15T00:51:03.196+0530][gc,task     ] GC(13) Using 13 workers of 13 for evacuation
[2026-06-15T00:51:03.234+0530][gc,mmu      ] GC(13) MMU target violated: 21.0ms (20.0ms/21.0ms)
[2026-06-15T00:51:03.234+0530][gc,phases   ] GC(13)   Pre Evacuate Collection Set: 0.55ms
[2026-06-15T00:51:03.234+0530][gc,phases   ] GC(13)   Merge Heap Roots: 0.47ms
[2026-06-15T00:51:03.234+0530][gc,phases   ] GC(13)   Evacuate Collection Set: 35.12ms
[2026-06-15T00:51:03.234+0530][gc,phases   ] GC(13)   Post Evacuate Collection Set: 1.99ms
[2026-06-15T00:51:03.234+0530][gc,phases   ] GC(13)   Other: 0.41ms
[2026-06-15T00:51:03.234+0530][gc,heap     ] GC(13) Eden regions: 610->0(251)
[2026-06-15T00:51:03.234+0530][gc,heap     ] GC(13) Survivor regions: 4->19(77)
[2026-06-15T00:51:03.234+0530][gc,heap     ] GC(13) Old regions: 37->37
[2026-06-15T00:51:03.234+0530][gc,heap     ] GC(13) Humongous regions: 147->147
[2026-06-15T00:51:03.234+0530][gc,metaspace] GC(13) Metaspace: 42156K(42688K)->42156K(42688K) NonClass: 37994K(38272K)->37994K(38272K) Class: 4162K(4416K)->4162K(4416K)
[2026-06-15T00:51:03.234+0530][gc          ] GC(13) Pause Young (Normal) (G1 Evacuation Pause) 796M->201M(1024M) 38.972ms
[2026-06-15T00:51:03.234+0530][gc,cpu      ] GC(13) User=0.06s Sys=0.02s Real=0.04s
[2026-06-15T01:17:24.049+0530][gc,start    ] GC(14) Pause Young (Normal) (G1 Evacuation Pause)
[2026-06-15T01:17:24.049+0530][gc,task     ] GC(14) Using 13 workers of 13 for evacuation
[2026-06-15T01:17:24.079+0530][gc,mmu      ] GC(14) MMU target violated: 21.0ms (20.0ms/21.0ms)
[2026-06-15T01:17:24.079+0530][gc,phases   ] GC(14)   Pre Evacuate Collection Set: 0.52ms
[2026-06-15T01:17:24.079+0530][gc,phases   ] GC(14)   Merge Heap Roots: 0.41ms
[2026-06-15T01:17:24.079+0530][gc,phases   ] GC(14)   Evacuate Collection Set: 27.69ms
[2026-06-15T01:17:24.079+0530][gc,phases   ] GC(14)   Post Evacuate Collection Set: 1.07ms
[2026-06-15T01:17:24.079+0530][gc,phases   ] GC(14)   Other: 0.35ms
[2026-06-15T01:17:24.079+0530][gc,heap     ] GC(14) Eden regions: 226->0(160)
[2026-06-15T01:17:24.079+0530][gc,heap     ] GC(14) Survivor regions: 19->23(31)
[2026-06-15T01:17:24.080+0530][gc,heap     ] GC(14) Old regions: 37->39
[2026-06-15T01:17:24.080+0530][gc,heap     ] GC(14) Humongous regions: 147->147
[2026-06-15T01:17:24.080+0530][gc,metaspace] GC(14) Metaspace: 42160K(42688K)->42160K(42688K) NonClass: 37998K(38272K)->37998K(38272K) Class: 4162K(4416K)->4162K(4416K)
[2026-06-15T01:17:24.080+0530][gc          ] GC(14) Pause Young (Normal) (G1 Evacuation Pause) 427M->208M(1024M) 30.491ms
[2026-06-15T01:17:24.080+0530][gc,cpu      ] GC(14) User=0.06s Sys=0.03s Real=0.03s
[2026-06-15T01:33:45.850+0530][gc,start    ] GC(15) Pause Young (Normal) (G1 Evacuation Pause)
[2026-06-15T01:33:45.850+0530][gc,task     ] GC(15) Using 13 workers of 13 for evacuation
[2026-06-15T01:33:45.883+0530][gc,mmu      ] GC(15) MMU target violated: 21.0ms (20.0ms/21.0ms)
[2026-06-15T01:33:45.883+0530][gc,phases   ] GC(15)   Pre Evacuate Collection Set: 0.33ms
[2026-06-15T01:33:45.883+0530][gc,phases   ] GC(15)   Merge Heap Roots: 0.27ms
[2026-06-15T01:33:45.883+0530][gc,phases   ] GC(15)   Evacuate Collection Set: 30.87ms
[2026-06-15T01:33:45.883+0530][gc,phases   ] GC(15)   Post Evacuate Collection Set: 0.90ms
[2026-06-15T01:33:45.883+0530][gc,phases   ] GC(15)   Other: 0.26ms
[2026-06-15T01:33:45.883+0530][gc,heap     ] GC(15) Eden regions: 140->0(436)
[2026-06-15T01:33:45.883+0530][gc,heap     ] GC(15) Survivor regions: 23->11(21)
[2026-06-15T01:33:45.883+0530][gc,heap     ] GC(15) Old regions: 39->55
[2026-06-15T01:33:45.883+0530][gc,heap     ] GC(15) Humongous regions: 147->147
[2026-06-15T01:33:45.883+0530][gc,metaspace] GC(15) Metaspace: 42190K(42688K)->42190K(42688K) NonClass: 38027K(38272K)->38027K(38272K) Class: 4162K(4416K)->4162K(4416K)
[2026-06-15T01:33:45.883+0530][gc          ] GC(15) Pause Young (Normal) (G1 Evacuation Pause) 348M->212M(1024M) 33.029ms
[2026-06-15T01:33:45.883+0530][gc,cpu      ] GC(15) User=0.11s Sys=0.00s Real=0.03s
[2026-06-15T02:20:51.238+0530][gc,start    ] GC(16) Pause Young (Normal) (G1 Evacuation Pause)
[2026-06-15T02:20:51.238+0530][gc,task     ] GC(16) Using 13 workers of 13 for evacuation
[2026-06-15T02:20:51.269+0530][gc,mmu      ] GC(16) MMU target violated: 21.0ms (20.0ms/21.0ms)
[2026-06-15T02:20:51.269+0530][gc,phases   ] GC(16)   Pre Evacuate Collection Set: 0.47ms
[2026-06-15T02:20:51.269+0530][gc,phases   ] GC(16)   Merge Heap Roots: 0.56ms
[2026-06-15T02:20:51.269+0530][gc,phases   ] GC(16)   Evacuate Collection Set: 28.36ms
[2026-06-15T02:20:51.269+0530][gc,phases   ] GC(16)   Post Evacuate Collection Set: 1.39ms
[2026-06-15T02:20:51.269+0530][gc,phases   ] GC(16)   Other: 0.36ms
[2026-06-15T02:20:51.269+0530][gc,heap     ] GC(16) Eden regions: 401->0(253)
[2026-06-15T02:20:51.269+0530][gc,heap     ] GC(16) Survivor regions: 11->21(52)
[2026-06-15T02:20:51.269+0530][gc,heap     ] GC(16) Old regions: 55->55
[2026-06-15T02:20:51.269+0530][gc,heap     ] GC(16) Humongous regions: 147->147
[2026-06-15T02:20:51.269+0530][gc,metaspace] GC(16) Metaspace: 42202K(42752K)->42202K(42752K) NonClass: 38039K(38336K)->38039K(38336K) Class: 4162K(4416K)->4162K(4416K)
[2026-06-15T02:20:51.269+0530][gc          ] GC(16) Pause Young (Normal) (G1 Evacuation Pause) 613M->222M(1024M) 31.488ms
[2026-06-15T02:20:51.269+0530][gc,cpu      ] GC(16) User=0.09s Sys=0.03s Real=0.03s
[2026-06-15T02:48:38.151+0530][gc,start    ] GC(17) Pause Young (Normal) (G1 Evacuation Pause)
[2026-06-15T02:48:38.151+0530][gc,task     ] GC(17) Using 13 workers of 13 for evacuation
[2026-06-15T02:48:38.195+0530][gc,mmu      ] GC(17) MMU target violated: 21.0ms (20.0ms/21.0ms)
[2026-06-15T02:48:38.195+0530][gc,phases   ] GC(17)   Pre Evacuate Collection Set: 0.56ms
[2026-06-15T02:48:38.195+0530][gc,phases   ] GC(17)   Merge Heap Roots: 0.62ms
[2026-06-15T02:48:38.195+0530][gc,phases   ] GC(17)   Evacuate Collection Set: 40.97ms
[2026-06-15T02:48:38.195+0530][gc,phases   ] GC(17)   Post Evacuate Collection Set: 1.60ms
[2026-06-15T02:48:38.195+0530][gc,phases   ] GC(17)   Other: 0.31ms
[2026-06-15T02:48:38.195+0530][gc,heap     ] GC(17) Eden regions: 236->0(57)
[2026-06-15T02:48:38.195+0530][gc,heap     ] GC(17) Survivor regions: 21->23(33)
[2026-06-15T02:48:38.195+0530][gc,heap     ] GC(17) Old regions: 55->61
[2026-06-15T02:48:38.195+0530][gc,heap     ] GC(17) Humongous regions: 147->147
[2026-06-15T02:48:38.195+0530][gc,metaspace] GC(17) Metaspace: 42202K(42752K)->42202K(42752K) NonClass: 38039K(38336K)->38039K(38336K) Class: 4162K(4416K)->4162K(4416K)
[2026-06-15T02:48:38.195+0530][gc          ] GC(17) Pause Young (Normal) (G1 Evacuation Pause) 458M->229M(1024M) 44.463ms
[2026-06-15T02:48:38.195+0530][gc,cpu      ] GC(17) User=0.19s Sys=0.00s Real=0.04s
[2026-06-15T02:53:16.239+0530][gc,start    ] GC(18) Pause Young (Normal) (G1 Evacuation Pause)
[2026-06-15T02:53:16.240+0530][gc,task     ] GC(18) Using 13 workers of 13 for evacuation
[2026-06-15T02:53:16.278+0530][gc,mmu      ] GC(18) MMU target violated: 21.0ms (20.0ms/21.0ms)
[2026-06-15T02:53:16.278+0530][gc,phases   ] GC(18)   Pre Evacuate Collection Set: 0.38ms
[2026-06-15T02:53:16.278+0530][gc,phases   ] GC(18)   Merge Heap Roots: 0.34ms
[2026-06-15T02:53:16.278+0530][gc,phases   ] GC(18)   Evacuate Collection Set: 36.71ms
[2026-06-15T02:53:16.278+0530][gc,phases   ] GC(18)   Post Evacuate Collection Set: 0.97ms
[2026-06-15T02:53:16.278+0530][gc,phases   ] GC(18)   Other: 0.26ms
[2026-06-15T02:53:16.278+0530][gc,heap     ] GC(18) Eden regions: 40->0(269)
[2026-06-15T02:53:16.278+0530][gc,heap     ] GC(18) Survivor regions: 23->3(8)
[2026-06-15T02:53:16.278+0530][gc,heap     ] GC(18) Old regions: 61->82
[2026-06-15T02:53:16.278+0530][gc,heap     ] GC(18) Humongous regions: 147->147
[2026-06-15T02:53:16.278+0530][gc,metaspace] GC(18) Metaspace: 42202K(42752K)->42202K(42752K) NonClass: 38039K(38336K)->38039K(38336K) Class: 4162K(4416K)->4162K(4416K)
[2026-06-15T02:53:16.279+0530][gc          ] GC(18) Pause Young (Normal) (G1 Evacuation Pause) 269M->231M(1024M) 39.136ms
[2026-06-15T02:53:16.279+0530][gc,cpu      ] GC(18) User=0.08s Sys=0.03s Real=0.04s
[2026-06-15T03:23:13.332+0530][gc,start    ] GC(19) Pause Young (Normal) (G1 Evacuation Pause)
[2026-06-15T03:23:13.332+0530][gc,task     ] GC(19) Using 13 workers of 13 for evacuation
[2026-06-15T03:23:13.355+0530][gc,mmu      ] GC(19) MMU target violated: 21.0ms (20.0ms/21.0ms)
[2026-06-15T03:23:13.355+0530][gc,phases   ] GC(19)   Pre Evacuate Collection Set: 0.56ms
[2026-06-15T03:23:13.355+0530][gc,phases   ] GC(19)   Merge Heap Roots: 0.51ms
[2026-06-15T03:23:13.355+0530][gc,phases   ] GC(19)   Evacuate Collection Set: 20.96ms
[2026-06-15T03:23:13.355+0530][gc,phases   ] GC(19)   Post Evacuate Collection Set: 1.36ms
[2026-06-15T03:23:13.356+0530][gc,phases   ] GC(19)   Other: 0.34ms
[2026-06-15T03:23:13.356+0530][gc,heap     ] GC(19) Eden regions: 259->0(245)
[2026-06-15T03:23:13.356+0530][gc,heap     ] GC(19) Survivor regions: 3->9(33)
[2026-06-15T03:23:13.356+0530][gc,heap     ] GC(19) Old regions: 82->82
[2026-06-15T03:23:13.356+0530][gc,heap     ] GC(19) Humongous regions: 147->147
[2026-06-15T03:23:13.356+0530][gc,metaspace] GC(19) Metaspace: 42202K(42752K)->42202K(42752K) NonClass: 38039K(38336K)->38039K(38336K) Class: 4162K(4416K)->4162K(4416K)
[2026-06-15T03:23:13.356+0530][gc          ] GC(19) Pause Young (Normal) (G1 Evacuation Pause) 490M->236M(1024M) 24.390ms
[2026-06-15T03:23:13.356+0530][gc,cpu      ] GC(19) User=0.06s Sys=0.00s Real=0.02s
[2026-06-15T18:49:50.751+0530][gc,start    ] GC(20) Pause Young (Normal) (G1 Evacuation Pause)
[2026-06-15T18:49:50.751+0530][gc,task     ] GC(20) Using 13 workers of 13 for evacuation
[2026-06-15T18:49:50.761+0530][gc,phases   ] GC(20)   Pre Evacuate Collection Set: 0.46ms
[2026-06-15T18:49:50.761+0530][gc,phases   ] GC(20)   Merge Heap Roots: 0.31ms
[2026-06-15T18:49:50.761+0530][gc,phases   ] GC(20)   Evacuate Collection Set: 8.50ms
[2026-06-15T18:49:50.761+0530][gc,phases   ] GC(20)   Post Evacuate Collection Set: 0.84ms
[2026-06-15T18:49:50.761+0530][gc,phases   ] GC(20)   Other: 0.12ms
[2026-06-15T18:49:50.761+0530][gc,heap     ] GC(20) Eden regions: 238->0(292)
[2026-06-15T18:49:50.761+0530][gc,heap     ] GC(20) Survivor regions: 9->10(31)
[2026-06-15T18:49:50.761+0530][gc,heap     ] GC(20) Old regions: 82->82
[2026-06-15T18:49:50.761+0530][gc,heap     ] GC(20) Humongous regions: 147->147
[2026-06-15T18:49:50.761+0530][gc,metaspace] GC(20) Metaspace: 42224K(42752K)->42224K(42752K) NonClass: 38061K(38336K)->38061K(38336K) Class: 4162K(4416K)->4162K(4416K)
[2026-06-15T18:49:50.761+0530][gc          ] GC(20) Pause Young (Normal) (G1 Evacuation Pause) 474M->238M(1024M) 10.484ms
[2026-06-15T18:49:50.762+0530][gc,cpu      ] GC(20) User=0.08s Sys=0.00s Real=0.01s
