[2026-06-13T14:43:24.706+0530][gc,init] CardTable entry size: 512
[2026-06-13T14:43:24.706+0530][gc     ] Using G1
[2026-06-13T14:43:24.706+0530][gc,init] Version: 25.0.1+8-LTS-27 (release)
[2026-06-13T14:43:24.706+0530][gc,init] CPUs: 16 total, 16 available
[2026-06-13T14:43:24.706+0530][gc,init] Memory: 16068M
[2026-06-13T14:43:24.706+0530][gc,init] Large Page Support: Disabled
[2026-06-13T14:43:24.706+0530][gc,init] NUMA Support: Disabled
[2026-06-13T14:43:24.706+0530][gc,init] Compressed Oops: Enabled (32-bit)
[2026-06-13T14:43:24.706+0530][gc,init] Heap Region Size: 1M
[2026-06-13T14:43:24.706+0530][gc,init] Heap Min Capacity: 1G
[2026-06-13T14:43:24.706+0530][gc,init] Heap Initial Capacity: 1G
[2026-06-13T14:43:24.706+0530][gc,init] Heap Max Capacity: 1G
[2026-06-13T14:43:24.706+0530][gc,init] Pre-touch: Disabled
[2026-06-13T14:43:24.706+0530][gc,init] Parallel Workers: 13
[2026-06-13T14:43:24.706+0530][gc,init] Concurrent Workers: 3
[2026-06-13T14:43:24.706+0530][gc,init] Concurrent Refinement Workers: 13
[2026-06-13T14:43:24.706+0530][gc,init] Periodic GC: Disabled
[2026-06-13T14:43:24.721+0530][gc,metaspace] CDS archive(s) mapped at: [0x0000000032000000-0x0000000032dd0000-0x0000000032dd0000), size 14483456, SharedBaseAddress: 0x0000000032000000, ArchiveRelocationMode: 1.
[2026-06-13T14:43:24.721+0530][gc,metaspace] Compressed class space mapped at: 0x0000000033000000-0x0000000073000000, reserved size: 1073741824
[2026-06-13T14:43:24.721+0530][gc,metaspace] UseCompressedClassPointers 1, UseCompactObjectHeaders 0
[2026-06-13T14:43:24.721+0530][gc,metaspace] Narrow klass pointer bits 32, Max shift 3
[2026-06-13T14:43:24.721+0530][gc,metaspace] Narrow klass base: 0x0000000032000000, Narrow klass shift: 0
[2026-06-13T14:43:24.721+0530][gc,metaspace] Encoding Range: [0x0000000032000000 - 0x0000000132000000), (4294967296 bytes)
[2026-06-13T14:43:24.721+0530][gc,metaspace] Klass Range:    [0x0000000032010000 - 0x0000000073000000), (1090453504 bytes)
[2026-06-13T14:43:24.721+0530][gc,metaspace] Klass ID Range:  [65536 - 1090519033) (1090453497)
[2026-06-13T14:43:24.721+0530][gc,metaspace] Protection zone: [0x0000000032000000 - 0x0000000032010000), (65536 bytes)
[2026-06-13T14:43:25.539+0530][gc,start    ] GC(0) Pause Young (Normal) (G1 Evacuation Pause)
[2026-06-13T14:43:25.539+0530][gc,task     ] GC(0) Using 13 workers of 13 for evacuation
[2026-06-13T14:43:25.545+0530][gc,phases   ] GC(0)   Pre Evacuate Collection Set: 0.20ms
[2026-06-13T14:43:25.545+0530][gc,phases   ] GC(0)   Merge Heap Roots: 0.07ms
[2026-06-13T14:43:25.545+0530][gc,phases   ] GC(0)   Evacuate Collection Set: 3.97ms
[2026-06-13T14:43:25.545+0530][gc,phases   ] GC(0)   Post Evacuate Collection Set: 0.88ms
[2026-06-13T14:43:25.545+0530][gc,phases   ] GC(0)   Other: 0.43ms
[2026-06-13T14:43:25.545+0530][gc,heap     ] GC(0) Eden regions: 51->0(44)
[2026-06-13T14:43:25.545+0530][gc,heap     ] GC(0) Survivor regions: 0->7(7)
[2026-06-13T14:43:25.545+0530][gc,heap     ] GC(0) Old regions: 2->3
[2026-06-13T14:43:25.545+0530][gc,heap     ] GC(0) Humongous regions: 0->0
[2026-06-13T14:43:25.545+0530][gc,metaspace] GC(0) Metaspace: 17112K(17280K)->17112K(17280K) NonClass: 15582K(15680K)->15582K(15680K) Class: 1530K(1600K)->1530K(1600K)
[2026-06-13T14:43:25.545+0530][gc          ] GC(0) Pause Young (Normal) (G1 Evacuation Pause) 52M->8M(1024M) 5.820ms
[2026-06-13T14:43:25.545+0530][gc,cpu      ] GC(0) User=0.08s Sys=0.12s Real=0.01s
[2026-06-13T14:43:25.741+0530][gc,start    ] GC(1) Pause Young (Concurrent Start) (Metadata GC Threshold)
[2026-06-13T14:43:25.741+0530][gc,task     ] GC(1) Using 13 workers of 13 for evacuation
[2026-06-13T14:43:25.746+0530][gc,phases   ] GC(1)   Pre Evacuate Collection Set: 0.34ms
[2026-06-13T14:43:25.746+0530][gc,phases   ] GC(1)   Merge Heap Roots: 0.05ms
[2026-06-13T14:43:25.746+0530][gc,phases   ] GC(1)   Evacuate Collection Set: 3.71ms
[2026-06-13T14:43:25.746+0530][gc,phases   ] GC(1)   Post Evacuate Collection Set: 0.58ms
[2026-06-13T14:43:25.746+0530][gc,phases   ] GC(1)   Other: 0.07ms
[2026-06-13T14:43:25.746+0530][gc,heap     ] GC(1) Eden regions: 18->0(49)
[2026-06-13T14:43:25.746+0530][gc,heap     ] GC(1) Survivor regions: 7->2(7)
[2026-06-13T14:43:25.746+0530][gc,heap     ] GC(1) Old regions: 3->11
[2026-06-13T14:43:25.746+0530][gc,heap     ] GC(1) Humongous regions: 0->0
[2026-06-13T14:43:25.746+0530][gc,metaspace] GC(1) Metaspace: 21351K(21504K)->21351K(21504K) NonClass: 19353K(19456K)->19353K(19456K) Class: 1997K(2048K)->1997K(2048K)
[2026-06-13T14:43:25.746+0530][gc          ] GC(1) Pause Young (Concurrent Start) (Metadata GC Threshold) 26M->11M(1024M) 5.045ms
[2026-06-13T14:43:25.746+0530][gc,cpu      ] GC(1) User=0.05s Sys=0.00s Real=0.01s
[2026-06-13T14:43:25.746+0530][gc          ] GC(2) Concurrent Mark Cycle
[2026-06-13T14:43:25.746+0530][gc,marking  ] GC(2) Concurrent Scan Root Regions
[2026-06-13T14:43:25.748+0530][gc,marking  ] GC(2) Concurrent Scan Root Regions 1.694ms
[2026-06-13T14:43:25.748+0530][gc,marking  ] GC(2) Concurrent Mark
[2026-06-13T14:43:25.748+0530][gc,marking  ] GC(2) Concurrent Mark From Roots
[2026-06-13T14:43:25.748+0530][gc,task     ] GC(2) Using 3 workers of 3 for marking
[2026-06-13T14:43:25.750+0530][gc,marking  ] GC(2) Concurrent Mark From Roots 1.805ms
[2026-06-13T14:43:25.750+0530][gc,marking  ] GC(2) Concurrent Preclean
[2026-06-13T14:43:25.750+0530][gc,marking  ] GC(2) Concurrent Preclean 0.013ms
[2026-06-13T14:43:25.750+0530][gc,start    ] GC(2) Pause Remark
[2026-06-13T14:43:25.751+0530][gc          ] GC(2) Pause Remark 11M->11M(1024M) 1.573ms
[2026-06-13T14:43:25.751+0530][gc,cpu      ] GC(2) User=0.00s Sys=0.00s Real=0.00s
[2026-06-13T14:43:25.752+0530][gc,marking  ] GC(2) Concurrent Mark 3.592ms
[2026-06-13T14:43:25.752+0530][gc,marking  ] GC(2) Concurrent Rebuild Remembered Sets and Scrub Regions
[2026-06-13T14:43:25.753+0530][gc,marking  ] GC(2) Concurrent Rebuild Remembered Sets and Scrub Regions 1.476ms
[2026-06-13T14:43:25.753+0530][gc,start    ] GC(2) Pause Cleanup
[2026-06-13T14:43:25.753+0530][gc          ] GC(2) Pause Cleanup 12M->12M(1024M) 0.053ms
[2026-06-13T14:43:25.753+0530][gc,cpu      ] GC(2) User=0.00s Sys=0.00s Real=0.00s
[2026-06-13T14:43:25.753+0530][gc,marking  ] GC(2) Concurrent Clear Claimed Marks
[2026-06-13T14:43:25.753+0530][gc,marking  ] GC(2) Concurrent Clear Claimed Marks 0.050ms
[2026-06-13T14:43:25.753+0530][gc,marking  ] GC(2) Concurrent Cleanup for Next Mark
[2026-06-13T14:43:25.756+0530][gc,marking  ] GC(2) Concurrent Cleanup for Next Mark 3.087ms
[2026-06-13T14:43:25.756+0530][gc          ] GC(2) Concurrent Mark Cycle 10.366ms
[2026-06-13T14:43:26.339+0530][gc,start    ] GC(3) Pause Young (Prepare Mixed) (G1 Evacuation Pause)
[2026-06-13T14:43:26.339+0530][gc,task     ] GC(3) Using 13 workers of 13 for evacuation
[2026-06-13T14:43:26.343+0530][gc,phases   ] GC(3)   Pre Evacuate Collection Set: 0.25ms
[2026-06-13T14:43:26.343+0530][gc,phases   ] GC(3)   Merge Heap Roots: 0.07ms
[2026-06-13T14:43:26.343+0530][gc,phases   ] GC(3)   Evacuate Collection Set: 2.53ms
[2026-06-13T14:43:26.343+0530][gc,phases   ] GC(3)   Post Evacuate Collection Set: 0.41ms
[2026-06-13T14:43:26.343+0530][gc,phases   ] GC(3)   Other: 0.08ms
[2026-06-13T14:43:26.343+0530][gc,heap     ] GC(3) Eden regions: 49->0(44)
[2026-06-13T14:43:26.343+0530][gc,heap     ] GC(3) Survivor regions: 2->7(7)
[2026-06-13T14:43:26.343+0530][gc,heap     ] GC(3) Old regions: 11->11
[2026-06-13T14:43:26.343+0530][gc,heap     ] GC(3) Humongous regions: 0->0
[2026-06-13T14:43:26.343+0530][gc,metaspace] GC(3) Metaspace: 31384K(31680K)->31384K(31680K) NonClass: 28471K(28608K)->28471K(28608K) Class: 2913K(3072K)->2913K(3072K)
[2026-06-13T14:43:26.343+0530][gc          ] GC(3) Pause Young (Prepare Mixed) (G1 Evacuation Pause) 60M->15M(1024M) 3.545ms
[2026-06-13T14:43:26.343+0530][gc,cpu      ] GC(3) User=0.00s Sys=0.00s Real=0.00s
[2026-06-13T14:44:31.618+0530][gc,exit     ] Heap
[2026-06-13T14:44:31.618+0530][gc,exit     ]  garbage-first heap   total reserved 1048576K, committed 1048576K, used 49291K [0x00000000c0000000, 0x0000000100000000)
[2026-06-13T14:44:31.618+0530][gc,exit     ]   region size 1024K, 40 young (40960K), 7 survivors (7168K)
[2026-06-13T14:44:31.618+0530][gc,exit     ]  Metaspace       used 34502K, committed 34816K, reserved 1114112K
[2026-06-13T14:44:31.618+0530][gc,exit     ]   class space    used 3260K, committed 3392K, reserved 1048576K
