[2026-06-13T18:51:22.363+0530][gc,init] CardTable entry size: 512
[2026-06-13T18:51:22.363+0530][gc     ] Using G1
[2026-06-13T18:51:22.370+0530][gc,init] Version: 25.0.1+8-LTS-27 (release)
[2026-06-13T18:51:22.370+0530][gc,init] CPUs: 16 total, 16 available
[2026-06-13T18:51:22.370+0530][gc,init] Memory: 16068M
[2026-06-13T18:51:22.370+0530][gc,init] Large Page Support: Disabled
[2026-06-13T18:51:22.370+0530][gc,init] NUMA Support: Disabled
[2026-06-13T18:51:22.370+0530][gc,init] Compressed Oops: Enabled (32-bit)
[2026-06-13T18:51:22.370+0530][gc,init] Heap Region Size: 1M
[2026-06-13T18:51:22.370+0530][gc,init] Heap Min Capacity: 1G
[2026-06-13T18:51:22.370+0530][gc,init] Heap Initial Capacity: 1G
[2026-06-13T18:51:22.370+0530][gc,init] Heap Max Capacity: 1G
[2026-06-13T18:51:22.370+0530][gc,init] Pre-touch: Disabled
[2026-06-13T18:51:22.370+0530][gc,init] Parallel Workers: 13
[2026-06-13T18:51:22.370+0530][gc,init] Concurrent Workers: 3
[2026-06-13T18:51:22.370+0530][gc,init] Concurrent Refinement Workers: 13
[2026-06-13T18:51:22.370+0530][gc,init] Periodic GC: Disabled
[2026-06-13T18:51:22.384+0530][gc,metaspace] CDS archive(s) mapped at: [0x000000000c000000-0x000000000cdd0000-0x000000000cdd0000), size 14483456, SharedBaseAddress: 0x000000000c000000, ArchiveRelocationMode: 1.
[2026-06-13T18:51:22.384+0530][gc,metaspace] Compressed class space mapped at: 0x000000000d000000-0x000000004d000000, reserved size: 1073741824
[2026-06-13T18:51:22.384+0530][gc,metaspace] UseCompressedClassPointers 1, UseCompactObjectHeaders 0
[2026-06-13T18:51:22.384+0530][gc,metaspace] Narrow klass pointer bits 32, Max shift 3
[2026-06-13T18:51:22.384+0530][gc,metaspace] Narrow klass base: 0x000000000c000000, Narrow klass shift: 0
[2026-06-13T18:51:22.384+0530][gc,metaspace] Encoding Range: [0x000000000c000000 - 0x000000010c000000), (4294967296 bytes)
[2026-06-13T18:51:22.384+0530][gc,metaspace] Klass Range:    [0x000000000c010000 - 0x000000004d000000), (1090453504 bytes)
[2026-06-13T18:51:22.384+0530][gc,metaspace] Klass ID Range:  [65536 - 1090519033) (1090453497)
[2026-06-13T18:51:22.384+0530][gc,metaspace] Protection zone: [0x000000000c000000 - 0x000000000c010000), (65536 bytes)
[2026-06-13T18:51:23.425+0530][gc,start    ] GC(0) Pause Young (Normal) (G1 Evacuation Pause)
[2026-06-13T18:51:23.426+0530][gc,task     ] GC(0) Using 13 workers of 13 for evacuation
[2026-06-13T18:51:23.430+0530][gc,phases   ] GC(0)   Pre Evacuate Collection Set: 0.22ms
[2026-06-13T18:51:23.430+0530][gc,phases   ] GC(0)   Merge Heap Roots: 0.06ms
[2026-06-13T18:51:23.430+0530][gc,phases   ] GC(0)   Evacuate Collection Set: 3.07ms
[2026-06-13T18:51:23.430+0530][gc,phases   ] GC(0)   Post Evacuate Collection Set: 0.89ms
[2026-06-13T18:51:23.430+0530][gc,phases   ] GC(0)   Other: 0.51ms
[2026-06-13T18:51:23.430+0530][gc,heap     ] GC(0) Eden regions: 51->0(44)
[2026-06-13T18:51:23.430+0530][gc,heap     ] GC(0) Survivor regions: 0->7(7)
[2026-06-13T18:51:23.430+0530][gc,heap     ] GC(0) Old regions: 2->4
[2026-06-13T18:51:23.430+0530][gc,heap     ] GC(0) Humongous regions: 0->0
[2026-06-13T18:51:23.430+0530][gc,metaspace] GC(0) Metaspace: 17133K(17344K)->17133K(17344K) NonClass: 15602K(15744K)->15602K(15744K) Class: 1531K(1600K)->1531K(1600K)
[2026-06-13T18:51:23.430+0530][gc          ] GC(0) Pause Young (Normal) (G1 Evacuation Pause) 52M->9M(1024M) 4.998ms
[2026-06-13T18:51:23.430+0530][gc,cpu      ] GC(0) User=0.00s Sys=0.00s Real=0.01s
[2026-06-13T18:51:23.650+0530][gc,start    ] GC(1) Pause Young (Concurrent Start) (Metadata GC Threshold)
[2026-06-13T18:51:23.650+0530][gc,task     ] GC(1) Using 13 workers of 13 for evacuation
[2026-06-13T18:51:23.654+0530][gc,phases   ] GC(1)   Pre Evacuate Collection Set: 0.22ms
[2026-06-13T18:51:23.654+0530][gc,phases   ] GC(1)   Merge Heap Roots: 0.07ms
[2026-06-13T18:51:23.654+0530][gc,phases   ] GC(1)   Evacuate Collection Set: 3.28ms
[2026-06-13T18:51:23.654+0530][gc,phases   ] GC(1)   Post Evacuate Collection Set: 0.79ms
[2026-06-13T18:51:23.654+0530][gc,phases   ] GC(1)   Other: 0.10ms
[2026-06-13T18:51:23.654+0530][gc,heap     ] GC(1) Eden regions: 18->0(56)
[2026-06-13T18:51:23.654+0530][gc,heap     ] GC(1) Survivor regions: 7->3(7)
[2026-06-13T18:51:23.654+0530][gc,heap     ] GC(1) Old regions: 4->10
[2026-06-13T18:51:23.654+0530][gc,heap     ] GC(1) Humongous regions: 0->0
[2026-06-13T18:51:23.654+0530][gc,metaspace] GC(1) Metaspace: 21352K(21504K)->21352K(21504K) NonClass: 19355K(19456K)->19355K(19456K) Class: 1997K(2048K)->1997K(2048K)
[2026-06-13T18:51:23.654+0530][gc          ] GC(1) Pause Young (Concurrent Start) (Metadata GC Threshold) 27M->11M(1024M) 4.861ms
[2026-06-13T18:51:23.654+0530][gc,cpu      ] GC(1) User=0.11s Sys=0.08s Real=0.00s
[2026-06-13T18:51:23.654+0530][gc          ] GC(2) Concurrent Mark Cycle
[2026-06-13T18:51:23.655+0530][gc,marking  ] GC(2) Concurrent Scan Root Regions
[2026-06-13T18:51:23.656+0530][gc,marking  ] GC(2) Concurrent Scan Root Regions 1.641ms
[2026-06-13T18:51:23.656+0530][gc,marking  ] GC(2) Concurrent Mark
[2026-06-13T18:51:23.656+0530][gc,marking  ] GC(2) Concurrent Mark From Roots
[2026-06-13T18:51:23.656+0530][gc,task     ] GC(2) Using 3 workers of 3 for marking
[2026-06-13T18:51:23.658+0530][gc,marking  ] GC(2) Concurrent Mark From Roots 1.917ms
[2026-06-13T18:51:23.658+0530][gc,marking  ] GC(2) Concurrent Preclean
[2026-06-13T18:51:23.658+0530][gc,marking  ] GC(2) Concurrent Preclean 0.019ms
[2026-06-13T18:51:23.658+0530][gc,start    ] GC(2) Pause Remark
[2026-06-13T18:51:23.660+0530][gc          ] GC(2) Pause Remark 11M->11M(1024M) 1.674ms
[2026-06-13T18:51:23.660+0530][gc,cpu      ] GC(2) User=0.00s Sys=0.00s Real=0.00s
[2026-06-13T18:51:23.660+0530][gc,marking  ] GC(2) Concurrent Mark 3.894ms
[2026-06-13T18:51:23.660+0530][gc,marking  ] GC(2) Concurrent Rebuild Remembered Sets and Scrub Regions
[2026-06-13T18:51:23.662+0530][gc,marking  ] GC(2) Concurrent Rebuild Remembered Sets and Scrub Regions 1.921ms
[2026-06-13T18:51:23.662+0530][gc,start    ] GC(2) Pause Cleanup
[2026-06-13T18:51:23.662+0530][gc          ] GC(2) Pause Cleanup 11M->11M(1024M) 0.079ms
[2026-06-13T18:51:23.662+0530][gc,cpu      ] GC(2) User=0.00s Sys=0.00s Real=0.00s
[2026-06-13T18:51:23.662+0530][gc,marking  ] GC(2) Concurrent Clear Claimed Marks
[2026-06-13T18:51:23.662+0530][gc,marking  ] GC(2) Concurrent Clear Claimed Marks 0.052ms
[2026-06-13T18:51:23.662+0530][gc,marking  ] GC(2) Concurrent Cleanup for Next Mark
[2026-06-13T18:51:23.665+0530][gc,marking  ] GC(2) Concurrent Cleanup for Next Mark 2.376ms
[2026-06-13T18:51:23.665+0530][gc          ] GC(2) Concurrent Mark Cycle 10.427ms
[2026-06-13T18:51:24.487+0530][gc,start    ] GC(3) Pause Young (Prepare Mixed) (G1 Evacuation Pause)
[2026-06-13T18:51:24.487+0530][gc,task     ] GC(3) Using 13 workers of 13 for evacuation
[2026-06-13T18:51:24.491+0530][gc,phases   ] GC(3)   Pre Evacuate Collection Set: 0.21ms
[2026-06-13T18:51:24.491+0530][gc,phases   ] GC(3)   Merge Heap Roots: 0.08ms
[2026-06-13T18:51:24.491+0530][gc,phases   ] GC(3)   Evacuate Collection Set: 3.17ms
[2026-06-13T18:51:24.491+0530][gc,phases   ] GC(3)   Post Evacuate Collection Set: 0.69ms
[2026-06-13T18:51:24.491+0530][gc,phases   ] GC(3)   Other: 0.12ms
[2026-06-13T18:51:24.491+0530][gc,heap     ] GC(3) Eden regions: 56->0(69)
[2026-06-13T18:51:24.491+0530][gc,heap     ] GC(3) Survivor regions: 3->6(8)
[2026-06-13T18:51:24.491+0530][gc,heap     ] GC(3) Old regions: 10->10
[2026-06-13T18:51:24.491+0530][gc,heap     ] GC(3) Humongous regions: 0->0
[2026-06-13T18:51:24.491+0530][gc,metaspace] GC(3) Metaspace: 31449K(31680K)->31449K(31680K) NonClass: 28461K(28544K)->28461K(28544K) Class: 2988K(3136K)->2988K(3136K)
[2026-06-13T18:51:24.491+0530][gc          ] GC(3) Pause Young (Prepare Mixed) (G1 Evacuation Pause) 67M->14M(1024M) 4.586ms
[2026-06-13T18:51:24.492+0530][gc,cpu      ] GC(3) User=0.00s Sys=0.00s Real=0.01s
[2026-06-13T18:52:29.748+0530][gc,exit     ] Heap
[2026-06-13T18:52:29.748+0530][gc,exit     ]  garbage-first heap   total reserved 1048576K, committed 1048576K, used 53321K [0x00000000c0000000, 0x0000000100000000)
[2026-06-13T18:52:29.748+0530][gc,exit     ]   region size 1024K, 44 young (45056K), 6 survivors (6144K)
[2026-06-13T18:52:29.748+0530][gc,exit     ]  Metaspace       used 35034K, committed 35328K, reserved 1114112K
[2026-06-13T18:52:29.748+0530][gc,exit     ]   class space    used 3338K, committed 3456K, reserved 1048576K
