[2026-06-13T18:49:25.390+0530][gc,init] CardTable entry size: 512
[2026-06-13T18:49:25.390+0530][gc     ] Using G1
[2026-06-13T18:49:25.407+0530][gc,init] Version: 25.0.1+8-LTS-27 (release)
[2026-06-13T18:49:25.407+0530][gc,init] CPUs: 16 total, 16 available
[2026-06-13T18:49:25.407+0530][gc,init] Memory: 16068M
[2026-06-13T18:49:25.407+0530][gc,init] Large Page Support: Disabled
[2026-06-13T18:49:25.407+0530][gc,init] NUMA Support: Disabled
[2026-06-13T18:49:25.407+0530][gc,init] Compressed Oops: Enabled (32-bit)
[2026-06-13T18:49:25.407+0530][gc,init] Heap Region Size: 1M
[2026-06-13T18:49:25.407+0530][gc,init] Heap Min Capacity: 1G
[2026-06-13T18:49:25.407+0530][gc,init] Heap Initial Capacity: 1G
[2026-06-13T18:49:25.407+0530][gc,init] Heap Max Capacity: 1G
[2026-06-13T18:49:25.407+0530][gc,init] Pre-touch: Disabled
[2026-06-13T18:49:25.407+0530][gc,init] Parallel Workers: 13
[2026-06-13T18:49:25.407+0530][gc,init] Concurrent Workers: 3
[2026-06-13T18:49:25.407+0530][gc,init] Concurrent Refinement Workers: 13
[2026-06-13T18:49:25.407+0530][gc,init] Periodic GC: Disabled
[2026-06-13T18:49:25.414+0530][gc,metaspace] CDS archive(s) mapped at: [0x0000000031000000-0x0000000031dd0000-0x0000000031dd0000), size 14483456, SharedBaseAddress: 0x0000000031000000, ArchiveRelocationMode: 1.
[2026-06-13T18:49:25.414+0530][gc,metaspace] Compressed class space mapped at: 0x0000000032000000-0x0000000072000000, reserved size: 1073741824
[2026-06-13T18:49:25.414+0530][gc,metaspace] UseCompressedClassPointers 1, UseCompactObjectHeaders 0
[2026-06-13T18:49:25.414+0530][gc,metaspace] Narrow klass pointer bits 32, Max shift 3
[2026-06-13T18:49:25.414+0530][gc,metaspace] Narrow klass base: 0x0000000031000000, Narrow klass shift: 0
[2026-06-13T18:49:25.414+0530][gc,metaspace] Encoding Range: [0x0000000031000000 - 0x0000000131000000), (4294967296 bytes)
[2026-06-13T18:49:25.414+0530][gc,metaspace] Klass Range:    [0x0000000031010000 - 0x0000000072000000), (1090453504 bytes)
[2026-06-13T18:49:25.414+0530][gc,metaspace] Klass ID Range:  [65536 - 1090519033) (1090453497)
[2026-06-13T18:49:25.414+0530][gc,metaspace] Protection zone: [0x0000000031000000 - 0x0000000031010000), (65536 bytes)
[2026-06-13T18:49:26.116+0530][gc,start    ] GC(0) Pause Young (Normal) (G1 Evacuation Pause)
[2026-06-13T18:49:26.116+0530][gc,task     ] GC(0) Using 13 workers of 13 for evacuation
[2026-06-13T18:49:26.120+0530][gc,phases   ] GC(0)   Pre Evacuate Collection Set: 0.19ms
[2026-06-13T18:49:26.120+0530][gc,phases   ] GC(0)   Merge Heap Roots: 0.06ms
[2026-06-13T18:49:26.120+0530][gc,phases   ] GC(0)   Evacuate Collection Set: 3.30ms
[2026-06-13T18:49:26.120+0530][gc,phases   ] GC(0)   Post Evacuate Collection Set: 0.78ms
[2026-06-13T18:49:26.121+0530][gc,phases   ] GC(0)   Other: 0.44ms
[2026-06-13T18:49:26.121+0530][gc,heap     ] GC(0) Eden regions: 51->0(44)
[2026-06-13T18:49:26.121+0530][gc,heap     ] GC(0) Survivor regions: 0->7(7)
[2026-06-13T18:49:26.121+0530][gc,heap     ] GC(0) Old regions: 2->3
[2026-06-13T18:49:26.121+0530][gc,heap     ] GC(0) Humongous regions: 0->0
[2026-06-13T18:49:26.121+0530][gc,metaspace] GC(0) Metaspace: 17054K(17280K)->17054K(17280K) NonClass: 15527K(15680K)->15527K(15680K) Class: 1526K(1600K)->1526K(1600K)
[2026-06-13T18:49:26.121+0530][gc          ] GC(0) Pause Young (Normal) (G1 Evacuation Pause) 52M->9M(1024M) 5.043ms
[2026-06-13T18:49:26.121+0530][gc,cpu      ] GC(0) User=0.00s Sys=0.03s Real=0.01s
[2026-06-13T18:49:26.285+0530][gc,start    ] GC(1) Pause Young (Concurrent Start) (Metadata GC Threshold)
[2026-06-13T18:49:26.285+0530][gc,task     ] GC(1) Using 13 workers of 13 for evacuation
[2026-06-13T18:49:26.289+0530][gc,phases   ] GC(1)   Pre Evacuate Collection Set: 0.23ms
[2026-06-13T18:49:26.289+0530][gc,phases   ] GC(1)   Merge Heap Roots: 0.06ms
[2026-06-13T18:49:26.289+0530][gc,phases   ] GC(1)   Evacuate Collection Set: 2.39ms
[2026-06-13T18:49:26.289+0530][gc,phases   ] GC(1)   Post Evacuate Collection Set: 0.50ms
[2026-06-13T18:49:26.289+0530][gc,phases   ] GC(1)   Other: 0.06ms
[2026-06-13T18:49:26.289+0530][gc,heap     ] GC(1) Eden regions: 18->0(55)
[2026-06-13T18:49:26.289+0530][gc,heap     ] GC(1) Survivor regions: 7->3(7)
[2026-06-13T18:49:26.289+0530][gc,heap     ] GC(1) Old regions: 3->10
[2026-06-13T18:49:26.289+0530][gc,heap     ] GC(1) Humongous regions: 0->0
[2026-06-13T18:49:26.289+0530][gc,metaspace] GC(1) Metaspace: 21351K(21504K)->21351K(21504K) NonClass: 19353K(19456K)->19353K(19456K) Class: 1997K(2048K)->1997K(2048K)
[2026-06-13T18:49:26.289+0530][gc          ] GC(1) Pause Young (Concurrent Start) (Metadata GC Threshold) 27M->11M(1024M) 3.491ms
[2026-06-13T18:49:26.289+0530][gc,cpu      ] GC(1) User=0.00s Sys=0.00s Real=0.00s
[2026-06-13T18:49:26.289+0530][gc          ] GC(2) Concurrent Mark Cycle
[2026-06-13T18:49:26.289+0530][gc,marking  ] GC(2) Concurrent Scan Root Regions
[2026-06-13T18:49:26.290+0530][gc,marking  ] GC(2) Concurrent Scan Root Regions 1.505ms
[2026-06-13T18:49:26.290+0530][gc,marking  ] GC(2) Concurrent Mark
[2026-06-13T18:49:26.290+0530][gc,marking  ] GC(2) Concurrent Mark From Roots
[2026-06-13T18:49:26.290+0530][gc,task     ] GC(2) Using 3 workers of 3 for marking
[2026-06-13T18:49:26.292+0530][gc,marking  ] GC(2) Concurrent Mark From Roots 1.506ms
[2026-06-13T18:49:26.292+0530][gc,marking  ] GC(2) Concurrent Preclean
[2026-06-13T18:49:26.292+0530][gc,marking  ] GC(2) Concurrent Preclean 0.015ms
[2026-06-13T18:49:26.292+0530][gc,start    ] GC(2) Pause Remark
[2026-06-13T18:49:26.294+0530][gc          ] GC(2) Pause Remark 11M->11M(1024M) 1.566ms
[2026-06-13T18:49:26.294+0530][gc,cpu      ] GC(2) User=0.05s Sys=0.00s Real=0.00s
[2026-06-13T18:49:26.294+0530][gc,marking  ] GC(2) Concurrent Mark 3.358ms
[2026-06-13T18:49:26.294+0530][gc,marking  ] GC(2) Concurrent Rebuild Remembered Sets and Scrub Regions
[2026-06-13T18:49:26.295+0530][gc,marking  ] GC(2) Concurrent Rebuild Remembered Sets and Scrub Regions 1.546ms
[2026-06-13T18:49:26.295+0530][gc,start    ] GC(2) Pause Cleanup
[2026-06-13T18:49:26.296+0530][gc          ] GC(2) Pause Cleanup 11M->11M(1024M) 0.171ms
[2026-06-13T18:49:26.296+0530][gc,cpu      ] GC(2) User=0.00s Sys=0.00s Real=0.00s
[2026-06-13T18:49:26.296+0530][gc,marking  ] GC(2) Concurrent Clear Claimed Marks
[2026-06-13T18:49:26.296+0530][gc,marking  ] GC(2) Concurrent Clear Claimed Marks 0.051ms
[2026-06-13T18:49:26.296+0530][gc,marking  ] GC(2) Concurrent Cleanup for Next Mark
[2026-06-13T18:49:26.298+0530][gc,marking  ] GC(2) Concurrent Cleanup for Next Mark 2.285ms
[2026-06-13T18:49:26.298+0530][gc          ] GC(2) Concurrent Mark Cycle 9.406ms
[2026-06-13T18:49:27.034+0530][gc,start    ] GC(3) Pause Young (Prepare Mixed) (G1 Evacuation Pause)
[2026-06-13T18:49:27.035+0530][gc,task     ] GC(3) Using 13 workers of 13 for evacuation
[2026-06-13T18:49:27.040+0530][gc,phases   ] GC(3)   Pre Evacuate Collection Set: 0.37ms
[2026-06-13T18:49:27.040+0530][gc,phases   ] GC(3)   Merge Heap Roots: 0.11ms
[2026-06-13T18:49:27.040+0530][gc,phases   ] GC(3)   Evacuate Collection Set: 4.05ms
[2026-06-13T18:49:27.040+0530][gc,phases   ] GC(3)   Post Evacuate Collection Set: 1.04ms
[2026-06-13T18:49:27.040+0530][gc,phases   ] GC(3)   Other: 0.16ms
[2026-06-13T18:49:27.040+0530][gc,heap     ] GC(3) Eden regions: 55->0(63)
[2026-06-13T18:49:27.040+0530][gc,heap     ] GC(3) Survivor regions: 3->6(8)
[2026-06-13T18:49:27.040+0530][gc,heap     ] GC(3) Old regions: 10->10
[2026-06-13T18:49:27.040+0530][gc,heap     ] GC(3) Humongous regions: 0->0
[2026-06-13T18:49:27.040+0530][gc,metaspace] GC(3) Metaspace: 31119K(31360K)->31119K(31360K) NonClass: 28145K(28288K)->28145K(28288K) Class: 2973K(3072K)->2973K(3072K)
[2026-06-13T18:49:27.041+0530][gc          ] GC(3) Pause Young (Prepare Mixed) (G1 Evacuation Pause) 66M->14M(1024M) 6.167ms
[2026-06-13T18:49:27.041+0530][gc,cpu      ] GC(3) User=0.00s Sys=0.00s Real=0.01s
