[2026-06-14T18:43:52.812+0530][gc,init] CardTable entry size: 512
[2026-06-14T18:43:52.812+0530][gc     ] Using G1
[2026-06-14T18:43:52.814+0530][gc,init] Version: 25.0.1+8-LTS-27 (release)
[2026-06-14T18:43:52.814+0530][gc,init] CPUs: 16 total, 16 available
[2026-06-14T18:43:52.814+0530][gc,init] Memory: 16068M
[2026-06-14T18:43:52.814+0530][gc,init] Large Page Support: Disabled
[2026-06-14T18:43:52.814+0530][gc,init] NUMA Support: Disabled
[2026-06-14T18:43:52.814+0530][gc,init] Compressed Oops: Enabled (32-bit)
[2026-06-14T18:43:52.814+0530][gc,init] Heap Region Size: 1M
[2026-06-14T18:43:52.814+0530][gc,init] Heap Min Capacity: 1G
[2026-06-14T18:43:52.814+0530][gc,init] Heap Initial Capacity: 1G
[2026-06-14T18:43:52.815+0530][gc,init] Heap Max Capacity: 1G
[2026-06-14T18:43:52.815+0530][gc,init] Pre-touch: Disabled
[2026-06-14T18:43:52.815+0530][gc,init] Parallel Workers: 13
[2026-06-14T18:43:52.815+0530][gc,init] Concurrent Workers: 3
[2026-06-14T18:43:52.815+0530][gc,init] Concurrent Refinement Workers: 13
[2026-06-14T18:43:52.815+0530][gc,init] Periodic GC: Disabled
[2026-06-14T18:43:52.822+0530][gc,metaspace] CDS archive(s) mapped at: [0x0000000025000000-0x0000000025dd0000-0x0000000025dd0000), size 14483456, SharedBaseAddress: 0x0000000025000000, ArchiveRelocationMode: 1.
[2026-06-14T18:43:52.822+0530][gc,metaspace] Compressed class space mapped at: 0x0000000026000000-0x0000000066000000, reserved size: 1073741824
[2026-06-14T18:43:52.822+0530][gc,metaspace] UseCompressedClassPointers 1, UseCompactObjectHeaders 0
[2026-06-14T18:43:52.822+0530][gc,metaspace] Narrow klass pointer bits 32, Max shift 3
[2026-06-14T18:43:52.822+0530][gc,metaspace] Narrow klass base: 0x0000000025000000, Narrow klass shift: 0
[2026-06-14T18:43:52.822+0530][gc,metaspace] Encoding Range: [0x0000000025000000 - 0x0000000125000000), (4294967296 bytes)
[2026-06-14T18:43:52.822+0530][gc,metaspace] Klass Range:    [0x0000000025010000 - 0x0000000066000000), (1090453504 bytes)
[2026-06-14T18:43:52.822+0530][gc,metaspace] Klass ID Range:  [65536 - 1090519033) (1090453497)
[2026-06-14T18:43:52.822+0530][gc,metaspace] Protection zone: [0x0000000025000000 - 0x0000000025010000), (65536 bytes)
[2026-06-14T18:43:53.536+0530][gc,start    ] GC(0) Pause Young (Normal) (G1 Evacuation Pause)
[2026-06-14T18:43:53.537+0530][gc,task     ] GC(0) Using 13 workers of 13 for evacuation
[2026-06-14T18:43:53.542+0530][gc,phases   ] GC(0)   Pre Evacuate Collection Set: 0.17ms
[2026-06-14T18:43:53.542+0530][gc,phases   ] GC(0)   Merge Heap Roots: 0.07ms
[2026-06-14T18:43:53.542+0530][gc,phases   ] GC(0)   Evacuate Collection Set: 3.86ms
[2026-06-14T18:43:53.542+0530][gc,phases   ] GC(0)   Post Evacuate Collection Set: 0.60ms
[2026-06-14T18:43:53.542+0530][gc,phases   ] GC(0)   Other: 0.47ms
[2026-06-14T18:43:53.542+0530][gc,heap     ] GC(0) Eden regions: 51->0(44)
[2026-06-14T18:43:53.542+0530][gc,heap     ] GC(0) Survivor regions: 0->7(7)
[2026-06-14T18:43:53.542+0530][gc,heap     ] GC(0) Old regions: 2->3
[2026-06-14T18:43:53.542+0530][gc,heap     ] GC(0) Humongous regions: 0->0
[2026-06-14T18:43:53.542+0530][gc,metaspace] GC(0) Metaspace: 17000K(17216K)->17000K(17216K) NonClass: 15477K(15616K)->15477K(15616K) Class: 1523K(1600K)->1523K(1600K)
[2026-06-14T18:43:53.542+0530][gc          ] GC(0) Pause Young (Normal) (G1 Evacuation Pause) 52M->9M(1024M) 5.396ms
[2026-06-14T18:43:53.542+0530][gc,cpu      ] GC(0) User=0.00s Sys=0.00s Real=0.01s
[2026-06-14T18:43:53.715+0530][gc,start    ] GC(1) Pause Young (Concurrent Start) (Metadata GC Threshold)
[2026-06-14T18:43:53.715+0530][gc,task     ] GC(1) Using 13 workers of 13 for evacuation
[2026-06-14T18:43:53.720+0530][gc,phases   ] GC(1)   Pre Evacuate Collection Set: 0.28ms
[2026-06-14T18:43:53.720+0530][gc,phases   ] GC(1)   Merge Heap Roots: 0.06ms
[2026-06-14T18:43:53.720+0530][gc,phases   ] GC(1)   Evacuate Collection Set: 3.77ms
[2026-06-14T18:43:53.720+0530][gc,phases   ] GC(1)   Post Evacuate Collection Set: 0.49ms
[2026-06-14T18:43:53.720+0530][gc,phases   ] GC(1)   Other: 0.06ms
[2026-06-14T18:43:53.720+0530][gc,heap     ] GC(1) Eden regions: 19->0(48)
[2026-06-14T18:43:53.720+0530][gc,heap     ] GC(1) Survivor regions: 7->3(7)
[2026-06-14T18:43:53.720+0530][gc,heap     ] GC(1) Old regions: 3->10
[2026-06-14T18:43:53.720+0530][gc,heap     ] GC(1) Humongous regions: 0->0
[2026-06-14T18:43:53.720+0530][gc,metaspace] GC(1) Metaspace: 21352K(21504K)->21352K(21504K) NonClass: 19353K(19456K)->19353K(19456K) Class: 1998K(2048K)->1998K(2048K)
[2026-06-14T18:43:53.720+0530][gc          ] GC(1) Pause Young (Concurrent Start) (Metadata GC Threshold) 27M->11M(1024M) 4.969ms
[2026-06-14T18:43:53.720+0530][gc,cpu      ] GC(1) User=0.00s Sys=0.00s Real=0.01s
[2026-06-14T18:43:53.720+0530][gc          ] GC(2) Concurrent Mark Cycle
[2026-06-14T18:43:53.720+0530][gc,marking  ] GC(2) Concurrent Scan Root Regions
[2026-06-14T18:43:53.721+0530][gc,marking  ] GC(2) Concurrent Scan Root Regions 1.491ms
[2026-06-14T18:43:53.721+0530][gc,marking  ] GC(2) Concurrent Mark
[2026-06-14T18:43:53.721+0530][gc,marking  ] GC(2) Concurrent Mark From Roots
[2026-06-14T18:43:53.721+0530][gc,task     ] GC(2) Using 3 workers of 3 for marking
[2026-06-14T18:43:53.723+0530][gc,marking  ] GC(2) Concurrent Mark From Roots 1.415ms
[2026-06-14T18:43:53.723+0530][gc,marking  ] GC(2) Concurrent Preclean
[2026-06-14T18:43:53.723+0530][gc,marking  ] GC(2) Concurrent Preclean 0.010ms
[2026-06-14T18:43:53.723+0530][gc,start    ] GC(2) Pause Remark
[2026-06-14T18:43:53.724+0530][gc          ] GC(2) Pause Remark 11M->11M(1024M) 1.420ms
[2026-06-14T18:43:53.724+0530][gc,cpu      ] GC(2) User=0.00s Sys=0.00s Real=0.00s
[2026-06-14T18:43:53.724+0530][gc,marking  ] GC(2) Concurrent Mark 3.024ms
[2026-06-14T18:43:53.724+0530][gc,marking  ] GC(2) Concurrent Rebuild Remembered Sets and Scrub Regions
[2026-06-14T18:43:53.726+0530][gc,marking  ] GC(2) Concurrent Rebuild Remembered Sets and Scrub Regions 1.443ms
[2026-06-14T18:43:53.726+0530][gc,start    ] GC(2) Pause Cleanup
[2026-06-14T18:43:53.726+0530][gc          ] GC(2) Pause Cleanup 11M->11M(1024M) 0.031ms
[2026-06-14T18:43:53.726+0530][gc,cpu      ] GC(2) User=0.00s Sys=0.00s Real=0.00s
[2026-06-14T18:43:53.726+0530][gc,marking  ] GC(2) Concurrent Clear Claimed Marks
[2026-06-14T18:43:53.726+0530][gc,marking  ] GC(2) Concurrent Clear Claimed Marks 0.035ms
[2026-06-14T18:43:53.726+0530][gc,marking  ] GC(2) Concurrent Cleanup for Next Mark
[2026-06-14T18:43:53.729+0530][gc,marking  ] GC(2) Concurrent Cleanup for Next Mark 3.127ms
[2026-06-14T18:43:53.729+0530][gc          ] GC(2) Concurrent Mark Cycle 9.477ms
[2026-06-14T18:43:54.162+0530][gc,start    ] GC(3) Pause Young (Prepare Mixed) (G1 Evacuation Pause)
[2026-06-14T18:43:54.162+0530][gc,task     ] GC(3) Using 13 workers of 13 for evacuation
[2026-06-14T18:43:54.165+0530][gc,phases   ] GC(3)   Pre Evacuate Collection Set: 0.22ms
[2026-06-14T18:43:54.165+0530][gc,phases   ] GC(3)   Merge Heap Roots: 0.09ms
[2026-06-14T18:43:54.165+0530][gc,phases   ] GC(3)   Evacuate Collection Set: 2.38ms
[2026-06-14T18:43:54.165+0530][gc,phases   ] GC(3)   Post Evacuate Collection Set: 0.47ms
[2026-06-14T18:43:54.165+0530][gc,phases   ] GC(3)   Other: 0.07ms
[2026-06-14T18:43:54.165+0530][gc,heap     ] GC(3) Eden regions: 48->0(63)
[2026-06-14T18:43:54.165+0530][gc,heap     ] GC(3) Survivor regions: 3->6(7)
[2026-06-14T18:43:54.165+0530][gc,heap     ] GC(3) Old regions: 10->10
[2026-06-14T18:43:54.165+0530][gc,heap     ] GC(3) Humongous regions: 0->0
[2026-06-14T18:43:54.165+0530][gc,metaspace] GC(3) Metaspace: 31228K(31488K)->31228K(31488K) NonClass: 28336K(28480K)->28336K(28480K) Class: 2891K(3008K)->2891K(3008K)
[2026-06-14T18:43:54.165+0530][gc          ] GC(3) Pause Young (Prepare Mixed) (G1 Evacuation Pause) 59M->15M(1024M) 3.517ms
[2026-06-14T18:43:54.165+0530][gc,cpu      ] GC(3) User=0.00s Sys=0.00s Real=0.00s
[2026-06-14T18:44:12.350+0530][gc,init] CardTable entry size: 512
[2026-06-14T18:44:12.350+0530][gc     ] Using G1
[2026-06-14T18:44:12.354+0530][gc,init] Version: 25.0.1+8-LTS-27 (release)
[2026-06-14T18:44:12.354+0530][gc,init] CPUs: 16 total, 16 available
[2026-06-14T18:44:12.354+0530][gc,init] Memory: 16068M
[2026-06-14T18:44:12.354+0530][gc,init] Large Page Support: Disabled
[2026-06-14T18:44:12.354+0530][gc,init] NUMA Support: Disabled
[2026-06-14T18:44:12.354+0530][gc,init] Compressed Oops: Enabled (32-bit)
[2026-06-14T18:44:12.354+0530][gc,init] Heap Region Size: 1M
[2026-06-14T18:44:12.354+0530][gc,init] Heap Min Capacity: 1G
[2026-06-14T18:44:12.354+0530][gc,init] Heap Initial Capacity: 1G
[2026-06-14T18:44:12.354+0530][gc,init] Heap Max Capacity: 1G
[2026-06-14T18:44:12.354+0530][gc,init] Pre-touch: Disabled
[2026-06-14T18:44:12.354+0530][gc,init] Parallel Workers: 13
[2026-06-14T18:44:12.354+0530][gc,init] Concurrent Workers: 3
[2026-06-14T18:44:12.354+0530][gc,init] Concurrent Refinement Workers: 13
[2026-06-14T18:44:12.354+0530][gc,init] Periodic GC: Disabled
[2026-06-14T18:44:12.362+0530][gc,metaspace] CDS archive(s) mapped at: [0x000000001d000000-0x000000001ddd0000-0x000000001ddd0000), size 14483456, SharedBaseAddress: 0x000000001d000000, ArchiveRelocationMode: 1.
[2026-06-14T18:44:12.362+0530][gc,metaspace] Compressed class space mapped at: 0x000000001e000000-0x000000005e000000, reserved size: 1073741824
[2026-06-14T18:44:12.362+0530][gc,metaspace] UseCompressedClassPointers 1, UseCompactObjectHeaders 0
[2026-06-14T18:44:12.362+0530][gc,metaspace] Narrow klass pointer bits 32, Max shift 3
[2026-06-14T18:44:12.362+0530][gc,metaspace] Narrow klass base: 0x000000001d000000, Narrow klass shift: 0
[2026-06-14T18:44:12.362+0530][gc,metaspace] Encoding Range: [0x000000001d000000 - 0x000000011d000000), (4294967296 bytes)
[2026-06-14T18:44:12.362+0530][gc,metaspace] Klass Range:    [0x000000001d010000 - 0x000000005e000000), (1090453504 bytes)
[2026-06-14T18:44:12.362+0530][gc,metaspace] Klass ID Range:  [65536 - 1090519033) (1090453497)
[2026-06-14T18:44:12.362+0530][gc,metaspace] Protection zone: [0x000000001d000000 - 0x000000001d010000), (65536 bytes)
[2026-06-14T18:44:13.230+0530][gc,start    ] GC(0) Pause Young (Normal) (G1 Evacuation Pause)
[2026-06-14T18:44:13.231+0530][gc,task     ] GC(0) Using 13 workers of 13 for evacuation
[2026-06-14T18:44:13.236+0530][gc,phases   ] GC(0)   Pre Evacuate Collection Set: 0.25ms
[2026-06-14T18:44:13.236+0530][gc,phases   ] GC(0)   Merge Heap Roots: 0.10ms
[2026-06-14T18:44:13.236+0530][gc,phases   ] GC(0)   Evacuate Collection Set: 3.95ms
[2026-06-14T18:44:13.236+0530][gc,phases   ] GC(0)   Post Evacuate Collection Set: 0.74ms
[2026-06-14T18:44:13.236+0530][gc,phases   ] GC(0)   Other: 0.41ms
[2026-06-14T18:44:13.236+0530][gc,heap     ] GC(0) Eden regions: 51->0(44)
[2026-06-14T18:44:13.236+0530][gc,heap     ] GC(0) Survivor regions: 0->7(7)
[2026-06-14T18:44:13.236+0530][gc,heap     ] GC(0) Old regions: 2->4
[2026-06-14T18:44:13.236+0530][gc,heap     ] GC(0) Humongous regions: 0->0
[2026-06-14T18:44:13.236+0530][gc,metaspace] GC(0) Metaspace: 17049K(17280K)->17049K(17280K) NonClass: 15523K(15680K)->15523K(15680K) Class: 1526K(1600K)->1526K(1600K)
[2026-06-14T18:44:13.236+0530][gc          ] GC(0) Pause Young (Normal) (G1 Evacuation Pause) 52M->9M(1024M) 5.681ms
[2026-06-14T18:44:13.236+0530][gc,cpu      ] GC(0) User=0.00s Sys=0.00s Real=0.01s
[2026-06-14T18:44:13.417+0530][gc,start    ] GC(1) Pause Young (Concurrent Start) (Metadata GC Threshold)
[2026-06-14T18:44:13.417+0530][gc,task     ] GC(1) Using 13 workers of 13 for evacuation
[2026-06-14T18:44:13.422+0530][gc,phases   ] GC(1)   Pre Evacuate Collection Set: 0.36ms
[2026-06-14T18:44:13.422+0530][gc,phases   ] GC(1)   Merge Heap Roots: 0.08ms
[2026-06-14T18:44:13.422+0530][gc,phases   ] GC(1)   Evacuate Collection Set: 3.56ms
[2026-06-14T18:44:13.422+0530][gc,phases   ] GC(1)   Post Evacuate Collection Set: 0.55ms
[2026-06-14T18:44:13.422+0530][gc,phases   ] GC(1)   Other: 0.07ms
[2026-06-14T18:44:13.422+0530][gc,heap     ] GC(1) Eden regions: 19->0(48)
[2026-06-14T18:44:13.422+0530][gc,heap     ] GC(1) Survivor regions: 7->3(7)
[2026-06-14T18:44:13.422+0530][gc,heap     ] GC(1) Old regions: 4->10
[2026-06-14T18:44:13.422+0530][gc,heap     ] GC(1) Humongous regions: 0->0
[2026-06-14T18:44:13.422+0530][gc,metaspace] GC(1) Metaspace: 21352K(21504K)->21352K(21504K) NonClass: 19354K(19456K)->19354K(19456K) Class: 1998K(2048K)->1998K(2048K)
[2026-06-14T18:44:13.422+0530][gc          ] GC(1) Pause Young (Concurrent Start) (Metadata GC Threshold) 27M->11M(1024M) 4.891ms
[2026-06-14T18:44:13.422+0530][gc,cpu      ] GC(1) User=0.00s Sys=0.00s Real=0.00s
[2026-06-14T18:44:13.422+0530][gc          ] GC(2) Concurrent Mark Cycle
[2026-06-14T18:44:13.422+0530][gc,marking  ] GC(2) Concurrent Scan Root Regions
[2026-06-14T18:44:13.424+0530][gc,marking  ] GC(2) Concurrent Scan Root Regions 1.806ms
[2026-06-14T18:44:13.424+0530][gc,marking  ] GC(2) Concurrent Mark
[2026-06-14T18:44:13.424+0530][gc,marking  ] GC(2) Concurrent Mark From Roots
[2026-06-14T18:44:13.424+0530][gc,task     ] GC(2) Using 3 workers of 3 for marking
[2026-06-14T18:44:13.426+0530][gc,marking  ] GC(2) Concurrent Mark From Roots 1.845ms
[2026-06-14T18:44:13.426+0530][gc,marking  ] GC(2) Concurrent Preclean
[2026-06-14T18:44:13.426+0530][gc,marking  ] GC(2) Concurrent Preclean 0.012ms
[2026-06-14T18:44:13.426+0530][gc,start    ] GC(2) Pause Remark
[2026-06-14T18:44:13.428+0530][gc          ] GC(2) Pause Remark 11M->11M(1024M) 1.686ms
[2026-06-14T18:44:13.428+0530][gc,cpu      ] GC(2) User=0.00s Sys=0.00s Real=0.00s
[2026-06-14T18:44:13.428+0530][gc,marking  ] GC(2) Concurrent Mark 3.806ms
[2026-06-14T18:44:13.428+0530][gc,marking  ] GC(2) Concurrent Rebuild Remembered Sets and Scrub Regions
[2026-06-14T18:44:13.429+0530][gc,marking  ] GC(2) Concurrent Rebuild Remembered Sets and Scrub Regions 1.532ms
[2026-06-14T18:44:13.430+0530][gc,start    ] GC(2) Pause Cleanup
[2026-06-14T18:44:13.430+0530][gc          ] GC(2) Pause Cleanup 11M->11M(1024M) 0.063ms
[2026-06-14T18:44:13.430+0530][gc,cpu      ] GC(2) User=0.00s Sys=0.00s Real=0.00s
[2026-06-14T18:44:13.430+0530][gc,marking  ] GC(2) Concurrent Clear Claimed Marks
[2026-06-14T18:44:13.430+0530][gc,marking  ] GC(2) Concurrent Clear Claimed Marks 0.050ms
[2026-06-14T18:44:13.430+0530][gc,marking  ] GC(2) Concurrent Cleanup for Next Mark
[2026-06-14T18:44:13.433+0530][gc,marking  ] GC(2) Concurrent Cleanup for Next Mark 3.293ms
[2026-06-14T18:44:13.433+0530][gc          ] GC(2) Concurrent Mark Cycle 11.039ms
[2026-06-14T18:44:13.912+0530][gc,start    ] GC(3) Pause Young (Prepare Mixed) (G1 Evacuation Pause)
[2026-06-14T18:44:13.912+0530][gc,task     ] GC(3) Using 13 workers of 13 for evacuation
[2026-06-14T18:44:13.915+0530][gc,phases   ] GC(3)   Pre Evacuate Collection Set: 0.19ms
[2026-06-14T18:44:13.915+0530][gc,phases   ] GC(3)   Merge Heap Roots: 0.08ms
[2026-06-14T18:44:13.915+0530][gc,phases   ] GC(3)   Evacuate Collection Set: 2.57ms
[2026-06-14T18:44:13.915+0530][gc,phases   ] GC(3)   Post Evacuate Collection Set: 0.56ms
[2026-06-14T18:44:13.915+0530][gc,phases   ] GC(3)   Other: 0.07ms
[2026-06-14T18:44:13.915+0530][gc,heap     ] GC(3) Eden regions: 48->0(57)
[2026-06-14T18:44:13.915+0530][gc,heap     ] GC(3) Survivor regions: 3->7(7)
[2026-06-14T18:44:13.915+0530][gc,heap     ] GC(3) Old regions: 10->10
[2026-06-14T18:44:13.915+0530][gc,heap     ] GC(3) Humongous regions: 0->0
[2026-06-14T18:44:13.915+0530][gc,metaspace] GC(3) Metaspace: 31264K(31552K)->31264K(31552K) NonClass: 28364K(28480K)->28364K(28480K) Class: 2899K(3072K)->2899K(3072K)
[2026-06-14T18:44:13.915+0530][gc          ] GC(3) Pause Young (Prepare Mixed) (G1 Evacuation Pause) 59M->15M(1024M) 3.701ms
[2026-06-14T18:44:13.915+0530][gc,cpu      ] GC(3) User=0.00s Sys=0.00s Real=0.00s
[2026-06-14T18:44:14.750+0530][gc,start    ] GC(4) Pause Young (Mixed) (Metadata GC Threshold)
[2026-06-14T18:44:14.750+0530][gc,task     ] GC(4) Using 13 workers of 13 for evacuation
[2026-06-14T18:44:14.755+0530][gc,phases   ] GC(4)   Pre Evacuate Collection Set: 0.30ms
[2026-06-14T18:44:14.755+0530][gc,phases   ] GC(4)   Merge Heap Roots: 0.10ms
[2026-06-14T18:44:14.755+0530][gc,phases   ] GC(4)   Evacuate Collection Set: 4.02ms
[2026-06-14T18:44:14.755+0530][gc,phases   ] GC(4)   Post Evacuate Collection Set: 1.08ms
[2026-06-14T18:44:14.756+0530][gc,phases   ] GC(4)   Other: 0.14ms
[2026-06-14T18:44:14.756+0530][gc,heap     ] GC(4) Eden regions: 32->0(75)
[2026-06-14T18:44:14.756+0530][gc,heap     ] GC(4) Survivor regions: 6->7(9)
[2026-06-14T18:44:14.756+0530][gc,heap     ] GC(4) Old regions: 10->11
[2026-06-14T18:44:14.756+0530][gc,heap     ] GC(4) Humongous regions: 138->138
[2026-06-14T18:44:14.756+0530][gc,metaspace] GC(4) Metaspace: 35811K(36096K)->35811K(36096K) NonClass: 32367K(32512K)->32367K(32512K) Class: 3443K(3584K)->3443K(3584K)
[2026-06-14T18:44:14.756+0530][gc          ] GC(4) Pause Young (Mixed) (Metadata GC Threshold) 184M->154M(1024M) 6.094ms
[2026-06-14T18:44:14.756+0530][gc,cpu      ] GC(4) User=0.12s Sys=0.08s Real=0.01s
[2026-06-14T18:44:20.518+0530][gc,start    ] GC(5) Pause Young (Concurrent Start) (Metadata GC Threshold)
[2026-06-14T18:44:20.518+0530][gc,task     ] GC(5) Using 13 workers of 13 for evacuation
[2026-06-14T18:44:20.522+0530][gc,phases   ] GC(5)   Pre Evacuate Collection Set: 0.31ms
[2026-06-14T18:44:20.523+0530][gc,phases   ] GC(5)   Merge Heap Roots: 0.05ms
[2026-06-14T18:44:20.523+0530][gc,phases   ] GC(5)   Evacuate Collection Set: 3.79ms
[2026-06-14T18:44:20.523+0530][gc,phases   ] GC(5)   Post Evacuate Collection Set: 0.68ms
[2026-06-14T18:44:20.523+0530][gc,phases   ] GC(5)   Other: 0.07ms
[2026-06-14T18:44:20.523+0530][gc,heap     ] GC(5) Eden regions: 6->0(107)
[2026-06-14T18:44:20.523+0530][gc,heap     ] GC(5) Survivor regions: 7->3(11)
[2026-06-14T18:44:20.523+0530][gc,heap     ] GC(5) Old regions: 11->15
[2026-06-14T18:44:20.523+0530][gc,heap     ] GC(5) Humongous regions: 138->138
[2026-06-14T18:44:20.523+0530][gc,metaspace] GC(5) Metaspace: 36061K(36416K)->36061K(36416K) NonClass: 32586K(32768K)->32586K(32768K) Class: 3474K(3648K)->3474K(3648K)
[2026-06-14T18:44:20.523+0530][gc          ] GC(5) Pause Young (Concurrent Start) (Metadata GC Threshold) 160M->155M(1024M) 5.092ms
[2026-06-14T18:44:20.523+0530][gc,cpu      ] GC(5) User=0.00s Sys=0.02s Real=0.01s
[2026-06-14T18:44:20.523+0530][gc          ] GC(6) Concurrent Mark Cycle
[2026-06-14T18:44:20.523+0530][gc,marking  ] GC(6) Concurrent Scan Root Regions
[2026-06-14T18:44:20.525+0530][gc,marking  ] GC(6) Concurrent Scan Root Regions 2.302ms
[2026-06-14T18:44:20.525+0530][gc,marking  ] GC(6) Concurrent Mark
[2026-06-14T18:44:20.525+0530][gc,marking  ] GC(6) Concurrent Mark From Roots
[2026-06-14T18:44:20.525+0530][gc,task     ] GC(6) Using 3 workers of 3 for marking
[2026-06-14T18:44:20.530+0530][gc,marking  ] GC(6) Concurrent Mark From Roots 4.748ms
[2026-06-14T18:44:20.530+0530][gc,marking  ] GC(6) Concurrent Preclean
[2026-06-14T18:44:20.530+0530][gc,marking  ] GC(6) Concurrent Preclean 0.043ms
[2026-06-14T18:44:20.530+0530][gc,start    ] GC(6) Pause Remark
[2026-06-14T18:44:20.532+0530][gc          ] GC(6) Pause Remark 156M->156M(1024M) 1.974ms
[2026-06-14T18:44:20.532+0530][gc,cpu      ] GC(6) User=0.00s Sys=0.00s Real=0.00s
[2026-06-14T18:44:20.532+0530][gc,marking  ] GC(6) Concurrent Mark 7.084ms
[2026-06-14T18:44:20.532+0530][gc,marking  ] GC(6) Concurrent Rebuild Remembered Sets and Scrub Regions
[2026-06-14T18:44:20.535+0530][gc,marking  ] GC(6) Concurrent Rebuild Remembered Sets and Scrub Regions 2.706ms
[2026-06-14T18:44:20.535+0530][gc,start    ] GC(6) Pause Cleanup
[2026-06-14T18:44:20.535+0530][gc          ] GC(6) Pause Cleanup 156M->156M(1024M) 0.049ms
[2026-06-14T18:44:20.535+0530][gc,cpu      ] GC(6) User=0.00s Sys=0.00s Real=0.00s
[2026-06-14T18:44:20.535+0530][gc,marking  ] GC(6) Concurrent Clear Claimed Marks
[2026-06-14T18:44:20.535+0530][gc,marking  ] GC(6) Concurrent Clear Claimed Marks 0.024ms
[2026-06-14T18:44:20.535+0530][gc,marking  ] GC(6) Concurrent Cleanup for Next Mark
[2026-06-14T18:44:20.536+0530][gc,marking  ] GC(6) Concurrent Cleanup for Next Mark 1.272ms
[2026-06-14T18:44:20.536+0530][gc          ] GC(6) Concurrent Mark Cycle 13.761ms
[2026-06-14T18:44:33.778+0530][gc,init] CardTable entry size: 512
[2026-06-14T18:44:33.778+0530][gc     ] Using G1
[2026-06-14T18:44:33.784+0530][gc,init] Version: 25.0.1+8-LTS-27 (release)
[2026-06-14T18:44:33.784+0530][gc,init] CPUs: 16 total, 16 available
[2026-06-14T18:44:33.784+0530][gc,init] Memory: 16068M
[2026-06-14T18:44:33.784+0530][gc,init] Large Page Support: Disabled
[2026-06-14T18:44:33.784+0530][gc,init] NUMA Support: Disabled
[2026-06-14T18:44:33.784+0530][gc,init] Compressed Oops: Enabled (32-bit)
[2026-06-14T18:44:33.784+0530][gc,init] Heap Region Size: 1M
[2026-06-14T18:44:33.784+0530][gc,init] Heap Min Capacity: 1G
[2026-06-14T18:44:33.784+0530][gc,init] Heap Initial Capacity: 1G
[2026-06-14T18:44:33.784+0530][gc,init] Heap Max Capacity: 1G
[2026-06-14T18:44:33.784+0530][gc,init] Pre-touch: Disabled
[2026-06-14T18:44:33.784+0530][gc,init] Parallel Workers: 13
[2026-06-14T18:44:33.784+0530][gc,init] Concurrent Workers: 3
[2026-06-14T18:44:33.784+0530][gc,init] Concurrent Refinement Workers: 13
[2026-06-14T18:44:33.784+0530][gc,init] Periodic GC: Disabled
[2026-06-14T18:44:33.799+0530][gc,metaspace] CDS archive(s) mapped at: [0x0000000025000000-0x0000000025dd0000-0x0000000025dd0000), size 14483456, SharedBaseAddress: 0x0000000025000000, ArchiveRelocationMode: 1.
[2026-06-14T18:44:33.799+0530][gc,metaspace] Compressed class space mapped at: 0x0000000026000000-0x0000000066000000, reserved size: 1073741824
[2026-06-14T18:44:33.799+0530][gc,metaspace] UseCompressedClassPointers 1, UseCompactObjectHeaders 0
[2026-06-14T18:44:33.799+0530][gc,metaspace] Narrow klass pointer bits 32, Max shift 3
[2026-06-14T18:44:33.799+0530][gc,metaspace] Narrow klass base: 0x0000000025000000, Narrow klass shift: 0
[2026-06-14T18:44:33.799+0530][gc,metaspace] Encoding Range: [0x0000000025000000 - 0x0000000125000000), (4294967296 bytes)
[2026-06-14T18:44:33.799+0530][gc,metaspace] Klass Range:    [0x0000000025010000 - 0x0000000066000000), (1090453504 bytes)
[2026-06-14T18:44:33.799+0530][gc,metaspace] Klass ID Range:  [65536 - 1090519033) (1090453497)
[2026-06-14T18:44:33.799+0530][gc,metaspace] Protection zone: [0x0000000025000000 - 0x0000000025010000), (65536 bytes)
[2026-06-14T18:44:34.706+0530][gc,start    ] GC(0) Pause Young (Normal) (G1 Evacuation Pause)
[2026-06-14T18:44:34.706+0530][gc,task     ] GC(0) Using 13 workers of 13 for evacuation
[2026-06-14T18:44:34.711+0530][gc,phases   ] GC(0)   Pre Evacuate Collection Set: 0.20ms
[2026-06-14T18:44:34.711+0530][gc,phases   ] GC(0)   Merge Heap Roots: 0.07ms
[2026-06-14T18:44:34.711+0530][gc,phases   ] GC(0)   Evacuate Collection Set: 3.38ms
[2026-06-14T18:44:34.711+0530][gc,phases   ] GC(0)   Post Evacuate Collection Set: 0.63ms
[2026-06-14T18:44:34.711+0530][gc,phases   ] GC(0)   Other: 0.53ms
[2026-06-14T18:44:34.711+0530][gc,heap     ] GC(0) Eden regions: 51->0(44)
[2026-06-14T18:44:34.711+0530][gc,heap     ] GC(0) Survivor regions: 0->7(7)
[2026-06-14T18:44:34.711+0530][gc,heap     ] GC(0) Old regions: 2->3
[2026-06-14T18:44:34.711+0530][gc,heap     ] GC(0) Humongous regions: 0->0
[2026-06-14T18:44:34.711+0530][gc,metaspace] GC(0) Metaspace: 17049K(17280K)->17049K(17280K) NonClass: 15523K(15680K)->15523K(15680K) Class: 1526K(1600K)->1526K(1600K)
[2026-06-14T18:44:34.711+0530][gc          ] GC(0) Pause Young (Normal) (G1 Evacuation Pause) 52M->8M(1024M) 5.043ms
[2026-06-14T18:44:34.711+0530][gc,cpu      ] GC(0) User=0.00s Sys=0.00s Real=0.00s
[2026-06-14T18:44:34.948+0530][gc,start    ] GC(1) Pause Young (Concurrent Start) (Metadata GC Threshold)
[2026-06-14T18:44:34.948+0530][gc,task     ] GC(1) Using 13 workers of 13 for evacuation
[2026-06-14T18:44:34.953+0530][gc,phases   ] GC(1)   Pre Evacuate Collection Set: 0.27ms
[2026-06-14T18:44:34.953+0530][gc,phases   ] GC(1)   Merge Heap Roots: 0.10ms
[2026-06-14T18:44:34.953+0530][gc,phases   ] GC(1)   Evacuate Collection Set: 4.16ms
[2026-06-14T18:44:34.953+0530][gc,phases   ] GC(1)   Post Evacuate Collection Set: 0.52ms
[2026-06-14T18:44:34.953+0530][gc,phases   ] GC(1)   Other: 0.08ms
[2026-06-14T18:44:34.954+0530][gc,heap     ] GC(1) Eden regions: 19->0(55)
[2026-06-14T18:44:34.954+0530][gc,heap     ] GC(1) Survivor regions: 7->3(7)
[2026-06-14T18:44:34.954+0530][gc,heap     ] GC(1) Old regions: 3->10
[2026-06-14T18:44:34.954+0530][gc,heap     ] GC(1) Humongous regions: 0->0
[2026-06-14T18:44:34.954+0530][gc,metaspace] GC(1) Metaspace: 21352K(21504K)->21352K(21504K) NonClass: 19353K(19456K)->19353K(19456K) Class: 1998K(2048K)->1998K(2048K)
[2026-06-14T18:44:34.954+0530][gc          ] GC(1) Pause Young (Concurrent Start) (Metadata GC Threshold) 27M->11M(1024M) 5.459ms
[2026-06-14T18:44:34.954+0530][gc,cpu      ] GC(1) User=0.00s Sys=0.00s Real=0.01s
[2026-06-14T18:44:34.954+0530][gc          ] GC(2) Concurrent Mark Cycle
[2026-06-14T18:44:34.954+0530][gc,marking  ] GC(2) Concurrent Scan Root Regions
[2026-06-14T18:44:34.956+0530][gc,marking  ] GC(2) Concurrent Scan Root Regions 1.992ms
[2026-06-14T18:44:34.956+0530][gc,marking  ] GC(2) Concurrent Mark
[2026-06-14T18:44:34.956+0530][gc,marking  ] GC(2) Concurrent Mark From Roots
[2026-06-14T18:44:34.956+0530][gc,task     ] GC(2) Using 3 workers of 3 for marking
[2026-06-14T18:44:34.958+0530][gc,marking  ] GC(2) Concurrent Mark From Roots 1.760ms
[2026-06-14T18:44:34.958+0530][gc,marking  ] GC(2) Concurrent Preclean
[2026-06-14T18:44:34.958+0530][gc,marking  ] GC(2) Concurrent Preclean 0.014ms
[2026-06-14T18:44:34.958+0530][gc,start    ] GC(2) Pause Remark
[2026-06-14T18:44:34.960+0530][gc          ] GC(2) Pause Remark 11M->11M(1024M) 2.585ms
[2026-06-14T18:44:34.960+0530][gc,cpu      ] GC(2) User=0.00s Sys=0.00s Real=0.00s
[2026-06-14T18:44:34.960+0530][gc,marking  ] GC(2) Concurrent Mark 4.614ms
[2026-06-14T18:44:34.960+0530][gc,marking  ] GC(2) Concurrent Rebuild Remembered Sets and Scrub Regions
[2026-06-14T18:44:34.962+0530][gc,marking  ] GC(2) Concurrent Rebuild Remembered Sets and Scrub Regions 1.664ms
[2026-06-14T18:44:34.962+0530][gc,start    ] GC(2) Pause Cleanup
[2026-06-14T18:44:34.962+0530][gc          ] GC(2) Pause Cleanup 11M->11M(1024M) 0.035ms
[2026-06-14T18:44:34.962+0530][gc,cpu      ] GC(2) User=0.00s Sys=0.00s Real=0.00s
[2026-06-14T18:44:34.962+0530][gc,marking  ] GC(2) Concurrent Clear Claimed Marks
[2026-06-14T18:44:34.962+0530][gc,marking  ] GC(2) Concurrent Clear Claimed Marks 0.015ms
[2026-06-14T18:44:34.962+0530][gc,marking  ] GC(2) Concurrent Cleanup for Next Mark
[2026-06-14T18:44:34.966+0530][gc,marking  ] GC(2) Concurrent Cleanup for Next Mark 3.907ms
[2026-06-14T18:44:34.966+0530][gc          ] GC(2) Concurrent Mark Cycle 12.615ms
[2026-06-14T18:44:35.615+0530][gc,start    ] GC(3) Pause Young (Prepare Mixed) (G1 Evacuation Pause)
[2026-06-14T18:44:35.615+0530][gc,task     ] GC(3) Using 13 workers of 13 for evacuation
[2026-06-14T18:44:35.621+0530][gc,phases   ] GC(3)   Pre Evacuate Collection Set: 0.17ms
[2026-06-14T18:44:35.621+0530][gc,phases   ] GC(3)   Merge Heap Roots: 0.10ms
[2026-06-14T18:44:35.621+0530][gc,phases   ] GC(3)   Evacuate Collection Set: 4.56ms
[2026-06-14T18:44:35.621+0530][gc,phases   ] GC(3)   Post Evacuate Collection Set: 0.75ms
[2026-06-14T18:44:35.621+0530][gc,phases   ] GC(3)   Other: 0.12ms
[2026-06-14T18:44:35.621+0530][gc,heap     ] GC(3) Eden regions: 55->0(57)
[2026-06-14T18:44:35.621+0530][gc,heap     ] GC(3) Survivor regions: 3->7(8)
[2026-06-14T18:44:35.621+0530][gc,heap     ] GC(3) Old regions: 10->10
[2026-06-14T18:44:35.621+0530][gc,heap     ] GC(3) Humongous regions: 0->0
[2026-06-14T18:44:35.621+0530][gc,metaspace] GC(3) Metaspace: 32675K(33024K)->32675K(33024K) NonClass: 29567K(29760K)->29567K(29760K) Class: 3108K(3264K)->3108K(3264K)
[2026-06-14T18:44:35.621+0530][gc          ] GC(3) Pause Young (Prepare Mixed) (G1 Evacuation Pause) 66M->15M(1024M) 6.020ms
[2026-06-14T18:44:35.621+0530][gc,cpu      ] GC(3) User=0.00s Sys=0.00s Real=0.01s
[2026-06-14T18:44:53.123+0530][gc,start    ] GC(4) Pause Young (Mixed) (Metadata GC Threshold)
[2026-06-14T18:44:53.123+0530][gc,task     ] GC(4) Using 13 workers of 13 for evacuation
[2026-06-14T18:44:53.130+0530][gc,phases   ] GC(4)   Pre Evacuate Collection Set: 0.43ms
[2026-06-14T18:44:53.130+0530][gc,phases   ] GC(4)   Merge Heap Roots: 0.16ms
[2026-06-14T18:44:53.130+0530][gc,phases   ] GC(4)   Evacuate Collection Set: 5.81ms
[2026-06-14T18:44:53.130+0530][gc,phases   ] GC(4)   Post Evacuate Collection Set: 0.80ms
[2026-06-14T18:44:53.130+0530][gc,phases   ] GC(4)   Other: 0.61ms
[2026-06-14T18:44:53.130+0530][gc,heap     ] GC(4) Eden regions: 32->0(78)
[2026-06-14T18:44:53.131+0530][gc,heap     ] GC(4) Survivor regions: 7->3(8)
[2026-06-14T18:44:53.131+0530][gc,heap     ] GC(4) Old regions: 10->15
[2026-06-14T18:44:53.131+0530][gc,heap     ] GC(4) Humongous regions: 129->129
[2026-06-14T18:44:53.131+0530][gc,metaspace] GC(4) Metaspace: 35826K(36096K)->35826K(36096K) NonClass: 32363K(32512K)->32363K(32512K) Class: 3462K(3584K)->3462K(3584K)
[2026-06-14T18:44:53.131+0530][gc          ] GC(4) Pause Young (Mixed) (Metadata GC Threshold) 175M->146M(1024M) 8.300ms
[2026-06-14T18:44:53.131+0530][gc,cpu      ] GC(4) User=0.08s Sys=0.03s Real=0.01s
[2026-06-14T18:44:53.288+0530][gc,start    ] GC(4) Pause Young (Mixed) (Metadata GC Threshold)
[2026-06-14T18:44:53.288+0530][gc,task     ] GC(4) Using 13 workers of 13 for evacuation
[2026-06-14T18:44:53.297+0530][gc,phases   ] GC(4)   Pre Evacuate Collection Set: 0.33ms
[2026-06-14T18:44:53.297+0530][gc,phases   ] GC(4)   Merge Heap Roots: 0.11ms
[2026-06-14T18:44:53.297+0530][gc,phases   ] GC(4)   Evacuate Collection Set: 7.76ms
[2026-06-14T18:44:53.297+0530][gc,phases   ] GC(4)   Post Evacuate Collection Set: 0.86ms
[2026-06-14T18:44:53.297+0530][gc,phases   ] GC(4)   Other: 0.12ms
[2026-06-14T18:44:53.297+0530][gc,heap     ] GC(4) Eden regions: 24->0(83)
[2026-06-14T18:44:53.297+0530][gc,heap     ] GC(4) Survivor regions: 7->3(8)
[2026-06-14T18:44:53.297+0530][gc,heap     ] GC(4) Old regions: 10->16
[2026-06-14T18:44:53.297+0530][gc,heap     ] GC(4) Humongous regions: 129->129
[2026-06-14T18:44:53.297+0530][gc,metaspace] GC(4) Metaspace: 35756K(36096K)->35756K(36096K) NonClass: 32287K(32448K)->32287K(32448K) Class: 3469K(3648K)->3469K(3648K)
[2026-06-14T18:44:53.297+0530][gc          ] GC(4) Pause Young (Mixed) (Metadata GC Threshold) 168M->146M(1024M) 9.713ms
[2026-06-14T18:44:53.298+0530][gc,cpu      ] GC(4) User=0.00s Sys=0.00s Real=0.01s
[2026-06-14T18:44:53.399+0530][gc,start    ] GC(5) Pause Young (Concurrent Start) (Metadata GC Threshold)
[2026-06-14T18:44:53.399+0530][gc,task     ] GC(5) Using 13 workers of 13 for evacuation
[2026-06-14T18:44:53.402+0530][gc,phases   ] GC(5)   Pre Evacuate Collection Set: 0.54ms
[2026-06-14T18:44:53.402+0530][gc,phases   ] GC(5)   Merge Heap Roots: 0.13ms
[2026-06-14T18:44:53.402+0530][gc,phases   ] GC(5)   Evacuate Collection Set: 1.42ms
[2026-06-14T18:44:53.402+0530][gc,phases   ] GC(5)   Post Evacuate Collection Set: 0.61ms
[2026-06-14T18:44:53.402+0530][gc,phases   ] GC(5)   Other: 0.12ms
[2026-06-14T18:44:53.402+0530][gc,heap     ] GC(5) Eden regions: 4->0(148)
[2026-06-14T18:44:53.402+0530][gc,heap     ] GC(5) Survivor regions: 3->2(11)
[2026-06-14T18:44:53.402+0530][gc,heap     ] GC(5) Old regions: 16->16
[2026-06-14T18:44:53.403+0530][gc,heap     ] GC(5) Humongous regions: 129->129
[2026-06-14T18:44:53.403+0530][gc,metaspace] GC(5) Metaspace: 36080K(36416K)->36080K(36416K) NonClass: 32565K(32768K)->32565K(32768K) Class: 3514K(3648K)->3514K(3648K)
[2026-06-14T18:44:53.403+0530][gc          ] GC(5) Pause Young (Concurrent Start) (Metadata GC Threshold) 149M->145M(1024M) 3.262ms
[2026-06-14T18:44:53.403+0530][gc,cpu      ] GC(5) User=0.00s Sys=0.00s Real=0.00s
[2026-06-14T18:44:53.403+0530][gc          ] GC(6) Concurrent Mark Cycle
[2026-06-14T18:44:53.403+0530][gc,marking  ] GC(6) Concurrent Scan Root Regions
[2026-06-14T18:44:53.404+0530][gc,marking  ] GC(6) Concurrent Scan Root Regions 1.648ms
[2026-06-14T18:44:53.404+0530][gc,marking  ] GC(6) Concurrent Mark
[2026-06-14T18:44:53.405+0530][gc,marking  ] GC(6) Concurrent Mark From Roots
[2026-06-14T18:44:53.405+0530][gc,task     ] GC(6) Using 3 workers of 3 for marking
[2026-06-14T18:44:53.418+0530][gc,marking  ] GC(6) Concurrent Mark From Roots 13.471ms
[2026-06-14T18:44:53.418+0530][gc,marking  ] GC(6) Concurrent Preclean
[2026-06-14T18:44:53.418+0530][gc,marking  ] GC(6) Concurrent Preclean 0.053ms
[2026-06-14T18:44:53.418+0530][gc,start    ] GC(6) Pause Remark
[2026-06-14T18:44:53.424+0530][gc          ] GC(6) Pause Remark 147M->147M(1024M) 5.960ms
[2026-06-14T18:44:53.424+0530][gc,cpu      ] GC(6) User=0.00s Sys=0.00s Real=0.01s
[2026-06-14T18:44:53.424+0530][gc,marking  ] GC(6) Concurrent Mark 19.903ms
[2026-06-14T18:44:53.424+0530][gc,marking  ] GC(6) Concurrent Rebuild Remembered Sets and Scrub Regions
[2026-06-14T18:44:53.431+0530][gc,marking  ] GC(6) Concurrent Rebuild Remembered Sets and Scrub Regions 6.467ms
[2026-06-14T18:44:53.431+0530][gc,start    ] GC(6) Pause Cleanup
[2026-06-14T18:44:53.431+0530][gc          ] GC(6) Pause Cleanup 147M->147M(1024M) 0.117ms
[2026-06-14T18:44:53.431+0530][gc,cpu      ] GC(6) User=0.00s Sys=0.00s Real=0.00s
[2026-06-14T18:44:53.431+0530][gc,marking  ] GC(6) Concurrent Clear Claimed Marks
[2026-06-14T18:44:53.431+0530][gc,marking  ] GC(6) Concurrent Clear Claimed Marks 0.081ms
[2026-06-14T18:44:53.431+0530][gc,marking  ] GC(6) Concurrent Cleanup for Next Mark
[2026-06-14T18:44:53.434+0530][gc,marking  ] GC(6) Concurrent Cleanup for Next Mark 3.149ms
[2026-06-14T18:44:53.435+0530][gc          ] GC(6) Concurrent Mark Cycle 32.120ms
[2026-06-14T18:44:53.436+0530][gc,start    ] GC(5) Pause Young (Concurrent Start) (Metadata GC Threshold)
[2026-06-14T18:44:53.436+0530][gc,task     ] GC(5) Using 13 workers of 13 for evacuation
[2026-06-14T18:44:53.439+0530][gc,phases   ] GC(5)   Pre Evacuate Collection Set: 0.49ms
[2026-06-14T18:44:53.439+0530][gc,phases   ] GC(5)   Merge Heap Roots: 0.11ms
[2026-06-14T18:44:53.439+0530][gc,phases   ] GC(5)   Evacuate Collection Set: 1.51ms
[2026-06-14T18:44:53.439+0530][gc,phases   ] GC(5)   Post Evacuate Collection Set: 0.63ms
[2026-06-14T18:44:53.439+0530][gc,phases   ] GC(5)   Other: 0.12ms
[2026-06-14T18:44:53.439+0530][gc,heap     ] GC(5) Eden regions: 4->0(123)
[2026-06-14T18:44:53.439+0530][gc,heap     ] GC(5) Survivor regions: 3->2(11)
[2026-06-14T18:44:53.439+0530][gc,heap     ] GC(5) Old regions: 15->15
[2026-06-14T18:44:53.439+0530][gc,heap     ] GC(5) Humongous regions: 129->129
[2026-06-14T18:44:53.439+0530][gc,metaspace] GC(5) Metaspace: 36112K(36416K)->36112K(36416K) NonClass: 32612K(32768K)->32612K(32768K) Class: 3500K(3648K)->3500K(3648K)
[2026-06-14T18:44:53.439+0530][gc          ] GC(5) Pause Young (Concurrent Start) (Metadata GC Threshold) 150M->145M(1024M) 3.342ms
[2026-06-14T18:44:53.439+0530][gc          ] GC(6) Concurrent Mark Cycle
[2026-06-14T18:44:53.439+0530][gc,cpu      ] GC(5) User=0.00s Sys=0.00s Real=0.00s
[2026-06-14T18:44:53.439+0530][gc,marking  ] GC(6) Concurrent Scan Root Regions
[2026-06-14T18:44:53.442+0530][gc,marking  ] GC(6) Concurrent Scan Root Regions 2.061ms
[2026-06-14T18:44:53.442+0530][gc,marking  ] GC(6) Concurrent Mark
[2026-06-14T18:44:53.442+0530][gc,marking  ] GC(6) Concurrent Mark From Roots
[2026-06-14T18:44:53.442+0530][gc,task     ] GC(6) Using 3 workers of 3 for marking
[2026-06-14T18:44:53.455+0530][gc,marking  ] GC(6) Concurrent Mark From Roots 13.251ms
[2026-06-14T18:44:53.455+0530][gc,marking  ] GC(6) Concurrent Preclean
[2026-06-14T18:44:53.455+0530][gc,marking  ] GC(6) Concurrent Preclean 0.099ms
[2026-06-14T18:44:53.455+0530][gc,start    ] GC(6) Pause Remark
[2026-06-14T18:44:53.458+0530][gc          ] GC(6) Pause Remark 146M->146M(1024M) 3.199ms
[2026-06-14T18:44:53.459+0530][gc,cpu      ] GC(6) User=0.02s Sys=0.00s Real=0.00s
[2026-06-14T18:44:53.459+0530][gc,marking  ] GC(6) Concurrent Mark 17.007ms
[2026-06-14T18:44:53.459+0530][gc,marking  ] GC(6) Concurrent Rebuild Remembered Sets and Scrub Regions
[2026-06-14T18:44:53.464+0530][gc,marking  ] GC(6) Concurrent Rebuild Remembered Sets and Scrub Regions 5.235ms
[2026-06-14T18:44:53.464+0530][gc,start    ] GC(6) Pause Cleanup
[2026-06-14T18:44:53.464+0530][gc          ] GC(6) Pause Cleanup 146M->146M(1024M) 0.099ms
[2026-06-14T18:44:53.464+0530][gc,cpu      ] GC(6) User=0.00s Sys=0.00s Real=0.00s
[2026-06-14T18:44:53.464+0530][gc,marking  ] GC(6) Concurrent Clear Claimed Marks
[2026-06-14T18:44:53.465+0530][gc,marking  ] GC(6) Concurrent Clear Claimed Marks 0.071ms
[2026-06-14T18:44:53.465+0530][gc,marking  ] GC(6) Concurrent Cleanup for Next Mark
[2026-06-14T18:44:53.466+0530][gc,marking  ] GC(6) Concurrent Cleanup for Next Mark 1.521ms
[2026-06-14T18:44:53.466+0530][gc          ] GC(6) Concurrent Mark Cycle 26.851ms
[2026-06-14T18:51:00.910+0530][gc,start    ] GC(7) Pause Young (Prepare Mixed) (G1 Evacuation Pause)
[2026-06-14T18:51:00.910+0530][gc,task     ] GC(7) Using 13 workers of 13 for evacuation
[2026-06-14T18:51:00.919+0530][gc,phases   ] GC(7)   Pre Evacuate Collection Set: 0.40ms
[2026-06-14T18:51:00.919+0530][gc,phases   ] GC(7)   Merge Heap Roots: 0.20ms
[2026-06-14T18:51:00.919+0530][gc,phases   ] GC(7)   Evacuate Collection Set: 6.97ms
[2026-06-14T18:51:00.919+0530][gc,phases   ] GC(7)   Post Evacuate Collection Set: 1.16ms
[2026-06-14T18:51:00.919+0530][gc,phases   ] GC(7)   Other: 0.18ms
[2026-06-14T18:51:00.919+0530][gc,heap     ] GC(7) Eden regions: 107->0(177)
[2026-06-14T18:51:00.919+0530][gc,heap     ] GC(7) Survivor regions: 3->7(14)
[2026-06-14T18:51:00.919+0530][gc,heap     ] GC(7) Old regions: 15->15
[2026-06-14T18:51:00.919+0530][gc,heap     ] GC(7) Humongous regions: 138->138
[2026-06-14T18:51:00.919+0530][gc,metaspace] GC(7) Metaspace: 40527K(41024K)->40527K(41024K) NonClass: 36502K(36800K)->36502K(36800K) Class: 4024K(4224K)->4024K(4224K)
[2026-06-14T18:51:00.920+0530][gc          ] GC(7) Pause Young (Prepare Mixed) (G1 Evacuation Pause) 262M->159M(1024M) 9.378ms
[2026-06-14T18:51:00.920+0530][gc,cpu      ] GC(7) User=0.00s Sys=0.00s Real=0.01s
[2026-06-14T18:54:53.502+0530][gc,start    ] GC(7) Pause Young (Prepare Mixed) (G1 Evacuation Pause)
[2026-06-14T18:54:53.502+0530][gc,task     ] GC(7) Using 13 workers of 13 for evacuation
[2026-06-14T18:54:53.514+0530][gc,phases   ] GC(7)   Pre Evacuate Collection Set: 0.76ms
[2026-06-14T18:54:53.514+0530][gc,phases   ] GC(7)   Merge Heap Roots: 0.28ms
[2026-06-14T18:54:53.514+0530][gc,phases   ] GC(7)   Evacuate Collection Set: 8.56ms
[2026-06-14T18:54:53.514+0530][gc,phases   ] GC(7)   Post Evacuate Collection Set: 1.47ms
[2026-06-14T18:54:53.514+0530][gc,phases   ] GC(7)   Other: 0.23ms
[2026-06-14T18:54:53.514+0530][gc,heap     ] GC(7) Eden regions: 123->0(157)
[2026-06-14T18:54:53.514+0530][gc,heap     ] GC(7) Survivor regions: 2->7(16)
[2026-06-14T18:54:53.514+0530][gc,heap     ] GC(7) Old regions: 15->15
[2026-06-14T18:54:53.514+0530][gc,heap     ] GC(7) Humongous regions: 129->129
[2026-06-14T18:54:53.514+0530][gc,metaspace] GC(7) Metaspace: 40011K(40448K)->40011K(40448K) NonClass: 36027K(36288K)->36027K(36288K) Class: 3983K(4160K)->3983K(4160K)
[2026-06-14T18:54:53.515+0530][gc          ] GC(7) Pause Young (Prepare Mixed) (G1 Evacuation Pause) 268M->150M(1024M) 11.900ms
[2026-06-14T18:54:53.515+0530][gc,cpu      ] GC(7) User=0.00s Sys=0.00s Real=0.01s
[2026-06-14T18:56:05.750+0530][gc,start    ] GC(7) Pause Young (Prepare Mixed) (G1 Evacuation Pause)
[2026-06-14T18:56:05.751+0530][gc,task     ] GC(7) Using 13 workers of 13 for evacuation
[2026-06-14T18:56:05.760+0530][gc,phases   ] GC(7)   Pre Evacuate Collection Set: 0.79ms
[2026-06-14T18:56:05.760+0530][gc,phases   ] GC(7)   Merge Heap Roots: 0.20ms
[2026-06-14T18:56:05.760+0530][gc,phases   ] GC(7)   Evacuate Collection Set: 6.96ms
[2026-06-14T18:56:05.760+0530][gc,phases   ] GC(7)   Post Evacuate Collection Set: 1.47ms
[2026-06-14T18:56:05.760+0530][gc,phases   ] GC(7)   Other: 0.26ms
[2026-06-14T18:56:05.760+0530][gc,heap     ] GC(7) Eden regions: 148->0(148)
[2026-06-14T18:56:05.760+0530][gc,heap     ] GC(7) Survivor regions: 2->6(19)
[2026-06-14T18:56:05.760+0530][gc,heap     ] GC(7) Old regions: 16->16
[2026-06-14T18:56:05.760+0530][gc,heap     ] GC(7) Humongous regions: 129->129
[2026-06-14T18:56:05.760+0530][gc,metaspace] GC(7) Metaspace: 41068K(41600K)->41068K(41600K) NonClass: 36856K(37184K)->36856K(37184K) Class: 4211K(4416K)->4211K(4416K)
[2026-06-14T18:56:05.760+0530][gc          ] GC(7) Pause Young (Prepare Mixed) (G1 Evacuation Pause) 293M->149M(1024M) 10.249ms
[2026-06-14T18:56:05.760+0530][gc,cpu      ] GC(7) User=0.00s Sys=0.00s Real=0.01s
