[2026-06-13T14:13:27.772+0530][gc,init] CardTable entry size: 512
[2026-06-13T14:13:27.772+0530][gc     ] Using G1
[2026-06-13T14:13:27.772+0530][gc,init] Version: 25.0.1+8-LTS-27 (release)
[2026-06-13T14:13:27.772+0530][gc,init] CPUs: 16 total, 16 available
[2026-06-13T14:13:27.772+0530][gc,init] Memory: 16068M
[2026-06-13T14:13:27.772+0530][gc,init] Large Page Support: Disabled
[2026-06-13T14:13:27.772+0530][gc,init] NUMA Support: Disabled
[2026-06-13T14:13:27.772+0530][gc,init] Compressed Oops: Enabled (32-bit)
[2026-06-13T14:13:27.772+0530][gc,init] Heap Region Size: 1M
[2026-06-13T14:13:27.772+0530][gc,init] Heap Min Capacity: 1G
[2026-06-13T14:13:27.772+0530][gc,init] Heap Initial Capacity: 1G
[2026-06-13T14:13:27.772+0530][gc,init] Heap Max Capacity: 1G
[2026-06-13T14:13:27.772+0530][gc,init] Pre-touch: Disabled
[2026-06-13T14:13:27.772+0530][gc,init] Parallel Workers: 13
[2026-06-13T14:13:27.772+0530][gc,init] Concurrent Workers: 3
[2026-06-13T14:13:27.772+0530][gc,init] Concurrent Refinement Workers: 13
[2026-06-13T14:13:27.772+0530][gc,init] Periodic GC: Disabled
[2026-06-13T14:13:27.772+0530][gc,metaspace] CDS archive(s) mapped at: [0x0000000038000000-0x0000000038dd0000-0x0000000038dd0000), size 14483456, SharedBaseAddress: 0x0000000038000000, ArchiveRelocationMode: 1.
[2026-06-13T14:13:27.772+0530][gc,metaspace] Compressed class space mapped at: 0x0000000039000000-0x0000000079000000, reserved size: 1073741824
[2026-06-13T14:13:27.772+0530][gc,metaspace] UseCompressedClassPointers 1, UseCompactObjectHeaders 0
[2026-06-13T14:13:27.772+0530][gc,metaspace] Narrow klass pointer bits 32, Max shift 3
[2026-06-13T14:13:27.772+0530][gc,metaspace] Narrow klass base: 0x0000000038000000, Narrow klass shift: 0
[2026-06-13T14:13:27.772+0530][gc,metaspace] Encoding Range: [0x0000000038000000 - 0x0000000138000000), (4294967296 bytes)
[2026-06-13T14:13:27.772+0530][gc,metaspace] Klass Range:    [0x0000000038010000 - 0x0000000079000000), (1090453504 bytes)
[2026-06-13T14:13:27.772+0530][gc,metaspace] Klass ID Range:  [65536 - 1090519033) (1090453497)
[2026-06-13T14:13:27.772+0530][gc,metaspace] Protection zone: [0x0000000038000000 - 0x0000000038010000), (65536 bytes)
[2026-06-13T14:13:28.506+0530][gc,start    ] GC(0) Pause Young (Normal) (G1 Evacuation Pause)
[2026-06-13T14:13:28.506+0530][gc,task     ] GC(0) Using 13 workers of 13 for evacuation
[2026-06-13T14:13:28.511+0530][gc,phases   ] GC(0)   Pre Evacuate Collection Set: 0.23ms
[2026-06-13T14:13:28.511+0530][gc,phases   ] GC(0)   Merge Heap Roots: 0.06ms
[2026-06-13T14:13:28.511+0530][gc,phases   ] GC(0)   Evacuate Collection Set: 3.21ms
[2026-06-13T14:13:28.511+0530][gc,phases   ] GC(0)   Post Evacuate Collection Set: 0.82ms
[2026-06-13T14:13:28.511+0530][gc,phases   ] GC(0)   Other: 0.43ms
[2026-06-13T14:13:28.511+0530][gc,heap     ] GC(0) Eden regions: 51->0(44)
[2026-06-13T14:13:28.511+0530][gc,heap     ] GC(0) Survivor regions: 0->7(7)
[2026-06-13T14:13:28.511+0530][gc,heap     ] GC(0) Old regions: 2->3
[2026-06-13T14:13:28.511+0530][gc,heap     ] GC(0) Humongous regions: 0->0
[2026-06-13T14:13:28.511+0530][gc,metaspace] GC(0) Metaspace: 17131K(17344K)->17131K(17344K) NonClass: 15599K(15744K)->15599K(15744K) Class: 1532K(1600K)->1532K(1600K)
[2026-06-13T14:13:28.511+0530][gc          ] GC(0) Pause Young (Normal) (G1 Evacuation Pause) 52M->8M(1024M) 5.013ms
[2026-06-13T14:13:28.511+0530][gc,cpu      ] GC(0) User=0.00s Sys=0.02s Real=0.00s
[2026-06-13T14:13:28.692+0530][gc,start    ] GC(1) Pause Young (Concurrent Start) (Metadata GC Threshold)
[2026-06-13T14:13:28.692+0530][gc,task     ] GC(1) Using 13 workers of 13 for evacuation
[2026-06-13T14:13:28.696+0530][gc,phases   ] GC(1)   Pre Evacuate Collection Set: 0.23ms
[2026-06-13T14:13:28.696+0530][gc,phases   ] GC(1)   Merge Heap Roots: 0.05ms
[2026-06-13T14:13:28.696+0530][gc,phases   ] GC(1)   Evacuate Collection Set: 2.85ms
[2026-06-13T14:13:28.696+0530][gc,phases   ] GC(1)   Post Evacuate Collection Set: 0.51ms
[2026-06-13T14:13:28.696+0530][gc,phases   ] GC(1)   Other: 0.06ms
[2026-06-13T14:13:28.696+0530][gc,heap     ] GC(1) Eden regions: 18->0(51)
[2026-06-13T14:13:28.696+0530][gc,heap     ] GC(1) Survivor regions: 7->3(7)
[2026-06-13T14:13:28.696+0530][gc,heap     ] GC(1) Old regions: 3->11
[2026-06-13T14:13:28.696+0530][gc,heap     ] GC(1) Humongous regions: 0->0
[2026-06-13T14:13:28.696+0530][gc,metaspace] GC(1) Metaspace: 21347K(21504K)->21347K(21504K) NonClass: 19349K(19456K)->19349K(19456K) Class: 1998K(2048K)->1998K(2048K)
[2026-06-13T14:13:28.696+0530][gc          ] GC(1) Pause Young (Concurrent Start) (Metadata GC Threshold) 26M->11M(1024M) 3.951ms
[2026-06-13T14:13:28.696+0530][gc,cpu      ] GC(1) User=0.00s Sys=0.00s Real=0.00s
[2026-06-13T14:13:28.696+0530][gc          ] GC(2) Concurrent Mark Cycle
[2026-06-13T14:13:28.696+0530][gc,marking  ] GC(2) Concurrent Scan Root Regions
[2026-06-13T14:13:28.698+0530][gc,marking  ] GC(2) Concurrent Scan Root Regions 1.660ms
[2026-06-13T14:13:28.698+0530][gc,marking  ] GC(2) Concurrent Mark
[2026-06-13T14:13:28.698+0530][gc,marking  ] GC(2) Concurrent Mark From Roots
[2026-06-13T14:13:28.698+0530][gc,task     ] GC(2) Using 3 workers of 3 for marking
[2026-06-13T14:13:28.699+0530][gc,marking  ] GC(2) Concurrent Mark From Roots 1.160ms
[2026-06-13T14:13:28.699+0530][gc,marking  ] GC(2) Concurrent Preclean
[2026-06-13T14:13:28.699+0530][gc,marking  ] GC(2) Concurrent Preclean 0.010ms
[2026-06-13T14:13:28.699+0530][gc,start    ] GC(2) Pause Remark
[2026-06-13T14:13:28.701+0530][gc          ] GC(2) Pause Remark 11M->11M(1024M) 1.598ms
[2026-06-13T14:13:28.701+0530][gc,cpu      ] GC(2) User=0.05s Sys=0.00s Real=0.00s
[2026-06-13T14:13:28.701+0530][gc,marking  ] GC(2) Concurrent Mark 2.954ms
[2026-06-13T14:13:28.701+0530][gc,marking  ] GC(2) Concurrent Rebuild Remembered Sets and Scrub Regions
[2026-06-13T14:13:28.702+0530][gc,marking  ] GC(2) Concurrent Rebuild Remembered Sets and Scrub Regions 1.461ms
[2026-06-13T14:13:28.702+0530][gc,start    ] GC(2) Pause Cleanup
[2026-06-13T14:13:28.703+0530][gc          ] GC(2) Pause Cleanup 11M->11M(1024M) 0.102ms
[2026-06-13T14:13:28.703+0530][gc,cpu      ] GC(2) User=0.00s Sys=0.00s Real=0.00s
[2026-06-13T14:13:28.703+0530][gc,marking  ] GC(2) Concurrent Clear Claimed Marks
[2026-06-13T14:13:28.703+0530][gc,marking  ] GC(2) Concurrent Clear Claimed Marks 0.049ms
[2026-06-13T14:13:28.703+0530][gc,marking  ] GC(2) Concurrent Cleanup for Next Mark
[2026-06-13T14:13:28.705+0530][gc,marking  ] GC(2) Concurrent Cleanup for Next Mark 2.171ms
[2026-06-13T14:13:28.705+0530][gc          ] GC(2) Concurrent Mark Cycle 8.863ms
[2026-06-13T14:13:29.320+0530][gc,start    ] GC(3) Pause Young (Prepare Mixed) (G1 Evacuation Pause)
[2026-06-13T14:13:29.320+0530][gc,task     ] GC(3) Using 13 workers of 13 for evacuation
[2026-06-13T14:13:29.324+0530][gc,phases   ] GC(3)   Pre Evacuate Collection Set: 0.25ms
[2026-06-13T14:13:29.324+0530][gc,phases   ] GC(3)   Merge Heap Roots: 0.07ms
[2026-06-13T14:13:29.324+0530][gc,phases   ] GC(3)   Evacuate Collection Set: 2.30ms
[2026-06-13T14:13:29.324+0530][gc,phases   ] GC(3)   Post Evacuate Collection Set: 0.49ms
[2026-06-13T14:13:29.324+0530][gc,phases   ] GC(3)   Other: 0.07ms
[2026-06-13T14:13:29.324+0530][gc,heap     ] GC(3) Eden regions: 51->0(67)
[2026-06-13T14:13:29.324+0530][gc,heap     ] GC(3) Survivor regions: 3->6(7)
[2026-06-13T14:13:29.324+0530][gc,heap     ] GC(3) Old regions: 11->11
[2026-06-13T14:13:29.324+0530][gc,heap     ] GC(3) Humongous regions: 9->9
[2026-06-13T14:13:29.324+0530][gc,metaspace] GC(3) Metaspace: 31568K(31872K)->31568K(31872K) NonClass: 28536K(28736K)->28536K(28736K) Class: 3031K(3136K)->3031K(3136K)
[2026-06-13T14:13:29.324+0530][gc          ] GC(3) Pause Young (Prepare Mixed) (G1 Evacuation Pause) 71M->23M(1024M) 3.418ms
[2026-06-13T14:13:29.324+0530][gc,cpu      ] GC(3) User=0.00s Sys=0.00s Real=0.00s
[2026-06-13T14:13:59.438+0530][gc,start    ] GC(4) Pause Young (Mixed) (Metadata GC Threshold)
[2026-06-13T14:13:59.438+0530][gc,task     ] GC(4) Using 13 workers of 13 for evacuation
[2026-06-13T14:13:59.444+0530][gc,phases   ] GC(4)   Pre Evacuate Collection Set: 0.40ms
[2026-06-13T14:13:59.444+0530][gc,phases   ] GC(4)   Merge Heap Roots: 0.18ms
[2026-06-13T14:13:59.444+0530][gc,phases   ] GC(4)   Evacuate Collection Set: 4.22ms
[2026-06-13T14:13:59.444+0530][gc,phases   ] GC(4)   Post Evacuate Collection Set: 1.13ms
[2026-06-13T14:13:59.444+0530][gc,phases   ] GC(4)   Other: 0.11ms
[2026-06-13T14:13:59.444+0530][gc,heap     ] GC(4) Eden regions: 28->0(77)
[2026-06-13T14:13:59.444+0530][gc,heap     ] GC(4) Survivor regions: 6->7(10)
[2026-06-13T14:13:59.444+0530][gc,heap     ] GC(4) Old regions: 11->11
[2026-06-13T14:13:59.444+0530][gc,heap     ] GC(4) Humongous regions: 138->138
[2026-06-13T14:13:59.444+0530][gc,metaspace] GC(4) Metaspace: 35831K(36096K)->35831K(36096K) NonClass: 32364K(32512K)->32364K(32512K) Class: 3467K(3584K)->3467K(3584K)
[2026-06-13T14:13:59.444+0530][gc          ] GC(4) Pause Young (Mixed) (Metadata GC Threshold) 179M->155M(1024M) 6.503ms
[2026-06-13T14:13:59.444+0530][gc,cpu      ] GC(4) User=0.00s Sys=0.00s Real=0.01s
[2026-06-13T14:14:00.224+0530][gc,start    ] GC(5) Pause Young (Concurrent Start) (Metadata GC Threshold)
[2026-06-13T14:14:00.224+0530][gc,task     ] GC(5) Using 13 workers of 13 for evacuation
[2026-06-13T14:14:00.227+0530][gc,phases   ] GC(5)   Pre Evacuate Collection Set: 0.40ms
[2026-06-13T14:14:00.227+0530][gc,phases   ] GC(5)   Merge Heap Roots: 0.07ms
[2026-06-13T14:14:00.227+0530][gc,phases   ] GC(5)   Evacuate Collection Set: 2.36ms
[2026-06-13T14:14:00.227+0530][gc,phases   ] GC(5)   Post Evacuate Collection Set: 0.55ms
[2026-06-13T14:14:00.227+0530][gc,phases   ] GC(5)   Other: 0.08ms
[2026-06-13T14:14:00.227+0530][gc,heap     ] GC(5) Eden regions: 8->0(128)
[2026-06-13T14:14:00.227+0530][gc,heap     ] GC(5) Survivor regions: 7->3(11)
[2026-06-13T14:14:00.227+0530][gc,heap     ] GC(5) Old regions: 11->15
[2026-06-13T14:14:00.227+0530][gc,heap     ] GC(5) Humongous regions: 138->138
[2026-06-13T14:14:00.227+0530][gc,metaspace] GC(5) Metaspace: 36119K(36416K)->36119K(36416K) NonClass: 32595K(32768K)->32595K(32768K) Class: 3524K(3648K)->3524K(3648K)
[2026-06-13T14:14:00.227+0530][gc          ] GC(5) Pause Young (Concurrent Start) (Metadata GC Threshold) 163M->155M(1024M) 3.734ms
[2026-06-13T14:14:00.227+0530][gc          ] GC(6) Concurrent Mark Cycle
[2026-06-13T14:14:00.227+0530][gc,cpu      ] GC(5) User=0.00s Sys=0.00s Real=0.00s
[2026-06-13T14:14:00.227+0530][gc,marking  ] GC(6) Concurrent Scan Root Regions
[2026-06-13T14:14:00.230+0530][gc,marking  ] GC(6) Concurrent Scan Root Regions 2.270ms
[2026-06-13T14:14:00.230+0530][gc,marking  ] GC(6) Concurrent Mark
[2026-06-13T14:14:00.230+0530][gc,marking  ] GC(6) Concurrent Mark From Roots
[2026-06-13T14:14:00.230+0530][gc,task     ] GC(6) Using 3 workers of 3 for marking
[2026-06-13T14:14:00.237+0530][gc,marking  ] GC(6) Concurrent Mark From Roots 6.801ms
[2026-06-13T14:14:00.237+0530][gc,marking  ] GC(6) Concurrent Preclean
[2026-06-13T14:14:00.237+0530][gc,marking  ] GC(6) Concurrent Preclean 0.073ms
[2026-06-13T14:14:00.237+0530][gc,start    ] GC(6) Pause Remark
[2026-06-13T14:14:00.239+0530][gc          ] GC(6) Pause Remark 156M->156M(1024M) 2.042ms
[2026-06-13T14:14:00.239+0530][gc,cpu      ] GC(6) User=0.00s Sys=0.00s Real=0.00s
[2026-06-13T14:14:00.239+0530][gc,marking  ] GC(6) Concurrent Mark 9.201ms
[2026-06-13T14:14:00.239+0530][gc,marking  ] GC(6) Concurrent Rebuild Remembered Sets and Scrub Regions
[2026-06-13T14:14:00.242+0530][gc,marking  ] GC(6) Concurrent Rebuild Remembered Sets and Scrub Regions 2.992ms
[2026-06-13T14:14:00.243+0530][gc,start    ] GC(6) Pause Cleanup
[2026-06-13T14:14:00.243+0530][gc          ] GC(6) Pause Cleanup 156M->156M(1024M) 0.077ms
[2026-06-13T14:14:00.243+0530][gc,cpu      ] GC(6) User=0.00s Sys=0.00s Real=0.00s
[2026-06-13T14:14:00.243+0530][gc,marking  ] GC(6) Concurrent Clear Claimed Marks
[2026-06-13T14:14:00.243+0530][gc,marking  ] GC(6) Concurrent Clear Claimed Marks 0.066ms
[2026-06-13T14:14:00.243+0530][gc,marking  ] GC(6) Concurrent Cleanup for Next Mark
[2026-06-13T14:14:00.244+0530][gc,marking  ] GC(6) Concurrent Cleanup for Next Mark 0.871ms
[2026-06-13T14:14:00.244+0530][gc          ] GC(6) Concurrent Mark Cycle 15.974ms
[2026-06-13T14:14:00.539+0530][gc,exit     ] Heap
[2026-06-13T14:14:00.539+0530][gc,exit     ]  garbage-first heap   total reserved 1048576K, committed 1048576K, used 179722K [0x00000000c0000000, 0x0000000100000000)
[2026-06-13T14:14:00.539+0530][gc,exit     ]   region size 1024K, 24 young (24576K), 3 survivors (3072K)
[2026-06-13T14:14:00.539+0530][gc,exit     ]  Metaspace       used 36601K, committed 36928K, reserved 1114112K
[2026-06-13T14:14:00.539+0530][gc,exit     ]   class space    used 3661K, committed 3776K, reserved 1048576K
