[2026-06-14T12:35:33.353+0530][gc,init] CardTable entry size: 512
[2026-06-14T12:35:33.353+0530][gc     ] Using G1
[2026-06-14T12:35:33.356+0530][gc,init] Version: 25.0.1+8-LTS-27 (release)
[2026-06-14T12:35:33.356+0530][gc,init] CPUs: 16 total, 16 available
[2026-06-14T12:35:33.356+0530][gc,init] Memory: 16068M
[2026-06-14T12:35:33.356+0530][gc,init] Large Page Support: Disabled
[2026-06-14T12:35:33.356+0530][gc,init] NUMA Support: Disabled
[2026-06-14T12:35:33.356+0530][gc,init] Compressed Oops: Enabled (32-bit)
[2026-06-14T12:35:33.356+0530][gc,init] Heap Region Size: 1M
[2026-06-14T12:35:33.356+0530][gc,init] Heap Min Capacity: 1G
[2026-06-14T12:35:33.356+0530][gc,init] Heap Initial Capacity: 1G
[2026-06-14T12:35:33.356+0530][gc,init] Heap Max Capacity: 1G
[2026-06-14T12:35:33.356+0530][gc,init] Pre-touch: Disabled
[2026-06-14T12:35:33.357+0530][gc,init] Parallel Workers: 13
[2026-06-14T12:35:33.357+0530][gc,init] Concurrent Workers: 3
[2026-06-14T12:35:33.357+0530][gc,init] Concurrent Refinement Workers: 13
[2026-06-14T12:35:33.357+0530][gc,init] Periodic GC: Disabled
[2026-06-14T12:35:33.365+0530][gc,metaspace] CDS archive(s) mapped at: [0x000000002a000000-0x000000002add0000-0x000000002add0000), size 14483456, SharedBaseAddress: 0x000000002a000000, ArchiveRelocationMode: 1.
[2026-06-14T12:35:33.365+0530][gc,metaspace] Compressed class space mapped at: 0x000000002b000000-0x000000006b000000, reserved size: 1073741824
[2026-06-14T12:35:33.365+0530][gc,metaspace] UseCompressedClassPointers 1, UseCompactObjectHeaders 0
[2026-06-14T12:35:33.365+0530][gc,metaspace] Narrow klass pointer bits 32, Max shift 3
[2026-06-14T12:35:33.365+0530][gc,metaspace] Narrow klass base: 0x000000002a000000, Narrow klass shift: 0
[2026-06-14T12:35:33.365+0530][gc,metaspace] Encoding Range: [0x000000002a000000 - 0x000000012a000000), (4294967296 bytes)
[2026-06-14T12:35:33.365+0530][gc,metaspace] Klass Range:    [0x000000002a010000 - 0x000000006b000000), (1090453504 bytes)
[2026-06-14T12:35:33.365+0530][gc,metaspace] Klass ID Range:  [65536 - 1090519033) (1090453497)
[2026-06-14T12:35:33.365+0530][gc,metaspace] Protection zone: [0x000000002a000000 - 0x000000002a010000), (65536 bytes)
[2026-06-14T12:35:34.344+0530][gc,start    ] GC(0) Pause Young (Normal) (G1 Evacuation Pause)
[2026-06-14T12:35:34.344+0530][gc,task     ] GC(0) Using 13 workers of 13 for evacuation
[2026-06-14T12:35:34.349+0530][gc,phases   ] GC(0)   Pre Evacuate Collection Set: 0.18ms
[2026-06-14T12:35:34.349+0530][gc,phases   ] GC(0)   Merge Heap Roots: 0.05ms
[2026-06-14T12:35:34.349+0530][gc,phases   ] GC(0)   Evacuate Collection Set: 3.23ms
[2026-06-14T12:35:34.349+0530][gc,phases   ] GC(0)   Post Evacuate Collection Set: 0.99ms
[2026-06-14T12:35:34.349+0530][gc,phases   ] GC(0)   Other: 0.46ms
[2026-06-14T12:35:34.349+0530][gc,heap     ] GC(0) Eden regions: 51->0(44)
[2026-06-14T12:35:34.349+0530][gc,heap     ] GC(0) Survivor regions: 0->7(7)
[2026-06-14T12:35:34.349+0530][gc,heap     ] GC(0) Old regions: 2->3
[2026-06-14T12:35:34.349+0530][gc,heap     ] GC(0) Humongous regions: 0->0
[2026-06-14T12:35:34.349+0530][gc,metaspace] GC(0) Metaspace: 17052K(17280K)->17052K(17280K) NonClass: 15526K(15680K)->15526K(15680K) Class: 1526K(1600K)->1526K(1600K)
[2026-06-14T12:35:34.349+0530][gc          ] GC(0) Pause Young (Normal) (G1 Evacuation Pause) 52M->8M(1024M) 5.142ms
[2026-06-14T12:35:34.349+0530][gc,cpu      ] GC(0) User=0.00s Sys=0.00s Real=0.00s
[2026-06-14T12:35:34.607+0530][gc,start    ] GC(1) Pause Young (Concurrent Start) (Metadata GC Threshold)
[2026-06-14T12:35:34.607+0530][gc,task     ] GC(1) Using 13 workers of 13 for evacuation
[2026-06-14T12:35:34.612+0530][gc,phases   ] GC(1)   Pre Evacuate Collection Set: 0.30ms
[2026-06-14T12:35:34.612+0530][gc,phases   ] GC(1)   Merge Heap Roots: 0.08ms
[2026-06-14T12:35:34.612+0530][gc,phases   ] GC(1)   Evacuate Collection Set: 3.53ms
[2026-06-14T12:35:34.612+0530][gc,phases   ] GC(1)   Post Evacuate Collection Set: 0.59ms
[2026-06-14T12:35:34.612+0530][gc,phases   ] GC(1)   Other: 0.08ms
[2026-06-14T12:35:34.612+0530][gc,heap     ] GC(1) Eden regions: 18->0(50)
[2026-06-14T12:35:34.612+0530][gc,heap     ] GC(1) Survivor regions: 7->3(7)
[2026-06-14T12:35:34.612+0530][gc,heap     ] GC(1) Old regions: 3->10
[2026-06-14T12:35:34.612+0530][gc,heap     ] GC(1) Humongous regions: 0->0
[2026-06-14T12:35:34.612+0530][gc,metaspace] GC(1) Metaspace: 21351K(21504K)->21351K(21504K) NonClass: 19354K(19456K)->19354K(19456K) Class: 1997K(2048K)->1997K(2048K)
[2026-06-14T12:35:34.612+0530][gc          ] GC(1) Pause Young (Concurrent Start) (Metadata GC Threshold) 26M->11M(1024M) 4.917ms
[2026-06-14T12:35:34.612+0530][gc,cpu      ] GC(1) User=0.00s Sys=0.00s Real=0.00s
[2026-06-14T12:35:34.612+0530][gc          ] GC(2) Concurrent Mark Cycle
[2026-06-14T12:35:34.612+0530][gc,marking  ] GC(2) Concurrent Scan Root Regions
[2026-06-14T12:35:34.614+0530][gc,marking  ] GC(2) Concurrent Scan Root Regions 2.312ms
[2026-06-14T12:35:34.614+0530][gc,marking  ] GC(2) Concurrent Mark
[2026-06-14T12:35:34.614+0530][gc,marking  ] GC(2) Concurrent Mark From Roots
[2026-06-14T12:35:34.614+0530][gc,task     ] GC(2) Using 3 workers of 3 for marking
[2026-06-14T12:35:34.617+0530][gc,marking  ] GC(2) Concurrent Mark From Roots 2.209ms
[2026-06-14T12:35:34.617+0530][gc,marking  ] GC(2) Concurrent Preclean
[2026-06-14T12:35:34.617+0530][gc,marking  ] GC(2) Concurrent Preclean 0.026ms
[2026-06-14T12:35:34.617+0530][gc,start    ] GC(2) Pause Remark
[2026-06-14T12:35:34.619+0530][gc          ] GC(2) Pause Remark 11M->11M(1024M) 1.880ms
[2026-06-14T12:35:34.619+0530][gc,cpu      ] GC(2) User=0.17s Sys=0.03s Real=0.00s
[2026-06-14T12:35:34.619+0530][gc,marking  ] GC(2) Concurrent Mark 4.505ms
[2026-06-14T12:35:34.619+0530][gc,marking  ] GC(2) Concurrent Rebuild Remembered Sets and Scrub Regions
[2026-06-14T12:35:34.621+0530][gc,marking  ] GC(2) Concurrent Rebuild Remembered Sets and Scrub Regions 2.276ms
[2026-06-14T12:35:34.621+0530][gc,start    ] GC(2) Pause Cleanup
[2026-06-14T12:35:34.621+0530][gc          ] GC(2) Pause Cleanup 12M->12M(1024M) 0.076ms
[2026-06-14T12:35:34.621+0530][gc,cpu      ] GC(2) User=0.00s Sys=0.00s Real=0.00s
[2026-06-14T12:35:34.621+0530][gc,marking  ] GC(2) Concurrent Clear Claimed Marks
[2026-06-14T12:35:34.621+0530][gc,marking  ] GC(2) Concurrent Clear Claimed Marks 0.018ms
[2026-06-14T12:35:34.621+0530][gc,marking  ] GC(2) Concurrent Cleanup for Next Mark
[2026-06-14T12:35:34.624+0530][gc,marking  ] GC(2) Concurrent Cleanup for Next Mark 2.444ms
[2026-06-14T12:35:34.624+0530][gc          ] GC(2) Concurrent Mark Cycle 12.069ms
[2026-06-14T12:35:35.456+0530][gc,start    ] GC(3) Pause Young (Prepare Mixed) (G1 Evacuation Pause)
[2026-06-14T12:35:35.456+0530][gc,task     ] GC(3) Using 13 workers of 13 for evacuation
[2026-06-14T12:35:35.460+0530][gc,phases   ] GC(3)   Pre Evacuate Collection Set: 0.24ms
[2026-06-14T12:35:35.460+0530][gc,phases   ] GC(3)   Merge Heap Roots: 0.10ms
[2026-06-14T12:35:35.460+0530][gc,phases   ] GC(3)   Evacuate Collection Set: 2.48ms
[2026-06-14T12:35:35.460+0530][gc,phases   ] GC(3)   Post Evacuate Collection Set: 0.65ms
[2026-06-14T12:35:35.460+0530][gc,phases   ] GC(3)   Other: 0.12ms
[2026-06-14T12:35:35.460+0530][gc,heap     ] GC(3) Eden regions: 50->0(65)
[2026-06-14T12:35:35.460+0530][gc,heap     ] GC(3) Survivor regions: 3->5(7)
[2026-06-14T12:35:35.460+0530][gc,heap     ] GC(3) Old regions: 10->10
[2026-06-14T12:35:35.460+0530][gc,heap     ] GC(3) Humongous regions: 0->0
[2026-06-14T12:35:35.460+0530][gc,metaspace] GC(3) Metaspace: 30666K(30912K)->30666K(30912K) NonClass: 27754K(27904K)->27754K(27904K) Class: 2911K(3008K)->2911K(3008K)
[2026-06-14T12:35:35.460+0530][gc          ] GC(3) Pause Young (Prepare Mixed) (G1 Evacuation Pause) 61M->13M(1024M) 3.904ms
[2026-06-14T12:35:35.460+0530][gc,cpu      ] GC(3) User=0.00s Sys=0.00s Real=0.00s
[2026-06-14T12:35:42.739+0530][gc,init] CardTable entry size: 512
[2026-06-14T12:35:42.739+0530][gc     ] Using G1
[2026-06-14T12:35:42.743+0530][gc,init] Version: 25.0.1+8-LTS-27 (release)
[2026-06-14T12:35:42.743+0530][gc,init] CPUs: 16 total, 16 available
[2026-06-14T12:35:42.743+0530][gc,init] Memory: 16068M
[2026-06-14T12:35:42.743+0530][gc,init] Large Page Support: Disabled
[2026-06-14T12:35:42.743+0530][gc,init] NUMA Support: Disabled
[2026-06-14T12:35:42.743+0530][gc,init] Compressed Oops: Enabled (32-bit)
[2026-06-14T12:35:42.743+0530][gc,init] Heap Region Size: 1M
[2026-06-14T12:35:42.743+0530][gc,init] Heap Min Capacity: 1G
[2026-06-14T12:35:42.743+0530][gc,init] Heap Initial Capacity: 1G
[2026-06-14T12:35:42.743+0530][gc,init] Heap Max Capacity: 1G
[2026-06-14T12:35:42.743+0530][gc,init] Pre-touch: Disabled
[2026-06-14T12:35:42.743+0530][gc,init] Parallel Workers: 13
[2026-06-14T12:35:42.743+0530][gc,init] Concurrent Workers: 3
[2026-06-14T12:35:42.743+0530][gc,init] Concurrent Refinement Workers: 13
[2026-06-14T12:35:42.743+0530][gc,init] Periodic GC: Disabled
[2026-06-14T12:35:42.751+0530][gc,metaspace] CDS archive(s) mapped at: [0x000000003a000000-0x000000003add0000-0x000000003add0000), size 14483456, SharedBaseAddress: 0x000000003a000000, ArchiveRelocationMode: 1.
[2026-06-14T12:35:42.751+0530][gc,metaspace] Compressed class space mapped at: 0x000000003b000000-0x000000007b000000, reserved size: 1073741824
[2026-06-14T12:35:42.751+0530][gc,metaspace] UseCompressedClassPointers 1, UseCompactObjectHeaders 0
[2026-06-14T12:35:42.751+0530][gc,metaspace] Narrow klass pointer bits 32, Max shift 3
[2026-06-14T12:35:42.752+0530][gc,metaspace] Narrow klass base: 0x000000003a000000, Narrow klass shift: 0
[2026-06-14T12:35:42.752+0530][gc,metaspace] Encoding Range: [0x000000003a000000 - 0x000000013a000000), (4294967296 bytes)
[2026-06-14T12:35:42.752+0530][gc,metaspace] Klass Range:    [0x000000003a010000 - 0x000000007b000000), (1090453504 bytes)
[2026-06-14T12:35:42.752+0530][gc,metaspace] Klass ID Range:  [65536 - 1090519033) (1090453497)
[2026-06-14T12:35:42.752+0530][gc,metaspace] Protection zone: [0x000000003a000000 - 0x000000003a010000), (65536 bytes)
[2026-06-14T12:35:43.731+0530][gc,start    ] GC(0) Pause Young (Normal) (G1 Evacuation Pause)
[2026-06-14T12:35:43.732+0530][gc,task     ] GC(0) Using 13 workers of 13 for evacuation
[2026-06-14T12:35:43.736+0530][gc,phases   ] GC(0)   Pre Evacuate Collection Set: 0.19ms
[2026-06-14T12:35:43.736+0530][gc,phases   ] GC(0)   Merge Heap Roots: 0.05ms
[2026-06-14T12:35:43.736+0530][gc,phases   ] GC(0)   Evacuate Collection Set: 3.23ms
[2026-06-14T12:35:43.736+0530][gc,phases   ] GC(0)   Post Evacuate Collection Set: 0.75ms
[2026-06-14T12:35:43.736+0530][gc,phases   ] GC(0)   Other: 0.38ms
[2026-06-14T12:35:43.736+0530][gc,heap     ] GC(0) Eden regions: 51->0(44)
[2026-06-14T12:35:43.736+0530][gc,heap     ] GC(0) Survivor regions: 0->7(7)
[2026-06-14T12:35:43.736+0530][gc,heap     ] GC(0) Old regions: 2->3
[2026-06-14T12:35:43.736+0530][gc,heap     ] GC(0) Humongous regions: 0->0
[2026-06-14T12:35:43.736+0530][gc,metaspace] GC(0) Metaspace: 17039K(17216K)->17039K(17216K) NonClass: 15514K(15616K)->15514K(15616K) Class: 1525K(1600K)->1525K(1600K)
[2026-06-14T12:35:43.736+0530][gc          ] GC(0) Pause Young (Normal) (G1 Evacuation Pause) 52M->8M(1024M) 4.897ms
[2026-06-14T12:35:43.736+0530][gc,cpu      ] GC(0) User=0.00s Sys=0.00s Real=0.01s
[2026-06-14T12:35:43.971+0530][gc,start    ] GC(1) Pause Young (Concurrent Start) (Metadata GC Threshold)
[2026-06-14T12:35:43.972+0530][gc,task     ] GC(1) Using 13 workers of 13 for evacuation
[2026-06-14T12:35:43.975+0530][gc,phases   ] GC(1)   Pre Evacuate Collection Set: 0.27ms
[2026-06-14T12:35:43.975+0530][gc,phases   ] GC(1)   Merge Heap Roots: 0.06ms
[2026-06-14T12:35:43.975+0530][gc,phases   ] GC(1)   Evacuate Collection Set: 2.95ms
[2026-06-14T12:35:43.975+0530][gc,phases   ] GC(1)   Post Evacuate Collection Set: 0.49ms
[2026-06-14T12:35:43.975+0530][gc,phases   ] GC(1)   Other: 0.06ms
[2026-06-14T12:35:43.975+0530][gc,heap     ] GC(1) Eden regions: 19->0(53)
[2026-06-14T12:35:43.975+0530][gc,heap     ] GC(1) Survivor regions: 7->3(7)
[2026-06-14T12:35:43.976+0530][gc,heap     ] GC(1) Old regions: 3->10
[2026-06-14T12:35:43.976+0530][gc,heap     ] GC(1) Humongous regions: 0->0
[2026-06-14T12:35:43.976+0530][gc,metaspace] GC(1) Metaspace: 21351K(21504K)->21351K(21504K) NonClass: 19353K(19456K)->19353K(19456K) Class: 1997K(2048K)->1997K(2048K)
[2026-06-14T12:35:43.976+0530][gc          ] GC(1) Pause Young (Concurrent Start) (Metadata GC Threshold) 27M->11M(1024M) 4.113ms
[2026-06-14T12:35:43.976+0530][gc,cpu      ] GC(1) User=0.00s Sys=0.00s Real=0.01s
[2026-06-14T12:35:43.976+0530][gc          ] GC(2) Concurrent Mark Cycle
[2026-06-14T12:35:43.976+0530][gc,marking  ] GC(2) Concurrent Scan Root Regions
[2026-06-14T12:35:43.978+0530][gc,marking  ] GC(2) Concurrent Scan Root Regions 1.835ms
[2026-06-14T12:35:43.978+0530][gc,marking  ] GC(2) Concurrent Mark
[2026-06-14T12:35:43.978+0530][gc,marking  ] GC(2) Concurrent Mark From Roots
[2026-06-14T12:35:43.978+0530][gc,task     ] GC(2) Using 3 workers of 3 for marking
[2026-06-14T12:35:43.979+0530][gc,marking  ] GC(2) Concurrent Mark From Roots 1.724ms
[2026-06-14T12:35:43.979+0530][gc,marking  ] GC(2) Concurrent Preclean
[2026-06-14T12:35:43.979+0530][gc,marking  ] GC(2) Concurrent Preclean 0.013ms
[2026-06-14T12:35:43.979+0530][gc,start    ] GC(2) Pause Remark
[2026-06-14T12:35:43.981+0530][gc          ] GC(2) Pause Remark 11M->11M(1024M) 1.557ms
[2026-06-14T12:35:43.981+0530][gc,cpu      ] GC(2) User=0.00s Sys=0.00s Real=0.00s
[2026-06-14T12:35:43.981+0530][gc,marking  ] GC(2) Concurrent Mark 3.508ms
[2026-06-14T12:35:43.981+0530][gc,marking  ] GC(2) Concurrent Rebuild Remembered Sets and Scrub Regions
[2026-06-14T12:35:43.983+0530][gc,marking  ] GC(2) Concurrent Rebuild Remembered Sets and Scrub Regions 1.524ms
[2026-06-14T12:35:43.983+0530][gc,start    ] GC(2) Pause Cleanup
[2026-06-14T12:35:43.983+0530][gc          ] GC(2) Pause Cleanup 11M->11M(1024M) 0.064ms
[2026-06-14T12:35:43.983+0530][gc,cpu      ] GC(2) User=0.00s Sys=0.00s Real=0.00s
[2026-06-14T12:35:43.983+0530][gc,marking  ] GC(2) Concurrent Clear Claimed Marks
[2026-06-14T12:35:43.983+0530][gc,marking  ] GC(2) Concurrent Clear Claimed Marks 0.052ms
[2026-06-14T12:35:43.983+0530][gc,marking  ] GC(2) Concurrent Cleanup for Next Mark
[2026-06-14T12:35:43.985+0530][gc,marking  ] GC(2) Concurrent Cleanup for Next Mark 2.027ms
[2026-06-14T12:35:43.985+0530][gc          ] GC(2) Concurrent Mark Cycle 9.457ms
[2026-06-14T12:35:44.808+0530][gc,start    ] GC(3) Pause Young (Prepare Mixed) (G1 Evacuation Pause)
[2026-06-14T12:35:44.808+0530][gc,task     ] GC(3) Using 13 workers of 13 for evacuation
[2026-06-14T12:35:44.813+0530][gc,phases   ] GC(3)   Pre Evacuate Collection Set: 0.28ms
[2026-06-14T12:35:44.813+0530][gc,phases   ] GC(3)   Merge Heap Roots: 0.12ms
[2026-06-14T12:35:44.813+0530][gc,phases   ] GC(3)   Evacuate Collection Set: 3.95ms
[2026-06-14T12:35:44.813+0530][gc,phases   ] GC(3)   Post Evacuate Collection Set: 0.84ms
[2026-06-14T12:35:44.813+0530][gc,phases   ] GC(3)   Other: 0.15ms
[2026-06-14T12:35:44.813+0530][gc,heap     ] GC(3) Eden regions: 53->0(61)
[2026-06-14T12:35:44.813+0530][gc,heap     ] GC(3) Survivor regions: 3->6(7)
[2026-06-14T12:35:44.813+0530][gc,heap     ] GC(3) Old regions: 10->10
[2026-06-14T12:35:44.814+0530][gc,heap     ] GC(3) Humongous regions: 0->0
[2026-06-14T12:35:44.814+0530][gc,metaspace] GC(3) Metaspace: 30681K(30912K)->30681K(30912K) NonClass: 27765K(27904K)->27765K(27904K) Class: 2916K(3008K)->2916K(3008K)
[2026-06-14T12:35:44.814+0530][gc          ] GC(3) Pause Young (Prepare Mixed) (G1 Evacuation Pause) 64M->14M(1024M) 5.757ms
[2026-06-14T12:35:44.814+0530][gc,cpu      ] GC(3) User=0.00s Sys=0.00s Real=0.01s
[2026-06-14T12:35:47.662+0530][gc,start    ] GC(4) Pause Young (Mixed) (Metadata GC Threshold)
[2026-06-14T12:35:47.663+0530][gc,task     ] GC(4) Using 13 workers of 13 for evacuation
[2026-06-14T12:35:47.670+0530][gc,phases   ] GC(4)   Pre Evacuate Collection Set: 0.33ms
[2026-06-14T12:35:47.670+0530][gc,phases   ] GC(4)   Merge Heap Roots: 0.10ms
[2026-06-14T12:35:47.670+0530][gc,phases   ] GC(4)   Evacuate Collection Set: 5.14ms
[2026-06-14T12:35:47.670+0530][gc,phases   ] GC(4)   Post Evacuate Collection Set: 1.21ms
[2026-06-14T12:35:47.670+0530][gc,phases   ] GC(4)   Other: 0.14ms
[2026-06-14T12:35:47.670+0530][gc,heap     ] GC(4) Eden regions: 38->0(76)
[2026-06-14T12:35:47.670+0530][gc,heap     ] GC(4) Survivor regions: 6->6(9)
[2026-06-14T12:35:47.670+0530][gc,heap     ] GC(4) Old regions: 10->11
[2026-06-14T12:35:47.670+0530][gc,heap     ] GC(4) Humongous regions: 9->9
[2026-06-14T12:35:47.670+0530][gc,metaspace] GC(4) Metaspace: 35765K(36096K)->35765K(36096K) NonClass: 32340K(32512K)->32340K(32512K) Class: 3425K(3584K)->3425K(3584K)
[2026-06-14T12:35:47.670+0530][gc          ] GC(4) Pause Young (Mixed) (Metadata GC Threshold) 61M->25M(1024M) 7.474ms
[2026-06-14T12:35:47.670+0530][gc,cpu      ] GC(4) User=0.09s Sys=0.11s Real=0.01s
[2026-06-14T12:35:47.749+0530][gc,start    ] GC(5) Pause Young (Concurrent Start) (Metadata GC Threshold)
[2026-06-14T12:35:47.750+0530][gc,task     ] GC(5) Using 13 workers of 13 for evacuation
[2026-06-14T12:35:47.755+0530][gc,phases   ] GC(5)   Pre Evacuate Collection Set: 0.50ms
[2026-06-14T12:35:47.755+0530][gc,phases   ] GC(5)   Merge Heap Roots: 0.09ms
[2026-06-14T12:35:47.755+0530][gc,phases   ] GC(5)   Evacuate Collection Set: 3.84ms
[2026-06-14T12:35:47.755+0530][gc,phases   ] GC(5)   Post Evacuate Collection Set: 0.83ms
[2026-06-14T12:35:47.755+0530][gc,phases   ] GC(5)   Other: 0.16ms
[2026-06-14T12:35:47.755+0530][gc,heap     ] GC(5) Eden regions: 5->0(126)
[2026-06-14T12:35:47.755+0530][gc,heap     ] GC(5) Survivor regions: 6->4(11)
[2026-06-14T12:35:47.755+0530][gc,heap     ] GC(5) Old regions: 11->16
[2026-06-14T12:35:47.755+0530][gc,heap     ] GC(5) Humongous regions: 138->138
[2026-06-14T12:35:47.755+0530][gc,metaspace] GC(5) Metaspace: 35994K(36416K)->35994K(36416K) NonClass: 32532K(32768K)->32532K(32768K) Class: 3461K(3648K)->3461K(3648K)
[2026-06-14T12:35:47.755+0530][gc          ] GC(5) Pause Young (Concurrent Start) (Metadata GC Threshold) (Evacuation Failure: Pinned) 159M->155M(1024M) 5.936ms
[2026-06-14T12:35:47.755+0530][gc          ] GC(6) Concurrent Mark Cycle
[2026-06-14T12:35:47.755+0530][gc,cpu      ] GC(5) User=0.00s Sys=0.00s Real=0.01s
[2026-06-14T12:35:47.756+0530][gc,marking  ] GC(6) Concurrent Scan Root Regions
[2026-06-14T12:35:47.759+0530][gc,marking  ] GC(6) Concurrent Scan Root Regions 3.289ms
[2026-06-14T12:35:47.759+0530][gc,marking  ] GC(6) Concurrent Mark
[2026-06-14T12:35:47.759+0530][gc,marking  ] GC(6) Concurrent Mark From Roots
[2026-06-14T12:35:47.759+0530][gc,task     ] GC(6) Using 3 workers of 3 for marking
[2026-06-14T12:35:47.768+0530][gc,marking  ] GC(6) Concurrent Mark From Roots 8.912ms
[2026-06-14T12:35:47.768+0530][gc,marking  ] GC(6) Concurrent Preclean
[2026-06-14T12:35:47.768+0530][gc,marking  ] GC(6) Concurrent Preclean 0.116ms
[2026-06-14T12:35:47.769+0530][gc,start    ] GC(6) Pause Remark
[2026-06-14T12:35:47.773+0530][gc          ] GC(6) Pause Remark 158M->158M(1024M) 4.142ms
[2026-06-14T12:35:47.773+0530][gc,cpu      ] GC(6) User=0.00s Sys=0.00s Real=0.00s
[2026-06-14T12:35:47.773+0530][gc,marking  ] GC(6) Concurrent Mark 13.971ms
[2026-06-14T12:35:47.773+0530][gc,marking  ] GC(6) Concurrent Rebuild Remembered Sets and Scrub Regions
[2026-06-14T12:35:47.780+0530][gc,marking  ] GC(6) Concurrent Rebuild Remembered Sets and Scrub Regions 6.889ms
[2026-06-14T12:35:47.780+0530][gc,start    ] GC(6) Pause Cleanup
[2026-06-14T12:35:47.780+0530][gc          ] GC(6) Pause Cleanup 159M->159M(1024M) 0.100ms
[2026-06-14T12:35:47.780+0530][gc,cpu      ] GC(6) User=0.00s Sys=0.00s Real=0.00s
[2026-06-14T12:35:47.780+0530][gc,marking  ] GC(6) Concurrent Clear Claimed Marks
[2026-06-14T12:35:47.780+0530][gc,marking  ] GC(6) Concurrent Clear Claimed Marks 0.089ms
[2026-06-14T12:35:47.781+0530][gc,marking  ] GC(6) Concurrent Cleanup for Next Mark
[2026-06-14T12:35:47.782+0530][gc,marking  ] GC(6) Concurrent Cleanup for Next Mark 1.162ms
[2026-06-14T12:35:47.782+0530][gc          ] GC(6) Concurrent Mark Cycle 26.333ms
[2026-06-14T12:35:47.976+0530][gc,start    ] GC(4) Pause Young (Mixed) (Metadata GC Threshold)
[2026-06-14T12:35:47.976+0530][gc,task     ] GC(4) Using 13 workers of 13 for evacuation
[2026-06-14T12:35:47.981+0530][gc,phases   ] GC(4)   Pre Evacuate Collection Set: 0.21ms
[2026-06-14T12:35:47.981+0530][gc,phases   ] GC(4)   Merge Heap Roots: 0.10ms
[2026-06-14T12:35:47.981+0530][gc,phases   ] GC(4)   Evacuate Collection Set: 3.74ms
[2026-06-14T12:35:47.981+0530][gc,phases   ] GC(4)   Post Evacuate Collection Set: 0.79ms
[2026-06-14T12:35:47.981+0530][gc,phases   ] GC(4)   Other: 0.11ms
[2026-06-14T12:35:47.981+0530][gc,heap     ] GC(4) Eden regions: 43->0(69)
[2026-06-14T12:35:47.981+0530][gc,heap     ] GC(4) Survivor regions: 5->9(9)
[2026-06-14T12:35:47.981+0530][gc,heap     ] GC(4) Old regions: 10->10
[2026-06-14T12:35:47.981+0530][gc,heap     ] GC(4) Humongous regions: 129->129
[2026-06-14T12:35:47.981+0530][gc,metaspace] GC(4) Metaspace: 35790K(36096K)->35790K(36096K) NonClass: 32397K(32576K)->32397K(32576K) Class: 3393K(3520K)->3393K(3520K)
[2026-06-14T12:35:47.981+0530][gc          ] GC(4) Pause Young (Mixed) (Metadata GC Threshold) 184M->146M(1024M) 5.392ms
[2026-06-14T12:35:47.981+0530][gc,cpu      ] GC(4) User=0.12s Sys=0.08s Real=0.00s
[2026-06-14T12:35:48.003+0530][gc,start    ] GC(5) Pause Young (Concurrent Start) (Metadata GC Threshold)
[2026-06-14T12:35:48.003+0530][gc,task     ] GC(5) Using 13 workers of 13 for evacuation
[2026-06-14T12:35:48.010+0530][gc,phases   ] GC(5)   Pre Evacuate Collection Set: 0.62ms
[2026-06-14T12:35:48.010+0530][gc,phases   ] GC(5)   Merge Heap Roots: 0.13ms
[2026-06-14T12:35:48.010+0530][gc,phases   ] GC(5)   Evacuate Collection Set: 5.11ms
[2026-06-14T12:35:48.010+0530][gc,phases   ] GC(5)   Post Evacuate Collection Set: 0.82ms
[2026-06-14T12:35:48.010+0530][gc,phases   ] GC(5)   Other: 0.14ms
[2026-06-14T12:35:48.010+0530][gc,heap     ] GC(5) Eden regions: 3->0(106)
[2026-06-14T12:35:48.010+0530][gc,heap     ] GC(5) Survivor regions: 9->4(10)
[2026-06-14T12:35:48.010+0530][gc,heap     ] GC(5) Old regions: 10->14
[2026-06-14T12:35:48.010+0530][gc,heap     ] GC(5) Humongous regions: 129->129
[2026-06-14T12:35:48.010+0530][gc,metaspace] GC(5) Metaspace: 36098K(36416K)->36098K(36416K) NonClass: 32650K(32832K)->32650K(32832K) Class: 3448K(3584K)->3448K(3584K)
[2026-06-14T12:35:48.010+0530][gc          ] GC(5) Pause Young (Concurrent Start) (Metadata GC Threshold) 149M->146M(1024M) 7.177ms
[2026-06-14T12:35:48.010+0530][gc,cpu      ] GC(5) User=0.03s Sys=0.02s Real=0.01s
[2026-06-14T12:35:48.010+0530][gc          ] GC(6) Concurrent Mark Cycle
[2026-06-14T12:35:48.010+0530][gc,marking  ] GC(6) Concurrent Scan Root Regions
[2026-06-14T12:35:48.014+0530][gc,marking  ] GC(6) Concurrent Scan Root Regions 3.631ms
[2026-06-14T12:35:48.014+0530][gc,marking  ] GC(6) Concurrent Mark
[2026-06-14T12:35:48.014+0530][gc,marking  ] GC(6) Concurrent Mark From Roots
[2026-06-14T12:35:48.014+0530][gc,task     ] GC(6) Using 3 workers of 3 for marking
[2026-06-14T12:35:48.022+0530][gc,marking  ] GC(6) Concurrent Mark From Roots 8.232ms
[2026-06-14T12:35:48.022+0530][gc,marking  ] GC(6) Concurrent Preclean
[2026-06-14T12:35:48.023+0530][gc,marking  ] GC(6) Concurrent Preclean 0.299ms
[2026-06-14T12:35:48.023+0530][gc,start    ] GC(6) Pause Remark
[2026-06-14T12:35:48.027+0530][gc          ] GC(6) Pause Remark 148M->148M(1024M) 3.546ms
[2026-06-14T12:35:48.027+0530][gc,cpu      ] GC(6) User=0.14s Sys=0.06s Real=0.00s
[2026-06-14T12:35:48.027+0530][gc,marking  ] GC(6) Concurrent Mark 12.938ms
[2026-06-14T12:35:48.027+0530][gc,marking  ] GC(6) Concurrent Rebuild Remembered Sets and Scrub Regions
[2026-06-14T12:35:48.032+0530][gc,marking  ] GC(6) Concurrent Rebuild Remembered Sets and Scrub Regions 5.261ms
[2026-06-14T12:35:48.032+0530][gc,start    ] GC(6) Pause Cleanup
[2026-06-14T12:35:48.033+0530][gc          ] GC(6) Pause Cleanup 149M->149M(1024M) 0.160ms
[2026-06-14T12:35:48.033+0530][gc,cpu      ] GC(6) User=0.00s Sys=0.00s Real=0.00s
[2026-06-14T12:35:48.033+0530][gc,marking  ] GC(6) Concurrent Clear Claimed Marks
[2026-06-14T12:35:48.033+0530][gc,marking  ] GC(6) Concurrent Clear Claimed Marks 0.110ms
[2026-06-14T12:35:48.033+0530][gc,marking  ] GC(6) Concurrent Cleanup for Next Mark
[2026-06-14T12:35:48.034+0530][gc,marking  ] GC(6) Concurrent Cleanup for Next Mark 1.223ms
[2026-06-14T12:35:48.034+0530][gc          ] GC(6) Concurrent Mark Cycle 24.092ms
[2026-06-14T12:35:50.324+0530][gc,init] CardTable entry size: 512
[2026-06-14T12:35:50.324+0530][gc     ] Using G1
[2026-06-14T12:35:50.328+0530][gc,init] Version: 25.0.1+8-LTS-27 (release)
[2026-06-14T12:35:50.328+0530][gc,init] CPUs: 16 total, 16 available
[2026-06-14T12:35:50.328+0530][gc,init] Memory: 16068M
[2026-06-14T12:35:50.328+0530][gc,init] Large Page Support: Disabled
[2026-06-14T12:35:50.328+0530][gc,init] NUMA Support: Disabled
[2026-06-14T12:35:50.328+0530][gc,init] Compressed Oops: Enabled (32-bit)
[2026-06-14T12:35:50.328+0530][gc,init] Heap Region Size: 1M
[2026-06-14T12:35:50.328+0530][gc,init] Heap Min Capacity: 1G
[2026-06-14T12:35:50.328+0530][gc,init] Heap Initial Capacity: 1G
[2026-06-14T12:35:50.328+0530][gc,init] Heap Max Capacity: 1G
[2026-06-14T12:35:50.328+0530][gc,init] Pre-touch: Disabled
[2026-06-14T12:35:50.328+0530][gc,init] Parallel Workers: 13
[2026-06-14T12:35:50.328+0530][gc,init] Concurrent Workers: 3
[2026-06-14T12:35:50.328+0530][gc,init] Concurrent Refinement Workers: 13
[2026-06-14T12:35:50.328+0530][gc,init] Periodic GC: Disabled
[2026-06-14T12:35:50.336+0530][gc,metaspace] CDS archive(s) mapped at: [0x0000000013000000-0x0000000013dd0000-0x0000000013dd0000), size 14483456, SharedBaseAddress: 0x0000000013000000, ArchiveRelocationMode: 1.
[2026-06-14T12:35:50.336+0530][gc,metaspace] Compressed class space mapped at: 0x0000000014000000-0x0000000054000000, reserved size: 1073741824
[2026-06-14T12:35:50.336+0530][gc,metaspace] UseCompressedClassPointers 1, UseCompactObjectHeaders 0
[2026-06-14T12:35:50.336+0530][gc,metaspace] Narrow klass pointer bits 32, Max shift 3
[2026-06-14T12:35:50.336+0530][gc,metaspace] Narrow klass base: 0x0000000013000000, Narrow klass shift: 0
[2026-06-14T12:35:50.336+0530][gc,metaspace] Encoding Range: [0x0000000013000000 - 0x0000000113000000), (4294967296 bytes)
[2026-06-14T12:35:50.336+0530][gc,metaspace] Klass Range:    [0x0000000013010000 - 0x0000000054000000), (1090453504 bytes)
[2026-06-14T12:35:50.336+0530][gc,metaspace] Klass ID Range:  [65536 - 1090519033) (1090453497)
[2026-06-14T12:35:50.336+0530][gc,metaspace] Protection zone: [0x0000000013000000 - 0x0000000013010000), (65536 bytes)
[2026-06-14T12:35:51.141+0530][gc,start    ] GC(0) Pause Young (Normal) (G1 Evacuation Pause)
[2026-06-14T12:35:51.142+0530][gc,task     ] GC(0) Using 13 workers of 13 for evacuation
[2026-06-14T12:35:51.146+0530][gc,phases   ] GC(0)   Pre Evacuate Collection Set: 0.16ms
[2026-06-14T12:35:51.146+0530][gc,phases   ] GC(0)   Merge Heap Roots: 0.05ms
[2026-06-14T12:35:51.146+0530][gc,phases   ] GC(0)   Evacuate Collection Set: 4.16ms
[2026-06-14T12:35:51.146+0530][gc,phases   ] GC(0)   Post Evacuate Collection Set: 0.84ms
[2026-06-14T12:35:51.146+0530][gc,phases   ] GC(0)   Other: 0.52ms
[2026-06-14T12:35:51.146+0530][gc,heap     ] GC(0) Eden regions: 51->0(44)
[2026-06-14T12:35:51.146+0530][gc,heap     ] GC(0) Survivor regions: 0->7(7)
[2026-06-14T12:35:51.146+0530][gc,heap     ] GC(0) Old regions: 2->3
[2026-06-14T12:35:51.146+0530][gc,heap     ] GC(0) Humongous regions: 0->0
[2026-06-14T12:35:51.146+0530][gc,metaspace] GC(0) Metaspace: 17053K(17280K)->17053K(17280K) NonClass: 15527K(15680K)->15527K(15680K) Class: 1526K(1600K)->1526K(1600K)
[2026-06-14T12:35:51.146+0530][gc          ] GC(0) Pause Young (Normal) (G1 Evacuation Pause) 52M->8M(1024M) 6.018ms
[2026-06-14T12:35:51.146+0530][gc,cpu      ] GC(0) User=0.00s Sys=0.00s Real=0.00s
[2026-06-14T12:35:51.345+0530][gc,start    ] GC(1) Pause Young (Concurrent Start) (Metadata GC Threshold)
[2026-06-14T12:35:51.345+0530][gc,task     ] GC(1) Using 13 workers of 13 for evacuation
[2026-06-14T12:35:51.350+0530][gc,phases   ] GC(1)   Pre Evacuate Collection Set: 0.28ms
[2026-06-14T12:35:51.350+0530][gc,phases   ] GC(1)   Merge Heap Roots: 0.07ms
[2026-06-14T12:35:51.350+0530][gc,phases   ] GC(1)   Evacuate Collection Set: 4.06ms
[2026-06-14T12:35:51.350+0530][gc,phases   ] GC(1)   Post Evacuate Collection Set: 0.56ms
[2026-06-14T12:35:51.350+0530][gc,phases   ] GC(1)   Other: 0.07ms
[2026-06-14T12:35:51.350+0530][gc,heap     ] GC(1) Eden regions: 18->0(49)
[2026-06-14T12:35:51.350+0530][gc,heap     ] GC(1) Survivor regions: 7->2(7)
[2026-06-14T12:35:51.350+0530][gc,heap     ] GC(1) Old regions: 3->10
[2026-06-14T12:35:51.350+0530][gc,heap     ] GC(1) Humongous regions: 0->0
[2026-06-14T12:35:51.350+0530][gc,metaspace] GC(1) Metaspace: 21351K(21504K)->21351K(21504K) NonClass: 19353K(19456K)->19353K(19456K) Class: 1997K(2048K)->1997K(2048K)
[2026-06-14T12:35:51.350+0530][gc          ] GC(1) Pause Young (Concurrent Start) (Metadata GC Threshold) 26M->10M(1024M) 5.285ms
[2026-06-14T12:35:51.350+0530][gc,cpu      ] GC(1) User=0.00s Sys=0.00s Real=0.00s
[2026-06-14T12:35:51.350+0530][gc          ] GC(2) Concurrent Mark Cycle
[2026-06-14T12:35:51.350+0530][gc,marking  ] GC(2) Concurrent Scan Root Regions
[2026-06-14T12:35:51.352+0530][gc,marking  ] GC(2) Concurrent Scan Root Regions 1.895ms
[2026-06-14T12:35:51.352+0530][gc,marking  ] GC(2) Concurrent Mark
[2026-06-14T12:35:51.352+0530][gc,marking  ] GC(2) Concurrent Mark From Roots
[2026-06-14T12:35:51.352+0530][gc,task     ] GC(2) Using 3 workers of 3 for marking
[2026-06-14T12:35:51.354+0530][gc,marking  ] GC(2) Concurrent Mark From Roots 1.884ms
[2026-06-14T12:35:51.354+0530][gc,marking  ] GC(2) Concurrent Preclean
[2026-06-14T12:35:51.354+0530][gc,marking  ] GC(2) Concurrent Preclean 0.014ms
[2026-06-14T12:35:51.354+0530][gc,start    ] GC(2) Pause Remark
[2026-06-14T12:35:51.356+0530][gc          ] GC(2) Pause Remark 11M->11M(1024M) 1.574ms
[2026-06-14T12:35:51.356+0530][gc,cpu      ] GC(2) User=0.00s Sys=0.00s Real=0.00s
[2026-06-14T12:35:51.356+0530][gc,marking  ] GC(2) Concurrent Mark 3.652ms
[2026-06-14T12:35:51.356+0530][gc,marking  ] GC(2) Concurrent Rebuild Remembered Sets and Scrub Regions
[2026-06-14T12:35:51.357+0530][gc,marking  ] GC(2) Concurrent Rebuild Remembered Sets and Scrub Regions 1.759ms
[2026-06-14T12:35:51.358+0530][gc,start    ] GC(2) Pause Cleanup
[2026-06-14T12:35:51.358+0530][gc          ] GC(2) Pause Cleanup 11M->11M(1024M) 0.034ms
[2026-06-14T12:35:51.358+0530][gc,cpu      ] GC(2) User=0.00s Sys=0.00s Real=0.00s
[2026-06-14T12:35:51.358+0530][gc,marking  ] GC(2) Concurrent Clear Claimed Marks
[2026-06-14T12:35:51.358+0530][gc,marking  ] GC(2) Concurrent Clear Claimed Marks 0.058ms
[2026-06-14T12:35:51.358+0530][gc,marking  ] GC(2) Concurrent Cleanup for Next Mark
[2026-06-14T12:35:51.363+0530][gc,marking  ] GC(2) Concurrent Cleanup for Next Mark 4.848ms
[2026-06-14T12:35:51.363+0530][gc          ] GC(2) Concurrent Mark Cycle 12.678ms
[2026-06-14T12:35:52.057+0530][gc,start    ] GC(3) Pause Young (Prepare Mixed) (G1 Evacuation Pause)
[2026-06-14T12:35:52.057+0530][gc,task     ] GC(3) Using 13 workers of 13 for evacuation
[2026-06-14T12:35:52.061+0530][gc,phases   ] GC(3)   Pre Evacuate Collection Set: 0.30ms
[2026-06-14T12:35:52.061+0530][gc,phases   ] GC(3)   Merge Heap Roots: 0.10ms
[2026-06-14T12:35:52.061+0530][gc,phases   ] GC(3)   Evacuate Collection Set: 2.40ms
[2026-06-14T12:35:52.061+0530][gc,phases   ] GC(3)   Post Evacuate Collection Set: 0.50ms
[2026-06-14T12:35:52.061+0530][gc,phases   ] GC(3)   Other: 0.11ms
[2026-06-14T12:35:52.061+0530][gc,heap     ] GC(3) Eden regions: 49->0(47)
[2026-06-14T12:35:52.061+0530][gc,heap     ] GC(3) Survivor regions: 2->4(7)
[2026-06-14T12:35:52.061+0530][gc,heap     ] GC(3) Old regions: 10->10
[2026-06-14T12:35:52.061+0530][gc,heap     ] GC(3) Humongous regions: 0->0
[2026-06-14T12:35:52.061+0530][gc,metaspace] GC(3) Metaspace: 30941K(31296K)->30941K(31296K) NonClass: 27954K(28160K)->27954K(28160K) Class: 2987K(3136K)->2987K(3136K)
[2026-06-14T12:35:52.061+0530][gc          ] GC(3) Pause Young (Prepare Mixed) (G1 Evacuation Pause) 59M->12M(1024M) 3.798ms
[2026-06-14T12:35:52.061+0530][gc,cpu      ] GC(3) User=0.00s Sys=0.00s Real=0.00s
[2026-06-14T12:35:52.639+0530][gc,start    ] GC(4) Pause Young (Mixed) (Metadata GC Threshold)
[2026-06-14T12:35:52.639+0530][gc,task     ] GC(4) Using 13 workers of 13 for evacuation
[2026-06-14T12:35:52.643+0530][gc,phases   ] GC(4)   Pre Evacuate Collection Set: 0.30ms
[2026-06-14T12:35:52.643+0530][gc,phases   ] GC(4)   Merge Heap Roots: 0.08ms
[2026-06-14T12:35:52.643+0530][gc,phases   ] GC(4)   Evacuate Collection Set: 2.97ms
[2026-06-14T12:35:52.643+0530][gc,phases   ] GC(4)   Post Evacuate Collection Set: 0.60ms
[2026-06-14T12:35:52.643+0530][gc,phases   ] GC(4)   Other: 0.07ms
[2026-06-14T12:35:52.643+0530][gc,heap     ] GC(4) Eden regions: 42->0(44)
[2026-06-14T12:35:52.643+0530][gc,heap     ] GC(4) Survivor regions: 4->7(7)
[2026-06-14T12:35:52.643+0530][gc,heap     ] GC(4) Old regions: 10->11
[2026-06-14T12:35:52.643+0530][gc,heap     ] GC(4) Humongous regions: 129->129
[2026-06-14T12:35:52.643+0530][gc,metaspace] GC(4) Metaspace: 35815K(36096K)->35815K(36096K) NonClass: 32383K(32512K)->32383K(32512K) Class: 3432K(3584K)->3432K(3584K)
[2026-06-14T12:35:52.643+0530][gc          ] GC(4) Pause Young (Mixed) (Metadata GC Threshold) 183M->146M(1024M) 4.293ms
[2026-06-14T12:35:52.643+0530][gc,cpu      ] GC(4) User=0.00s Sys=0.00s Real=0.00s
[2026-06-14T12:35:52.718+0530][gc,start    ] GC(5) Pause Young (Concurrent Start) (Metadata GC Threshold)
[2026-06-14T12:35:52.718+0530][gc,task     ] GC(5) Using 13 workers of 13 for evacuation
[2026-06-14T12:35:52.722+0530][gc,phases   ] GC(5)   Pre Evacuate Collection Set: 0.26ms
[2026-06-14T12:35:52.722+0530][gc,phases   ] GC(5)   Merge Heap Roots: 0.06ms
[2026-06-14T12:35:52.722+0530][gc,phases   ] GC(5)   Evacuate Collection Set: 3.47ms
[2026-06-14T12:35:52.722+0530][gc,phases   ] GC(5)   Post Evacuate Collection Set: 0.44ms
[2026-06-14T12:35:52.722+0530][gc,phases   ] GC(5)   Other: 0.08ms
[2026-06-14T12:35:52.722+0530][gc,heap     ] GC(5) Eden regions: 5->0(102)
[2026-06-14T12:35:52.722+0530][gc,heap     ] GC(5) Survivor regions: 7->1(7)
[2026-06-14T12:35:52.722+0530][gc,heap     ] GC(5) Old regions: 11->17
[2026-06-14T12:35:52.722+0530][gc,heap     ] GC(5) Humongous regions: 129->129
[2026-06-14T12:35:52.722+0530][gc,metaspace] GC(5) Metaspace: 36054K(36416K)->36054K(36416K) NonClass: 32579K(32768K)->32579K(32768K) Class: 3475K(3648K)->3475K(3648K)
[2026-06-14T12:35:52.722+0530][gc          ] GC(5) Pause Young (Concurrent Start) (Metadata GC Threshold) 150M->146M(1024M) 4.557ms
[2026-06-14T12:35:52.722+0530][gc,cpu      ] GC(5) User=0.00s Sys=0.00s Real=0.00s
[2026-06-14T12:35:52.722+0530][gc          ] GC(6) Concurrent Mark Cycle
[2026-06-14T12:35:52.722+0530][gc,marking  ] GC(6) Concurrent Scan Root Regions
[2026-06-14T12:35:52.724+0530][gc,marking  ] GC(6) Concurrent Scan Root Regions 2.075ms
[2026-06-14T12:35:52.724+0530][gc,marking  ] GC(6) Concurrent Mark
[2026-06-14T12:35:52.724+0530][gc,marking  ] GC(6) Concurrent Mark From Roots
[2026-06-14T12:35:52.724+0530][gc,task     ] GC(6) Using 3 workers of 3 for marking
[2026-06-14T12:35:52.731+0530][gc,marking  ] GC(6) Concurrent Mark From Roots 6.478ms
[2026-06-14T12:35:52.731+0530][gc,marking  ] GC(6) Concurrent Preclean
[2026-06-14T12:35:52.731+0530][gc,marking  ] GC(6) Concurrent Preclean 0.082ms
[2026-06-14T12:35:52.731+0530][gc,start    ] GC(6) Pause Remark
[2026-06-14T12:35:52.734+0530][gc          ] GC(6) Pause Remark 148M->148M(1024M) 2.484ms
[2026-06-14T12:35:52.734+0530][gc,cpu      ] GC(6) User=0.00s Sys=0.00s Real=0.00s
[2026-06-14T12:35:52.734+0530][gc,marking  ] GC(6) Concurrent Mark 9.770ms
[2026-06-14T12:35:52.734+0530][gc,marking  ] GC(6) Concurrent Rebuild Remembered Sets and Scrub Regions
[2026-06-14T12:35:52.739+0530][gc,marking  ] GC(6) Concurrent Rebuild Remembered Sets and Scrub Regions 4.654ms
[2026-06-14T12:35:52.739+0530][gc,start    ] GC(6) Pause Cleanup
[2026-06-14T12:35:52.739+0530][gc          ] GC(6) Pause Cleanup 154M->154M(1024M) 0.061ms
[2026-06-14T12:35:52.739+0530][gc,cpu      ] GC(6) User=0.00s Sys=0.00s Real=0.00s
[2026-06-14T12:35:52.739+0530][gc,marking  ] GC(6) Concurrent Clear Claimed Marks
[2026-06-14T12:35:52.739+0530][gc,marking  ] GC(6) Concurrent Clear Claimed Marks 0.033ms
[2026-06-14T12:35:52.739+0530][gc,marking  ] GC(6) Concurrent Cleanup for Next Mark
[2026-06-14T12:35:52.741+0530][gc,marking  ] GC(6) Concurrent Cleanup for Next Mark 1.418ms
[2026-06-14T12:35:52.741+0530][gc          ] GC(6) Concurrent Mark Cycle 18.536ms
[2026-06-14T12:36:50.766+0530][gc,exit     ] Heap
[2026-06-14T12:36:50.766+0530][gc,exit     ]  garbage-first heap   total reserved 1048576K, committed 1048576K, used 218633K [0x00000000c0000000, 0x0000000100000000)
[2026-06-14T12:36:50.766+0530][gc,exit     ]   region size 1024K, 59 young (60416K), 4 survivors (4096K)
[2026-06-14T12:36:50.766+0530][gc,exit     ]  Metaspace       used 40160K, committed 40640K, reserved 1114112K
[2026-06-14T12:36:50.766+0530][gc,exit     ]   class space    used 4202K, committed 4416K, reserved 1048576K
[2026-06-14T12:37:14.034+0530][gc,init] CardTable entry size: 512
[2026-06-14T12:37:14.035+0530][gc     ] Using G1
[2026-06-14T12:37:14.038+0530][gc,init] Version: 25.0.1+8-LTS-27 (release)
[2026-06-14T12:37:14.038+0530][gc,init] CPUs: 16 total, 16 available
[2026-06-14T12:37:14.038+0530][gc,init] Memory: 16068M
[2026-06-14T12:37:14.038+0530][gc,init] Large Page Support: Disabled
[2026-06-14T12:37:14.038+0530][gc,init] NUMA Support: Disabled
[2026-06-14T12:37:14.038+0530][gc,init] Compressed Oops: Enabled (32-bit)
[2026-06-14T12:37:14.038+0530][gc,init] Heap Region Size: 1M
[2026-06-14T12:37:14.038+0530][gc,init] Heap Min Capacity: 1G
[2026-06-14T12:37:14.038+0530][gc,init] Heap Initial Capacity: 1G
[2026-06-14T12:37:14.038+0530][gc,init] Heap Max Capacity: 1G
[2026-06-14T12:37:14.038+0530][gc,init] Pre-touch: Disabled
[2026-06-14T12:37:14.038+0530][gc,init] Parallel Workers: 13
[2026-06-14T12:37:14.038+0530][gc,init] Concurrent Workers: 3
[2026-06-14T12:37:14.038+0530][gc,init] Concurrent Refinement Workers: 13
[2026-06-14T12:37:14.038+0530][gc,init] Periodic GC: Disabled
[2026-06-14T12:37:14.045+0530][gc,metaspace] CDS archive(s) mapped at: [0x000000002d000000-0x000000002ddd0000-0x000000002ddd0000), size 14483456, SharedBaseAddress: 0x000000002d000000, ArchiveRelocationMode: 1.
[2026-06-14T12:37:14.045+0530][gc,metaspace] Compressed class space mapped at: 0x000000002e000000-0x000000006e000000, reserved size: 1073741824
[2026-06-14T12:37:14.045+0530][gc,metaspace] UseCompressedClassPointers 1, UseCompactObjectHeaders 0
[2026-06-14T12:37:14.045+0530][gc,metaspace] Narrow klass pointer bits 32, Max shift 3
[2026-06-14T12:37:14.045+0530][gc,metaspace] Narrow klass base: 0x000000002d000000, Narrow klass shift: 0
[2026-06-14T12:37:14.045+0530][gc,metaspace] Encoding Range: [0x000000002d000000 - 0x000000012d000000), (4294967296 bytes)
[2026-06-14T12:37:14.045+0530][gc,metaspace] Klass Range:    [0x000000002d010000 - 0x000000006e000000), (1090453504 bytes)
[2026-06-14T12:37:14.045+0530][gc,metaspace] Klass ID Range:  [65536 - 1090519033) (1090453497)
[2026-06-14T12:37:14.045+0530][gc,metaspace] Protection zone: [0x000000002d000000 - 0x000000002d010000), (65536 bytes)
[2026-06-14T12:37:14.798+0530][gc,start    ] GC(0) Pause Young (Normal) (G1 Evacuation Pause)
[2026-06-14T12:37:14.799+0530][gc,task     ] GC(0) Using 13 workers of 13 for evacuation
[2026-06-14T12:37:14.802+0530][gc,phases   ] GC(0)   Pre Evacuate Collection Set: 0.21ms
[2026-06-14T12:37:14.802+0530][gc,phases   ] GC(0)   Merge Heap Roots: 0.05ms
[2026-06-14T12:37:14.802+0530][gc,phases   ] GC(0)   Evacuate Collection Set: 2.62ms
[2026-06-14T12:37:14.802+0530][gc,phases   ] GC(0)   Post Evacuate Collection Set: 0.79ms
[2026-06-14T12:37:14.802+0530][gc,phases   ] GC(0)   Other: 0.37ms
[2026-06-14T12:37:14.802+0530][gc,heap     ] GC(0) Eden regions: 51->0(44)
[2026-06-14T12:37:14.802+0530][gc,heap     ] GC(0) Survivor regions: 0->7(7)
[2026-06-14T12:37:14.802+0530][gc,heap     ] GC(0) Old regions: 2->3
[2026-06-14T12:37:14.802+0530][gc,heap     ] GC(0) Humongous regions: 0->0
[2026-06-14T12:37:14.802+0530][gc,metaspace] GC(0) Metaspace: 17054K(17280K)->17054K(17280K) NonClass: 15528K(15680K)->15528K(15680K) Class: 1526K(1600K)->1526K(1600K)
[2026-06-14T12:37:14.802+0530][gc          ] GC(0) Pause Young (Normal) (G1 Evacuation Pause) 52M->9M(1024M) 4.303ms
[2026-06-14T12:37:14.802+0530][gc,cpu      ] GC(0) User=0.00s Sys=0.00s Real=0.00s
[2026-06-14T12:37:14.998+0530][gc,start    ] GC(1) Pause Young (Concurrent Start) (Metadata GC Threshold)
[2026-06-14T12:37:14.998+0530][gc,task     ] GC(1) Using 13 workers of 13 for evacuation
[2026-06-14T12:37:15.002+0530][gc,phases   ] GC(1)   Pre Evacuate Collection Set: 0.25ms
[2026-06-14T12:37:15.002+0530][gc,phases   ] GC(1)   Merge Heap Roots: 0.06ms
[2026-06-14T12:37:15.002+0530][gc,phases   ] GC(1)   Evacuate Collection Set: 2.89ms
[2026-06-14T12:37:15.002+0530][gc,phases   ] GC(1)   Post Evacuate Collection Set: 0.62ms
[2026-06-14T12:37:15.002+0530][gc,phases   ] GC(1)   Other: 0.08ms
[2026-06-14T12:37:15.002+0530][gc,heap     ] GC(1) Eden regions: 19->0(58)
[2026-06-14T12:37:15.002+0530][gc,heap     ] GC(1) Survivor regions: 7->2(7)
[2026-06-14T12:37:15.002+0530][gc,heap     ] GC(1) Old regions: 3->11
[2026-06-14T12:37:15.002+0530][gc,heap     ] GC(1) Humongous regions: 0->0
[2026-06-14T12:37:15.002+0530][gc,metaspace] GC(1) Metaspace: 21352K(21504K)->21352K(21504K) NonClass: 19354K(19456K)->19354K(19456K) Class: 1997K(2048K)->1997K(2048K)
[2026-06-14T12:37:15.002+0530][gc          ] GC(1) Pause Young (Concurrent Start) (Metadata GC Threshold) 27M->11M(1024M) 4.155ms
[2026-06-14T12:37:15.002+0530][gc,cpu      ] GC(1) User=0.00s Sys=0.00s Real=0.00s
[2026-06-14T12:37:15.002+0530][gc          ] GC(2) Concurrent Mark Cycle
[2026-06-14T12:37:15.002+0530][gc,marking  ] GC(2) Concurrent Scan Root Regions
[2026-06-14T12:37:15.003+0530][gc,marking  ] GC(2) Concurrent Scan Root Regions 1.497ms
[2026-06-14T12:37:15.003+0530][gc,marking  ] GC(2) Concurrent Mark
[2026-06-14T12:37:15.003+0530][gc,marking  ] GC(2) Concurrent Mark From Roots
[2026-06-14T12:37:15.003+0530][gc,task     ] GC(2) Using 3 workers of 3 for marking
[2026-06-14T12:37:15.005+0530][gc,marking  ] GC(2) Concurrent Mark From Roots 1.615ms
[2026-06-14T12:37:15.005+0530][gc,marking  ] GC(2) Concurrent Preclean
[2026-06-14T12:37:15.005+0530][gc,marking  ] GC(2) Concurrent Preclean 0.012ms
[2026-06-14T12:37:15.005+0530][gc,start    ] GC(2) Pause Remark
[2026-06-14T12:37:15.007+0530][gc          ] GC(2) Pause Remark 11M->11M(1024M) 1.372ms
[2026-06-14T12:37:15.007+0530][gc,cpu      ] GC(2) User=0.00s Sys=0.00s Real=0.00s
[2026-06-14T12:37:15.007+0530][gc,marking  ] GC(2) Concurrent Mark 3.170ms
[2026-06-14T12:37:15.007+0530][gc,marking  ] GC(2) Concurrent Rebuild Remembered Sets and Scrub Regions
[2026-06-14T12:37:15.008+0530][gc,marking  ] GC(2) Concurrent Rebuild Remembered Sets and Scrub Regions 1.417ms
[2026-06-14T12:37:15.008+0530][gc,start    ] GC(2) Pause Cleanup
[2026-06-14T12:37:15.008+0530][gc          ] GC(2) Pause Cleanup 11M->11M(1024M) 0.130ms
[2026-06-14T12:37:15.008+0530][gc,cpu      ] GC(2) User=0.02s Sys=0.00s Real=0.00s
[2026-06-14T12:37:15.008+0530][gc,marking  ] GC(2) Concurrent Clear Claimed Marks
[2026-06-14T12:37:15.008+0530][gc,marking  ] GC(2) Concurrent Clear Claimed Marks 0.035ms
[2026-06-14T12:37:15.008+0530][gc,marking  ] GC(2) Concurrent Cleanup for Next Mark
[2026-06-14T12:37:15.010+0530][gc,marking  ] GC(2) Concurrent Cleanup for Next Mark 1.970ms
[2026-06-14T12:37:15.010+0530][gc          ] GC(2) Concurrent Mark Cycle 8.594ms
[2026-06-14T12:37:15.848+0530][gc,start    ] GC(3) Pause Young (Prepare Mixed) (G1 Evacuation Pause)
[2026-06-14T12:37:15.848+0530][gc,task     ] GC(3) Using 13 workers of 13 for evacuation
[2026-06-14T12:37:15.852+0530][gc,phases   ] GC(3)   Pre Evacuate Collection Set: 0.25ms
[2026-06-14T12:37:15.853+0530][gc,phases   ] GC(3)   Merge Heap Roots: 0.10ms
[2026-06-14T12:37:15.853+0530][gc,phases   ] GC(3)   Evacuate Collection Set: 3.36ms
[2026-06-14T12:37:15.853+0530][gc,phases   ] GC(3)   Post Evacuate Collection Set: 0.58ms
[2026-06-14T12:37:15.853+0530][gc,phases   ] GC(3)   Other: 0.12ms
[2026-06-14T12:37:15.853+0530][gc,heap     ] GC(3) Eden regions: 58->0(70)
[2026-06-14T12:37:15.853+0530][gc,heap     ] GC(3) Survivor regions: 2->5(8)
[2026-06-14T12:37:15.853+0530][gc,heap     ] GC(3) Old regions: 11->11
[2026-06-14T12:37:15.853+0530][gc,heap     ] GC(3) Humongous regions: 0->0
[2026-06-14T12:37:15.853+0530][gc,metaspace] GC(3) Metaspace: 32128K(32384K)->32128K(32384K) NonClass: 29035K(29184K)->29035K(29184K) Class: 3092K(3200K)->3092K(3200K)
[2026-06-14T12:37:15.853+0530][gc          ] GC(3) Pause Young (Prepare Mixed) (G1 Evacuation Pause) 69M->13M(1024M) 4.794ms
[2026-06-14T12:37:15.853+0530][gc,cpu      ] GC(3) User=0.08s Sys=0.05s Real=0.00s
[2026-06-14T12:37:16.290+0530][gc,start    ] GC(4) Pause Young (Mixed) (Metadata GC Threshold)
[2026-06-14T12:37:16.290+0530][gc,task     ] GC(4) Using 13 workers of 13 for evacuation
[2026-06-14T12:37:16.294+0530][gc,phases   ] GC(4)   Pre Evacuate Collection Set: 0.25ms
[2026-06-14T12:37:16.294+0530][gc,phases   ] GC(4)   Merge Heap Roots: 0.10ms
[2026-06-14T12:37:16.294+0530][gc,phases   ] GC(4)   Evacuate Collection Set: 3.07ms
[2026-06-14T12:37:16.294+0530][gc,phases   ] GC(4)   Post Evacuate Collection Set: 0.79ms
[2026-06-14T12:37:16.294+0530][gc,phases   ] GC(4)   Other: 0.09ms
[2026-06-14T12:37:16.294+0530][gc,heap     ] GC(4) Eden regions: 33->0(75)
[2026-06-14T12:37:16.294+0530][gc,heap     ] GC(4) Survivor regions: 5->8(10)
[2026-06-14T12:37:16.294+0530][gc,heap     ] GC(4) Old regions: 11->10
[2026-06-14T12:37:16.294+0530][gc,heap     ] GC(4) Humongous regions: 129->129
[2026-06-14T12:37:16.294+0530][gc,metaspace] GC(4) Metaspace: 35745K(36096K)->35745K(36096K) NonClass: 32330K(32512K)->32330K(32512K) Class: 3415K(3584K)->3415K(3584K)
[2026-06-14T12:37:16.294+0530][gc          ] GC(4) Pause Young (Mixed) (Metadata GC Threshold) 175M->146M(1024M) 4.653ms
[2026-06-14T12:37:16.294+0530][gc,cpu      ] GC(4) User=0.03s Sys=0.00s Real=0.00s
[2026-06-14T12:37:16.345+0530][gc,start    ] GC(5) Pause Young (Concurrent Start) (Metadata GC Threshold)
[2026-06-14T12:37:16.345+0530][gc,task     ] GC(5) Using 13 workers of 13 for evacuation
[2026-06-14T12:37:16.350+0530][gc,phases   ] GC(5)   Pre Evacuate Collection Set: 0.28ms
[2026-06-14T12:37:16.350+0530][gc,phases   ] GC(5)   Merge Heap Roots: 0.09ms
[2026-06-14T12:37:16.350+0530][gc,phases   ] GC(5)   Evacuate Collection Set: 3.68ms
[2026-06-14T12:37:16.350+0530][gc,phases   ] GC(5)   Post Evacuate Collection Set: 0.61ms
[2026-06-14T12:37:16.350+0530][gc,phases   ] GC(5)   Other: 0.10ms
[2026-06-14T12:37:16.350+0530][gc,heap     ] GC(5) Eden regions: 6->0(126)
[2026-06-14T12:37:16.350+0530][gc,heap     ] GC(5) Survivor regions: 8->5(11)
[2026-06-14T12:37:16.350+0530][gc,heap     ] GC(5) Old regions: 10->15
[2026-06-14T12:37:16.350+0530][gc,heap     ] GC(5) Humongous regions: 129->129
[2026-06-14T12:37:16.350+0530][gc,metaspace] GC(5) Metaspace: 36132K(36416K)->36132K(36416K) NonClass: 32654K(32832K)->32654K(32832K) Class: 3477K(3584K)->3477K(3584K)
[2026-06-14T12:37:16.350+0530][gc          ] GC(5) Pause Young (Concurrent Start) (Metadata GC Threshold) (Evacuation Failure: Pinned) 151M->146M(1024M) 5.031ms
[2026-06-14T12:37:16.350+0530][gc,cpu      ] GC(5) User=0.00s Sys=0.00s Real=0.00s
[2026-06-14T12:37:16.350+0530][gc          ] GC(6) Concurrent Mark Cycle
[2026-06-14T12:37:16.350+0530][gc,marking  ] GC(6) Concurrent Scan Root Regions
[2026-06-14T12:37:16.353+0530][gc,marking  ] GC(6) Concurrent Scan Root Regions 2.979ms
[2026-06-14T12:37:16.353+0530][gc,marking  ] GC(6) Concurrent Mark
[2026-06-14T12:37:16.353+0530][gc,marking  ] GC(6) Concurrent Mark From Roots
[2026-06-14T12:37:16.353+0530][gc,task     ] GC(6) Using 3 workers of 3 for marking
[2026-06-14T12:37:16.360+0530][gc,marking  ] GC(6) Concurrent Mark From Roots 6.461ms
[2026-06-14T12:37:16.360+0530][gc,marking  ] GC(6) Concurrent Preclean
[2026-06-14T12:37:16.360+0530][gc,marking  ] GC(6) Concurrent Preclean 0.082ms
[2026-06-14T12:37:16.360+0530][gc,start    ] GC(6) Pause Remark
[2026-06-14T12:37:16.363+0530][gc          ] GC(6) Pause Remark 147M->147M(1024M) 2.842ms
[2026-06-14T12:37:16.363+0530][gc,cpu      ] GC(6) User=0.00s Sys=0.00s Real=0.00s
[2026-06-14T12:37:16.363+0530][gc,marking  ] GC(6) Concurrent Mark 9.869ms
[2026-06-14T12:37:16.363+0530][gc,marking  ] GC(6) Concurrent Rebuild Remembered Sets and Scrub Regions
[2026-06-14T12:37:16.367+0530][gc,marking  ] GC(6) Concurrent Rebuild Remembered Sets and Scrub Regions 3.396ms
[2026-06-14T12:37:16.367+0530][gc,start    ] GC(6) Pause Cleanup
[2026-06-14T12:37:16.367+0530][gc          ] GC(6) Pause Cleanup 147M->147M(1024M) 0.088ms
[2026-06-14T12:37:16.367+0530][gc,cpu      ] GC(6) User=0.00s Sys=0.00s Real=0.00s
[2026-06-14T12:37:16.367+0530][gc,marking  ] GC(6) Concurrent Clear Claimed Marks
[2026-06-14T12:37:16.367+0530][gc,marking  ] GC(6) Concurrent Clear Claimed Marks 0.045ms
[2026-06-14T12:37:16.368+0530][gc,marking  ] GC(6) Concurrent Cleanup for Next Mark
[2026-06-14T12:37:16.369+0530][gc,marking  ] GC(6) Concurrent Cleanup for Next Mark 1.155ms
[2026-06-14T12:37:16.369+0530][gc          ] GC(6) Concurrent Mark Cycle 18.497ms
[2026-06-14T12:37:19.272+0530][gc,exit     ] Heap
[2026-06-14T12:37:19.272+0530][gc,exit     ]  garbage-first heap   total reserved 1048576K, committed 1048576K, used 281591K [0x00000000c0000000, 0x0000000100000000)
[2026-06-14T12:37:19.272+0530][gc,exit     ]   region size 1024K, 124 young (126976K), 4 survivors (4096K)
[2026-06-14T12:37:19.272+0530][gc,exit     ]  Metaspace       used 41533K, committed 42048K, reserved 1114112K
[2026-06-14T12:37:19.272+0530][gc,exit     ]   class space    used 4313K, committed 4544K, reserved 1048576K
[2026-06-14T12:37:38.309+0530][gc,init] CardTable entry size: 512
[2026-06-14T12:37:38.309+0530][gc     ] Using G1
[2026-06-14T12:37:38.313+0530][gc,init] Version: 25.0.1+8-LTS-27 (release)
[2026-06-14T12:37:38.313+0530][gc,init] CPUs: 16 total, 16 available
[2026-06-14T12:37:38.313+0530][gc,init] Memory: 16068M
[2026-06-14T12:37:38.313+0530][gc,init] Large Page Support: Disabled
[2026-06-14T12:37:38.313+0530][gc,init] NUMA Support: Disabled
[2026-06-14T12:37:38.313+0530][gc,init] Compressed Oops: Enabled (32-bit)
[2026-06-14T12:37:38.313+0530][gc,init] Heap Region Size: 1M
[2026-06-14T12:37:38.313+0530][gc,init] Heap Min Capacity: 1G
[2026-06-14T12:37:38.313+0530][gc,init] Heap Initial Capacity: 1G
[2026-06-14T12:37:38.313+0530][gc,init] Heap Max Capacity: 1G
[2026-06-14T12:37:38.313+0530][gc,init] Pre-touch: Disabled
[2026-06-14T12:37:38.313+0530][gc,init] Parallel Workers: 13
[2026-06-14T12:37:38.313+0530][gc,init] Concurrent Workers: 3
[2026-06-14T12:37:38.313+0530][gc,init] Concurrent Refinement Workers: 13
[2026-06-14T12:37:38.313+0530][gc,init] Periodic GC: Disabled
[2026-06-14T12:37:38.323+0530][gc,metaspace] CDS archive(s) mapped at: [0x0000000008000000-0x0000000008dd0000-0x0000000008dd0000), size 14483456, SharedBaseAddress: 0x0000000008000000, ArchiveRelocationMode: 1.
[2026-06-14T12:37:38.323+0530][gc,metaspace] Compressed class space mapped at: 0x0000000009000000-0x0000000049000000, reserved size: 1073741824
[2026-06-14T12:37:38.323+0530][gc,metaspace] UseCompressedClassPointers 1, UseCompactObjectHeaders 0
[2026-06-14T12:37:38.323+0530][gc,metaspace] Narrow klass pointer bits 32, Max shift 3
[2026-06-14T12:37:38.323+0530][gc,metaspace] Narrow klass base: 0x0000000008000000, Narrow klass shift: 0
[2026-06-14T12:37:38.323+0530][gc,metaspace] Encoding Range: [0x0000000008000000 - 0x0000000108000000), (4294967296 bytes)
[2026-06-14T12:37:38.323+0530][gc,metaspace] Klass Range:    [0x0000000008010000 - 0x0000000049000000), (1090453504 bytes)
[2026-06-14T12:37:38.323+0530][gc,metaspace] Klass ID Range:  [65536 - 1090519033) (1090453497)
[2026-06-14T12:37:38.323+0530][gc,metaspace] Protection zone: [0x0000000008000000 - 0x0000000008010000), (65536 bytes)
[2026-06-14T12:37:39.122+0530][gc,start    ] GC(0) Pause Young (Normal) (G1 Evacuation Pause)
[2026-06-14T12:37:39.122+0530][gc,task     ] GC(0) Using 13 workers of 13 for evacuation
[2026-06-14T12:37:39.127+0530][gc,phases   ] GC(0)   Pre Evacuate Collection Set: 0.24ms
[2026-06-14T12:37:39.127+0530][gc,phases   ] GC(0)   Merge Heap Roots: 0.06ms
[2026-06-14T12:37:39.127+0530][gc,phases   ] GC(0)   Evacuate Collection Set: 3.93ms
[2026-06-14T12:37:39.127+0530][gc,phases   ] GC(0)   Post Evacuate Collection Set: 0.80ms
[2026-06-14T12:37:39.127+0530][gc,phases   ] GC(0)   Other: 0.45ms
[2026-06-14T12:37:39.127+0530][gc,heap     ] GC(0) Eden regions: 51->0(44)
[2026-06-14T12:37:39.127+0530][gc,heap     ] GC(0) Survivor regions: 0->7(7)
[2026-06-14T12:37:39.127+0530][gc,heap     ] GC(0) Old regions: 2->3
[2026-06-14T12:37:39.127+0530][gc,heap     ] GC(0) Humongous regions: 0->0
[2026-06-14T12:37:39.127+0530][gc,metaspace] GC(0) Metaspace: 17003K(17216K)->17003K(17216K) NonClass: 15480K(15616K)->15480K(15616K) Class: 1523K(1600K)->1523K(1600K)
[2026-06-14T12:37:39.127+0530][gc          ] GC(0) Pause Young (Normal) (G1 Evacuation Pause) 52M->8M(1024M) 5.767ms
[2026-06-14T12:37:39.127+0530][gc,cpu      ] GC(0) User=0.00s Sys=0.00s Real=0.01s
[2026-06-14T12:37:39.334+0530][gc,start    ] GC(1) Pause Young (Concurrent Start) (Metadata GC Threshold)
[2026-06-14T12:37:39.334+0530][gc,task     ] GC(1) Using 13 workers of 13 for evacuation
[2026-06-14T12:37:39.339+0530][gc,phases   ] GC(1)   Pre Evacuate Collection Set: 0.25ms
[2026-06-14T12:37:39.339+0530][gc,phases   ] GC(1)   Merge Heap Roots: 0.07ms
[2026-06-14T12:37:39.339+0530][gc,phases   ] GC(1)   Evacuate Collection Set: 4.05ms
[2026-06-14T12:37:39.339+0530][gc,phases   ] GC(1)   Post Evacuate Collection Set: 0.58ms
[2026-06-14T12:37:39.339+0530][gc,phases   ] GC(1)   Other: 0.07ms
[2026-06-14T12:37:39.339+0530][gc,heap     ] GC(1) Eden regions: 19->0(48)
[2026-06-14T12:37:39.339+0530][gc,heap     ] GC(1) Survivor regions: 7->3(7)
[2026-06-14T12:37:39.339+0530][gc,heap     ] GC(1) Old regions: 3->10
[2026-06-14T12:37:39.339+0530][gc,heap     ] GC(1) Humongous regions: 0->0
[2026-06-14T12:37:39.339+0530][gc,metaspace] GC(1) Metaspace: 21351K(21504K)->21351K(21504K) NonClass: 19353K(19456K)->19353K(19456K) Class: 1997K(2048K)->1997K(2048K)
[2026-06-14T12:37:39.339+0530][gc          ] GC(1) Pause Young (Concurrent Start) (Metadata GC Threshold) 27M->11M(1024M) 5.250ms
[2026-06-14T12:37:39.339+0530][gc,cpu      ] GC(1) User=0.05s Sys=0.16s Real=0.00s
[2026-06-14T12:37:39.339+0530][gc          ] GC(2) Concurrent Mark Cycle
[2026-06-14T12:37:39.339+0530][gc,marking  ] GC(2) Concurrent Scan Root Regions
[2026-06-14T12:37:39.342+0530][gc,marking  ] GC(2) Concurrent Scan Root Regions 2.165ms
[2026-06-14T12:37:39.342+0530][gc,marking  ] GC(2) Concurrent Mark
[2026-06-14T12:37:39.342+0530][gc,marking  ] GC(2) Concurrent Mark From Roots
[2026-06-14T12:37:39.342+0530][gc,task     ] GC(2) Using 3 workers of 3 for marking
[2026-06-14T12:37:39.344+0530][gc,marking  ] GC(2) Concurrent Mark From Roots 2.253ms
[2026-06-14T12:37:39.344+0530][gc,marking  ] GC(2) Concurrent Preclean
[2026-06-14T12:37:39.344+0530][gc,marking  ] GC(2) Concurrent Preclean 0.022ms
[2026-06-14T12:37:39.344+0530][gc,start    ] GC(2) Pause Remark
[2026-06-14T12:37:39.346+0530][gc          ] GC(2) Pause Remark 11M->11M(1024M) 2.118ms
[2026-06-14T12:37:39.346+0530][gc,cpu      ] GC(2) User=0.00s Sys=0.00s Real=0.00s
[2026-06-14T12:37:39.347+0530][gc,marking  ] GC(2) Concurrent Mark 4.906ms
[2026-06-14T12:37:39.347+0530][gc,marking  ] GC(2) Concurrent Rebuild Remembered Sets and Scrub Regions
[2026-06-14T12:37:39.349+0530][gc,marking  ] GC(2) Concurrent Rebuild Remembered Sets and Scrub Regions 2.131ms
[2026-06-14T12:37:39.349+0530][gc,start    ] GC(2) Pause Cleanup
[2026-06-14T12:37:39.349+0530][gc          ] GC(2) Pause Cleanup 11M->11M(1024M) 0.042ms
[2026-06-14T12:37:39.349+0530][gc,cpu      ] GC(2) User=0.00s Sys=0.00s Real=0.00s
[2026-06-14T12:37:39.349+0530][gc,marking  ] GC(2) Concurrent Clear Claimed Marks
[2026-06-14T12:37:39.349+0530][gc,marking  ] GC(2) Concurrent Clear Claimed Marks 0.059ms
[2026-06-14T12:37:39.349+0530][gc,marking  ] GC(2) Concurrent Cleanup for Next Mark
[2026-06-14T12:37:39.351+0530][gc,marking  ] GC(2) Concurrent Cleanup for Next Mark 2.284ms
[2026-06-14T12:37:39.351+0530][gc          ] GC(2) Concurrent Mark Cycle 12.108ms
[2026-06-14T12:37:40.009+0530][gc,start    ] GC(3) Pause Young (Prepare Mixed) (G1 Evacuation Pause)
[2026-06-14T12:37:40.009+0530][gc,task     ] GC(3) Using 13 workers of 13 for evacuation
[2026-06-14T12:37:40.013+0530][gc,phases   ] GC(3)   Pre Evacuate Collection Set: 0.28ms
[2026-06-14T12:37:40.013+0530][gc,phases   ] GC(3)   Merge Heap Roots: 0.17ms
[2026-06-14T12:37:40.013+0530][gc,phases   ] GC(3)   Evacuate Collection Set: 2.76ms
[2026-06-14T12:37:40.013+0530][gc,phases   ] GC(3)   Post Evacuate Collection Set: 0.60ms
[2026-06-14T12:37:40.013+0530][gc,phases   ] GC(3)   Other: 0.12ms
[2026-06-14T12:37:40.013+0530][gc,heap     ] GC(3) Eden regions: 48->0(61)
[2026-06-14T12:37:40.013+0530][gc,heap     ] GC(3) Survivor regions: 3->4(7)
[2026-06-14T12:37:40.013+0530][gc,heap     ] GC(3) Old regions: 10->10
[2026-06-14T12:37:40.013+0530][gc,heap     ] GC(3) Humongous regions: 0->0
[2026-06-14T12:37:40.013+0530][gc,metaspace] GC(3) Metaspace: 30859K(31232K)->30859K(31232K) NonClass: 27882K(28096K)->27882K(28096K) Class: 2977K(3136K)->2977K(3136K)
[2026-06-14T12:37:40.013+0530][gc          ] GC(3) Pause Young (Prepare Mixed) (G1 Evacuation Pause) 59M->13M(1024M) 4.362ms
[2026-06-14T12:37:40.013+0530][gc,cpu      ] GC(3) User=0.03s Sys=0.00s Real=0.00s
[2026-06-14T12:37:40.601+0530][gc,start    ] GC(4) Pause Young (Mixed) (Metadata GC Threshold)
[2026-06-14T12:37:40.601+0530][gc,task     ] GC(4) Using 13 workers of 13 for evacuation
[2026-06-14T12:37:40.605+0530][gc,phases   ] GC(4)   Pre Evacuate Collection Set: 0.24ms
[2026-06-14T12:37:40.606+0530][gc,phases   ] GC(4)   Merge Heap Roots: 0.10ms
[2026-06-14T12:37:40.606+0530][gc,phases   ] GC(4)   Evacuate Collection Set: 3.39ms
[2026-06-14T12:37:40.606+0530][gc,phases   ] GC(4)   Post Evacuate Collection Set: 0.61ms
[2026-06-14T12:37:40.606+0530][gc,phases   ] GC(4)   Other: 0.09ms
[2026-06-14T12:37:40.606+0530][gc,heap     ] GC(4) Eden regions: 42->0(62)
[2026-06-14T12:37:40.606+0530][gc,heap     ] GC(4) Survivor regions: 4->9(9)
[2026-06-14T12:37:40.606+0530][gc,heap     ] GC(4) Old regions: 10->10
[2026-06-14T12:37:40.606+0530][gc,heap     ] GC(4) Humongous regions: 129->129
[2026-06-14T12:37:40.606+0530][gc,metaspace] GC(4) Metaspace: 35758K(36096K)->35758K(36096K) NonClass: 32346K(32576K)->32346K(32576K) Class: 3412K(3520K)->3412K(3520K)
[2026-06-14T12:37:40.606+0530][gc          ] GC(4) Pause Young (Mixed) (Metadata GC Threshold) 183M->146M(1024M) 4.816ms
[2026-06-14T12:37:40.606+0530][gc,cpu      ] GC(4) User=0.16s Sys=0.00s Real=0.00s
[2026-06-14T12:37:40.658+0530][gc,start    ] GC(5) Pause Young (Concurrent Start) (Metadata GC Threshold)
[2026-06-14T12:37:40.658+0530][gc,task     ] GC(5) Using 13 workers of 13 for evacuation
[2026-06-14T12:37:40.662+0530][gc,phases   ] GC(5)   Pre Evacuate Collection Set: 0.31ms
[2026-06-14T12:37:40.662+0530][gc,phases   ] GC(5)   Merge Heap Roots: 0.08ms
[2026-06-14T12:37:40.662+0530][gc,phases   ] GC(5)   Evacuate Collection Set: 3.27ms
[2026-06-14T12:37:40.662+0530][gc,phases   ] GC(5)   Post Evacuate Collection Set: 0.53ms
[2026-06-14T12:37:40.662+0530][gc,phases   ] GC(5)   Other: 0.08ms
[2026-06-14T12:37:40.662+0530][gc,heap     ] GC(5) Eden regions: 5->0(103)
[2026-06-14T12:37:40.662+0530][gc,heap     ] GC(5) Survivor regions: 9->5(9)
[2026-06-14T12:37:40.662+0530][gc,heap     ] GC(5) Old regions: 10->13
[2026-06-14T12:37:40.662+0530][gc,heap     ] GC(5) Humongous regions: 129->129
[2026-06-14T12:37:40.662+0530][gc,metaspace] GC(5) Metaspace: 36127K(36416K)->36127K(36416K) NonClass: 32655K(32832K)->32655K(32832K) Class: 3471K(3584K)->3471K(3584K)
[2026-06-14T12:37:40.662+0530][gc          ] GC(5) Pause Young (Concurrent Start) (Metadata GC Threshold) 150M->146M(1024M) 4.602ms
[2026-06-14T12:37:40.662+0530][gc,cpu      ] GC(5) User=0.00s Sys=0.00s Real=0.00s
[2026-06-14T12:37:40.662+0530][gc          ] GC(6) Concurrent Mark Cycle
[2026-06-14T12:37:40.663+0530][gc,marking  ] GC(6) Concurrent Scan Root Regions
[2026-06-14T12:37:40.666+0530][gc,marking  ] GC(6) Concurrent Scan Root Regions 2.852ms
[2026-06-14T12:37:40.666+0530][gc,marking  ] GC(6) Concurrent Mark
[2026-06-14T12:37:40.666+0530][gc,marking  ] GC(6) Concurrent Mark From Roots
[2026-06-14T12:37:40.666+0530][gc,task     ] GC(6) Using 3 workers of 3 for marking
[2026-06-14T12:37:40.672+0530][gc,marking  ] GC(6) Concurrent Mark From Roots 6.038ms
[2026-06-14T12:37:40.672+0530][gc,marking  ] GC(6) Concurrent Preclean
[2026-06-14T12:37:40.672+0530][gc,marking  ] GC(6) Concurrent Preclean 0.061ms
[2026-06-14T12:37:40.672+0530][gc,start    ] GC(6) Pause Remark
[2026-06-14T12:37:40.674+0530][gc          ] GC(6) Pause Remark 147M->147M(1024M) 2.322ms
[2026-06-14T12:37:40.674+0530][gc,cpu      ] GC(6) User=0.00s Sys=0.00s Real=0.00s
[2026-06-14T12:37:40.674+0530][gc,marking  ] GC(6) Concurrent Mark 8.764ms
[2026-06-14T12:37:40.674+0530][gc,marking  ] GC(6) Concurrent Rebuild Remembered Sets and Scrub Regions
[2026-06-14T12:37:40.677+0530][gc,marking  ] GC(6) Concurrent Rebuild Remembered Sets and Scrub Regions 2.875ms
[2026-06-14T12:37:40.677+0530][gc,start    ] GC(6) Pause Cleanup
[2026-06-14T12:37:40.677+0530][gc          ] GC(6) Pause Cleanup 148M->148M(1024M) 0.045ms
[2026-06-14T12:37:40.677+0530][gc,cpu      ] GC(6) User=0.00s Sys=0.00s Real=0.00s
[2026-06-14T12:37:40.678+0530][gc,marking  ] GC(6) Concurrent Clear Claimed Marks
[2026-06-14T12:37:40.678+0530][gc,marking  ] GC(6) Concurrent Clear Claimed Marks 0.059ms
[2026-06-14T12:37:40.678+0530][gc,marking  ] GC(6) Concurrent Cleanup for Next Mark
[2026-06-14T12:37:40.679+0530][gc,marking  ] GC(6) Concurrent Cleanup for Next Mark 1.044ms
[2026-06-14T12:37:40.679+0530][gc          ] GC(6) Concurrent Mark Cycle 16.158ms
[2026-06-14T12:42:02.751+0530][gc,start    ] GC(7) Pause Young (Prepare Mixed) (G1 Evacuation Pause)
[2026-06-14T12:42:02.751+0530][gc,task     ] GC(7) Using 13 workers of 13 for evacuation
[2026-06-14T12:42:02.757+0530][gc,phases   ] GC(7)   Pre Evacuate Collection Set: 0.36ms
[2026-06-14T12:42:02.757+0530][gc,phases   ] GC(7)   Merge Heap Roots: 0.15ms
[2026-06-14T12:42:02.757+0530][gc,phases   ] GC(7)   Evacuate Collection Set: 3.88ms
[2026-06-14T12:42:02.757+0530][gc,phases   ] GC(7)   Post Evacuate Collection Set: 0.89ms
[2026-06-14T12:42:02.757+0530][gc,phases   ] GC(7)   Other: 0.12ms
[2026-06-14T12:42:02.757+0530][gc,heap     ] GC(7) Eden regions: 102->0(164)
[2026-06-14T12:42:02.757+0530][gc,heap     ] GC(7) Survivor regions: 1->5(13)
[2026-06-14T12:42:02.757+0530][gc,heap     ] GC(7) Old regions: 17->17
[2026-06-14T12:42:02.757+0530][gc,heap     ] GC(7) Humongous regions: 141->129
[2026-06-14T12:42:02.757+0530][gc,metaspace] GC(7) Metaspace: 40190K(40576K)->40190K(40576K) NonClass: 36191K(36416K)->36191K(36416K) Class: 3999K(4160K)->3999K(4160K)
[2026-06-14T12:42:02.757+0530][gc          ] GC(7) Pause Young (Prepare Mixed) (G1 Evacuation Pause) 260M->150M(1024M) 5.648ms
[2026-06-14T12:42:02.757+0530][gc,cpu      ] GC(7) User=0.00s Sys=0.00s Real=0.01s
[2026-06-14T12:42:38.385+0530][gc,start    ] GC(7) Pause Young (Prepare Mixed) (G1 Evacuation Pause)
[2026-06-14T12:42:38.385+0530][gc,task     ] GC(7) Using 13 workers of 13 for evacuation
[2026-06-14T12:42:38.389+0530][gc,phases   ] GC(7)   Pre Evacuate Collection Set: 0.28ms
[2026-06-14T12:42:38.389+0530][gc,phases   ] GC(7)   Merge Heap Roots: 0.12ms
[2026-06-14T12:42:38.389+0530][gc,phases   ] GC(7)   Evacuate Collection Set: 2.92ms
[2026-06-14T12:42:38.389+0530][gc,phases   ] GC(7)   Post Evacuate Collection Set: 0.77ms
[2026-06-14T12:42:38.389+0530][gc,phases   ] GC(7)   Other: 0.09ms
[2026-06-14T12:42:38.389+0530][gc,heap     ] GC(7) Eden regions: 103->0(209)
[2026-06-14T12:42:38.389+0530][gc,heap     ] GC(7) Survivor regions: 5->8(14)
[2026-06-14T12:42:38.389+0530][gc,heap     ] GC(7) Old regions: 13->13
[2026-06-14T12:42:38.389+0530][gc,heap     ] GC(7) Humongous regions: 129->129
[2026-06-14T12:42:38.389+0530][gc,metaspace] GC(7) Metaspace: 40357K(40832K)->40357K(40832K) NonClass: 36339K(36608K)->36339K(36608K) Class: 4017K(4224K)->4017K(4224K)
[2026-06-14T12:42:38.389+0530][gc          ] GC(7) Pause Young (Prepare Mixed) (G1 Evacuation Pause) 249M->149M(1024M) 4.403ms
[2026-06-14T12:42:38.390+0530][gc,cpu      ] GC(7) User=0.00s Sys=0.00s Real=0.01s
[2026-06-14T12:44:28.433+0530][gc,start    ] GC(7) Pause Young (Prepare Mixed) (G1 Evacuation Pause)
[2026-06-14T12:44:28.434+0530][gc,task     ] GC(7) Using 13 workers of 13 for evacuation
[2026-06-14T12:44:28.449+0530][gc,phases   ] GC(7)   Pre Evacuate Collection Set: 1.04ms
[2026-06-14T12:44:28.449+0530][gc,phases   ] GC(7)   Merge Heap Roots: 0.26ms
[2026-06-14T12:44:28.449+0530][gc,phases   ] GC(7)   Evacuate Collection Set: 11.88ms
[2026-06-14T12:44:28.449+0530][gc,phases   ] GC(7)   Post Evacuate Collection Set: 1.52ms
[2026-06-14T12:44:28.449+0530][gc,phases   ] GC(7)   Other: 0.33ms
[2026-06-14T12:44:28.449+0530][gc,heap     ] GC(7) Eden regions: 126->0(70)
[2026-06-14T12:44:28.449+0530][gc,heap     ] GC(7) Survivor regions: 5->9(17)
[2026-06-14T12:44:28.449+0530][gc,heap     ] GC(7) Old regions: 15->14
[2026-06-14T12:44:28.449+0530][gc,heap     ] GC(7) Humongous regions: 150->138
[2026-06-14T12:44:28.449+0530][gc,metaspace] GC(7) Metaspace: 41396K(41920K)->41396K(41920K) NonClass: 37216K(37504K)->37216K(37504K) Class: 4179K(4416K)->4179K(4416K)
[2026-06-14T12:44:28.449+0530][gc          ] GC(7) Pause Young (Prepare Mixed) (G1 Evacuation Pause) 293M->160M(1024M) 15.666ms
[2026-06-14T12:44:28.449+0530][gc,cpu      ] GC(7) User=0.06s Sys=0.06s Real=0.02s
[2026-06-14T12:48:41.013+0530][gc,start    ] GC(8) Pause Young (Mixed) (G1 Evacuation Pause)
[2026-06-14T12:48:41.013+0530][gc,task     ] GC(8) Using 13 workers of 13 for evacuation
[2026-06-14T12:48:41.025+0530][gc,phases   ] GC(8)   Pre Evacuate Collection Set: 0.55ms
[2026-06-14T12:48:41.025+0530][gc,phases   ] GC(8)   Merge Heap Roots: 0.23ms
[2026-06-14T12:48:41.025+0530][gc,phases   ] GC(8)   Evacuate Collection Set: 9.11ms
[2026-06-14T12:48:41.025+0530][gc,phases   ] GC(8)   Post Evacuate Collection Set: 1.47ms
[2026-06-14T12:48:41.025+0530][gc,phases   ] GC(8)   Other: 0.16ms
[2026-06-14T12:48:41.025+0530][gc,heap     ] GC(8) Eden regions: 70->0(127)
[2026-06-14T12:48:41.025+0530][gc,heap     ] GC(8) Survivor regions: 9->6(10)
[2026-06-14T12:48:41.025+0530][gc,heap     ] GC(8) Old regions: 14->18
[2026-06-14T12:48:41.025+0530][gc,heap     ] GC(8) Humongous regions: 138->138
[2026-06-14T12:48:41.025+0530][gc,metaspace] GC(8) Metaspace: 41579K(42112K)->41579K(42112K) NonClass: 37373K(37632K)->37373K(37632K) Class: 4206K(4480K)->4206K(4480K)
[2026-06-14T12:48:41.025+0530][gc          ] GC(8) Pause Young (Mixed) (G1 Evacuation Pause) 230M->160M(1024M) 12.118ms
[2026-06-14T12:48:41.025+0530][gc,cpu      ] GC(8) User=0.08s Sys=0.05s Real=0.01s
[2026-06-14T12:53:03.917+0530][gc,exit     ] Heap
[2026-06-14T12:53:03.917+0530][gc,exit     ]  garbage-first heap   total reserved 1048576K, committed 1048576K, used 322102K [0x00000000c0000000, 0x0000000100000000)
[2026-06-14T12:53:03.917+0530][gc,exit     ]   region size 1024K, 169 young (173056K), 5 survivors (5120K)
[2026-06-14T12:53:03.917+0530][gc,exit     ]  Metaspace       used 42514K, committed 43072K, reserved 1114112K
[2026-06-14T12:53:03.917+0530][gc,exit     ]   class space    used 4471K, committed 4736K, reserved 1048576K
[2026-06-14T12:53:09.146+0530][gc,exit     ] Heap
[2026-06-14T12:53:09.146+0530][gc,exit     ]  garbage-first heap   total reserved 1048576K, committed 1048576K, used 306822K [0x00000000c0000000, 0x0000000100000000)
[2026-06-14T12:53:09.146+0530][gc,exit     ]   region size 1024K, 158 young (161792K), 8 survivors (8192K)
[2026-06-14T12:53:09.146+0530][gc,exit     ]  Metaspace       used 41664K, committed 42176K, reserved 1114112K
[2026-06-14T12:53:09.146+0530][gc,exit     ]   class space    used 4309K, committed 4544K, reserved 1048576K
[2026-06-14T12:55:37.805+0530][gc,start    ] GC(9) Pause Young (Normal) (G1 Evacuation Pause)
[2026-06-14T12:55:37.805+0530][gc,task     ] GC(9) Using 13 workers of 13 for evacuation
[2026-06-14T12:55:37.817+0530][gc,phases   ] GC(9)   Pre Evacuate Collection Set: 1.15ms
[2026-06-14T12:55:37.817+0530][gc,phases   ] GC(9)   Merge Heap Roots: 0.28ms
[2026-06-14T12:55:37.817+0530][gc,phases   ] GC(9)   Evacuate Collection Set: 9.37ms
[2026-06-14T12:55:37.817+0530][gc,phases   ] GC(9)   Post Evacuate Collection Set: 1.18ms
[2026-06-14T12:55:37.817+0530][gc,phases   ] GC(9)   Other: 0.21ms
[2026-06-14T12:55:37.817+0530][gc,heap     ] GC(9) Eden regions: 127->0(119)
[2026-06-14T12:55:37.817+0530][gc,heap     ] GC(9) Survivor regions: 6->9(17)
[2026-06-14T12:55:37.817+0530][gc,heap     ] GC(9) Old regions: 18->18
[2026-06-14T12:55:37.817+0530][gc,heap     ] GC(9) Humongous regions: 147->147
[2026-06-14T12:55:37.817+0530][gc,metaspace] GC(9) Metaspace: 42612K(43136K)->42612K(43136K) NonClass: 38255K(38528K)->38255K(38528K) Class: 4356K(4608K)->4356K(4608K)
[2026-06-14T12:55:37.817+0530][gc          ] GC(9) Pause Young (Normal) (G1 Evacuation Pause) 296M->172M(1024M) 12.765ms
[2026-06-14T12:55:37.817+0530][gc,cpu      ] GC(9) User=0.00s Sys=0.00s Real=0.01s
[2026-06-14T13:01:31.956+0530][gc,start    ] GC(10) Pause Young (Normal) (G1 Evacuation Pause)
[2026-06-14T13:01:31.956+0530][gc,task     ] GC(10) Using 13 workers of 13 for evacuation
[2026-06-14T13:01:31.968+0530][gc,phases   ] GC(10)   Pre Evacuate Collection Set: 0.75ms
[2026-06-14T13:01:31.968+0530][gc,phases   ] GC(10)   Merge Heap Roots: 0.25ms
[2026-06-14T13:01:31.968+0530][gc,phases   ] GC(10)   Evacuate Collection Set: 10.11ms
[2026-06-14T13:01:31.968+0530][gc,phases   ] GC(10)   Post Evacuate Collection Set: 1.25ms
[2026-06-14T13:01:31.968+0530][gc,phases   ] GC(10)   Other: 0.19ms
[2026-06-14T13:01:31.968+0530][gc,heap     ] GC(10) Eden regions: 119->0(142)
[2026-06-14T13:01:31.968+0530][gc,heap     ] GC(10) Survivor regions: 9->10(16)
[2026-06-14T13:01:31.968+0530][gc,heap     ] GC(10) Old regions: 18->18
[2026-06-14T13:01:31.968+0530][gc,heap     ] GC(10) Humongous regions: 147->147
[2026-06-14T13:01:31.968+0530][gc,metaspace] GC(10) Metaspace: 42668K(43264K)->42668K(43264K) NonClass: 38305K(38656K)->38305K(38656K) Class: 4363K(4608K)->4363K(4608K)
[2026-06-14T13:01:31.968+0530][gc          ] GC(10) Pause Young (Normal) (G1 Evacuation Pause) 291M->173M(1024M) 13.151ms
[2026-06-14T13:01:31.969+0530][gc,cpu      ] GC(10) User=0.02s Sys=0.11s Real=0.01s
[2026-06-14T13:06:38.336+0530][gc,init] CardTable entry size: 512
[2026-06-14T13:06:38.336+0530][gc     ] Using G1
[2026-06-14T13:06:38.339+0530][gc,init] Version: 25.0.1+8-LTS-27 (release)
[2026-06-14T13:06:38.339+0530][gc,init] CPUs: 16 total, 16 available
[2026-06-14T13:06:38.339+0530][gc,init] Memory: 16068M
[2026-06-14T13:06:38.339+0530][gc,init] Large Page Support: Disabled
[2026-06-14T13:06:38.339+0530][gc,init] NUMA Support: Disabled
[2026-06-14T13:06:38.339+0530][gc,init] Compressed Oops: Enabled (32-bit)
[2026-06-14T13:06:38.339+0530][gc,init] Heap Region Size: 1M
[2026-06-14T13:06:38.339+0530][gc,init] Heap Min Capacity: 1G
[2026-06-14T13:06:38.339+0530][gc,init] Heap Initial Capacity: 1G
[2026-06-14T13:06:38.339+0530][gc,init] Heap Max Capacity: 1G
[2026-06-14T13:06:38.339+0530][gc,init] Pre-touch: Disabled
[2026-06-14T13:06:38.339+0530][gc,init] Parallel Workers: 13
[2026-06-14T13:06:38.339+0530][gc,init] Concurrent Workers: 3
[2026-06-14T13:06:38.339+0530][gc,init] Concurrent Refinement Workers: 13
[2026-06-14T13:06:38.339+0530][gc,init] Periodic GC: Disabled
[2026-06-14T13:06:38.347+0530][gc,metaspace] CDS archive(s) mapped at: [0x0000000013000000-0x0000000013dd0000-0x0000000013dd0000), size 14483456, SharedBaseAddress: 0x0000000013000000, ArchiveRelocationMode: 1.
[2026-06-14T13:06:38.348+0530][gc,metaspace] Compressed class space mapped at: 0x0000000014000000-0x0000000054000000, reserved size: 1073741824
[2026-06-14T13:06:38.348+0530][gc,metaspace] UseCompressedClassPointers 1, UseCompactObjectHeaders 0
[2026-06-14T13:06:38.348+0530][gc,metaspace] Narrow klass pointer bits 32, Max shift 3
[2026-06-14T13:06:38.348+0530][gc,metaspace] Narrow klass base: 0x0000000013000000, Narrow klass shift: 0
[2026-06-14T13:06:38.348+0530][gc,metaspace] Encoding Range: [0x0000000013000000 - 0x0000000113000000), (4294967296 bytes)
[2026-06-14T13:06:38.348+0530][gc,metaspace] Klass Range:    [0x0000000013010000 - 0x0000000054000000), (1090453504 bytes)
[2026-06-14T13:06:38.348+0530][gc,metaspace] Klass ID Range:  [65536 - 1090519033) (1090453497)
[2026-06-14T13:06:38.348+0530][gc,metaspace] Protection zone: [0x0000000013000000 - 0x0000000013010000), (65536 bytes)
[2026-06-14T13:06:39.246+0530][gc,start    ] GC(0) Pause Young (Normal) (G1 Evacuation Pause)
[2026-06-14T13:06:39.246+0530][gc,task     ] GC(0) Using 13 workers of 13 for evacuation
[2026-06-14T13:06:39.250+0530][gc,phases   ] GC(0)   Pre Evacuate Collection Set: 0.20ms
[2026-06-14T13:06:39.250+0530][gc,phases   ] GC(0)   Merge Heap Roots: 0.05ms
[2026-06-14T13:06:39.250+0530][gc,phases   ] GC(0)   Evacuate Collection Set: 3.10ms
[2026-06-14T13:06:39.250+0530][gc,phases   ] GC(0)   Post Evacuate Collection Set: 0.69ms
[2026-06-14T13:06:39.250+0530][gc,phases   ] GC(0)   Other: 0.39ms
[2026-06-14T13:06:39.250+0530][gc,heap     ] GC(0) Eden regions: 51->0(44)
[2026-06-14T13:06:39.250+0530][gc,heap     ] GC(0) Survivor regions: 0->7(7)
[2026-06-14T13:06:39.250+0530][gc,heap     ] GC(0) Old regions: 2->3
[2026-06-14T13:06:39.250+0530][gc,heap     ] GC(0) Humongous regions: 0->0
[2026-06-14T13:06:39.250+0530][gc,metaspace] GC(0) Metaspace: 17003K(17216K)->17003K(17216K) NonClass: 15480K(15616K)->15480K(15616K) Class: 1523K(1600K)->1523K(1600K)
[2026-06-14T13:06:39.250+0530][gc          ] GC(0) Pause Young (Normal) (G1 Evacuation Pause) 52M->8M(1024M) 4.706ms
[2026-06-14T13:06:39.250+0530][gc,cpu      ] GC(0) User=0.00s Sys=0.00s Real=0.00s
[2026-06-14T13:06:39.469+0530][gc,start    ] GC(1) Pause Young (Concurrent Start) (Metadata GC Threshold)
[2026-06-14T13:06:39.469+0530][gc,task     ] GC(1) Using 13 workers of 13 for evacuation
[2026-06-14T13:06:39.474+0530][gc,phases   ] GC(1)   Pre Evacuate Collection Set: 0.28ms
[2026-06-14T13:06:39.474+0530][gc,phases   ] GC(1)   Merge Heap Roots: 0.07ms
[2026-06-14T13:06:39.474+0530][gc,phases   ] GC(1)   Evacuate Collection Set: 3.45ms
[2026-06-14T13:06:39.474+0530][gc,phases   ] GC(1)   Post Evacuate Collection Set: 0.59ms
[2026-06-14T13:06:39.474+0530][gc,phases   ] GC(1)   Other: 0.07ms
[2026-06-14T13:06:39.474+0530][gc,heap     ] GC(1) Eden regions: 19->0(55)
[2026-06-14T13:06:39.474+0530][gc,heap     ] GC(1) Survivor regions: 7->3(7)
[2026-06-14T13:06:39.474+0530][gc,heap     ] GC(1) Old regions: 3->11
[2026-06-14T13:06:39.474+0530][gc,heap     ] GC(1) Humongous regions: 0->0
[2026-06-14T13:06:39.474+0530][gc,metaspace] GC(1) Metaspace: 21351K(21504K)->21351K(21504K) NonClass: 19354K(19456K)->19354K(19456K) Class: 1997K(2048K)->1997K(2048K)
[2026-06-14T13:06:39.474+0530][gc          ] GC(1) Pause Young (Concurrent Start) (Metadata GC Threshold) 27M->11M(1024M) 4.671ms
[2026-06-14T13:06:39.474+0530][gc,cpu      ] GC(1) User=0.00s Sys=0.02s Real=0.00s
[2026-06-14T13:06:39.474+0530][gc          ] GC(2) Concurrent Mark Cycle
[2026-06-14T13:06:39.474+0530][gc,marking  ] GC(2) Concurrent Scan Root Regions
[2026-06-14T13:06:39.476+0530][gc,marking  ] GC(2) Concurrent Scan Root Regions 1.880ms
[2026-06-14T13:06:39.476+0530][gc,marking  ] GC(2) Concurrent Mark
[2026-06-14T13:06:39.476+0530][gc,marking  ] GC(2) Concurrent Mark From Roots
[2026-06-14T13:06:39.476+0530][gc,task     ] GC(2) Using 3 workers of 3 for marking
[2026-06-14T13:06:39.478+0530][gc,marking  ] GC(2) Concurrent Mark From Roots 1.676ms
[2026-06-14T13:06:39.478+0530][gc,marking  ] GC(2) Concurrent Preclean
[2026-06-14T13:06:39.478+0530][gc,marking  ] GC(2) Concurrent Preclean 0.014ms
[2026-06-14T13:06:39.478+0530][gc,start    ] GC(2) Pause Remark
[2026-06-14T13:06:39.479+0530][gc          ] GC(2) Pause Remark 12M->12M(1024M) 1.861ms
[2026-06-14T13:06:39.479+0530][gc,cpu      ] GC(2) User=0.00s Sys=0.00s Real=0.00s
[2026-06-14T13:06:39.479+0530][gc,marking  ] GC(2) Concurrent Mark 3.772ms
[2026-06-14T13:06:39.480+0530][gc,marking  ] GC(2) Concurrent Rebuild Remembered Sets and Scrub Regions
[2026-06-14T13:06:39.481+0530][gc,marking  ] GC(2) Concurrent Rebuild Remembered Sets and Scrub Regions 1.808ms
[2026-06-14T13:06:39.481+0530][gc,start    ] GC(2) Pause Cleanup
[2026-06-14T13:06:39.481+0530][gc          ] GC(2) Pause Cleanup 12M->12M(1024M) 0.065ms
[2026-06-14T13:06:39.481+0530][gc,cpu      ] GC(2) User=0.00s Sys=0.00s Real=0.00s
[2026-06-14T13:06:39.482+0530][gc,marking  ] GC(2) Concurrent Clear Claimed Marks
[2026-06-14T13:06:39.482+0530][gc,marking  ] GC(2) Concurrent Clear Claimed Marks 0.039ms
[2026-06-14T13:06:39.482+0530][gc,marking  ] GC(2) Concurrent Cleanup for Next Mark
[2026-06-14T13:06:39.484+0530][gc,marking  ] GC(2) Concurrent Cleanup for Next Mark 2.059ms
[2026-06-14T13:06:39.484+0530][gc          ] GC(2) Concurrent Mark Cycle 10.126ms
[2026-06-14T13:06:40.274+0530][gc,start    ] GC(3) Pause Young (Prepare Mixed) (G1 Evacuation Pause)
[2026-06-14T13:06:40.274+0530][gc,task     ] GC(3) Using 13 workers of 13 for evacuation
[2026-06-14T13:06:40.279+0530][gc,phases   ] GC(3)   Pre Evacuate Collection Set: 0.28ms
[2026-06-14T13:06:40.279+0530][gc,phases   ] GC(3)   Merge Heap Roots: 0.13ms
[2026-06-14T13:06:40.279+0530][gc,phases   ] GC(3)   Evacuate Collection Set: 3.16ms
[2026-06-14T13:06:40.279+0530][gc,phases   ] GC(3)   Post Evacuate Collection Set: 0.71ms
[2026-06-14T13:06:40.279+0530][gc,phases   ] GC(3)   Other: 0.14ms
[2026-06-14T13:06:40.279+0530][gc,heap     ] GC(3) Eden regions: 55->0(67)
[2026-06-14T13:06:40.279+0530][gc,heap     ] GC(3) Survivor regions: 3->6(8)
[2026-06-14T13:06:40.279+0530][gc,heap     ] GC(3) Old regions: 11->11
[2026-06-14T13:06:40.279+0530][gc,heap     ] GC(3) Humongous regions: 0->0
[2026-06-14T13:06:40.279+0530][gc,metaspace] GC(3) Metaspace: 31499K(31744K)->31499K(31744K) NonClass: 28478K(28608K)->28478K(28608K) Class: 3020K(3136K)->3020K(3136K)
[2026-06-14T13:06:40.279+0530][gc          ] GC(3) Pause Young (Prepare Mixed) (G1 Evacuation Pause) 66M->14M(1024M) 4.940ms
[2026-06-14T13:06:40.279+0530][gc,cpu      ] GC(3) User=0.00s Sys=0.00s Real=0.01s
[2026-06-14T13:06:41.028+0530][gc,start    ] GC(4) Pause Young (Mixed) (Metadata GC Threshold)
[2026-06-14T13:06:41.028+0530][gc,task     ] GC(4) Using 13 workers of 13 for evacuation
[2026-06-14T13:06:41.032+0530][gc,phases   ] GC(4)   Pre Evacuate Collection Set: 0.27ms
[2026-06-14T13:06:41.032+0530][gc,phases   ] GC(4)   Merge Heap Roots: 0.13ms
[2026-06-14T13:06:41.032+0530][gc,phases   ] GC(4)   Evacuate Collection Set: 3.70ms
[2026-06-14T13:06:41.032+0530][gc,phases   ] GC(4)   Post Evacuate Collection Set: 0.70ms
[2026-06-14T13:06:41.032+0530][gc,phases   ] GC(4)   Other: 0.10ms
[2026-06-14T13:06:41.032+0530][gc,heap     ] GC(4) Eden regions: 49->0(77)
[2026-06-14T13:06:41.032+0530][gc,heap     ] GC(4) Survivor regions: 6->9(10)
[2026-06-14T13:06:41.032+0530][gc,heap     ] GC(4) Old regions: 11->10
[2026-06-14T13:06:41.033+0530][gc,heap     ] GC(4) Humongous regions: 129->129
[2026-06-14T13:06:41.033+0530][gc,metaspace] GC(4) Metaspace: 35816K(36096K)->35816K(36096K) NonClass: 32417K(32576K)->32417K(32576K) Class: 3399K(3520K)->3399K(3520K)
[2026-06-14T13:06:41.033+0530][gc          ] GC(4) Pause Young (Mixed) (Metadata GC Threshold) 192M->146M(1024M) 5.209ms
[2026-06-14T13:06:41.033+0530][gc,cpu      ] GC(4) User=0.00s Sys=0.00s Real=0.00s
[2026-06-14T13:06:41.096+0530][gc,start    ] GC(5) Pause Young (Concurrent Start) (Metadata GC Threshold)
[2026-06-14T13:06:41.096+0530][gc,task     ] GC(5) Using 13 workers of 13 for evacuation
[2026-06-14T13:06:41.100+0530][gc,phases   ] GC(5)   Pre Evacuate Collection Set: 0.28ms
[2026-06-14T13:06:41.100+0530][gc,phases   ] GC(5)   Merge Heap Roots: 0.07ms
[2026-06-14T13:06:41.100+0530][gc,phases   ] GC(5)   Evacuate Collection Set: 3.26ms
[2026-06-14T13:06:41.100+0530][gc,phases   ] GC(5)   Post Evacuate Collection Set: 0.53ms
[2026-06-14T13:06:41.100+0530][gc,phases   ] GC(5)   Other: 0.08ms
[2026-06-14T13:06:41.100+0530][gc,heap     ] GC(5) Eden regions: 4->0(138)
[2026-06-14T13:06:41.100+0530][gc,heap     ] GC(5) Survivor regions: 9->5(11)
[2026-06-14T13:06:41.100+0530][gc,heap     ] GC(5) Old regions: 10->14
[2026-06-14T13:06:41.100+0530][gc,heap     ] GC(5) Humongous regions: 129->129
[2026-06-14T13:06:41.100+0530][gc,metaspace] GC(5) Metaspace: 36124K(36416K)->36124K(36416K) NonClass: 32676K(32832K)->32676K(32832K) Class: 3448K(3584K)->3448K(3584K)
[2026-06-14T13:06:41.100+0530][gc          ] GC(5) Pause Young (Concurrent Start) (Metadata GC Threshold) 150M->146M(1024M) 4.520ms
[2026-06-14T13:06:41.100+0530][gc,cpu      ] GC(5) User=0.16s Sys=0.05s Real=0.00s
[2026-06-14T13:06:41.100+0530][gc          ] GC(6) Concurrent Mark Cycle
[2026-06-14T13:06:41.100+0530][gc,marking  ] GC(6) Concurrent Scan Root Regions
[2026-06-14T13:06:41.102+0530][gc,marking  ] GC(6) Concurrent Scan Root Regions 2.186ms
[2026-06-14T13:06:41.102+0530][gc,marking  ] GC(6) Concurrent Mark
[2026-06-14T13:06:41.102+0530][gc,marking  ] GC(6) Concurrent Mark From Roots
[2026-06-14T13:06:41.102+0530][gc,task     ] GC(6) Using 3 workers of 3 for marking
[2026-06-14T13:06:41.108+0530][gc,marking  ] GC(6) Concurrent Mark From Roots 5.249ms
[2026-06-14T13:06:41.108+0530][gc,marking  ] GC(6) Concurrent Preclean
[2026-06-14T13:06:41.108+0530][gc,marking  ] GC(6) Concurrent Preclean 0.088ms
[2026-06-14T13:06:41.108+0530][gc,start    ] GC(6) Pause Remark
[2026-06-14T13:06:41.110+0530][gc          ] GC(6) Pause Remark 148M->148M(1024M) 2.401ms
[2026-06-14T13:06:41.111+0530][gc,cpu      ] GC(6) User=0.00s Sys=0.00s Real=0.00s
[2026-06-14T13:06:41.111+0530][gc,marking  ] GC(6) Concurrent Mark 8.142ms
[2026-06-14T13:06:41.111+0530][gc,marking  ] GC(6) Concurrent Rebuild Remembered Sets and Scrub Regions
[2026-06-14T13:06:41.115+0530][gc,marking  ] GC(6) Concurrent Rebuild Remembered Sets and Scrub Regions 3.946ms
[2026-06-14T13:06:41.115+0530][gc,start    ] GC(6) Pause Cleanup
[2026-06-14T13:06:41.115+0530][gc          ] GC(6) Pause Cleanup 148M->148M(1024M) 0.060ms
[2026-06-14T13:06:41.115+0530][gc,cpu      ] GC(6) User=0.00s Sys=0.00s Real=0.00s
[2026-06-14T13:06:41.115+0530][gc,marking  ] GC(6) Concurrent Clear Claimed Marks
[2026-06-14T13:06:41.115+0530][gc,marking  ] GC(6) Concurrent Clear Claimed Marks 0.083ms
[2026-06-14T13:06:41.115+0530][gc,marking  ] GC(6) Concurrent Cleanup for Next Mark
[2026-06-14T13:06:41.116+0530][gc,marking  ] GC(6) Concurrent Cleanup for Next Mark 1.251ms
[2026-06-14T13:06:41.116+0530][gc          ] GC(6) Concurrent Mark Cycle 16.257ms
[2026-06-14T13:06:43.253+0530][gc,init] CardTable entry size: 512
[2026-06-14T13:06:43.254+0530][gc     ] Using G1
[2026-06-14T13:06:43.256+0530][gc,init] Version: 25.0.1+8-LTS-27 (release)
[2026-06-14T13:06:43.256+0530][gc,init] CPUs: 16 total, 16 available
[2026-06-14T13:06:43.256+0530][gc,init] Memory: 16068M
[2026-06-14T13:06:43.256+0530][gc,init] Large Page Support: Disabled
[2026-06-14T13:06:43.256+0530][gc,init] NUMA Support: Disabled
[2026-06-14T13:06:43.256+0530][gc,init] Compressed Oops: Enabled (32-bit)
[2026-06-14T13:06:43.256+0530][gc,init] Heap Region Size: 1M
[2026-06-14T13:06:43.256+0530][gc,init] Heap Min Capacity: 1G
[2026-06-14T13:06:43.256+0530][gc,init] Heap Initial Capacity: 1G
[2026-06-14T13:06:43.256+0530][gc,init] Heap Max Capacity: 1G
[2026-06-14T13:06:43.256+0530][gc,init] Pre-touch: Disabled
[2026-06-14T13:06:43.256+0530][gc,init] Parallel Workers: 13
[2026-06-14T13:06:43.256+0530][gc,init] Concurrent Workers: 3
[2026-06-14T13:06:43.256+0530][gc,init] Concurrent Refinement Workers: 13
[2026-06-14T13:06:43.256+0530][gc,init] Periodic GC: Disabled
[2026-06-14T13:06:43.264+0530][gc,metaspace] CDS archive(s) mapped at: [0x000000002c000000-0x000000002cdd0000-0x000000002cdd0000), size 14483456, SharedBaseAddress: 0x000000002c000000, ArchiveRelocationMode: 1.
[2026-06-14T13:06:43.264+0530][gc,metaspace] Compressed class space mapped at: 0x000000002d000000-0x000000006d000000, reserved size: 1073741824
[2026-06-14T13:06:43.264+0530][gc,metaspace] UseCompressedClassPointers 1, UseCompactObjectHeaders 0
[2026-06-14T13:06:43.264+0530][gc,metaspace] Narrow klass pointer bits 32, Max shift 3
[2026-06-14T13:06:43.264+0530][gc,metaspace] Narrow klass base: 0x000000002c000000, Narrow klass shift: 0
[2026-06-14T13:06:43.264+0530][gc,metaspace] Encoding Range: [0x000000002c000000 - 0x000000012c000000), (4294967296 bytes)
[2026-06-14T13:06:43.264+0530][gc,metaspace] Klass Range:    [0x000000002c010000 - 0x000000006d000000), (1090453504 bytes)
[2026-06-14T13:06:43.264+0530][gc,metaspace] Klass ID Range:  [65536 - 1090519033) (1090453497)
[2026-06-14T13:06:43.264+0530][gc,metaspace] Protection zone: [0x000000002c000000 - 0x000000002c010000), (65536 bytes)
[2026-06-14T13:06:44.138+0530][gc,start    ] GC(0) Pause Young (Normal) (G1 Evacuation Pause)
[2026-06-14T13:06:44.138+0530][gc,task     ] GC(0) Using 13 workers of 13 for evacuation
[2026-06-14T13:06:44.143+0530][gc,phases   ] GC(0)   Pre Evacuate Collection Set: 0.16ms
[2026-06-14T13:06:44.143+0530][gc,phases   ] GC(0)   Merge Heap Roots: 0.05ms
[2026-06-14T13:06:44.143+0530][gc,phases   ] GC(0)   Evacuate Collection Set: 3.64ms
[2026-06-14T13:06:44.143+0530][gc,phases   ] GC(0)   Post Evacuate Collection Set: 0.80ms
[2026-06-14T13:06:44.143+0530][gc,phases   ] GC(0)   Other: 0.40ms
[2026-06-14T13:06:44.143+0530][gc,heap     ] GC(0) Eden regions: 51->0(44)
[2026-06-14T13:06:44.143+0530][gc,heap     ] GC(0) Survivor regions: 0->7(7)
[2026-06-14T13:06:44.143+0530][gc,heap     ] GC(0) Old regions: 2->3
[2026-06-14T13:06:44.143+0530][gc,heap     ] GC(0) Humongous regions: 0->0
[2026-06-14T13:06:44.143+0530][gc,metaspace] GC(0) Metaspace: 17053K(17280K)->17053K(17280K) NonClass: 15527K(15680K)->15527K(15680K) Class: 1526K(1600K)->1526K(1600K)
[2026-06-14T13:06:44.143+0530][gc          ] GC(0) Pause Young (Normal) (G1 Evacuation Pause) 52M->8M(1024M) 5.308ms
[2026-06-14T13:06:44.143+0530][gc,cpu      ] GC(0) User=0.00s Sys=0.00s Real=0.00s
[2026-06-14T13:06:44.339+0530][gc,start    ] GC(1) Pause Young (Concurrent Start) (Metadata GC Threshold)
[2026-06-14T13:06:44.339+0530][gc,task     ] GC(1) Using 13 workers of 13 for evacuation
[2026-06-14T13:06:44.344+0530][gc,phases   ] GC(1)   Pre Evacuate Collection Set: 0.30ms
[2026-06-14T13:06:44.344+0530][gc,phases   ] GC(1)   Merge Heap Roots: 0.09ms
[2026-06-14T13:06:44.344+0530][gc,phases   ] GC(1)   Evacuate Collection Set: 4.10ms
[2026-06-14T13:06:44.344+0530][gc,phases   ] GC(1)   Post Evacuate Collection Set: 0.70ms
[2026-06-14T13:06:44.344+0530][gc,phases   ] GC(1)   Other: 0.07ms
[2026-06-14T13:06:44.344+0530][gc,heap     ] GC(1) Eden regions: 19->0(48)
[2026-06-14T13:06:44.344+0530][gc,heap     ] GC(1) Survivor regions: 7->3(7)
[2026-06-14T13:06:44.344+0530][gc,heap     ] GC(1) Old regions: 3->10
[2026-06-14T13:06:44.344+0530][gc,heap     ] GC(1) Humongous regions: 0->0
[2026-06-14T13:06:44.344+0530][gc,metaspace] GC(1) Metaspace: 21351K(21504K)->21351K(21504K) NonClass: 19353K(19456K)->19353K(19456K) Class: 1997K(2048K)->1997K(2048K)
[2026-06-14T13:06:44.344+0530][gc          ] GC(1) Pause Young (Concurrent Start) (Metadata GC Threshold) 27M->11M(1024M) 5.503ms
[2026-06-14T13:06:44.344+0530][gc,cpu      ] GC(1) User=0.00s Sys=0.00s Real=0.01s
[2026-06-14T13:06:44.344+0530][gc          ] GC(2) Concurrent Mark Cycle
[2026-06-14T13:06:44.344+0530][gc,marking  ] GC(2) Concurrent Scan Root Regions
[2026-06-14T13:06:44.346+0530][gc,marking  ] GC(2) Concurrent Scan Root Regions 2.048ms
[2026-06-14T13:06:44.346+0530][gc,marking  ] GC(2) Concurrent Mark
[2026-06-14T13:06:44.347+0530][gc,marking  ] GC(2) Concurrent Mark From Roots
[2026-06-14T13:06:44.347+0530][gc,task     ] GC(2) Using 3 workers of 3 for marking
[2026-06-14T13:06:44.348+0530][gc,marking  ] GC(2) Concurrent Mark From Roots 1.627ms
[2026-06-14T13:06:44.348+0530][gc,marking  ] GC(2) Concurrent Preclean
[2026-06-14T13:06:44.348+0530][gc,marking  ] GC(2) Concurrent Preclean 0.014ms
[2026-06-14T13:06:44.348+0530][gc,start    ] GC(2) Pause Remark
[2026-06-14T13:06:44.351+0530][gc          ] GC(2) Pause Remark 11M->11M(1024M) 2.350ms
[2026-06-14T13:06:44.351+0530][gc,cpu      ] GC(2) User=0.00s Sys=0.00s Real=0.00s
[2026-06-14T13:06:44.351+0530][gc,marking  ] GC(2) Concurrent Mark 4.504ms
[2026-06-14T13:06:44.351+0530][gc,marking  ] GC(2) Concurrent Rebuild Remembered Sets and Scrub Regions
[2026-06-14T13:06:44.353+0530][gc,marking  ] GC(2) Concurrent Rebuild Remembered Sets and Scrub Regions 1.798ms
[2026-06-14T13:06:44.353+0530][gc,start    ] GC(2) Pause Cleanup
[2026-06-14T13:06:44.353+0530][gc          ] GC(2) Pause Cleanup 11M->11M(1024M) 0.061ms
[2026-06-14T13:06:44.353+0530][gc,cpu      ] GC(2) User=0.00s Sys=0.00s Real=0.00s
[2026-06-14T13:06:44.353+0530][gc,marking  ] GC(2) Concurrent Clear Claimed Marks
[2026-06-14T13:06:44.353+0530][gc,marking  ] GC(2) Concurrent Clear Claimed Marks 0.021ms
[2026-06-14T13:06:44.353+0530][gc,marking  ] GC(2) Concurrent Cleanup for Next Mark
[2026-06-14T13:06:44.358+0530][gc,marking  ] GC(2) Concurrent Cleanup for Next Mark 4.494ms
[2026-06-14T13:06:44.358+0530][gc          ] GC(2) Concurrent Mark Cycle 13.399ms
[2026-06-14T13:06:44.969+0530][gc,start    ] GC(3) Pause Young (Prepare Mixed) (G1 Evacuation Pause)
[2026-06-14T13:06:44.970+0530][gc,task     ] GC(3) Using 13 workers of 13 for evacuation
[2026-06-14T13:06:44.973+0530][gc,phases   ] GC(3)   Pre Evacuate Collection Set: 0.31ms
[2026-06-14T13:06:44.973+0530][gc,phases   ] GC(3)   Merge Heap Roots: 0.12ms
[2026-06-14T13:06:44.973+0530][gc,phases   ] GC(3)   Evacuate Collection Set: 2.69ms
[2026-06-14T13:06:44.973+0530][gc,phases   ] GC(3)   Post Evacuate Collection Set: 0.61ms
[2026-06-14T13:06:44.973+0530][gc,phases   ] GC(3)   Other: 0.11ms
[2026-06-14T13:06:44.973+0530][gc,heap     ] GC(3) Eden regions: 48->0(62)
[2026-06-14T13:06:44.974+0530][gc,heap     ] GC(3) Survivor regions: 3->5(7)
[2026-06-14T13:06:44.974+0530][gc,heap     ] GC(3) Old regions: 10->10
[2026-06-14T13:06:44.974+0530][gc,heap     ] GC(3) Humongous regions: 0->0
[2026-06-14T13:06:44.974+0530][gc,metaspace] GC(3) Metaspace: 30823K(31104K)->30823K(31104K) NonClass: 27860K(28032K)->27860K(28032K) Class: 2963K(3072K)->2963K(3072K)
[2026-06-14T13:06:44.974+0530][gc          ] GC(3) Pause Young (Prepare Mixed) (G1 Evacuation Pause) 59M->13M(1024M) 4.159ms
[2026-06-14T13:06:44.974+0530][gc,cpu      ] GC(3) User=0.02s Sys=0.19s Real=0.00s
[2026-06-14T13:06:45.686+0530][gc,start    ] GC(4) Pause Young (Mixed) (Metadata GC Threshold)
[2026-06-14T13:06:45.687+0530][gc,task     ] GC(4) Using 13 workers of 13 for evacuation
[2026-06-14T13:06:45.696+0530][gc,phases   ] GC(4)   Pre Evacuate Collection Set: 0.22ms
[2026-06-14T13:06:45.696+0530][gc,phases   ] GC(4)   Merge Heap Roots: 0.11ms
[2026-06-14T13:06:45.696+0530][gc,phases   ] GC(4)   Evacuate Collection Set: 8.25ms
[2026-06-14T13:06:45.696+0530][gc,phases   ] GC(4)   Post Evacuate Collection Set: 1.01ms
[2026-06-14T13:06:45.696+0530][gc,phases   ] GC(4)   Other: 0.11ms
[2026-06-14T13:06:45.696+0530][gc,heap     ] GC(4) Eden regions: 53->0(63)
[2026-06-14T13:06:45.696+0530][gc,heap     ] GC(4) Survivor regions: 5->9(9)
[2026-06-14T13:06:45.696+0530][gc,heap     ] GC(4) Old regions: 10->10
[2026-06-14T13:06:45.696+0530][gc,heap     ] GC(4) Humongous regions: 131->129
[2026-06-14T13:06:45.696+0530][gc,metaspace] GC(4) Metaspace: 35802K(36096K)->35802K(36096K) NonClass: 32403K(32576K)->32403K(32576K) Class: 3399K(3520K)->3399K(3520K)
[2026-06-14T13:06:45.696+0530][gc          ] GC(4) Pause Young (Mixed) (Metadata GC Threshold) 197M->146M(1024M) 10.020ms
[2026-06-14T13:06:45.696+0530][gc,cpu      ] GC(4) User=0.03s Sys=0.17s Real=0.01s
[2026-06-14T13:06:45.764+0530][gc,start    ] GC(5) Pause Young (Concurrent Start) (Metadata GC Threshold)
[2026-06-14T13:06:45.764+0530][gc,task     ] GC(5) Using 13 workers of 13 for evacuation
[2026-06-14T13:06:45.769+0530][gc,phases   ] GC(5)   Pre Evacuate Collection Set: 0.35ms
[2026-06-14T13:06:45.769+0530][gc,phases   ] GC(5)   Merge Heap Roots: 0.07ms
[2026-06-14T13:06:45.769+0530][gc,phases   ] GC(5)   Evacuate Collection Set: 3.39ms
[2026-06-14T13:06:45.769+0530][gc,phases   ] GC(5)   Post Evacuate Collection Set: 0.47ms
[2026-06-14T13:06:45.769+0530][gc,phases   ] GC(5)   Other: 0.08ms
[2026-06-14T13:06:45.769+0530][gc,heap     ] GC(5) Eden regions: 4->0(105)
[2026-06-14T13:06:45.769+0530][gc,heap     ] GC(5) Survivor regions: 9->5(9)
[2026-06-14T13:06:45.769+0530][gc,heap     ] GC(5) Old regions: 10->13
[2026-06-14T13:06:45.769+0530][gc,heap     ] GC(5) Humongous regions: 129->129
[2026-06-14T13:06:45.769+0530][gc,metaspace] GC(5) Metaspace: 36123K(36416K)->36123K(36416K) NonClass: 32674K(32832K)->32674K(32832K) Class: 3449K(3584K)->3449K(3584K)
[2026-06-14T13:06:45.769+0530][gc          ] GC(5) Pause Young (Concurrent Start) (Metadata GC Threshold) 150M->146M(1024M) 4.622ms
[2026-06-14T13:06:45.769+0530][gc,cpu      ] GC(5) User=0.00s Sys=0.00s Real=0.01s
[2026-06-14T13:06:45.769+0530][gc          ] GC(6) Concurrent Mark Cycle
[2026-06-14T13:06:45.769+0530][gc,marking  ] GC(6) Concurrent Scan Root Regions
[2026-06-14T13:06:45.771+0530][gc,marking  ] GC(6) Concurrent Scan Root Regions 2.290ms
[2026-06-14T13:06:45.771+0530][gc,marking  ] GC(6) Concurrent Mark
[2026-06-14T13:06:45.771+0530][gc,marking  ] GC(6) Concurrent Mark From Roots
[2026-06-14T13:06:45.771+0530][gc,task     ] GC(6) Using 3 workers of 3 for marking
[2026-06-14T13:06:45.778+0530][gc,marking  ] GC(6) Concurrent Mark From Roots 6.323ms
[2026-06-14T13:06:45.778+0530][gc,marking  ] GC(6) Concurrent Preclean
[2026-06-14T13:06:45.778+0530][gc,marking  ] GC(6) Concurrent Preclean 0.051ms
[2026-06-14T13:06:45.778+0530][gc,start    ] GC(6) Pause Remark
[2026-06-14T13:06:45.781+0530][gc          ] GC(6) Pause Remark 147M->147M(1024M) 2.436ms
[2026-06-14T13:06:45.781+0530][gc,cpu      ] GC(6) User=0.00s Sys=0.00s Real=0.00s
[2026-06-14T13:06:45.781+0530][gc,marking  ] GC(6) Concurrent Mark 9.250ms
[2026-06-14T13:06:45.781+0530][gc,marking  ] GC(6) Concurrent Rebuild Remembered Sets and Scrub Regions
[2026-06-14T13:06:45.784+0530][gc,marking  ] GC(6) Concurrent Rebuild Remembered Sets and Scrub Regions 3.685ms
[2026-06-14T13:06:45.785+0530][gc,start    ] GC(6) Pause Cleanup
[2026-06-14T13:06:45.785+0530][gc          ] GC(6) Pause Cleanup 148M->148M(1024M) 0.066ms
[2026-06-14T13:06:45.785+0530][gc,cpu      ] GC(6) User=0.00s Sys=0.00s Real=0.00s
[2026-06-14T13:06:45.785+0530][gc,marking  ] GC(6) Concurrent Clear Claimed Marks
[2026-06-14T13:06:45.785+0530][gc,marking  ] GC(6) Concurrent Clear Claimed Marks 0.091ms
[2026-06-14T13:06:45.785+0530][gc,marking  ] GC(6) Concurrent Cleanup for Next Mark
[2026-06-14T13:06:45.786+0530][gc,marking  ] GC(6) Concurrent Cleanup for Next Mark 1.165ms
[2026-06-14T13:06:45.786+0530][gc          ] GC(6) Concurrent Mark Cycle 17.182ms
[2026-06-14T13:07:48.194+0530][gc,start    ] GC(11) Pause Young (Normal) (G1 Evacuation Pause)
[2026-06-14T13:07:48.195+0530][gc,task     ] GC(11) Using 13 workers of 13 for evacuation
[2026-06-14T13:07:48.199+0530][gc,phases   ] GC(11)   Pre Evacuate Collection Set: 0.22ms
[2026-06-14T13:07:48.199+0530][gc,phases   ] GC(11)   Merge Heap Roots: 0.11ms
[2026-06-14T13:07:48.199+0530][gc,phases   ] GC(11)   Evacuate Collection Set: 3.14ms
[2026-06-14T13:07:48.199+0530][gc,phases   ] GC(11)   Post Evacuate Collection Set: 0.65ms
[2026-06-14T13:07:48.199+0530][gc,phases   ] GC(11)   Other: 0.09ms
[2026-06-14T13:07:48.199+0530][gc,heap     ] GC(11) Eden regions: 142->0(279)
[2026-06-14T13:07:48.199+0530][gc,heap     ] GC(11) Survivor regions: 10->8(19)
[2026-06-14T13:07:48.199+0530][gc,heap     ] GC(11) Old regions: 18->18
[2026-06-14T13:07:48.199+0530][gc,heap     ] GC(11) Humongous regions: 147->147
[2026-06-14T13:07:48.199+0530][gc,metaspace] GC(11) Metaspace: 43462K(44032K)->43462K(44032K) NonClass: 38923K(39232K)->38923K(39232K) Class: 4539K(4800K)->4539K(4800K)
[2026-06-14T13:07:48.199+0530][gc          ] GC(11) Pause Young (Normal) (G1 Evacuation Pause) 315M->171M(1024M) 4.478ms
[2026-06-14T13:07:48.199+0530][gc,cpu      ] GC(11) User=0.00s Sys=0.00s Real=0.00s
[2026-06-14T13:07:48.229+0530][gc,exit     ] Heap
[2026-06-14T13:07:48.229+0530][gc,exit     ]  garbage-first heap   total reserved 1048576K, committed 1048576K, used 181701K [0x00000000c0000000, 0x0000000100000000)
[2026-06-14T13:07:48.229+0530][gc,exit     ]   region size 1024K, 14 young (14336K), 8 survivors (8192K)
[2026-06-14T13:07:48.229+0530][gc,exit     ]  Metaspace       used 43573K, committed 44096K, reserved 1114112K
[2026-06-14T13:07:48.229+0530][gc,exit     ]   class space    used 4572K, committed 4800K, reserved 1048576K
[2026-06-14T13:07:50.815+0530][gc,exit     ] Heap
[2026-06-14T13:07:50.815+0530][gc,exit     ]  garbage-first heap   total reserved 1048576K, committed 1048576K, used 225369K [0x00000000c0000000, 0x0000000100000000)
[2026-06-14T13:07:50.815+0530][gc,exit     ]   region size 1024K, 70 young (71680K), 5 survivors (5120K)
[2026-06-14T13:07:50.815+0530][gc,exit     ]  Metaspace       used 41165K, committed 41664K, reserved 1114112K
[2026-06-14T13:07:50.815+0530][gc,exit     ]   class space    used 4286K, committed 4544K, reserved 1048576K
